[2026-08-20T11:14:55.243+0000] {local_task_job_runner.py:123} INFO - ::group::Pre task execution logs
[2026-08-20T11:14:55.285+0000] {taskinstance.py:2612} INFO - Dependencies all met for dep_context=non-requeueable deps ti=<TaskInstance: dataset_with_extra_by_yield.dataset_with_extra_by_yield scheduled__2026-08-19T00:00:00+00:00 [queued]>
[2026-08-20T11:14:55.309+0000] {taskinstance.py:2612} INFO - Dependencies all met for dep_context=requeueable deps ti=<TaskInstance: dataset_with_extra_by_yield.dataset_with_extra_by_yield scheduled__2026-08-19T00:00:00+00:00 [queued]>
[2026-08-20T11:14:55.312+0000] {taskinstance.py:2865} INFO - Starting attempt 1 of 1
[2026-08-20T11:14:55.368+0000] {taskinstance.py:2888} INFO - Executing <Task(_PythonDecoratedOperator): dataset_with_extra_by_yield> on 2026-08-19 00:00:00+00:00
[2026-08-20T11:14:55.382+0000] {standard_task_runner.py:72} INFO - Started process 36049 to run task
[2026-08-20T11:14:55.389+0000] {standard_task_runner.py:104} INFO - Running: ['airflow', 'tasks', 'run', 'dataset_with_extra_by_yield', 'dataset_with_extra_by_yield', 'scheduled__2026-08-19T00:00:00+00:00', '--job-id', '13', '--raw', '--subdir', '/workspaces/lab-2/.venv/lib/python3.12/site-packages/airflow/example_dags/example_outlet_event_extra.py', '--cfg-path', '/tmp/tmpuriqlswe']
[2026-08-20T11:14:55.393+0000] {standard_task_runner.py:105} INFO - Job 13: Subtask dataset_with_extra_by_yield
[2026-08-20T11:14:55.526+0000] {task_command.py:467} INFO - Running <TaskInstance: dataset_with_extra_by_yield.dataset_with_extra_by_yield scheduled__2026-08-19T00:00:00+00:00 [running]> on host codespaces-6f08f8
[2026-08-20T11:14:55.661+0000] {taskinstance.py:3131} INFO - Exporting env vars: AIRFLOW_CTX_DAG_OWNER='airflow' AIRFLOW_CTX_DAG_ID='dataset_with_extra_by_yield' AIRFLOW_CTX_TASK_ID='dataset_with_extra_by_yield' AIRFLOW_CTX_EXECUTION_DATE='2026-08-19T00:00:00+00:00' AIRFLOW_CTX_TRY_NUMBER='1' AIRFLOW_CTX_DAG_RUN_ID='scheduled__2026-08-19T00:00:00+00:00'
[2026-08-20T11:14:55.665+0000] {logging_mixin.py:190} INFO - Task instance is in running state
[2026-08-20T11:14:55.665+0000] {logging_mixin.py:190} INFO -  Previous state of the Task instance: queued
[2026-08-20T11:14:55.665+0000] {logging_mixin.py:190} INFO - Current task name:dataset_with_extra_by_yield state:running start_date:2026-08-20 11:14:55.287371+00:00
[2026-08-20T11:14:55.665+0000] {logging_mixin.py:190} INFO - Dag name:dataset_with_extra_by_yield and current dag run status:running
[2026-08-20T11:14:55.666+0000] {taskinstance.py:731} INFO - ::endgroup::
[2026-08-20T11:14:55.670+0000] {python.py:240} INFO - Done. Returned value was: None
[2026-08-20T11:14:55.704+0000] {taskinstance.py:340} INFO - ::group::Post task execution logs
[2026-08-20T11:14:55.705+0000] {taskinstance.py:352} INFO - Marking task as SUCCESS. dag_id=dataset_with_extra_by_yield, task_id=dataset_with_extra_by_yield, run_id=scheduled__2026-08-19T00:00:00+00:00, execution_date=20260819T000000, start_date=20260820T111455, end_date=20260820T111455
[2026-08-20T11:14:55.780+0000] {logging_mixin.py:190} INFO - Task instance in success state
[2026-08-20T11:14:55.780+0000] {logging_mixin.py:190} INFO -  Previous state of the Task instance: running
[2026-08-20T11:14:55.780+0000] {logging_mixin.py:190} INFO - Dag name:dataset_with_extra_by_yield queued_at:2026-08-20 11:14:50.188702+00:00
[2026-08-20T11:14:55.781+0000] {logging_mixin.py:190} INFO - Task hostname:codespaces-6f08f8 operator:_PythonDecoratedOperator
[2026-08-20T11:14:55.811+0000] {local_task_job_runner.py:266} INFO - Task exited with return code 0
[2026-08-20T11:14:55.846+0000] {taskinstance.py:3900} INFO - 0 downstream tasks scheduled from follow-on schedule check
[2026-08-20T11:14:55.849+0000] {local_task_job_runner.py:245} INFO - ::endgroup::
