[2026-08-20T11:15:33.082+0000] {local_task_job_runner.py:123} INFO - ::group::Pre task execution logs
[2026-08-20T11:15:33.122+0000] {taskinstance.py:2612} INFO - Dependencies all met for dep_context=non-requeueable deps ti=<TaskInstance: example_sla_dag.sleep_20 scheduled__2026-08-20T11:12:00+00:00 [queued]>
[2026-08-20T11:15:33.148+0000] {taskinstance.py:2612} INFO - Dependencies all met for dep_context=requeueable deps ti=<TaskInstance: example_sla_dag.sleep_20 scheduled__2026-08-20T11:12:00+00:00 [queued]>
[2026-08-20T11:15:33.149+0000] {taskinstance.py:2865} INFO - Starting attempt 1 of 1
[2026-08-20T11:15:33.191+0000] {taskinstance.py:2888} INFO - Executing <Task(_PythonDecoratedOperator): sleep_20> on 2026-08-20 11:12:00+00:00
[2026-08-20T11:15:33.206+0000] {standard_task_runner.py:72} INFO - Started process 37393 to run task
[2026-08-20T11:15:33.214+0000] {standard_task_runner.py:104} INFO - Running: ['airflow', 'tasks', 'run', 'example_sla_dag', 'sleep_20', 'scheduled__2026-08-20T11:12:00+00:00', '--job-id', '29', '--raw', '--subdir', '/workspaces/lab-2/.venv/lib/python3.12/site-packages/airflow/example_dags/example_sla_dag.py', '--cfg-path', '/tmp/tmpsc2zi_hh']
[2026-08-20T11:15:33.218+0000] {standard_task_runner.py:105} INFO - Job 29: Subtask sleep_20
[2026-08-20T11:15:33.334+0000] {task_command.py:467} INFO - Running <TaskInstance: example_sla_dag.sleep_20 scheduled__2026-08-20T11:12:00+00:00 [running]> on host codespaces-6f08f8
[2026-08-20T11:15:33.507+0000] {taskinstance.py:3131} INFO - Exporting env vars: AIRFLOW_CTX_DAG_EMAIL='email@example.com' AIRFLOW_CTX_DAG_OWNER='airflow' AIRFLOW_CTX_DAG_ID='example_sla_dag' AIRFLOW_CTX_TASK_ID='sleep_20' AIRFLOW_CTX_EXECUTION_DATE='2026-08-20T11:12:00+00:00' AIRFLOW_CTX_TRY_NUMBER='1' AIRFLOW_CTX_DAG_RUN_ID='scheduled__2026-08-20T11:12:00+00:00'
[2026-08-20T11:15:33.511+0000] {logging_mixin.py:190} INFO - Task instance is in running state
[2026-08-20T11:15:33.511+0000] {logging_mixin.py:190} INFO -  Previous state of the Task instance: queued
[2026-08-20T11:15:33.513+0000] {logging_mixin.py:190} INFO - Current task name:sleep_20 state:running start_date:2026-08-20 11:15:33.124656+00:00
[2026-08-20T11:15:33.513+0000] {logging_mixin.py:190} INFO - Dag name:example_sla_dag and current dag run status:running
[2026-08-20T11:15:33.513+0000] {taskinstance.py:731} INFO - ::endgroup::
[2026-08-20T11:15:53.514+0000] {python.py:240} INFO - Done. Returned value was: None
[2026-08-20T11:15:53.538+0000] {taskinstance.py:340} INFO - ::group::Post task execution logs
[2026-08-20T11:15:53.540+0000] {taskinstance.py:352} INFO - Marking task as SUCCESS. dag_id=example_sla_dag, task_id=sleep_20, run_id=scheduled__2026-08-20T11:12:00+00:00, execution_date=20260820T111200, start_date=20260820T111533, end_date=20260820T111553
[2026-08-20T11:15:53.575+0000] {logging_mixin.py:190} INFO - Task instance in success state
[2026-08-20T11:15:53.576+0000] {logging_mixin.py:190} INFO -  Previous state of the Task instance: running
[2026-08-20T11:15:53.577+0000] {logging_mixin.py:190} INFO - Dag name:example_sla_dag queued_at:2026-08-20 11:15:13.090938+00:00
[2026-08-20T11:15:53.578+0000] {logging_mixin.py:190} INFO - Task hostname:codespaces-6f08f8 operator:_PythonDecoratedOperator
[2026-08-20T11:15:53.632+0000] {local_task_job_runner.py:266} INFO - Task exited with return code 0
[2026-08-20T11:15:53.662+0000] {taskinstance.py:3900} INFO - 1 downstream tasks scheduled from follow-on schedule check
[2026-08-20T11:15:53.682+0000] {local_task_job_runner.py:245} INFO - ::endgroup::
