[2026-08-20T11:15:39.010+0000] {local_task_job_runner.py:123} INFO - ::group::Pre task execution logs
[2026-08-20T11:15:39.030+0000] {taskinstance.py:2612} INFO - Dependencies all met for dep_context=non-requeueable deps ti=<TaskInstance: dataset_consumes_1.consuming_1 dataset_triggered__2026-08-20T11:14:51.892790+00:00 [queued]>
[2026-08-20T11:15:39.041+0000] {taskinstance.py:2612} INFO - Dependencies all met for dep_context=requeueable deps ti=<TaskInstance: dataset_consumes_1.consuming_1 dataset_triggered__2026-08-20T11:14:51.892790+00:00 [queued]>
[2026-08-20T11:15:39.042+0000] {taskinstance.py:2865} INFO - Starting attempt 1 of 1
[2026-08-20T11:15:39.068+0000] {taskinstance.py:2888} INFO - Executing <Task(BashOperator): consuming_1> on 2026-08-20 11:14:51.892790+00:00
[2026-08-20T11:15:39.076+0000] {standard_task_runner.py:72} INFO - Started process 37609 to run task
[2026-08-20T11:15:39.085+0000] {standard_task_runner.py:104} INFO - Running: ['airflow', 'tasks', 'run', 'dataset_consumes_1', 'consuming_1', 'dataset_triggered__2026-08-20T11:14:51.892790+00:00', '--job-id', '32', '--raw', '--subdir', '/workspaces/lab-2/.venv/lib/python3.12/site-packages/airflow/example_dags/example_datasets.py', '--cfg-path', '/tmp/tmph2b02nxo']
[2026-08-20T11:15:39.087+0000] {standard_task_runner.py:105} INFO - Job 32: Subtask consuming_1
[2026-08-20T11:15:39.150+0000] {task_command.py:467} INFO - Running <TaskInstance: dataset_consumes_1.consuming_1 dataset_triggered__2026-08-20T11:14:51.892790+00:00 [running]> on host codespaces-6f08f8
[2026-08-20T11:15:39.225+0000] {taskinstance.py:3131} INFO - Exporting env vars: AIRFLOW_CTX_DAG_OWNER='airflow' AIRFLOW_CTX_DAG_ID='dataset_consumes_1' AIRFLOW_CTX_TASK_ID='consuming_1' AIRFLOW_CTX_EXECUTION_DATE='2026-08-20T11:14:51.892790+00:00' AIRFLOW_CTX_TRY_NUMBER='1' AIRFLOW_CTX_DAG_RUN_ID='dataset_triggered__2026-08-20T11:14:51.892790+00:00'
[2026-08-20T11:15:39.226+0000] {taskinstance.py:731} INFO - ::endgroup::
[2026-08-20T11:15:39.247+0000] {subprocess.py:63} INFO - Tmp dir root location: /tmp
[2026-08-20T11:15:39.247+0000] {subprocess.py:75} INFO - Running command: ['/usr/bin/bash', '-c', 'sleep 5']
[2026-08-20T11:15:39.260+0000] {subprocess.py:86} INFO - Output:
[2026-08-20T11:15:44.264+0000] {subprocess.py:97} INFO - Command exited with return code 0
[2026-08-20T11:15:44.445+0000] {taskinstance.py:340} INFO - ::group::Post task execution logs
[2026-08-20T11:15:44.449+0000] {taskinstance.py:352} INFO - Marking task as SUCCESS. dag_id=dataset_consumes_1, task_id=consuming_1, run_id=dataset_triggered__2026-08-20T11:14:51.892790+00:00, execution_date=20260820T111451, start_date=20260820T111539, end_date=20260820T111544
[2026-08-20T11:15:44.578+0000] {local_task_job_runner.py:266} INFO - Task exited with return code 0
[2026-08-20T11:15:44.593+0000] {taskinstance.py:3900} INFO - 0 downstream tasks scheduled from follow-on schedule check
[2026-08-20T11:15:44.595+0000] {local_task_job_runner.py:245} INFO - ::endgroup::
