[2026-08-20T11:15:35.235+0000] {local_task_job_runner.py:123} INFO - ::group::Pre task execution logs
[2026-08-20T11:15:35.248+0000] {taskinstance.py:2612} INFO - Dependencies all met for dep_context=non-requeueable deps ti=<TaskInstance: dataset_with_extra_from_classic_operator.dataset_with_extra_from_classic_operator scheduled__2026-08-19T00:00:00+00:00 [queued]>
[2026-08-20T11:15:35.255+0000] {taskinstance.py:2612} INFO - Dependencies all met for dep_context=requeueable deps ti=<TaskInstance: dataset_with_extra_from_classic_operator.dataset_with_extra_from_classic_operator scheduled__2026-08-19T00:00:00+00:00 [queued]>
[2026-08-20T11:15:35.256+0000] {taskinstance.py:2865} INFO - Starting attempt 1 of 1
[2026-08-20T11:15:35.275+0000] {taskinstance.py:2888} INFO - Executing <Task(BashOperator): dataset_with_extra_from_classic_operator> on 2026-08-19 00:00:00+00:00
[2026-08-20T11:15:35.280+0000] {standard_task_runner.py:72} INFO - Started process 37459 to run task
[2026-08-20T11:15:35.286+0000] {standard_task_runner.py:104} INFO - Running: ['airflow', 'tasks', 'run', 'dataset_with_extra_from_classic_operator', 'dataset_with_extra_from_classic_operator', 'scheduled__2026-08-19T00:00:00+00:00', '--job-id', '30', '--raw', '--subdir', '/workspaces/lab-2/.venv/lib/python3.12/site-packages/airflow/example_dags/example_outlet_event_extra.py', '--cfg-path', '/tmp/tmphexeel7g']
[2026-08-20T11:15:35.288+0000] {standard_task_runner.py:105} INFO - Job 30: Subtask dataset_with_extra_from_classic_operator
[2026-08-20T11:15:35.352+0000] {task_command.py:467} INFO - Running <TaskInstance: dataset_with_extra_from_classic_operator.dataset_with_extra_from_classic_operator scheduled__2026-08-19T00:00:00+00:00 [running]> on host codespaces-6f08f8
[2026-08-20T11:15:35.485+0000] {taskinstance.py:3131} INFO - Exporting env vars: AIRFLOW_CTX_DAG_OWNER='airflow' AIRFLOW_CTX_DAG_ID='dataset_with_extra_from_classic_operator' AIRFLOW_CTX_TASK_ID='dataset_with_extra_from_classic_operator' AIRFLOW_CTX_EXECUTION_DATE='2026-08-19T00:00:00+00:00' AIRFLOW_CTX_TRY_NUMBER='1' AIRFLOW_CTX_DAG_RUN_ID='scheduled__2026-08-19T00:00:00+00:00'
[2026-08-20T11:15:35.486+0000] {taskinstance.py:731} INFO - ::endgroup::
[2026-08-20T11:15:35.487+0000] {subprocess.py:63} INFO - Tmp dir root location: /tmp
[2026-08-20T11:15:35.487+0000] {subprocess.py:75} INFO - Running command: ['/usr/bin/bash', '-c', ':']
[2026-08-20T11:15:35.499+0000] {subprocess.py:86} INFO - Output:
[2026-08-20T11:15:35.500+0000] {subprocess.py:97} INFO - Command exited with return code 0
[2026-08-20T11:15:35.543+0000] {taskinstance.py:340} INFO - ::group::Post task execution logs
[2026-08-20T11:15:35.546+0000] {taskinstance.py:352} INFO - Marking task as SUCCESS. dag_id=dataset_with_extra_from_classic_operator, task_id=dataset_with_extra_from_classic_operator, run_id=scheduled__2026-08-19T00:00:00+00:00, execution_date=20260819T000000, start_date=20260820T111535, end_date=20260820T111535
[2026-08-20T11:15:35.632+0000] {local_task_job_runner.py:266} INFO - Task exited with return code 0
[2026-08-20T11:15:35.660+0000] {taskinstance.py:3900} INFO - 0 downstream tasks scheduled from follow-on schedule check
[2026-08-20T11:15:35.660+0000] {local_task_job_runner.py:245} INFO - ::endgroup::
