[2026-08-20T11:15:11.340+0000] {local_task_job_runner.py:123} INFO - ::group::Pre task execution logs
[2026-08-20T11:15:11.391+0000] {taskinstance.py:2612} INFO - Dependencies all met for dep_context=non-requeueable deps ti=<TaskInstance: example_branch_dop_operator_v3.should_run scheduled__2026-08-20T11:12:00+00:00 [queued]>
[2026-08-20T11:15:11.422+0000] {taskinstance.py:2612} INFO - Dependencies all met for dep_context=requeueable deps ti=<TaskInstance: example_branch_dop_operator_v3.should_run scheduled__2026-08-20T11:12:00+00:00 [queued]>
[2026-08-20T11:15:11.422+0000] {taskinstance.py:2865} INFO - Starting attempt 1 of 1
[2026-08-20T11:15:11.517+0000] {taskinstance.py:2888} INFO - Executing <Task(_BranchPythonDecoratedOperator): should_run> on 2026-08-20 11:12:00+00:00
[2026-08-20T11:15:11.532+0000] {standard_task_runner.py:72} INFO - Started process 36635 to run task
[2026-08-20T11:15:11.535+0000] {standard_task_runner.py:104} INFO - Running: ['airflow', 'tasks', 'run', 'example_branch_dop_operator_v3', 'should_run', 'scheduled__2026-08-20T11:12:00+00:00', '--job-id', '19', '--raw', '--subdir', '/workspaces/lab-2/.venv/lib/python3.12/site-packages/airflow/example_dags/example_branch_python_dop_operator_3.py', '--cfg-path', '/tmp/tmpk95o1bhu']
[2026-08-20T11:15:11.539+0000] {standard_task_runner.py:105} INFO - Job 19: Subtask should_run
[2026-08-20T11:15:11.628+0000] {task_command.py:467} INFO - Running <TaskInstance: example_branch_dop_operator_v3.should_run scheduled__2026-08-20T11:12:00+00:00 [running]> on host codespaces-6f08f8
[2026-08-20T11:15:11.759+0000] {taskinstance.py:3131} INFO - Exporting env vars: AIRFLOW_CTX_DAG_OWNER='airflow' AIRFLOW_CTX_DAG_ID='example_branch_dop_operator_v3' AIRFLOW_CTX_TASK_ID='should_run' AIRFLOW_CTX_EXECUTION_DATE='2026-08-20T11:12:00+00:00' AIRFLOW_CTX_TRY_NUMBER='1' AIRFLOW_CTX_DAG_RUN_ID='scheduled__2026-08-20T11:12:00+00:00'
[2026-08-20T11:15:11.760+0000] {logging_mixin.py:190} INFO - Task instance is in running state
[2026-08-20T11:15:11.761+0000] {logging_mixin.py:190} INFO -  Previous state of the Task instance: queued
[2026-08-20T11:15:11.761+0000] {logging_mixin.py:190} INFO - Current task name:should_run state:running start_date:2026-08-20 11:15:11.391482+00:00
[2026-08-20T11:15:11.761+0000] {logging_mixin.py:190} INFO - Dag name:example_branch_dop_operator_v3 and current dag run status:running
[2026-08-20T11:15:11.762+0000] {taskinstance.py:731} INFO - ::endgroup::
[2026-08-20T11:15:11.762+0000] {logging_mixin.py:190} INFO - ------------- exec dttm = 2026-08-20 11:12:00+00:00 and minute = 12
[2026-08-20T11:15:11.763+0000] {python.py:240} INFO - Done. Returned value was: empty_task_1
[2026-08-20T11:15:11.763+0000] {branch.py:38} INFO - Branch into empty_task_1
[2026-08-20T11:15:11.763+0000] {skipmixin.py:230} INFO - Following branch {'empty_task_1'}
[2026-08-20T11:15:11.770+0000] {skipmixin.py:278} INFO - Skipping tasks [('empty_task_2', -1)]
[2026-08-20T11:15:11.824+0000] {taskinstance.py:340} INFO - ::group::Post task execution logs
[2026-08-20T11:15:11.824+0000] {taskinstance.py:352} INFO - Marking task as SUCCESS. dag_id=example_branch_dop_operator_v3, task_id=should_run, run_id=scheduled__2026-08-20T11:12:00+00:00, execution_date=20260820T111200, start_date=20260820T111511, end_date=20260820T111511
[2026-08-20T11:15:11.866+0000] {logging_mixin.py:190} INFO - Task instance in success state
[2026-08-20T11:15:11.866+0000] {logging_mixin.py:190} INFO -  Previous state of the Task instance: running
[2026-08-20T11:15:11.870+0000] {logging_mixin.py:190} INFO - Dag name:example_branch_dop_operator_v3 queued_at:2026-08-20 11:14:57.739124+00:00
[2026-08-20T11:15:11.870+0000] {logging_mixin.py:190} INFO - Task hostname:codespaces-6f08f8 operator:_BranchPythonDecoratedOperator
[2026-08-20T11:15:11.914+0000] {local_task_job_runner.py:266} INFO - Task exited with return code 0
[2026-08-20T11:15:11.990+0000] {taskinstance.py:3900} INFO - 0 downstream tasks scheduled from follow-on schedule check
[2026-08-20T11:15:11.993+0000] {local_task_job_runner.py:245} INFO - ::endgroup::
