[2026-08-20T11:15:18.813+0000] {local_task_job_runner.py:123} INFO - ::group::Pre task execution logs
[2026-08-20T11:15:18.824+0000] {taskinstance.py:2612} INFO - Dependencies all met for dep_context=non-requeueable deps ti=<TaskInstance: example_branch_python_operator_decorator.branching scheduled__2026-08-19T00:00:00+00:00 [queued]>
[2026-08-20T11:15:18.831+0000] {taskinstance.py:2612} INFO - Dependencies all met for dep_context=requeueable deps ti=<TaskInstance: example_branch_python_operator_decorator.branching scheduled__2026-08-19T00:00:00+00:00 [queued]>
[2026-08-20T11:15:18.831+0000] {taskinstance.py:2865} INFO - Starting attempt 1 of 1
[2026-08-20T11:15:18.849+0000] {taskinstance.py:2888} INFO - Executing <Task(_BranchPythonDecoratedOperator): branching> on 2026-08-19 00:00:00+00:00
[2026-08-20T11:15:18.856+0000] {standard_task_runner.py:72} INFO - Started process 36858 to run task
[2026-08-20T11:15:18.867+0000] {standard_task_runner.py:104} INFO - Running: ['airflow', 'tasks', 'run', 'example_branch_python_operator_decorator', 'branching', 'scheduled__2026-08-19T00:00:00+00:00', '--job-id', '23', '--raw', '--subdir', '/workspaces/lab-2/.venv/lib/python3.12/site-packages/airflow/example_dags/example_branch_operator_decorator.py', '--cfg-path', '/tmp/tmp8lr1b35g']
[2026-08-20T11:15:18.870+0000] {standard_task_runner.py:105} INFO - Job 23: Subtask branching
[2026-08-20T11:15:18.912+0000] {task_command.py:467} INFO - Running <TaskInstance: example_branch_python_operator_decorator.branching scheduled__2026-08-19T00:00:00+00:00 [running]> on host codespaces-6f08f8
[2026-08-20T11:15:18.988+0000] {taskinstance.py:3131} INFO - Exporting env vars: AIRFLOW_CTX_DAG_OWNER='airflow' AIRFLOW_CTX_DAG_ID='example_branch_python_operator_decorator' AIRFLOW_CTX_TASK_ID='branching' AIRFLOW_CTX_EXECUTION_DATE='2026-08-19T00:00:00+00:00' AIRFLOW_CTX_TRY_NUMBER='1' AIRFLOW_CTX_DAG_RUN_ID='scheduled__2026-08-19T00:00:00+00:00'
[2026-08-20T11:15:18.989+0000] {logging_mixin.py:190} INFO - Task instance is in running state
[2026-08-20T11:15:18.990+0000] {logging_mixin.py:190} INFO -  Previous state of the Task instance: queued
[2026-08-20T11:15:18.990+0000] {logging_mixin.py:190} INFO - Current task name:branching state:running start_date:2026-08-20 11:15:18.825197+00:00
[2026-08-20T11:15:18.990+0000] {logging_mixin.py:190} INFO - Dag name:example_branch_python_operator_decorator and current dag run status:running
[2026-08-20T11:15:18.990+0000] {taskinstance.py:731} INFO - ::endgroup::
[2026-08-20T11:15:18.991+0000] {python.py:240} INFO - Done. Returned value was: branch_a
[2026-08-20T11:15:18.991+0000] {branch.py:38} INFO - Branch into branch_a
[2026-08-20T11:15:18.992+0000] {skipmixin.py:230} INFO - Following branch {'branch_a'}
[2026-08-20T11:15:19.002+0000] {skipmixin.py:278} INFO - Skipping tasks [('branch_d', -1), ('branch_b', -1), ('branch_c', -1)]
[2026-08-20T11:15:19.035+0000] {taskinstance.py:340} INFO - ::group::Post task execution logs
[2026-08-20T11:15:19.039+0000] {taskinstance.py:352} INFO - Marking task as SUCCESS. dag_id=example_branch_python_operator_decorator, task_id=branching, run_id=scheduled__2026-08-19T00:00:00+00:00, execution_date=20260819T000000, start_date=20260820T111518, end_date=20260820T111519
[2026-08-20T11:15:19.049+0000] {logging_mixin.py:190} INFO - Task instance in success state
[2026-08-20T11:15:19.049+0000] {logging_mixin.py:190} INFO -  Previous state of the Task instance: running
[2026-08-20T11:15:19.050+0000] {logging_mixin.py:190} INFO - Dag name:example_branch_python_operator_decorator queued_at:2026-08-20 11:15:10.655443+00:00
[2026-08-20T11:15:19.050+0000] {logging_mixin.py:190} INFO - Task hostname:codespaces-6f08f8 operator:_BranchPythonDecoratedOperator
[2026-08-20T11:15:19.077+0000] {local_task_job_runner.py:266} INFO - Task exited with return code 0
[2026-08-20T11:15:19.129+0000] {taskinstance.py:3900} INFO - 1 downstream tasks scheduled from follow-on schedule check
[2026-08-20T11:15:19.138+0000] {local_task_job_runner.py:245} INFO - ::endgroup::
