[2026-08-20T11:03:49.799+0000] {processor.py:186} INFO - Started process (PID=24028) to work on /workspaces/lab-2/dags/etl_ingestion_dag.py
[2026-08-20T11:03:49.800+0000] {processor.py:914} INFO - Processing file /workspaces/lab-2/dags/etl_ingestion_dag.py for tasks to queue
[2026-08-20T11:03:49.803+0000] {logging_mixin.py:190} INFO - [2026-08-20T11:03:49.802+0000] {dagbag.py:588} INFO - Filling up the DagBag from /workspaces/lab-2/dags/etl_ingestion_dag.py
[2026-08-20T11:03:49.810+0000] {logging_mixin.py:190} INFO - [2026-08-20T11:03:49.809+0000] {dagbag.py:387} ERROR - Failed to import: /workspaces/lab-2/dags/etl_ingestion_dag.py
Traceback (most recent call last):
  File "/workspaces/lab-2/.venv/lib/python3.12/site-packages/airflow/models/dagbag.py", line 383, in parse
    loader.exec_module(new_module)
  File "<frozen importlib._bootstrap_external>", line 994, in exec_module
  File "<frozen importlib._bootstrap>", line 488, in _call_with_frames_removed
  File "/workspaces/lab-2/dags/etl_ingestion_dag.py", line 4, in <module>
    from dag_utils import (
  File "/workspaces/lab-2/dags/dag_utils.py", line 1, in <module>
    from pipeline.extractors.csv_extractor import extract_csv
ModuleNotFoundError: No module named 'pipeline'
[2026-08-20T11:03:49.811+0000] {processor.py:927} WARNING - No viable dags retrieved from /workspaces/lab-2/dags/etl_ingestion_dag.py
[2026-08-20T11:03:49.842+0000] {processor.py:208} INFO - Processing /workspaces/lab-2/dags/etl_ingestion_dag.py took 0.051 seconds
[2026-08-20T11:04:56.309+0000] {processor.py:186} INFO - Started process (PID=25080) to work on /workspaces/lab-2/dags/etl_ingestion_dag.py
[2026-08-20T11:04:56.310+0000] {processor.py:914} INFO - Processing file /workspaces/lab-2/dags/etl_ingestion_dag.py for tasks to queue
[2026-08-20T11:04:56.312+0000] {logging_mixin.py:190} INFO - [2026-08-20T11:04:56.312+0000] {dagbag.py:588} INFO - Filling up the DagBag from /workspaces/lab-2/dags/etl_ingestion_dag.py
[2026-08-20T11:04:56.315+0000] {logging_mixin.py:190} INFO - [2026-08-20T11:04:56.314+0000] {dagbag.py:387} ERROR - Failed to import: /workspaces/lab-2/dags/etl_ingestion_dag.py
Traceback (most recent call last):
  File "/workspaces/lab-2/.venv/lib/python3.12/site-packages/airflow/models/dagbag.py", line 383, in parse
    loader.exec_module(new_module)
  File "<frozen importlib._bootstrap_external>", line 994, in exec_module
  File "<frozen importlib._bootstrap>", line 488, in _call_with_frames_removed
  File "/workspaces/lab-2/dags/etl_ingestion_dag.py", line 4, in <module>
    from dag_utils import (
  File "/workspaces/lab-2/dags/dag_utils.py", line 1, in <module>
    from pipeline.extractors.csv_extractor import extract_csv
ModuleNotFoundError: No module named 'pipeline'
[2026-08-20T11:04:56.316+0000] {processor.py:927} WARNING - No viable dags retrieved from /workspaces/lab-2/dags/etl_ingestion_dag.py
[2026-08-20T11:04:56.332+0000] {processor.py:208} INFO - Processing /workspaces/lab-2/dags/etl_ingestion_dag.py took 0.028 seconds
[2026-08-20T11:05:28.017+0000] {processor.py:186} INFO - Started process (PID=25391) to work on /workspaces/lab-2/dags/etl_ingestion_dag.py
[2026-08-20T11:05:28.017+0000] {processor.py:914} INFO - Processing file /workspaces/lab-2/dags/etl_ingestion_dag.py for tasks to queue
[2026-08-20T11:05:28.020+0000] {logging_mixin.py:190} INFO - [2026-08-20T11:05:28.020+0000] {dagbag.py:588} INFO - Filling up the DagBag from /workspaces/lab-2/dags/etl_ingestion_dag.py
[2026-08-20T11:05:28.024+0000] {logging_mixin.py:190} INFO - [2026-08-20T11:05:28.023+0000] {dagbag.py:387} ERROR - Failed to import: /workspaces/lab-2/dags/etl_ingestion_dag.py
Traceback (most recent call last):
  File "/workspaces/lab-2/.venv/lib/python3.12/site-packages/airflow/models/dagbag.py", line 383, in parse
    loader.exec_module(new_module)
  File "<frozen importlib._bootstrap_external>", line 994, in exec_module
  File "<frozen importlib._bootstrap>", line 488, in _call_with_frames_removed
  File "/workspaces/lab-2/dags/etl_ingestion_dag.py", line 4, in <module>
    from dag_utils import (
  File "/workspaces/lab-2/dags/dag_utils.py", line 1, in <module>
    from pipeline.extractors.csv_extractor import extract_csv
ModuleNotFoundError: No module named 'pipeline'
[2026-08-20T11:05:28.024+0000] {processor.py:927} WARNING - No viable dags retrieved from /workspaces/lab-2/dags/etl_ingestion_dag.py
[2026-08-20T11:05:28.049+0000] {processor.py:208} INFO - Processing /workspaces/lab-2/dags/etl_ingestion_dag.py took 0.037 seconds
[2026-08-20T11:06:15.937+0000] {processor.py:186} INFO - Started process (PID=26117) to work on /workspaces/lab-2/dags/etl_ingestion_dag.py
[2026-08-20T11:06:15.938+0000] {processor.py:914} INFO - Processing file /workspaces/lab-2/dags/etl_ingestion_dag.py for tasks to queue
[2026-08-20T11:06:15.940+0000] {logging_mixin.py:190} INFO - [2026-08-20T11:06:15.939+0000] {dagbag.py:588} INFO - Filling up the DagBag from /workspaces/lab-2/dags/etl_ingestion_dag.py
[2026-08-20T11:06:15.943+0000] {logging_mixin.py:190} INFO - [2026-08-20T11:06:15.942+0000] {dagbag.py:387} ERROR - Failed to import: /workspaces/lab-2/dags/etl_ingestion_dag.py
Traceback (most recent call last):
  File "/workspaces/lab-2/.venv/lib/python3.12/site-packages/airflow/models/dagbag.py", line 383, in parse
    loader.exec_module(new_module)
  File "<frozen importlib._bootstrap_external>", line 994, in exec_module
  File "<frozen importlib._bootstrap>", line 488, in _call_with_frames_removed
  File "/workspaces/lab-2/dags/etl_ingestion_dag.py", line 4, in <module>
    from dag_utils import (
  File "/workspaces/lab-2/dags/dag_utils.py", line 1, in <module>
    from pipeline.extractors.csv_extractor import extract_csv
ModuleNotFoundError: No module named 'pipeline'
[2026-08-20T11:06:15.943+0000] {processor.py:927} WARNING - No viable dags retrieved from /workspaces/lab-2/dags/etl_ingestion_dag.py
[2026-08-20T11:06:15.961+0000] {processor.py:208} INFO - Processing /workspaces/lab-2/dags/etl_ingestion_dag.py took 0.028 seconds
[2026-08-20T11:06:37.933+0000] {processor.py:186} INFO - Started process (PID=26459) to work on /workspaces/lab-2/dags/etl_ingestion_dag.py
[2026-08-20T11:06:37.934+0000] {processor.py:914} INFO - Processing file /workspaces/lab-2/dags/etl_ingestion_dag.py for tasks to queue
[2026-08-20T11:06:37.936+0000] {logging_mixin.py:190} INFO - [2026-08-20T11:06:37.936+0000] {dagbag.py:588} INFO - Filling up the DagBag from /workspaces/lab-2/dags/etl_ingestion_dag.py
[2026-08-20T11:06:37.941+0000] {logging_mixin.py:190} INFO - [2026-08-20T11:06:37.940+0000] {dagbag.py:387} ERROR - Failed to import: /workspaces/lab-2/dags/etl_ingestion_dag.py
Traceback (most recent call last):
  File "/workspaces/lab-2/.venv/lib/python3.12/site-packages/airflow/models/dagbag.py", line 383, in parse
    loader.exec_module(new_module)
  File "<frozen importlib._bootstrap_external>", line 994, in exec_module
  File "<frozen importlib._bootstrap>", line 488, in _call_with_frames_removed
  File "/workspaces/lab-2/dags/etl_ingestion_dag.py", line 4, in <module>
    from dag_utils import (
  File "/workspaces/lab-2/dags/dag_utils.py", line 1, in <module>
    from pipeline.extractors.csv_extractor import extract_csv
ModuleNotFoundError: No module named 'pipeline'
[2026-08-20T11:06:37.942+0000] {processor.py:927} WARNING - No viable dags retrieved from /workspaces/lab-2/dags/etl_ingestion_dag.py
[2026-08-20T11:06:37.963+0000] {processor.py:208} INFO - Processing /workspaces/lab-2/dags/etl_ingestion_dag.py took 0.039 seconds
[2026-08-20T11:07:34.001+0000] {processor.py:186} INFO - Started process (PID=27261) to work on /workspaces/lab-2/dags/etl_ingestion_dag.py
[2026-08-20T11:07:34.002+0000] {processor.py:914} INFO - Processing file /workspaces/lab-2/dags/etl_ingestion_dag.py for tasks to queue
[2026-08-20T11:07:34.004+0000] {logging_mixin.py:190} INFO - [2026-08-20T11:07:34.004+0000] {dagbag.py:588} INFO - Filling up the DagBag from /workspaces/lab-2/dags/etl_ingestion_dag.py
[2026-08-20T11:07:34.007+0000] {logging_mixin.py:190} INFO - [2026-08-20T11:07:34.006+0000] {dagbag.py:387} ERROR - Failed to import: /workspaces/lab-2/dags/etl_ingestion_dag.py
Traceback (most recent call last):
  File "/workspaces/lab-2/.venv/lib/python3.12/site-packages/airflow/models/dagbag.py", line 383, in parse
    loader.exec_module(new_module)
  File "<frozen importlib._bootstrap_external>", line 994, in exec_module
  File "<frozen importlib._bootstrap>", line 488, in _call_with_frames_removed
  File "/workspaces/lab-2/dags/etl_ingestion_dag.py", line 4, in <module>
    from dag_utils import (
  File "/workspaces/lab-2/dags/dag_utils.py", line 1, in <module>
    from pipeline.extractors.csv_extractor import extract_csv
ModuleNotFoundError: No module named 'pipeline'
[2026-08-20T11:07:34.008+0000] {processor.py:927} WARNING - No viable dags retrieved from /workspaces/lab-2/dags/etl_ingestion_dag.py
[2026-08-20T11:07:34.026+0000] {processor.py:208} INFO - Processing /workspaces/lab-2/dags/etl_ingestion_dag.py took 0.030 seconds
[2026-08-20T11:08:28.761+0000] {processor.py:186} INFO - Started process (PID=28503) to work on /workspaces/lab-2/dags/etl_ingestion_dag.py
[2026-08-20T11:08:28.761+0000] {processor.py:914} INFO - Processing file /workspaces/lab-2/dags/etl_ingestion_dag.py for tasks to queue
[2026-08-20T11:08:28.763+0000] {logging_mixin.py:190} INFO - [2026-08-20T11:08:28.763+0000] {dagbag.py:588} INFO - Filling up the DagBag from /workspaces/lab-2/dags/etl_ingestion_dag.py
[2026-08-20T11:08:28.767+0000] {logging_mixin.py:190} INFO - [2026-08-20T11:08:28.766+0000] {dagbag.py:387} ERROR - Failed to import: /workspaces/lab-2/dags/etl_ingestion_dag.py
Traceback (most recent call last):
  File "/workspaces/lab-2/.venv/lib/python3.12/site-packages/airflow/models/dagbag.py", line 383, in parse
    loader.exec_module(new_module)
  File "<frozen importlib._bootstrap_external>", line 994, in exec_module
  File "<frozen importlib._bootstrap>", line 488, in _call_with_frames_removed
  File "/workspaces/lab-2/dags/etl_ingestion_dag.py", line 4, in <module>
    from dag_utils import (
  File "/workspaces/lab-2/dags/dag_utils.py", line 1, in <module>
    from pipeline.extractors.csv_extractor import extract_csv
ModuleNotFoundError: No module named 'pipeline'
[2026-08-20T11:08:28.767+0000] {processor.py:927} WARNING - No viable dags retrieved from /workspaces/lab-2/dags/etl_ingestion_dag.py
[2026-08-20T11:08:28.783+0000] {processor.py:208} INFO - Processing /workspaces/lab-2/dags/etl_ingestion_dag.py took 0.027 seconds
[2026-08-20T11:09:22.473+0000] {processor.py:186} INFO - Started process (PID=29268) to work on /workspaces/lab-2/dags/etl_ingestion_dag.py
[2026-08-20T11:09:22.473+0000] {processor.py:914} INFO - Processing file /workspaces/lab-2/dags/etl_ingestion_dag.py for tasks to queue
[2026-08-20T11:09:22.475+0000] {logging_mixin.py:190} INFO - [2026-08-20T11:09:22.475+0000] {dagbag.py:588} INFO - Filling up the DagBag from /workspaces/lab-2/dags/etl_ingestion_dag.py
[2026-08-20T11:09:22.479+0000] {logging_mixin.py:190} INFO - [2026-08-20T11:09:22.478+0000] {dagbag.py:387} ERROR - Failed to import: /workspaces/lab-2/dags/etl_ingestion_dag.py
Traceback (most recent call last):
  File "/workspaces/lab-2/.venv/lib/python3.12/site-packages/airflow/models/dagbag.py", line 383, in parse
    loader.exec_module(new_module)
  File "<frozen importlib._bootstrap_external>", line 994, in exec_module
  File "<frozen importlib._bootstrap>", line 488, in _call_with_frames_removed
  File "/workspaces/lab-2/dags/etl_ingestion_dag.py", line 4, in <module>
    from dag_utils import (
  File "/workspaces/lab-2/dags/dag_utils.py", line 1, in <module>
    from pipeline.extractors.csv_extractor import extract_csv
ModuleNotFoundError: No module named 'pipeline'
[2026-08-20T11:09:22.479+0000] {processor.py:927} WARNING - No viable dags retrieved from /workspaces/lab-2/dags/etl_ingestion_dag.py
[2026-08-20T11:09:22.496+0000] {processor.py:208} INFO - Processing /workspaces/lab-2/dags/etl_ingestion_dag.py took 0.029 seconds
[2026-08-20T11:10:14.784+0000] {processor.py:186} INFO - Started process (PID=30255) to work on /workspaces/lab-2/dags/etl_ingestion_dag.py
[2026-08-20T11:10:14.784+0000] {processor.py:914} INFO - Processing file /workspaces/lab-2/dags/etl_ingestion_dag.py for tasks to queue
[2026-08-20T11:10:14.786+0000] {logging_mixin.py:190} INFO - [2026-08-20T11:10:14.786+0000] {dagbag.py:588} INFO - Filling up the DagBag from /workspaces/lab-2/dags/etl_ingestion_dag.py
[2026-08-20T11:10:14.789+0000] {logging_mixin.py:190} INFO - [2026-08-20T11:10:14.789+0000] {dagbag.py:387} ERROR - Failed to import: /workspaces/lab-2/dags/etl_ingestion_dag.py
Traceback (most recent call last):
  File "/workspaces/lab-2/.venv/lib/python3.12/site-packages/airflow/models/dagbag.py", line 383, in parse
    loader.exec_module(new_module)
  File "<frozen importlib._bootstrap_external>", line 994, in exec_module
  File "<frozen importlib._bootstrap>", line 488, in _call_with_frames_removed
  File "/workspaces/lab-2/dags/etl_ingestion_dag.py", line 4, in <module>
    from dag_utils import (
  File "/workspaces/lab-2/dags/dag_utils.py", line 1, in <module>
    from pipeline.extractors.csv_extractor import extract_csv
ModuleNotFoundError: No module named 'pipeline'
[2026-08-20T11:10:14.790+0000] {processor.py:927} WARNING - No viable dags retrieved from /workspaces/lab-2/dags/etl_ingestion_dag.py
[2026-08-20T11:10:14.807+0000] {processor.py:208} INFO - Processing /workspaces/lab-2/dags/etl_ingestion_dag.py took 0.028 seconds
[2026-08-20T11:11:02.770+0000] {processor.py:186} INFO - Started process (PID=30980) to work on /workspaces/lab-2/dags/etl_ingestion_dag.py
[2026-08-20T11:11:02.770+0000] {processor.py:914} INFO - Processing file /workspaces/lab-2/dags/etl_ingestion_dag.py for tasks to queue
[2026-08-20T11:11:02.772+0000] {logging_mixin.py:190} INFO - [2026-08-20T11:11:02.772+0000] {dagbag.py:588} INFO - Filling up the DagBag from /workspaces/lab-2/dags/etl_ingestion_dag.py
[2026-08-20T11:11:02.775+0000] {logging_mixin.py:190} INFO - [2026-08-20T11:11:02.775+0000] {dagbag.py:387} ERROR - Failed to import: /workspaces/lab-2/dags/etl_ingestion_dag.py
Traceback (most recent call last):
  File "/workspaces/lab-2/.venv/lib/python3.12/site-packages/airflow/models/dagbag.py", line 383, in parse
    loader.exec_module(new_module)
  File "<frozen importlib._bootstrap_external>", line 994, in exec_module
  File "<frozen importlib._bootstrap>", line 488, in _call_with_frames_removed
  File "/workspaces/lab-2/dags/etl_ingestion_dag.py", line 4, in <module>
    from dag_utils import (
  File "/workspaces/lab-2/dags/dag_utils.py", line 1, in <module>
    from pipeline.extractors.csv_extractor import extract_csv
ModuleNotFoundError: No module named 'pipeline'
[2026-08-20T11:11:02.776+0000] {processor.py:927} WARNING - No viable dags retrieved from /workspaces/lab-2/dags/etl_ingestion_dag.py
[2026-08-20T11:11:02.793+0000] {processor.py:208} INFO - Processing /workspaces/lab-2/dags/etl_ingestion_dag.py took 0.028 seconds
[2026-08-20T11:11:13.316+0000] {processor.py:186} INFO - Started process (PID=31121) to work on /workspaces/lab-2/dags/etl_ingestion_dag.py
[2026-08-20T11:11:13.317+0000] {processor.py:914} INFO - Processing file /workspaces/lab-2/dags/etl_ingestion_dag.py for tasks to queue
[2026-08-20T11:11:13.319+0000] {logging_mixin.py:190} INFO - [2026-08-20T11:11:13.319+0000] {dagbag.py:588} INFO - Filling up the DagBag from /workspaces/lab-2/dags/etl_ingestion_dag.py
[2026-08-20T11:11:13.324+0000] {logging_mixin.py:190} INFO - [2026-08-20T11:11:13.322+0000] {dagbag.py:387} ERROR - Failed to import: /workspaces/lab-2/dags/etl_ingestion_dag.py
Traceback (most recent call last):
  File "/workspaces/lab-2/.venv/lib/python3.12/site-packages/airflow/models/dagbag.py", line 383, in parse
    loader.exec_module(new_module)
  File "<frozen importlib._bootstrap_external>", line 994, in exec_module
  File "<frozen importlib._bootstrap>", line 488, in _call_with_frames_removed
  File "/workspaces/lab-2/dags/etl_ingestion_dag.py", line 4, in <module>
    from dag_utils import (
  File "/workspaces/lab-2/dags/dag_utils.py", line 1, in <module>
    from pipeline.extractors.csv_extractor import extract_csv
ModuleNotFoundError: No module named 'pipeline'
[2026-08-20T11:11:13.325+0000] {processor.py:927} WARNING - No viable dags retrieved from /workspaces/lab-2/dags/etl_ingestion_dag.py
[2026-08-20T11:11:13.364+0000] {processor.py:208} INFO - Processing /workspaces/lab-2/dags/etl_ingestion_dag.py took 0.057 seconds
[2026-08-20T11:11:56.584+0000] {processor.py:186} INFO - Started process (PID=32374) to work on /workspaces/lab-2/dags/etl_ingestion_dag.py
[2026-08-20T11:11:56.589+0000] {processor.py:914} INFO - Processing file /workspaces/lab-2/dags/etl_ingestion_dag.py for tasks to queue
[2026-08-20T11:11:56.600+0000] {logging_mixin.py:190} INFO - [2026-08-20T11:11:56.600+0000] {dagbag.py:588} INFO - Filling up the DagBag from /workspaces/lab-2/dags/etl_ingestion_dag.py
[2026-08-20T11:11:56.612+0000] {logging_mixin.py:190} INFO - [2026-08-20T11:11:56.611+0000] {dagbag.py:387} ERROR - Failed to import: /workspaces/lab-2/dags/etl_ingestion_dag.py
Traceback (most recent call last):
  File "/workspaces/lab-2/.venv/lib/python3.12/site-packages/airflow/models/dagbag.py", line 383, in parse
    loader.exec_module(new_module)
  File "<frozen importlib._bootstrap_external>", line 994, in exec_module
  File "<frozen importlib._bootstrap>", line 488, in _call_with_frames_removed
  File "/workspaces/lab-2/dags/etl_ingestion_dag.py", line 4, in <module>
    from dag_utils import (
  File "/workspaces/lab-2/dags/dag_utils.py", line 1, in <module>
    from pipeline.extractors.csv_extractor import extract_csv
ModuleNotFoundError: No module named 'pipeline'
[2026-08-20T11:11:56.613+0000] {processor.py:927} WARNING - No viable dags retrieved from /workspaces/lab-2/dags/etl_ingestion_dag.py
[2026-08-20T11:11:56.648+0000] {processor.py:208} INFO - Processing /workspaces/lab-2/dags/etl_ingestion_dag.py took 0.079 seconds
[2026-08-20T11:12:09.818+0000] {processor.py:186} INFO - Started process (PID=32613) to work on /workspaces/lab-2/dags/etl_ingestion_dag.py
[2026-08-20T11:12:09.819+0000] {processor.py:914} INFO - Processing file /workspaces/lab-2/dags/etl_ingestion_dag.py for tasks to queue
[2026-08-20T11:12:09.821+0000] {logging_mixin.py:190} INFO - [2026-08-20T11:12:09.820+0000] {dagbag.py:588} INFO - Filling up the DagBag from /workspaces/lab-2/dags/etl_ingestion_dag.py
[2026-08-20T11:12:09.824+0000] {logging_mixin.py:190} INFO - [2026-08-20T11:12:09.823+0000] {dagbag.py:387} ERROR - Failed to import: /workspaces/lab-2/dags/etl_ingestion_dag.py
Traceback (most recent call last):
  File "/workspaces/lab-2/.venv/lib/python3.12/site-packages/airflow/models/dagbag.py", line 383, in parse
    loader.exec_module(new_module)
  File "<frozen importlib._bootstrap_external>", line 994, in exec_module
  File "<frozen importlib._bootstrap>", line 488, in _call_with_frames_removed
  File "/workspaces/lab-2/dags/etl_ingestion_dag.py", line 4, in <module>
    from dag_utils import (
  File "/workspaces/lab-2/dags/dag_utils.py", line 1, in <module>
    from pipeline.extractors.csv_extractor import extract_csv
ModuleNotFoundError: No module named 'pipeline'
[2026-08-20T11:12:09.824+0000] {processor.py:927} WARNING - No viable dags retrieved from /workspaces/lab-2/dags/etl_ingestion_dag.py
[2026-08-20T11:12:09.842+0000] {processor.py:208} INFO - Processing /workspaces/lab-2/dags/etl_ingestion_dag.py took 0.029 seconds
[2026-08-20T11:12:49.829+0000] {processor.py:186} INFO - Started process (PID=33206) to work on /workspaces/lab-2/dags/etl_ingestion_dag.py
[2026-08-20T11:12:49.829+0000] {processor.py:914} INFO - Processing file /workspaces/lab-2/dags/etl_ingestion_dag.py for tasks to queue
[2026-08-20T11:12:49.831+0000] {logging_mixin.py:190} INFO - [2026-08-20T11:12:49.831+0000] {dagbag.py:588} INFO - Filling up the DagBag from /workspaces/lab-2/dags/etl_ingestion_dag.py
[2026-08-20T11:12:49.834+0000] {logging_mixin.py:190} INFO - [2026-08-20T11:12:49.834+0000] {dagbag.py:387} ERROR - Failed to import: /workspaces/lab-2/dags/etl_ingestion_dag.py
Traceback (most recent call last):
  File "/workspaces/lab-2/.venv/lib/python3.12/site-packages/airflow/models/dagbag.py", line 383, in parse
    loader.exec_module(new_module)
  File "<frozen importlib._bootstrap_external>", line 994, in exec_module
  File "<frozen importlib._bootstrap>", line 488, in _call_with_frames_removed
  File "/workspaces/lab-2/dags/etl_ingestion_dag.py", line 4, in <module>
    from dag_utils import (
  File "/workspaces/lab-2/dags/dag_utils.py", line 1, in <module>
    from pipeline.extractors.csv_extractor import extract_csv
ModuleNotFoundError: No module named 'pipeline'
[2026-08-20T11:12:49.835+0000] {processor.py:927} WARNING - No viable dags retrieved from /workspaces/lab-2/dags/etl_ingestion_dag.py
[2026-08-20T11:12:49.851+0000] {processor.py:208} INFO - Processing /workspaces/lab-2/dags/etl_ingestion_dag.py took 0.027 seconds
[2026-08-20T11:13:02.790+0000] {processor.py:186} INFO - Started process (PID=33381) to work on /workspaces/lab-2/dags/etl_ingestion_dag.py
[2026-08-20T11:13:02.791+0000] {processor.py:914} INFO - Processing file /workspaces/lab-2/dags/etl_ingestion_dag.py for tasks to queue
[2026-08-20T11:13:02.798+0000] {logging_mixin.py:190} INFO - [2026-08-20T11:13:02.795+0000] {dagbag.py:588} INFO - Filling up the DagBag from /workspaces/lab-2/dags/etl_ingestion_dag.py
[2026-08-20T11:13:03.150+0000] {processor.py:186} INFO - Started process (PID=33384) to work on /workspaces/lab-2/dags/etl_ingestion_dag.py
[2026-08-20T11:13:03.158+0000] {processor.py:914} INFO - Processing file /workspaces/lab-2/dags/etl_ingestion_dag.py for tasks to queue
[2026-08-20T11:13:03.164+0000] {logging_mixin.py:190} INFO - [2026-08-20T11:13:03.163+0000] {dagbag.py:588} INFO - Filling up the DagBag from /workspaces/lab-2/dags/etl_ingestion_dag.py
[2026-08-20T11:13:03.187+0000] {logging_mixin.py:190} INFO - [2026-08-20T11:13:03.182+0000] {dagbag.py:387} ERROR - Failed to import: /workspaces/lab-2/dags/etl_ingestion_dag.py
Traceback (most recent call last):
  File "/workspaces/lab-2/.venv/lib/python3.12/site-packages/airflow/models/dagbag.py", line 383, in parse
    loader.exec_module(new_module)
  File "<frozen importlib._bootstrap_external>", line 994, in exec_module
  File "<frozen importlib._bootstrap>", line 488, in _call_with_frames_removed
  File "/workspaces/lab-2/dags/etl_ingestion_dag.py", line 4, in <module>
    from dag_utils import (
  File "/workspaces/lab-2/dags/dag_utils.py", line 1, in <module>
    from pipeline.extractors.csv_extractor import extract_csv
ModuleNotFoundError: No module named 'pipeline'
[2026-08-20T11:13:03.187+0000] {processor.py:927} WARNING - No viable dags retrieved from /workspaces/lab-2/dags/etl_ingestion_dag.py
[2026-08-20T11:13:03.235+0000] {processor.py:208} INFO - Processing /workspaces/lab-2/dags/etl_ingestion_dag.py took 0.098 seconds
[2026-08-20T11:13:03.738+0000] {processor.py:925} INFO - DAG(s) 'etl_ingestion_pipeline' retrieved from /workspaces/lab-2/dags/etl_ingestion_dag.py
[2026-08-20T11:13:03.888+0000] {logging_mixin.py:190} INFO - [2026-08-20T11:13:03.887+0000] {override.py:1900} INFO - Created Permission View: can read on DAG:etl_ingestion_pipeline
[2026-08-20T11:13:03.925+0000] {logging_mixin.py:190} INFO - [2026-08-20T11:13:03.925+0000] {override.py:1900} INFO - Created Permission View: can edit on DAG:etl_ingestion_pipeline
[2026-08-20T11:13:03.937+0000] {logging_mixin.py:190} INFO - [2026-08-20T11:13:03.937+0000] {override.py:1900} INFO - Created Permission View: can delete on DAG:etl_ingestion_pipeline
[2026-08-20T11:13:03.983+0000] {logging_mixin.py:190} INFO - [2026-08-20T11:13:03.983+0000] {override.py:1900} INFO - Created Permission View: can read on DAG Run:etl_ingestion_pipeline
[2026-08-20T11:13:04.025+0000] {logging_mixin.py:190} INFO - [2026-08-20T11:13:04.025+0000] {override.py:1900} INFO - Created Permission View: menu access on DAG Run:etl_ingestion_pipeline
[2026-08-20T11:13:04.043+0000] {logging_mixin.py:190} INFO - [2026-08-20T11:13:04.043+0000] {override.py:1900} INFO - Created Permission View: can create on DAG Run:etl_ingestion_pipeline
[2026-08-20T11:13:04.076+0000] {logging_mixin.py:190} INFO - [2026-08-20T11:13:04.075+0000] {override.py:1900} INFO - Created Permission View: can delete on DAG Run:etl_ingestion_pipeline
[2026-08-20T11:13:04.077+0000] {logging_mixin.py:190} INFO - [2026-08-20T11:13:04.076+0000] {dag.py:3239} INFO - Sync 1 DAGs
[2026-08-20T11:13:04.091+0000] {logging_mixin.py:190} INFO - [2026-08-20T11:13:04.091+0000] {dag.py:3262} INFO - Creating ORM DAG for etl_ingestion_pipeline
[2026-08-20T11:13:04.104+0000] {logging_mixin.py:190} INFO - [2026-08-20T11:13:04.101+0000] {dag.py:4180} INFO - Setting next_dagrun for etl_ingestion_pipeline to 2026-08-19 00:00:00+00:00, run_after=2026-08-20 00:00:00+00:00
[2026-08-20T11:13:04.163+0000] {processor.py:208} INFO - Processing /workspaces/lab-2/dags/etl_ingestion_dag.py took 1.387 seconds
[2026-08-20T11:13:20.688+0000] {processor.py:186} INFO - Started process (PID=33773) to work on /workspaces/lab-2/dags/etl_ingestion_dag.py
[2026-08-20T11:13:20.689+0000] {processor.py:914} INFO - Processing file /workspaces/lab-2/dags/etl_ingestion_dag.py for tasks to queue
[2026-08-20T11:13:20.691+0000] {logging_mixin.py:190} INFO - [2026-08-20T11:13:20.691+0000] {dagbag.py:588} INFO - Filling up the DagBag from /workspaces/lab-2/dags/etl_ingestion_dag.py
[2026-08-20T11:13:20.700+0000] {logging_mixin.py:190} INFO - [2026-08-20T11:13:20.694+0000] {dagbag.py:387} ERROR - Failed to import: /workspaces/lab-2/dags/etl_ingestion_dag.py
Traceback (most recent call last):
  File "/workspaces/lab-2/.venv/lib/python3.12/site-packages/airflow/models/dagbag.py", line 383, in parse
    loader.exec_module(new_module)
  File "<frozen importlib._bootstrap_external>", line 994, in exec_module
  File "<frozen importlib._bootstrap>", line 488, in _call_with_frames_removed
  File "/workspaces/lab-2/dags/etl_ingestion_dag.py", line 4, in <module>
    from dag_utils import (
  File "/workspaces/lab-2/dags/dag_utils.py", line 1, in <module>
    from pipeline.extractors.csv_extractor import extract_csv
ModuleNotFoundError: No module named 'pipeline'
[2026-08-20T11:13:20.701+0000] {processor.py:927} WARNING - No viable dags retrieved from /workspaces/lab-2/dags/etl_ingestion_dag.py
[2026-08-20T11:13:20.729+0000] {processor.py:208} INFO - Processing /workspaces/lab-2/dags/etl_ingestion_dag.py took 0.048 seconds
[2026-08-20T11:13:34.876+0000] {processor.py:186} INFO - Started process (PID=33916) to work on /workspaces/lab-2/dags/etl_ingestion_dag.py
[2026-08-20T11:13:34.877+0000] {processor.py:914} INFO - Processing file /workspaces/lab-2/dags/etl_ingestion_dag.py for tasks to queue
[2026-08-20T11:13:34.880+0000] {logging_mixin.py:190} INFO - [2026-08-20T11:13:34.879+0000] {dagbag.py:588} INFO - Filling up the DagBag from /workspaces/lab-2/dags/etl_ingestion_dag.py
[2026-08-20T11:13:35.350+0000] {processor.py:925} INFO - DAG(s) 'etl_ingestion_pipeline' retrieved from /workspaces/lab-2/dags/etl_ingestion_dag.py
[2026-08-20T11:13:35.381+0000] {logging_mixin.py:190} INFO - [2026-08-20T11:13:35.381+0000] {dag.py:3239} INFO - Sync 1 DAGs
[2026-08-20T11:13:35.421+0000] {logging_mixin.py:190} INFO - [2026-08-20T11:13:35.420+0000] {dag.py:4180} INFO - Setting next_dagrun for etl_ingestion_pipeline to 2026-08-19 00:00:00+00:00, run_after=2026-08-20 00:00:00+00:00
[2026-08-20T11:13:35.468+0000] {processor.py:208} INFO - Processing /workspaces/lab-2/dags/etl_ingestion_dag.py took 0.598 seconds
[2026-08-20T11:13:55.327+0000] {processor.py:186} INFO - Started process (PID=34703) to work on /workspaces/lab-2/dags/etl_ingestion_dag.py
[2026-08-20T11:13:55.328+0000] {processor.py:914} INFO - Processing file /workspaces/lab-2/dags/etl_ingestion_dag.py for tasks to queue
[2026-08-20T11:13:55.331+0000] {logging_mixin.py:190} INFO - [2026-08-20T11:13:55.330+0000] {dagbag.py:588} INFO - Filling up the DagBag from /workspaces/lab-2/dags/etl_ingestion_dag.py
[2026-08-20T11:13:55.335+0000] {logging_mixin.py:190} INFO - [2026-08-20T11:13:55.334+0000] {dagbag.py:387} ERROR - Failed to import: /workspaces/lab-2/dags/etl_ingestion_dag.py
Traceback (most recent call last):
  File "/workspaces/lab-2/.venv/lib/python3.12/site-packages/airflow/models/dagbag.py", line 383, in parse
    loader.exec_module(new_module)
  File "<frozen importlib._bootstrap_external>", line 994, in exec_module
  File "<frozen importlib._bootstrap>", line 488, in _call_with_frames_removed
  File "/workspaces/lab-2/dags/etl_ingestion_dag.py", line 4, in <module>
    from dag_utils import (
  File "/workspaces/lab-2/dags/dag_utils.py", line 1, in <module>
    from pipeline.extractors.csv_extractor import extract_csv
ModuleNotFoundError: No module named 'pipeline'
[2026-08-20T11:13:55.336+0000] {processor.py:927} WARNING - No viable dags retrieved from /workspaces/lab-2/dags/etl_ingestion_dag.py
[2026-08-20T11:13:55.363+0000] {processor.py:208} INFO - Processing /workspaces/lab-2/dags/etl_ingestion_dag.py took 0.047 seconds
[2026-08-20T11:13:59.223+0000] {processor.py:186} INFO - Started process (PID=34749) to work on /workspaces/lab-2/dags/etl_ingestion_dag.py
[2026-08-20T11:13:59.224+0000] {processor.py:914} INFO - Processing file /workspaces/lab-2/dags/etl_ingestion_dag.py for tasks to queue
[2026-08-20T11:13:59.226+0000] {logging_mixin.py:190} INFO - [2026-08-20T11:13:59.226+0000] {dagbag.py:588} INFO - Filling up the DagBag from /workspaces/lab-2/dags/etl_ingestion_dag.py
[2026-08-20T11:13:59.229+0000] {logging_mixin.py:190} INFO - [2026-08-20T11:13:59.228+0000] {dagbag.py:387} ERROR - Failed to import: /workspaces/lab-2/dags/etl_ingestion_dag.py
Traceback (most recent call last):
  File "/workspaces/lab-2/.venv/lib/python3.12/site-packages/airflow/models/dagbag.py", line 383, in parse
    loader.exec_module(new_module)
  File "<frozen importlib._bootstrap_external>", line 994, in exec_module
  File "<frozen importlib._bootstrap>", line 488, in _call_with_frames_removed
  File "/workspaces/lab-2/dags/etl_ingestion_dag.py", line 4, in <module>
    from dag_utils import (
  File "/workspaces/lab-2/dags/dag_utils.py", line 1, in <module>
    from pipeline.extractors.csv_extractor import extract_csv
ModuleNotFoundError: No module named 'pipeline'
[2026-08-20T11:13:59.230+0000] {processor.py:927} WARNING - No viable dags retrieved from /workspaces/lab-2/dags/etl_ingestion_dag.py
[2026-08-20T11:13:59.246+0000] {processor.py:208} INFO - Processing /workspaces/lab-2/dags/etl_ingestion_dag.py took 0.028 seconds
[2026-08-20T11:14:06.201+0000] {processor.py:186} INFO - Started process (PID=34838) to work on /workspaces/lab-2/dags/etl_ingestion_dag.py
[2026-08-20T11:14:06.202+0000] {processor.py:914} INFO - Processing file /workspaces/lab-2/dags/etl_ingestion_dag.py for tasks to queue
[2026-08-20T11:14:06.204+0000] {logging_mixin.py:190} INFO - [2026-08-20T11:14:06.203+0000] {dagbag.py:588} INFO - Filling up the DagBag from /workspaces/lab-2/dags/etl_ingestion_dag.py
[2026-08-20T11:14:06.630+0000] {processor.py:925} INFO - DAG(s) 'etl_ingestion_pipeline' retrieved from /workspaces/lab-2/dags/etl_ingestion_dag.py
[2026-08-20T11:14:06.651+0000] {logging_mixin.py:190} INFO - [2026-08-20T11:14:06.650+0000] {dag.py:3239} INFO - Sync 1 DAGs
[2026-08-20T11:14:06.671+0000] {logging_mixin.py:190} INFO - [2026-08-20T11:14:06.671+0000] {dag.py:4180} INFO - Setting next_dagrun for etl_ingestion_pipeline to 2026-08-19 00:00:00+00:00, run_after=2026-08-20 00:00:00+00:00
[2026-08-20T11:14:06.697+0000] {processor.py:208} INFO - Processing /workspaces/lab-2/dags/etl_ingestion_dag.py took 0.501 seconds
[2026-08-20T11:14:39.504+0000] {processor.py:186} INFO - Started process (PID=35475) to work on /workspaces/lab-2/dags/etl_ingestion_dag.py
[2026-08-20T11:14:39.505+0000] {processor.py:914} INFO - Processing file /workspaces/lab-2/dags/etl_ingestion_dag.py for tasks to queue
[2026-08-20T11:14:39.507+0000] {logging_mixin.py:190} INFO - [2026-08-20T11:14:39.506+0000] {dagbag.py:588} INFO - Filling up the DagBag from /workspaces/lab-2/dags/etl_ingestion_dag.py
[2026-08-20T11:14:40.152+0000] {processor.py:925} INFO - DAG(s) 'etl_ingestion_pipeline' retrieved from /workspaces/lab-2/dags/etl_ingestion_dag.py
[2026-08-20T11:14:40.233+0000] {logging_mixin.py:190} INFO - [2026-08-20T11:14:40.231+0000] {dag.py:3239} INFO - Sync 1 DAGs
[2026-08-20T11:14:40.280+0000] {logging_mixin.py:190} INFO - [2026-08-20T11:14:40.279+0000] {dag.py:4180} INFO - Setting next_dagrun for etl_ingestion_pipeline to 2026-08-19 00:00:00+00:00, run_after=2026-08-20 00:00:00+00:00
[2026-08-20T11:14:40.313+0000] {processor.py:208} INFO - Processing /workspaces/lab-2/dags/etl_ingestion_dag.py took 0.815 seconds
[2026-08-20T11:16:09.155+0000] {processor.py:186} INFO - Started process (PID=38620) to work on /workspaces/lab-2/dags/etl_ingestion_dag.py
[2026-08-20T11:16:09.160+0000] {processor.py:914} INFO - Processing file /workspaces/lab-2/dags/etl_ingestion_dag.py for tasks to queue
[2026-08-20T11:16:09.163+0000] {logging_mixin.py:190} INFO - [2026-08-20T11:16:09.161+0000] {dagbag.py:588} INFO - Filling up the DagBag from /workspaces/lab-2/dags/etl_ingestion_dag.py
[2026-08-20T11:16:09.176+0000] {logging_mixin.py:190} INFO - [2026-08-20T11:16:09.174+0000] {dagbag.py:387} ERROR - Failed to import: /workspaces/lab-2/dags/etl_ingestion_dag.py
Traceback (most recent call last):
  File "/workspaces/lab-2/.venv/lib/python3.12/site-packages/airflow/models/dagbag.py", line 383, in parse
    loader.exec_module(new_module)
  File "<frozen importlib._bootstrap_external>", line 994, in exec_module
  File "<frozen importlib._bootstrap>", line 488, in _call_with_frames_removed
  File "/workspaces/lab-2/dags/etl_ingestion_dag.py", line 4, in <module>
    from dag_utils import (
  File "/workspaces/lab-2/dags/dag_utils.py", line 1, in <module>
    from pipeline.extractors.csv_extractor import extract_csv
ModuleNotFoundError: No module named 'pipeline'
[2026-08-20T11:16:09.181+0000] {processor.py:927} WARNING - No viable dags retrieved from /workspaces/lab-2/dags/etl_ingestion_dag.py
[2026-08-20T11:16:09.251+0000] {processor.py:208} INFO - Processing /workspaces/lab-2/dags/etl_ingestion_dag.py took 0.117 seconds
[2026-08-20T11:16:11.421+0000] {processor.py:186} INFO - Started process (PID=38694) to work on /workspaces/lab-2/dags/etl_ingestion_dag.py
[2026-08-20T11:16:11.422+0000] {processor.py:914} INFO - Processing file /workspaces/lab-2/dags/etl_ingestion_dag.py for tasks to queue
[2026-08-20T11:16:11.425+0000] {logging_mixin.py:190} INFO - [2026-08-20T11:16:11.425+0000] {dagbag.py:588} INFO - Filling up the DagBag from /workspaces/lab-2/dags/etl_ingestion_dag.py
[2026-08-20T11:16:12.103+0000] {processor.py:925} INFO - DAG(s) 'etl_ingestion_pipeline' retrieved from /workspaces/lab-2/dags/etl_ingestion_dag.py
[2026-08-20T11:16:13.974+0000] {logging_mixin.py:190} INFO - [2026-08-20T11:16:13.974+0000] {dag.py:3239} INFO - Sync 1 DAGs
[2026-08-20T11:16:14.603+0000] {logging_mixin.py:190} INFO - [2026-08-20T11:16:14.603+0000] {dag.py:4180} INFO - Setting next_dagrun for etl_ingestion_pipeline to 2026-08-20 00:00:00+00:00, run_after=2026-08-21 00:00:00+00:00
[2026-08-20T11:16:14.681+0000] {processor.py:208} INFO - Processing /workspaces/lab-2/dags/etl_ingestion_dag.py took 3.277 seconds
[2026-08-20T11:16:20.103+0000] {processor.py:186} INFO - Started process (PID=38991) to work on /workspaces/lab-2/dags/etl_ingestion_dag.py
[2026-08-20T11:16:20.103+0000] {processor.py:914} INFO - Processing file /workspaces/lab-2/dags/etl_ingestion_dag.py for tasks to queue
[2026-08-20T11:16:20.110+0000] {logging_mixin.py:190} INFO - [2026-08-20T11:16:20.110+0000] {dagbag.py:588} INFO - Filling up the DagBag from /workspaces/lab-2/dags/etl_ingestion_dag.py
[2026-08-20T11:16:20.120+0000] {logging_mixin.py:190} INFO - [2026-08-20T11:16:20.115+0000] {dagbag.py:387} ERROR - Failed to import: /workspaces/lab-2/dags/etl_ingestion_dag.py
Traceback (most recent call last):
  File "/workspaces/lab-2/.venv/lib/python3.12/site-packages/airflow/models/dagbag.py", line 383, in parse
    loader.exec_module(new_module)
  File "<frozen importlib._bootstrap_external>", line 994, in exec_module
  File "<frozen importlib._bootstrap>", line 488, in _call_with_frames_removed
  File "/workspaces/lab-2/dags/etl_ingestion_dag.py", line 4, in <module>
    from dag_utils import (
  File "/workspaces/lab-2/dags/dag_utils.py", line 1, in <module>
    from pipeline.extractors.csv_extractor import extract_csv
ModuleNotFoundError: No module named 'pipeline'
[2026-08-20T11:16:20.120+0000] {processor.py:927} WARNING - No viable dags retrieved from /workspaces/lab-2/dags/etl_ingestion_dag.py
[2026-08-20T11:16:20.179+0000] {processor.py:208} INFO - Processing /workspaces/lab-2/dags/etl_ingestion_dag.py took 0.092 seconds
[2026-08-20T11:16:45.715+0000] {processor.py:186} INFO - Started process (PID=39648) to work on /workspaces/lab-2/dags/etl_ingestion_dag.py
[2026-08-20T11:16:45.725+0000] {processor.py:914} INFO - Processing file /workspaces/lab-2/dags/etl_ingestion_dag.py for tasks to queue
[2026-08-20T11:16:45.726+0000] {logging_mixin.py:190} INFO - [2026-08-20T11:16:45.726+0000] {dagbag.py:588} INFO - Filling up the DagBag from /workspaces/lab-2/dags/etl_ingestion_dag.py
[2026-08-20T11:16:47.030+0000] {processor.py:925} INFO - DAG(s) 'etl_ingestion_pipeline' retrieved from /workspaces/lab-2/dags/etl_ingestion_dag.py
[2026-08-20T11:16:47.124+0000] {logging_mixin.py:190} INFO - [2026-08-20T11:16:47.122+0000] {dag.py:3239} INFO - Sync 1 DAGs
[2026-08-20T11:16:47.584+0000] {logging_mixin.py:190} INFO - [2026-08-20T11:16:47.584+0000] {dag.py:4180} INFO - Setting next_dagrun for etl_ingestion_pipeline to 2026-08-20 00:00:00+00:00, run_after=2026-08-21 00:00:00+00:00
[2026-08-20T11:16:47.638+0000] {processor.py:208} INFO - Processing /workspaces/lab-2/dags/etl_ingestion_dag.py took 1.950 seconds
[2026-08-20T11:17:25.138+0000] {processor.py:186} INFO - Started process (PID=40546) to work on /workspaces/lab-2/dags/etl_ingestion_dag.py
[2026-08-20T11:17:25.147+0000] {processor.py:914} INFO - Processing file /workspaces/lab-2/dags/etl_ingestion_dag.py for tasks to queue
[2026-08-20T11:17:25.148+0000] {logging_mixin.py:190} INFO - [2026-08-20T11:17:25.148+0000] {dagbag.py:588} INFO - Filling up the DagBag from /workspaces/lab-2/dags/etl_ingestion_dag.py
[2026-08-20T11:17:26.217+0000] {processor.py:925} INFO - DAG(s) 'etl_ingestion_pipeline' retrieved from /workspaces/lab-2/dags/etl_ingestion_dag.py
[2026-08-20T11:17:26.283+0000] {logging_mixin.py:190} INFO - [2026-08-20T11:17:26.278+0000] {dag.py:3239} INFO - Sync 1 DAGs
[2026-08-20T11:17:26.346+0000] {logging_mixin.py:190} INFO - [2026-08-20T11:17:26.341+0000] {dag.py:4180} INFO - Setting next_dagrun for etl_ingestion_pipeline to 2026-08-20 00:00:00+00:00, run_after=2026-08-21 00:00:00+00:00
[2026-08-20T11:17:26.411+0000] {processor.py:208} INFO - Processing /workspaces/lab-2/dags/etl_ingestion_dag.py took 1.289 seconds
[2026-08-20T11:17:51.843+0000] {processor.py:186} INFO - Started process (PID=41673) to work on /workspaces/lab-2/dags/etl_ingestion_dag.py
[2026-08-20T11:17:51.846+0000] {processor.py:914} INFO - Processing file /workspaces/lab-2/dags/etl_ingestion_dag.py for tasks to queue
[2026-08-20T11:17:51.855+0000] {logging_mixin.py:190} INFO - [2026-08-20T11:17:51.850+0000] {dagbag.py:588} INFO - Filling up the DagBag from /workspaces/lab-2/dags/etl_ingestion_dag.py
[2026-08-20T11:17:51.870+0000] {logging_mixin.py:190} INFO - [2026-08-20T11:17:51.862+0000] {dagbag.py:387} ERROR - Failed to import: /workspaces/lab-2/dags/etl_ingestion_dag.py
Traceback (most recent call last):
  File "/workspaces/lab-2/.venv/lib/python3.12/site-packages/airflow/models/dagbag.py", line 383, in parse
    loader.exec_module(new_module)
  File "<frozen importlib._bootstrap_external>", line 994, in exec_module
  File "<frozen importlib._bootstrap>", line 488, in _call_with_frames_removed
  File "/workspaces/lab-2/dags/etl_ingestion_dag.py", line 4, in <module>
    from dag_utils import (
  File "/workspaces/lab-2/dags/dag_utils.py", line 1, in <module>
    from pipeline.extractors.csv_extractor import extract_csv
ModuleNotFoundError: No module named 'pipeline'
[2026-08-20T11:17:51.871+0000] {processor.py:927} WARNING - No viable dags retrieved from /workspaces/lab-2/dags/etl_ingestion_dag.py
[2026-08-20T11:17:51.956+0000] {processor.py:208} INFO - Processing /workspaces/lab-2/dags/etl_ingestion_dag.py took 0.132 seconds
