[2026-08-20T11:15:05.138+0000] {local_task_job_runner.py:123} INFO - ::group::Pre task execution logs
[2026-08-20T11:15:05.211+0000] {taskinstance.py:2612} INFO - Dependencies all met for dep_context=non-requeueable deps ti=<TaskInstance: example_bash_operator.runme_0 scheduled__2026-08-19T00:00:00+00:00 [queued]>
[2026-08-20T11:15:05.246+0000] {taskinstance.py:2612} INFO - Dependencies all met for dep_context=requeueable deps ti=<TaskInstance: example_bash_operator.runme_0 scheduled__2026-08-19T00:00:00+00:00 [queued]>
[2026-08-20T11:15:05.247+0000] {taskinstance.py:2865} INFO - Starting attempt 1 of 1
[2026-08-20T11:15:05.280+0000] {taskinstance.py:2888} INFO - Executing <Task(BashOperator): runme_0> on 2026-08-19 00:00:00+00:00
[2026-08-20T11:15:05.297+0000] {standard_task_runner.py:72} INFO - Started process 36386 to run task
[2026-08-20T11:15:05.310+0000] {standard_task_runner.py:104} INFO - Running: ['airflow', 'tasks', 'run', 'example_bash_operator', 'runme_0', 'scheduled__2026-08-19T00:00:00+00:00', '--job-id', '17', '--raw', '--subdir', '/workspaces/lab-2/.venv/lib/python3.12/site-packages/airflow/example_dags/example_bash_operator.py', '--cfg-path', '/tmp/tmp8k8844go']
[2026-08-20T11:15:05.313+0000] {standard_task_runner.py:105} INFO - Job 17: Subtask runme_0
[2026-08-20T11:15:05.428+0000] {task_command.py:467} INFO - Running <TaskInstance: example_bash_operator.runme_0 scheduled__2026-08-19T00:00:00+00:00 [running]> on host codespaces-6f08f8
[2026-08-20T11:15:05.567+0000] {taskinstance.py:3131} INFO - Exporting env vars: AIRFLOW_CTX_DAG_OWNER='airflow' AIRFLOW_CTX_DAG_ID='example_bash_operator' AIRFLOW_CTX_TASK_ID='runme_0' AIRFLOW_CTX_EXECUTION_DATE='2026-08-19T00:00:00+00:00' AIRFLOW_CTX_TRY_NUMBER='1' AIRFLOW_CTX_DAG_RUN_ID='scheduled__2026-08-19T00:00:00+00:00'
[2026-08-20T11:15:05.568+0000] {taskinstance.py:731} INFO - ::endgroup::
[2026-08-20T11:15:05.586+0000] {subprocess.py:63} INFO - Tmp dir root location: /tmp
[2026-08-20T11:15:05.587+0000] {subprocess.py:75} INFO - Running command: ['/usr/bin/bash', '-c', 'echo "example_bash_operator__runme_0__20260819" && sleep 1']
[2026-08-20T11:15:05.600+0000] {subprocess.py:86} INFO - Output:
[2026-08-20T11:15:05.600+0000] {subprocess.py:93} INFO - example_bash_operator__runme_0__20260819
[2026-08-20T11:15:06.602+0000] {subprocess.py:97} INFO - Command exited with return code 0
[2026-08-20T11:15:06.645+0000] {taskinstance.py:340} INFO - ::group::Post task execution logs
[2026-08-20T11:15:06.646+0000] {taskinstance.py:352} INFO - Marking task as SUCCESS. dag_id=example_bash_operator, task_id=runme_0, run_id=scheduled__2026-08-19T00:00:00+00:00, execution_date=20260819T000000, start_date=20260820T111505, end_date=20260820T111506
[2026-08-20T11:15:06.741+0000] {local_task_job_runner.py:266} INFO - Task exited with return code 0
[2026-08-20T11:15:06.794+0000] {taskinstance.py:3900} INFO - 0 downstream tasks scheduled from follow-on schedule check
[2026-08-20T11:15:06.796+0000] {local_task_job_runner.py:245} INFO - ::endgroup::
