[2026-08-20T11:03:51.158+0000] {processor.py:186} INFO - Started process (PID=24037) to work on /workspaces/lab-2/.venv/lib/python3.12/site-packages/airflow/example_dags/subdags/subdag.py
[2026-08-20T11:03:51.159+0000] {processor.py:914} INFO - Processing file /workspaces/lab-2/.venv/lib/python3.12/site-packages/airflow/example_dags/subdags/subdag.py for tasks to queue
[2026-08-20T11:03:51.165+0000] {logging_mixin.py:190} INFO - [2026-08-20T11:03:51.165+0000] {dagbag.py:588} INFO - Filling up the DagBag from /workspaces/lab-2/.venv/lib/python3.12/site-packages/airflow/example_dags/subdags/subdag.py
[2026-08-20T11:03:51.170+0000] {processor.py:927} WARNING - No viable dags retrieved from /workspaces/lab-2/.venv/lib/python3.12/site-packages/airflow/example_dags/subdags/subdag.py
[2026-08-20T11:03:51.207+0000] {processor.py:208} INFO - Processing /workspaces/lab-2/.venv/lib/python3.12/site-packages/airflow/example_dags/subdags/subdag.py took 0.067 seconds
[2026-08-20T11:04:57.446+0000] {processor.py:186} INFO - Started process (PID=25088) to work on /workspaces/lab-2/.venv/lib/python3.12/site-packages/airflow/example_dags/subdags/subdag.py
[2026-08-20T11:04:57.446+0000] {processor.py:914} INFO - Processing file /workspaces/lab-2/.venv/lib/python3.12/site-packages/airflow/example_dags/subdags/subdag.py for tasks to queue
[2026-08-20T11:04:57.448+0000] {logging_mixin.py:190} INFO - [2026-08-20T11:04:57.448+0000] {dagbag.py:588} INFO - Filling up the DagBag from /workspaces/lab-2/.venv/lib/python3.12/site-packages/airflow/example_dags/subdags/subdag.py
[2026-08-20T11:04:57.450+0000] {processor.py:927} WARNING - No viable dags retrieved from /workspaces/lab-2/.venv/lib/python3.12/site-packages/airflow/example_dags/subdags/subdag.py
[2026-08-20T11:04:57.459+0000] {processor.py:208} INFO - Processing /workspaces/lab-2/.venv/lib/python3.12/site-packages/airflow/example_dags/subdags/subdag.py took 0.018 seconds
[2026-08-20T11:05:28.496+0000] {processor.py:186} INFO - Started process (PID=25392) to work on /workspaces/lab-2/.venv/lib/python3.12/site-packages/airflow/example_dags/subdags/subdag.py
[2026-08-20T11:05:28.497+0000] {processor.py:914} INFO - Processing file /workspaces/lab-2/.venv/lib/python3.12/site-packages/airflow/example_dags/subdags/subdag.py for tasks to queue
[2026-08-20T11:05:28.499+0000] {logging_mixin.py:190} INFO - [2026-08-20T11:05:28.498+0000] {dagbag.py:588} INFO - Filling up the DagBag from /workspaces/lab-2/.venv/lib/python3.12/site-packages/airflow/example_dags/subdags/subdag.py
[2026-08-20T11:05:28.500+0000] {processor.py:927} WARNING - No viable dags retrieved from /workspaces/lab-2/.venv/lib/python3.12/site-packages/airflow/example_dags/subdags/subdag.py
[2026-08-20T11:05:28.510+0000] {processor.py:208} INFO - Processing /workspaces/lab-2/.venv/lib/python3.12/site-packages/airflow/example_dags/subdags/subdag.py took 0.018 seconds
[2026-08-20T11:06:17.077+0000] {processor.py:186} INFO - Started process (PID=26120) to work on /workspaces/lab-2/.venv/lib/python3.12/site-packages/airflow/example_dags/subdags/subdag.py
[2026-08-20T11:06:17.077+0000] {processor.py:914} INFO - Processing file /workspaces/lab-2/.venv/lib/python3.12/site-packages/airflow/example_dags/subdags/subdag.py for tasks to queue
[2026-08-20T11:06:17.079+0000] {logging_mixin.py:190} INFO - [2026-08-20T11:06:17.079+0000] {dagbag.py:588} INFO - Filling up the DagBag from /workspaces/lab-2/.venv/lib/python3.12/site-packages/airflow/example_dags/subdags/subdag.py
[2026-08-20T11:06:17.081+0000] {processor.py:927} WARNING - No viable dags retrieved from /workspaces/lab-2/.venv/lib/python3.12/site-packages/airflow/example_dags/subdags/subdag.py
[2026-08-20T11:06:17.090+0000] {processor.py:208} INFO - Processing /workspaces/lab-2/.venv/lib/python3.12/site-packages/airflow/example_dags/subdags/subdag.py took 0.018 seconds
[2026-08-20T11:06:39.226+0000] {processor.py:186} INFO - Started process (PID=26489) to work on /workspaces/lab-2/.venv/lib/python3.12/site-packages/airflow/example_dags/subdags/subdag.py
[2026-08-20T11:06:39.227+0000] {processor.py:914} INFO - Processing file /workspaces/lab-2/.venv/lib/python3.12/site-packages/airflow/example_dags/subdags/subdag.py for tasks to queue
[2026-08-20T11:06:39.231+0000] {logging_mixin.py:190} INFO - [2026-08-20T11:06:39.230+0000] {dagbag.py:588} INFO - Filling up the DagBag from /workspaces/lab-2/.venv/lib/python3.12/site-packages/airflow/example_dags/subdags/subdag.py
[2026-08-20T11:06:39.233+0000] {processor.py:927} WARNING - No viable dags retrieved from /workspaces/lab-2/.venv/lib/python3.12/site-packages/airflow/example_dags/subdags/subdag.py
[2026-08-20T11:06:39.252+0000] {processor.py:208} INFO - Processing /workspaces/lab-2/.venv/lib/python3.12/site-packages/airflow/example_dags/subdags/subdag.py took 0.038 seconds
[2026-08-20T11:07:34.384+0000] {processor.py:186} INFO - Started process (PID=27263) to work on /workspaces/lab-2/.venv/lib/python3.12/site-packages/airflow/example_dags/subdags/subdag.py
[2026-08-20T11:07:34.385+0000] {processor.py:914} INFO - Processing file /workspaces/lab-2/.venv/lib/python3.12/site-packages/airflow/example_dags/subdags/subdag.py for tasks to queue
[2026-08-20T11:07:34.387+0000] {logging_mixin.py:190} INFO - [2026-08-20T11:07:34.386+0000] {dagbag.py:588} INFO - Filling up the DagBag from /workspaces/lab-2/.venv/lib/python3.12/site-packages/airflow/example_dags/subdags/subdag.py
[2026-08-20T11:07:34.388+0000] {processor.py:927} WARNING - No viable dags retrieved from /workspaces/lab-2/.venv/lib/python3.12/site-packages/airflow/example_dags/subdags/subdag.py
[2026-08-20T11:07:34.398+0000] {processor.py:208} INFO - Processing /workspaces/lab-2/.venv/lib/python3.12/site-packages/airflow/example_dags/subdags/subdag.py took 0.019 seconds
[2026-08-20T11:08:29.340+0000] {processor.py:186} INFO - Started process (PID=28505) to work on /workspaces/lab-2/.venv/lib/python3.12/site-packages/airflow/example_dags/subdags/subdag.py
[2026-08-20T11:08:29.341+0000] {processor.py:914} INFO - Processing file /workspaces/lab-2/.venv/lib/python3.12/site-packages/airflow/example_dags/subdags/subdag.py for tasks to queue
[2026-08-20T11:08:29.342+0000] {logging_mixin.py:190} INFO - [2026-08-20T11:08:29.342+0000] {dagbag.py:588} INFO - Filling up the DagBag from /workspaces/lab-2/.venv/lib/python3.12/site-packages/airflow/example_dags/subdags/subdag.py
[2026-08-20T11:08:29.344+0000] {processor.py:927} WARNING - No viable dags retrieved from /workspaces/lab-2/.venv/lib/python3.12/site-packages/airflow/example_dags/subdags/subdag.py
[2026-08-20T11:08:29.354+0000] {processor.py:208} INFO - Processing /workspaces/lab-2/.venv/lib/python3.12/site-packages/airflow/example_dags/subdags/subdag.py took 0.019 seconds
[2026-08-20T11:09:23.238+0000] {processor.py:186} INFO - Started process (PID=29297) to work on /workspaces/lab-2/.venv/lib/python3.12/site-packages/airflow/example_dags/subdags/subdag.py
[2026-08-20T11:09:23.239+0000] {processor.py:914} INFO - Processing file /workspaces/lab-2/.venv/lib/python3.12/site-packages/airflow/example_dags/subdags/subdag.py for tasks to queue
[2026-08-20T11:09:23.242+0000] {logging_mixin.py:190} INFO - [2026-08-20T11:09:23.241+0000] {dagbag.py:588} INFO - Filling up the DagBag from /workspaces/lab-2/.venv/lib/python3.12/site-packages/airflow/example_dags/subdags/subdag.py
[2026-08-20T11:09:23.244+0000] {processor.py:927} WARNING - No viable dags retrieved from /workspaces/lab-2/.venv/lib/python3.12/site-packages/airflow/example_dags/subdags/subdag.py
[2026-08-20T11:09:23.257+0000] {processor.py:208} INFO - Processing /workspaces/lab-2/.venv/lib/python3.12/site-packages/airflow/example_dags/subdags/subdag.py took 0.025 seconds
[2026-08-20T11:10:15.928+0000] {processor.py:186} INFO - Started process (PID=30298) to work on /workspaces/lab-2/.venv/lib/python3.12/site-packages/airflow/example_dags/subdags/subdag.py
[2026-08-20T11:10:15.929+0000] {processor.py:914} INFO - Processing file /workspaces/lab-2/.venv/lib/python3.12/site-packages/airflow/example_dags/subdags/subdag.py for tasks to queue
[2026-08-20T11:10:15.931+0000] {logging_mixin.py:190} INFO - [2026-08-20T11:10:15.930+0000] {dagbag.py:588} INFO - Filling up the DagBag from /workspaces/lab-2/.venv/lib/python3.12/site-packages/airflow/example_dags/subdags/subdag.py
[2026-08-20T11:10:15.933+0000] {processor.py:927} WARNING - No viable dags retrieved from /workspaces/lab-2/.venv/lib/python3.12/site-packages/airflow/example_dags/subdags/subdag.py
[2026-08-20T11:10:15.942+0000] {processor.py:208} INFO - Processing /workspaces/lab-2/.venv/lib/python3.12/site-packages/airflow/example_dags/subdags/subdag.py took 0.019 seconds
[2026-08-20T11:11:03.906+0000] {processor.py:186} INFO - Started process (PID=31008) to work on /workspaces/lab-2/.venv/lib/python3.12/site-packages/airflow/example_dags/subdags/subdag.py
[2026-08-20T11:11:03.907+0000] {processor.py:914} INFO - Processing file /workspaces/lab-2/.venv/lib/python3.12/site-packages/airflow/example_dags/subdags/subdag.py for tasks to queue
[2026-08-20T11:11:03.908+0000] {logging_mixin.py:190} INFO - [2026-08-20T11:11:03.908+0000] {dagbag.py:588} INFO - Filling up the DagBag from /workspaces/lab-2/.venv/lib/python3.12/site-packages/airflow/example_dags/subdags/subdag.py
[2026-08-20T11:11:03.910+0000] {processor.py:927} WARNING - No viable dags retrieved from /workspaces/lab-2/.venv/lib/python3.12/site-packages/airflow/example_dags/subdags/subdag.py
[2026-08-20T11:11:03.919+0000] {processor.py:208} INFO - Processing /workspaces/lab-2/.venv/lib/python3.12/site-packages/airflow/example_dags/subdags/subdag.py took 0.018 seconds
[2026-08-20T11:11:14.549+0000] {processor.py:186} INFO - Started process (PID=31166) to work on /workspaces/lab-2/.venv/lib/python3.12/site-packages/airflow/example_dags/subdags/subdag.py
[2026-08-20T11:11:14.552+0000] {processor.py:914} INFO - Processing file /workspaces/lab-2/.venv/lib/python3.12/site-packages/airflow/example_dags/subdags/subdag.py for tasks to queue
[2026-08-20T11:11:14.556+0000] {logging_mixin.py:190} INFO - [2026-08-20T11:11:14.556+0000] {dagbag.py:588} INFO - Filling up the DagBag from /workspaces/lab-2/.venv/lib/python3.12/site-packages/airflow/example_dags/subdags/subdag.py
[2026-08-20T11:11:14.561+0000] {processor.py:927} WARNING - No viable dags retrieved from /workspaces/lab-2/.venv/lib/python3.12/site-packages/airflow/example_dags/subdags/subdag.py
[2026-08-20T11:11:14.589+0000] {processor.py:208} INFO - Processing /workspaces/lab-2/.venv/lib/python3.12/site-packages/airflow/example_dags/subdags/subdag.py took 0.053 seconds
[2026-08-20T11:11:57.755+0000] {processor.py:186} INFO - Started process (PID=32386) to work on /workspaces/lab-2/.venv/lib/python3.12/site-packages/airflow/example_dags/subdags/subdag.py
[2026-08-20T11:11:57.756+0000] {processor.py:914} INFO - Processing file /workspaces/lab-2/.venv/lib/python3.12/site-packages/airflow/example_dags/subdags/subdag.py for tasks to queue
[2026-08-20T11:11:57.759+0000] {logging_mixin.py:190} INFO - [2026-08-20T11:11:57.758+0000] {dagbag.py:588} INFO - Filling up the DagBag from /workspaces/lab-2/.venv/lib/python3.12/site-packages/airflow/example_dags/subdags/subdag.py
[2026-08-20T11:11:57.761+0000] {processor.py:927} WARNING - No viable dags retrieved from /workspaces/lab-2/.venv/lib/python3.12/site-packages/airflow/example_dags/subdags/subdag.py
[2026-08-20T11:11:57.774+0000] {processor.py:208} INFO - Processing /workspaces/lab-2/.venv/lib/python3.12/site-packages/airflow/example_dags/subdags/subdag.py took 0.025 seconds
[2026-08-20T11:12:10.962+0000] {processor.py:186} INFO - Started process (PID=32623) to work on /workspaces/lab-2/.venv/lib/python3.12/site-packages/airflow/example_dags/subdags/subdag.py
[2026-08-20T11:12:10.963+0000] {processor.py:914} INFO - Processing file /workspaces/lab-2/.venv/lib/python3.12/site-packages/airflow/example_dags/subdags/subdag.py for tasks to queue
[2026-08-20T11:12:10.965+0000] {logging_mixin.py:190} INFO - [2026-08-20T11:12:10.964+0000] {dagbag.py:588} INFO - Filling up the DagBag from /workspaces/lab-2/.venv/lib/python3.12/site-packages/airflow/example_dags/subdags/subdag.py
[2026-08-20T11:12:10.966+0000] {processor.py:927} WARNING - No viable dags retrieved from /workspaces/lab-2/.venv/lib/python3.12/site-packages/airflow/example_dags/subdags/subdag.py
[2026-08-20T11:12:10.976+0000] {processor.py:208} INFO - Processing /workspaces/lab-2/.venv/lib/python3.12/site-packages/airflow/example_dags/subdags/subdag.py took 0.018 seconds
[2026-08-20T11:12:50.973+0000] {processor.py:186} INFO - Started process (PID=33227) to work on /workspaces/lab-2/.venv/lib/python3.12/site-packages/airflow/example_dags/subdags/subdag.py
[2026-08-20T11:12:50.973+0000] {processor.py:914} INFO - Processing file /workspaces/lab-2/.venv/lib/python3.12/site-packages/airflow/example_dags/subdags/subdag.py for tasks to queue
[2026-08-20T11:12:50.975+0000] {logging_mixin.py:190} INFO - [2026-08-20T11:12:50.975+0000] {dagbag.py:588} INFO - Filling up the DagBag from /workspaces/lab-2/.venv/lib/python3.12/site-packages/airflow/example_dags/subdags/subdag.py
[2026-08-20T11:12:50.977+0000] {processor.py:927} WARNING - No viable dags retrieved from /workspaces/lab-2/.venv/lib/python3.12/site-packages/airflow/example_dags/subdags/subdag.py
[2026-08-20T11:12:50.987+0000] {processor.py:208} INFO - Processing /workspaces/lab-2/.venv/lib/python3.12/site-packages/airflow/example_dags/subdags/subdag.py took 0.019 seconds
[2026-08-20T11:13:04.330+0000] {processor.py:186} INFO - Started process (PID=33387) to work on /workspaces/lab-2/.venv/lib/python3.12/site-packages/airflow/example_dags/subdags/subdag.py
[2026-08-20T11:13:04.331+0000] {processor.py:914} INFO - Processing file /workspaces/lab-2/.venv/lib/python3.12/site-packages/airflow/example_dags/subdags/subdag.py for tasks to queue
[2026-08-20T11:13:04.333+0000] {logging_mixin.py:190} INFO - [2026-08-20T11:13:04.333+0000] {dagbag.py:588} INFO - Filling up the DagBag from /workspaces/lab-2/.venv/lib/python3.12/site-packages/airflow/example_dags/subdags/subdag.py
[2026-08-20T11:13:04.335+0000] {processor.py:927} WARNING - No viable dags retrieved from /workspaces/lab-2/.venv/lib/python3.12/site-packages/airflow/example_dags/subdags/subdag.py
[2026-08-20T11:13:04.347+0000] {processor.py:208} INFO - Processing /workspaces/lab-2/.venv/lib/python3.12/site-packages/airflow/example_dags/subdags/subdag.py took 0.025 seconds
[2026-08-20T11:13:56.470+0000] {processor.py:186} INFO - Started process (PID=34712) to work on /workspaces/lab-2/.venv/lib/python3.12/site-packages/airflow/example_dags/subdags/subdag.py
[2026-08-20T11:13:56.470+0000] {processor.py:914} INFO - Processing file /workspaces/lab-2/.venv/lib/python3.12/site-packages/airflow/example_dags/subdags/subdag.py for tasks to queue
[2026-08-20T11:13:56.472+0000] {logging_mixin.py:190} INFO - [2026-08-20T11:13:56.472+0000] {dagbag.py:588} INFO - Filling up the DagBag from /workspaces/lab-2/.venv/lib/python3.12/site-packages/airflow/example_dags/subdags/subdag.py
[2026-08-20T11:13:56.474+0000] {processor.py:927} WARNING - No viable dags retrieved from /workspaces/lab-2/.venv/lib/python3.12/site-packages/airflow/example_dags/subdags/subdag.py
[2026-08-20T11:13:56.484+0000] {processor.py:208} INFO - Processing /workspaces/lab-2/.venv/lib/python3.12/site-packages/airflow/example_dags/subdags/subdag.py took 0.021 seconds
[2026-08-20T11:13:59.881+0000] {processor.py:186} INFO - Started process (PID=34759) to work on /workspaces/lab-2/.venv/lib/python3.12/site-packages/airflow/example_dags/subdags/subdag.py
[2026-08-20T11:13:59.882+0000] {processor.py:914} INFO - Processing file /workspaces/lab-2/.venv/lib/python3.12/site-packages/airflow/example_dags/subdags/subdag.py for tasks to queue
[2026-08-20T11:13:59.883+0000] {logging_mixin.py:190} INFO - [2026-08-20T11:13:59.883+0000] {dagbag.py:588} INFO - Filling up the DagBag from /workspaces/lab-2/.venv/lib/python3.12/site-packages/airflow/example_dags/subdags/subdag.py
[2026-08-20T11:13:59.886+0000] {processor.py:927} WARNING - No viable dags retrieved from /workspaces/lab-2/.venv/lib/python3.12/site-packages/airflow/example_dags/subdags/subdag.py
[2026-08-20T11:13:59.895+0000] {processor.py:208} INFO - Processing /workspaces/lab-2/.venv/lib/python3.12/site-packages/airflow/example_dags/subdags/subdag.py took 0.019 seconds
[2026-08-20T11:16:10.063+0000] {processor.py:186} INFO - Started process (PID=38650) to work on /workspaces/lab-2/.venv/lib/python3.12/site-packages/airflow/example_dags/subdags/subdag.py
[2026-08-20T11:16:10.072+0000] {processor.py:914} INFO - Processing file /workspaces/lab-2/.venv/lib/python3.12/site-packages/airflow/example_dags/subdags/subdag.py for tasks to queue
[2026-08-20T11:16:10.077+0000] {logging_mixin.py:190} INFO - [2026-08-20T11:16:10.075+0000] {dagbag.py:588} INFO - Filling up the DagBag from /workspaces/lab-2/.venv/lib/python3.12/site-packages/airflow/example_dags/subdags/subdag.py
[2026-08-20T11:16:10.087+0000] {processor.py:927} WARNING - No viable dags retrieved from /workspaces/lab-2/.venv/lib/python3.12/site-packages/airflow/example_dags/subdags/subdag.py
[2026-08-20T11:16:10.142+0000] {processor.py:208} INFO - Processing /workspaces/lab-2/.venv/lib/python3.12/site-packages/airflow/example_dags/subdags/subdag.py took 0.111 seconds
[2026-08-20T11:16:21.450+0000] {processor.py:186} INFO - Started process (PID=39034) to work on /workspaces/lab-2/.venv/lib/python3.12/site-packages/airflow/example_dags/subdags/subdag.py
[2026-08-20T11:16:21.451+0000] {processor.py:914} INFO - Processing file /workspaces/lab-2/.venv/lib/python3.12/site-packages/airflow/example_dags/subdags/subdag.py for tasks to queue
[2026-08-20T11:16:21.453+0000] {logging_mixin.py:190} INFO - [2026-08-20T11:16:21.453+0000] {dagbag.py:588} INFO - Filling up the DagBag from /workspaces/lab-2/.venv/lib/python3.12/site-packages/airflow/example_dags/subdags/subdag.py
[2026-08-20T11:16:21.456+0000] {processor.py:927} WARNING - No viable dags retrieved from /workspaces/lab-2/.venv/lib/python3.12/site-packages/airflow/example_dags/subdags/subdag.py
[2026-08-20T11:16:21.474+0000] {processor.py:208} INFO - Processing /workspaces/lab-2/.venv/lib/python3.12/site-packages/airflow/example_dags/subdags/subdag.py took 0.031 seconds
[2026-08-20T11:17:52.546+0000] {processor.py:186} INFO - Started process (PID=41686) to work on /workspaces/lab-2/.venv/lib/python3.12/site-packages/airflow/example_dags/subdags/subdag.py
[2026-08-20T11:17:52.553+0000] {processor.py:914} INFO - Processing file /workspaces/lab-2/.venv/lib/python3.12/site-packages/airflow/example_dags/subdags/subdag.py for tasks to queue
[2026-08-20T11:17:52.559+0000] {logging_mixin.py:190} INFO - [2026-08-20T11:17:52.558+0000] {dagbag.py:588} INFO - Filling up the DagBag from /workspaces/lab-2/.venv/lib/python3.12/site-packages/airflow/example_dags/subdags/subdag.py
[2026-08-20T11:17:52.572+0000] {processor.py:927} WARNING - No viable dags retrieved from /workspaces/lab-2/.venv/lib/python3.12/site-packages/airflow/example_dags/subdags/subdag.py
[2026-08-20T11:17:52.657+0000] {processor.py:208} INFO - Processing /workspaces/lab-2/.venv/lib/python3.12/site-packages/airflow/example_dags/subdags/subdag.py took 0.134 seconds
