[2026-08-20T11:03:55.885+0000] {processor.py:186} INFO - Started process (PID=24134) to work on /workspaces/lab-2/.venv/lib/python3.12/site-packages/airflow/example_dags/plugins/event_listener.py
[2026-08-20T11:03:55.886+0000] {processor.py:914} INFO - Processing file /workspaces/lab-2/.venv/lib/python3.12/site-packages/airflow/example_dags/plugins/event_listener.py for tasks to queue
[2026-08-20T11:03:55.888+0000] {logging_mixin.py:190} INFO - [2026-08-20T11:03:55.888+0000] {dagbag.py:588} INFO - Filling up the DagBag from /workspaces/lab-2/.venv/lib/python3.12/site-packages/airflow/example_dags/plugins/event_listener.py
[2026-08-20T11:03:55.890+0000] {processor.py:927} WARNING - No viable dags retrieved from /workspaces/lab-2/.venv/lib/python3.12/site-packages/airflow/example_dags/plugins/event_listener.py
[2026-08-20T11:03:55.902+0000] {processor.py:208} INFO - Processing /workspaces/lab-2/.venv/lib/python3.12/site-packages/airflow/example_dags/plugins/event_listener.py took 0.022 seconds
[2026-08-20T11:05:01.070+0000] {processor.py:186} INFO - Started process (PID=25175) to work on /workspaces/lab-2/.venv/lib/python3.12/site-packages/airflow/example_dags/plugins/event_listener.py
[2026-08-20T11:05:01.071+0000] {processor.py:914} INFO - Processing file /workspaces/lab-2/.venv/lib/python3.12/site-packages/airflow/example_dags/plugins/event_listener.py for tasks to queue
[2026-08-20T11:05:01.073+0000] {logging_mixin.py:190} INFO - [2026-08-20T11:05:01.072+0000] {dagbag.py:588} INFO - Filling up the DagBag from /workspaces/lab-2/.venv/lib/python3.12/site-packages/airflow/example_dags/plugins/event_listener.py
[2026-08-20T11:05:01.075+0000] {processor.py:927} WARNING - No viable dags retrieved from /workspaces/lab-2/.venv/lib/python3.12/site-packages/airflow/example_dags/plugins/event_listener.py
[2026-08-20T11:05:01.084+0000] {processor.py:208} INFO - Processing /workspaces/lab-2/.venv/lib/python3.12/site-packages/airflow/example_dags/plugins/event_listener.py took 0.018 seconds
[2026-08-20T11:05:54.184+0000] {processor.py:186} INFO - Started process (PID=25852) to work on /workspaces/lab-2/.venv/lib/python3.12/site-packages/airflow/example_dags/plugins/event_listener.py
[2026-08-20T11:05:54.185+0000] {processor.py:914} INFO - Processing file /workspaces/lab-2/.venv/lib/python3.12/site-packages/airflow/example_dags/plugins/event_listener.py for tasks to queue
[2026-08-20T11:05:54.187+0000] {logging_mixin.py:190} INFO - [2026-08-20T11:05:54.186+0000] {dagbag.py:588} INFO - Filling up the DagBag from /workspaces/lab-2/.venv/lib/python3.12/site-packages/airflow/example_dags/plugins/event_listener.py
[2026-08-20T11:05:54.189+0000] {processor.py:927} WARNING - No viable dags retrieved from /workspaces/lab-2/.venv/lib/python3.12/site-packages/airflow/example_dags/plugins/event_listener.py
[2026-08-20T11:05:54.198+0000] {processor.py:208} INFO - Processing /workspaces/lab-2/.venv/lib/python3.12/site-packages/airflow/example_dags/plugins/event_listener.py took 0.019 seconds
[2026-08-20T11:06:42.829+0000] {processor.py:186} INFO - Started process (PID=26567) to work on /workspaces/lab-2/.venv/lib/python3.12/site-packages/airflow/example_dags/plugins/event_listener.py
[2026-08-20T11:06:42.830+0000] {processor.py:914} INFO - Processing file /workspaces/lab-2/.venv/lib/python3.12/site-packages/airflow/example_dags/plugins/event_listener.py for tasks to queue
[2026-08-20T11:06:42.831+0000] {logging_mixin.py:190} INFO - [2026-08-20T11:06:42.831+0000] {dagbag.py:588} INFO - Filling up the DagBag from /workspaces/lab-2/.venv/lib/python3.12/site-packages/airflow/example_dags/plugins/event_listener.py
[2026-08-20T11:06:42.833+0000] {processor.py:927} WARNING - No viable dags retrieved from /workspaces/lab-2/.venv/lib/python3.12/site-packages/airflow/example_dags/plugins/event_listener.py
[2026-08-20T11:06:42.846+0000] {processor.py:208} INFO - Processing /workspaces/lab-2/.venv/lib/python3.12/site-packages/airflow/example_dags/plugins/event_listener.py took 0.021 seconds
[2026-08-20T11:07:38.349+0000] {processor.py:186} INFO - Started process (PID=27289) to work on /workspaces/lab-2/.venv/lib/python3.12/site-packages/airflow/example_dags/plugins/event_listener.py
[2026-08-20T11:07:38.350+0000] {processor.py:914} INFO - Processing file /workspaces/lab-2/.venv/lib/python3.12/site-packages/airflow/example_dags/plugins/event_listener.py for tasks to queue
[2026-08-20T11:07:38.352+0000] {logging_mixin.py:190} INFO - [2026-08-20T11:07:38.351+0000] {dagbag.py:588} INFO - Filling up the DagBag from /workspaces/lab-2/.venv/lib/python3.12/site-packages/airflow/example_dags/plugins/event_listener.py
[2026-08-20T11:07:38.354+0000] {processor.py:927} WARNING - No viable dags retrieved from /workspaces/lab-2/.venv/lib/python3.12/site-packages/airflow/example_dags/plugins/event_listener.py
[2026-08-20T11:07:38.364+0000] {processor.py:208} INFO - Processing /workspaces/lab-2/.venv/lib/python3.12/site-packages/airflow/example_dags/plugins/event_listener.py took 0.019 seconds
[2026-08-20T11:08:33.914+0000] {processor.py:186} INFO - Started process (PID=28561) to work on /workspaces/lab-2/.venv/lib/python3.12/site-packages/airflow/example_dags/plugins/event_listener.py
[2026-08-20T11:08:33.915+0000] {processor.py:914} INFO - Processing file /workspaces/lab-2/.venv/lib/python3.12/site-packages/airflow/example_dags/plugins/event_listener.py for tasks to queue
[2026-08-20T11:08:33.916+0000] {logging_mixin.py:190} INFO - [2026-08-20T11:08:33.916+0000] {dagbag.py:588} INFO - Filling up the DagBag from /workspaces/lab-2/.venv/lib/python3.12/site-packages/airflow/example_dags/plugins/event_listener.py
[2026-08-20T11:08:33.918+0000] {processor.py:927} WARNING - No viable dags retrieved from /workspaces/lab-2/.venv/lib/python3.12/site-packages/airflow/example_dags/plugins/event_listener.py
[2026-08-20T11:08:33.928+0000] {processor.py:208} INFO - Processing /workspaces/lab-2/.venv/lib/python3.12/site-packages/airflow/example_dags/plugins/event_listener.py took 0.018 seconds
[2026-08-20T11:09:27.048+0000] {processor.py:186} INFO - Started process (PID=29355) to work on /workspaces/lab-2/.venv/lib/python3.12/site-packages/airflow/example_dags/plugins/event_listener.py
[2026-08-20T11:09:27.049+0000] {processor.py:914} INFO - Processing file /workspaces/lab-2/.venv/lib/python3.12/site-packages/airflow/example_dags/plugins/event_listener.py for tasks to queue
[2026-08-20T11:09:27.051+0000] {logging_mixin.py:190} INFO - [2026-08-20T11:09:27.051+0000] {dagbag.py:588} INFO - Filling up the DagBag from /workspaces/lab-2/.venv/lib/python3.12/site-packages/airflow/example_dags/plugins/event_listener.py
[2026-08-20T11:09:27.053+0000] {processor.py:927} WARNING - No viable dags retrieved from /workspaces/lab-2/.venv/lib/python3.12/site-packages/airflow/example_dags/plugins/event_listener.py
[2026-08-20T11:09:27.064+0000] {processor.py:208} INFO - Processing /workspaces/lab-2/.venv/lib/python3.12/site-packages/airflow/example_dags/plugins/event_listener.py took 0.023 seconds
[2026-08-20T11:10:19.932+0000] {processor.py:186} INFO - Started process (PID=30318) to work on /workspaces/lab-2/.venv/lib/python3.12/site-packages/airflow/example_dags/plugins/event_listener.py
[2026-08-20T11:10:19.932+0000] {processor.py:914} INFO - Processing file /workspaces/lab-2/.venv/lib/python3.12/site-packages/airflow/example_dags/plugins/event_listener.py for tasks to queue
[2026-08-20T11:10:19.935+0000] {logging_mixin.py:190} INFO - [2026-08-20T11:10:19.934+0000] {dagbag.py:588} INFO - Filling up the DagBag from /workspaces/lab-2/.venv/lib/python3.12/site-packages/airflow/example_dags/plugins/event_listener.py
[2026-08-20T11:10:19.937+0000] {processor.py:927} WARNING - No viable dags retrieved from /workspaces/lab-2/.venv/lib/python3.12/site-packages/airflow/example_dags/plugins/event_listener.py
[2026-08-20T11:10:19.950+0000] {processor.py:208} INFO - Processing /workspaces/lab-2/.venv/lib/python3.12/site-packages/airflow/example_dags/plugins/event_listener.py took 0.025 seconds
[2026-08-20T11:11:07.678+0000] {processor.py:186} INFO - Started process (PID=31052) to work on /workspaces/lab-2/.venv/lib/python3.12/site-packages/airflow/example_dags/plugins/event_listener.py
[2026-08-20T11:11:07.682+0000] {processor.py:914} INFO - Processing file /workspaces/lab-2/.venv/lib/python3.12/site-packages/airflow/example_dags/plugins/event_listener.py for tasks to queue
[2026-08-20T11:11:07.685+0000] {logging_mixin.py:190} INFO - [2026-08-20T11:11:07.685+0000] {dagbag.py:588} INFO - Filling up the DagBag from /workspaces/lab-2/.venv/lib/python3.12/site-packages/airflow/example_dags/plugins/event_listener.py
[2026-08-20T11:11:07.692+0000] {processor.py:927} WARNING - No viable dags retrieved from /workspaces/lab-2/.venv/lib/python3.12/site-packages/airflow/example_dags/plugins/event_listener.py
[2026-08-20T11:11:07.735+0000] {processor.py:208} INFO - Processing /workspaces/lab-2/.venv/lib/python3.12/site-packages/airflow/example_dags/plugins/event_listener.py took 0.068 seconds
[2026-08-20T11:11:19.168+0000] {processor.py:186} INFO - Started process (PID=31292) to work on /workspaces/lab-2/.venv/lib/python3.12/site-packages/airflow/example_dags/plugins/event_listener.py
[2026-08-20T11:11:19.169+0000] {processor.py:914} INFO - Processing file /workspaces/lab-2/.venv/lib/python3.12/site-packages/airflow/example_dags/plugins/event_listener.py for tasks to queue
[2026-08-20T11:11:19.171+0000] {logging_mixin.py:190} INFO - [2026-08-20T11:11:19.171+0000] {dagbag.py:588} INFO - Filling up the DagBag from /workspaces/lab-2/.venv/lib/python3.12/site-packages/airflow/example_dags/plugins/event_listener.py
[2026-08-20T11:11:19.173+0000] {processor.py:927} WARNING - No viable dags retrieved from /workspaces/lab-2/.venv/lib/python3.12/site-packages/airflow/example_dags/plugins/event_listener.py
[2026-08-20T11:11:19.190+0000] {processor.py:208} INFO - Processing /workspaces/lab-2/.venv/lib/python3.12/site-packages/airflow/example_dags/plugins/event_listener.py took 0.027 seconds
[2026-08-20T11:12:01.562+0000] {processor.py:186} INFO - Started process (PID=32458) to work on /workspaces/lab-2/.venv/lib/python3.12/site-packages/airflow/example_dags/plugins/event_listener.py
[2026-08-20T11:12:01.563+0000] {processor.py:914} INFO - Processing file /workspaces/lab-2/.venv/lib/python3.12/site-packages/airflow/example_dags/plugins/event_listener.py for tasks to queue
[2026-08-20T11:12:01.565+0000] {logging_mixin.py:190} INFO - [2026-08-20T11:12:01.565+0000] {dagbag.py:588} INFO - Filling up the DagBag from /workspaces/lab-2/.venv/lib/python3.12/site-packages/airflow/example_dags/plugins/event_listener.py
[2026-08-20T11:12:01.567+0000] {processor.py:927} WARNING - No viable dags retrieved from /workspaces/lab-2/.venv/lib/python3.12/site-packages/airflow/example_dags/plugins/event_listener.py
[2026-08-20T11:12:01.578+0000] {processor.py:208} INFO - Processing /workspaces/lab-2/.venv/lib/python3.12/site-packages/airflow/example_dags/plugins/event_listener.py took 0.021 seconds
[2026-08-20T11:12:13.810+0000] {processor.py:186} INFO - Started process (PID=32722) to work on /workspaces/lab-2/.venv/lib/python3.12/site-packages/airflow/example_dags/plugins/event_listener.py
[2026-08-20T11:12:13.811+0000] {processor.py:914} INFO - Processing file /workspaces/lab-2/.venv/lib/python3.12/site-packages/airflow/example_dags/plugins/event_listener.py for tasks to queue
[2026-08-20T11:12:13.813+0000] {logging_mixin.py:190} INFO - [2026-08-20T11:12:13.812+0000] {dagbag.py:588} INFO - Filling up the DagBag from /workspaces/lab-2/.venv/lib/python3.12/site-packages/airflow/example_dags/plugins/event_listener.py
[2026-08-20T11:12:13.814+0000] {processor.py:927} WARNING - No viable dags retrieved from /workspaces/lab-2/.venv/lib/python3.12/site-packages/airflow/example_dags/plugins/event_listener.py
[2026-08-20T11:12:13.825+0000] {processor.py:208} INFO - Processing /workspaces/lab-2/.venv/lib/python3.12/site-packages/airflow/example_dags/plugins/event_listener.py took 0.020 seconds
[2026-08-20T11:12:54.993+0000] {processor.py:186} INFO - Started process (PID=33254) to work on /workspaces/lab-2/.venv/lib/python3.12/site-packages/airflow/example_dags/plugins/event_listener.py
[2026-08-20T11:12:54.994+0000] {processor.py:914} INFO - Processing file /workspaces/lab-2/.venv/lib/python3.12/site-packages/airflow/example_dags/plugins/event_listener.py for tasks to queue
[2026-08-20T11:12:54.996+0000] {logging_mixin.py:190} INFO - [2026-08-20T11:12:54.995+0000] {dagbag.py:588} INFO - Filling up the DagBag from /workspaces/lab-2/.venv/lib/python3.12/site-packages/airflow/example_dags/plugins/event_listener.py
[2026-08-20T11:12:54.998+0000] {processor.py:927} WARNING - No viable dags retrieved from /workspaces/lab-2/.venv/lib/python3.12/site-packages/airflow/example_dags/plugins/event_listener.py
[2026-08-20T11:12:55.011+0000] {processor.py:208} INFO - Processing /workspaces/lab-2/.venv/lib/python3.12/site-packages/airflow/example_dags/plugins/event_listener.py took 0.025 seconds
[2026-08-20T11:13:08.272+0000] {processor.py:186} INFO - Started process (PID=33472) to work on /workspaces/lab-2/.venv/lib/python3.12/site-packages/airflow/example_dags/plugins/event_listener.py
[2026-08-20T11:13:08.273+0000] {processor.py:914} INFO - Processing file /workspaces/lab-2/.venv/lib/python3.12/site-packages/airflow/example_dags/plugins/event_listener.py for tasks to queue
[2026-08-20T11:13:08.275+0000] {logging_mixin.py:190} INFO - [2026-08-20T11:13:08.275+0000] {dagbag.py:588} INFO - Filling up the DagBag from /workspaces/lab-2/.venv/lib/python3.12/site-packages/airflow/example_dags/plugins/event_listener.py
[2026-08-20T11:13:08.277+0000] {processor.py:927} WARNING - No viable dags retrieved from /workspaces/lab-2/.venv/lib/python3.12/site-packages/airflow/example_dags/plugins/event_listener.py
[2026-08-20T11:13:08.288+0000] {processor.py:208} INFO - Processing /workspaces/lab-2/.venv/lib/python3.12/site-packages/airflow/example_dags/plugins/event_listener.py took 0.020 seconds
[2026-08-20T11:13:59.508+0000] {processor.py:186} INFO - Started process (PID=34751) to work on /workspaces/lab-2/.venv/lib/python3.12/site-packages/airflow/example_dags/plugins/event_listener.py
[2026-08-20T11:13:59.509+0000] {processor.py:914} INFO - Processing file /workspaces/lab-2/.venv/lib/python3.12/site-packages/airflow/example_dags/plugins/event_listener.py for tasks to queue
[2026-08-20T11:13:59.511+0000] {logging_mixin.py:190} INFO - [2026-08-20T11:13:59.510+0000] {dagbag.py:588} INFO - Filling up the DagBag from /workspaces/lab-2/.venv/lib/python3.12/site-packages/airflow/example_dags/plugins/event_listener.py
[2026-08-20T11:13:59.512+0000] {processor.py:927} WARNING - No viable dags retrieved from /workspaces/lab-2/.venv/lib/python3.12/site-packages/airflow/example_dags/plugins/event_listener.py
[2026-08-20T11:13:59.522+0000] {processor.py:208} INFO - Processing /workspaces/lab-2/.venv/lib/python3.12/site-packages/airflow/example_dags/plugins/event_listener.py took 0.019 seconds
[2026-08-20T11:14:04.369+0000] {processor.py:186} INFO - Started process (PID=34826) to work on /workspaces/lab-2/.venv/lib/python3.12/site-packages/airflow/example_dags/plugins/event_listener.py
[2026-08-20T11:14:04.369+0000] {processor.py:914} INFO - Processing file /workspaces/lab-2/.venv/lib/python3.12/site-packages/airflow/example_dags/plugins/event_listener.py for tasks to queue
[2026-08-20T11:14:04.371+0000] {logging_mixin.py:190} INFO - [2026-08-20T11:14:04.371+0000] {dagbag.py:588} INFO - Filling up the DagBag from /workspaces/lab-2/.venv/lib/python3.12/site-packages/airflow/example_dags/plugins/event_listener.py
[2026-08-20T11:14:04.373+0000] {processor.py:927} WARNING - No viable dags retrieved from /workspaces/lab-2/.venv/lib/python3.12/site-packages/airflow/example_dags/plugins/event_listener.py
[2026-08-20T11:14:04.383+0000] {processor.py:208} INFO - Processing /workspaces/lab-2/.venv/lib/python3.12/site-packages/airflow/example_dags/plugins/event_listener.py took 0.019 seconds
[2026-08-20T11:16:26.804+0000] {processor.py:186} INFO - Started process (PID=39201) to work on /workspaces/lab-2/.venv/lib/python3.12/site-packages/airflow/example_dags/plugins/event_listener.py
[2026-08-20T11:16:26.808+0000] {processor.py:914} INFO - Processing file /workspaces/lab-2/.venv/lib/python3.12/site-packages/airflow/example_dags/plugins/event_listener.py for tasks to queue
[2026-08-20T11:16:26.819+0000] {logging_mixin.py:190} INFO - [2026-08-20T11:16:26.816+0000] {dagbag.py:588} INFO - Filling up the DagBag from /workspaces/lab-2/.venv/lib/python3.12/site-packages/airflow/example_dags/plugins/event_listener.py
[2026-08-20T11:16:26.826+0000] {processor.py:927} WARNING - No viable dags retrieved from /workspaces/lab-2/.venv/lib/python3.12/site-packages/airflow/example_dags/plugins/event_listener.py
[2026-08-20T11:16:26.871+0000] {processor.py:208} INFO - Processing /workspaces/lab-2/.venv/lib/python3.12/site-packages/airflow/example_dags/plugins/event_listener.py took 0.084 seconds
[2026-08-20T11:18:56.581+0000] {processor.py:186} INFO - Started process (PID=43840) to work on /workspaces/lab-2/.venv/lib/python3.12/site-packages/airflow/example_dags/plugins/event_listener.py
[2026-08-20T11:18:56.586+0000] {processor.py:914} INFO - Processing file /workspaces/lab-2/.venv/lib/python3.12/site-packages/airflow/example_dags/plugins/event_listener.py for tasks to queue
[2026-08-20T11:18:56.600+0000] {logging_mixin.py:190} INFO - [2026-08-20T11:18:56.593+0000] {dagbag.py:588} INFO - Filling up the DagBag from /workspaces/lab-2/.venv/lib/python3.12/site-packages/airflow/example_dags/plugins/event_listener.py
[2026-08-20T11:18:56.612+0000] {processor.py:927} WARNING - No viable dags retrieved from /workspaces/lab-2/.venv/lib/python3.12/site-packages/airflow/example_dags/plugins/event_listener.py
[2026-08-20T11:18:56.685+0000] {processor.py:208} INFO - Processing /workspaces/lab-2/.venv/lib/python3.12/site-packages/airflow/example_dags/plugins/event_listener.py took 0.129 seconds
