[2026-08-20T11:03:53.496+0000] {processor.py:186} INFO - Started process (PID=24076) to work on /workspaces/lab-2/.venv/lib/python3.12/site-packages/airflow/example_dags/plugins/listener_plugin.py
[2026-08-20T11:03:53.497+0000] {processor.py:914} INFO - Processing file /workspaces/lab-2/.venv/lib/python3.12/site-packages/airflow/example_dags/plugins/listener_plugin.py for tasks to queue
[2026-08-20T11:03:53.499+0000] {logging_mixin.py:190} INFO - [2026-08-20T11:03:53.499+0000] {dagbag.py:588} INFO - Filling up the DagBag from /workspaces/lab-2/.venv/lib/python3.12/site-packages/airflow/example_dags/plugins/listener_plugin.py
[2026-08-20T11:03:53.502+0000] {processor.py:927} WARNING - No viable dags retrieved from /workspaces/lab-2/.venv/lib/python3.12/site-packages/airflow/example_dags/plugins/listener_plugin.py
[2026-08-20T11:03:53.513+0000] {processor.py:208} INFO - Processing /workspaces/lab-2/.venv/lib/python3.12/site-packages/airflow/example_dags/plugins/listener_plugin.py took 0.026 seconds
[2026-08-20T11:04:58.773+0000] {processor.py:186} INFO - Started process (PID=25097) to work on /workspaces/lab-2/.venv/lib/python3.12/site-packages/airflow/example_dags/plugins/listener_plugin.py
[2026-08-20T11:04:58.774+0000] {processor.py:914} INFO - Processing file /workspaces/lab-2/.venv/lib/python3.12/site-packages/airflow/example_dags/plugins/listener_plugin.py for tasks to queue
[2026-08-20T11:04:58.776+0000] {logging_mixin.py:190} INFO - [2026-08-20T11:04:58.775+0000] {dagbag.py:588} INFO - Filling up the DagBag from /workspaces/lab-2/.venv/lib/python3.12/site-packages/airflow/example_dags/plugins/listener_plugin.py
[2026-08-20T11:04:58.778+0000] {processor.py:927} WARNING - No viable dags retrieved from /workspaces/lab-2/.venv/lib/python3.12/site-packages/airflow/example_dags/plugins/listener_plugin.py
[2026-08-20T11:04:58.787+0000] {processor.py:208} INFO - Processing /workspaces/lab-2/.venv/lib/python3.12/site-packages/airflow/example_dags/plugins/listener_plugin.py took 0.018 seconds
[2026-08-20T11:05:51.905+0000] {processor.py:186} INFO - Started process (PID=25811) to work on /workspaces/lab-2/.venv/lib/python3.12/site-packages/airflow/example_dags/plugins/listener_plugin.py
[2026-08-20T11:05:51.906+0000] {processor.py:914} INFO - Processing file /workspaces/lab-2/.venv/lib/python3.12/site-packages/airflow/example_dags/plugins/listener_plugin.py for tasks to queue
[2026-08-20T11:05:51.908+0000] {logging_mixin.py:190} INFO - [2026-08-20T11:05:51.907+0000] {dagbag.py:588} INFO - Filling up the DagBag from /workspaces/lab-2/.venv/lib/python3.12/site-packages/airflow/example_dags/plugins/listener_plugin.py
[2026-08-20T11:05:51.909+0000] {processor.py:927} WARNING - No viable dags retrieved from /workspaces/lab-2/.venv/lib/python3.12/site-packages/airflow/example_dags/plugins/listener_plugin.py
[2026-08-20T11:05:51.919+0000] {processor.py:208} INFO - Processing /workspaces/lab-2/.venv/lib/python3.12/site-packages/airflow/example_dags/plugins/listener_plugin.py took 0.019 seconds
[2026-08-20T11:06:41.522+0000] {processor.py:186} INFO - Started process (PID=26552) to work on /workspaces/lab-2/.venv/lib/python3.12/site-packages/airflow/example_dags/plugins/listener_plugin.py
[2026-08-20T11:06:41.523+0000] {processor.py:914} INFO - Processing file /workspaces/lab-2/.venv/lib/python3.12/site-packages/airflow/example_dags/plugins/listener_plugin.py for tasks to queue
[2026-08-20T11:06:41.525+0000] {logging_mixin.py:190} INFO - [2026-08-20T11:06:41.524+0000] {dagbag.py:588} INFO - Filling up the DagBag from /workspaces/lab-2/.venv/lib/python3.12/site-packages/airflow/example_dags/plugins/listener_plugin.py
[2026-08-20T11:06:41.526+0000] {processor.py:927} WARNING - No viable dags retrieved from /workspaces/lab-2/.venv/lib/python3.12/site-packages/airflow/example_dags/plugins/listener_plugin.py
[2026-08-20T11:06:41.536+0000] {processor.py:208} INFO - Processing /workspaces/lab-2/.venv/lib/python3.12/site-packages/airflow/example_dags/plugins/listener_plugin.py took 0.019 seconds
[2026-08-20T11:07:36.664+0000] {processor.py:186} INFO - Started process (PID=27273) to work on /workspaces/lab-2/.venv/lib/python3.12/site-packages/airflow/example_dags/plugins/listener_plugin.py
[2026-08-20T11:07:36.665+0000] {processor.py:914} INFO - Processing file /workspaces/lab-2/.venv/lib/python3.12/site-packages/airflow/example_dags/plugins/listener_plugin.py for tasks to queue
[2026-08-20T11:07:36.667+0000] {logging_mixin.py:190} INFO - [2026-08-20T11:07:36.667+0000] {dagbag.py:588} INFO - Filling up the DagBag from /workspaces/lab-2/.venv/lib/python3.12/site-packages/airflow/example_dags/plugins/listener_plugin.py
[2026-08-20T11:07:36.670+0000] {processor.py:927} WARNING - No viable dags retrieved from /workspaces/lab-2/.venv/lib/python3.12/site-packages/airflow/example_dags/plugins/listener_plugin.py
[2026-08-20T11:07:36.681+0000] {processor.py:208} INFO - Processing /workspaces/lab-2/.venv/lib/python3.12/site-packages/airflow/example_dags/plugins/listener_plugin.py took 0.021 seconds
[2026-08-20T11:08:31.627+0000] {processor.py:186} INFO - Started process (PID=28536) to work on /workspaces/lab-2/.venv/lib/python3.12/site-packages/airflow/example_dags/plugins/listener_plugin.py
[2026-08-20T11:08:31.629+0000] {processor.py:914} INFO - Processing file /workspaces/lab-2/.venv/lib/python3.12/site-packages/airflow/example_dags/plugins/listener_plugin.py for tasks to queue
[2026-08-20T11:08:31.632+0000] {logging_mixin.py:190} INFO - [2026-08-20T11:08:31.632+0000] {dagbag.py:588} INFO - Filling up the DagBag from /workspaces/lab-2/.venv/lib/python3.12/site-packages/airflow/example_dags/plugins/listener_plugin.py
[2026-08-20T11:08:31.635+0000] {processor.py:927} WARNING - No viable dags retrieved from /workspaces/lab-2/.venv/lib/python3.12/site-packages/airflow/example_dags/plugins/listener_plugin.py
[2026-08-20T11:08:31.647+0000] {processor.py:208} INFO - Processing /workspaces/lab-2/.venv/lib/python3.12/site-packages/airflow/example_dags/plugins/listener_plugin.py took 0.027 seconds
[2026-08-20T11:09:24.767+0000] {processor.py:186} INFO - Started process (PID=29343) to work on /workspaces/lab-2/.venv/lib/python3.12/site-packages/airflow/example_dags/plugins/listener_plugin.py
[2026-08-20T11:09:24.768+0000] {processor.py:914} INFO - Processing file /workspaces/lab-2/.venv/lib/python3.12/site-packages/airflow/example_dags/plugins/listener_plugin.py for tasks to queue
[2026-08-20T11:09:24.769+0000] {logging_mixin.py:190} INFO - [2026-08-20T11:09:24.769+0000] {dagbag.py:588} INFO - Filling up the DagBag from /workspaces/lab-2/.venv/lib/python3.12/site-packages/airflow/example_dags/plugins/listener_plugin.py
[2026-08-20T11:09:24.771+0000] {processor.py:927} WARNING - No viable dags retrieved from /workspaces/lab-2/.venv/lib/python3.12/site-packages/airflow/example_dags/plugins/listener_plugin.py
[2026-08-20T11:09:24.781+0000] {processor.py:208} INFO - Processing /workspaces/lab-2/.venv/lib/python3.12/site-packages/airflow/example_dags/plugins/listener_plugin.py took 0.019 seconds
[2026-08-20T11:10:18.199+0000] {processor.py:186} INFO - Started process (PID=30314) to work on /workspaces/lab-2/.venv/lib/python3.12/site-packages/airflow/example_dags/plugins/listener_plugin.py
[2026-08-20T11:10:18.200+0000] {processor.py:914} INFO - Processing file /workspaces/lab-2/.venv/lib/python3.12/site-packages/airflow/example_dags/plugins/listener_plugin.py for tasks to queue
[2026-08-20T11:10:18.201+0000] {logging_mixin.py:190} INFO - [2026-08-20T11:10:18.201+0000] {dagbag.py:588} INFO - Filling up the DagBag from /workspaces/lab-2/.venv/lib/python3.12/site-packages/airflow/example_dags/plugins/listener_plugin.py
[2026-08-20T11:10:18.203+0000] {processor.py:927} WARNING - No viable dags retrieved from /workspaces/lab-2/.venv/lib/python3.12/site-packages/airflow/example_dags/plugins/listener_plugin.py
[2026-08-20T11:10:18.212+0000] {processor.py:208} INFO - Processing /workspaces/lab-2/.venv/lib/python3.12/site-packages/airflow/example_dags/plugins/listener_plugin.py took 0.018 seconds
[2026-08-20T11:11:06.234+0000] {processor.py:186} INFO - Started process (PID=31036) to work on /workspaces/lab-2/.venv/lib/python3.12/site-packages/airflow/example_dags/plugins/listener_plugin.py
[2026-08-20T11:11:06.237+0000] {processor.py:914} INFO - Processing file /workspaces/lab-2/.venv/lib/python3.12/site-packages/airflow/example_dags/plugins/listener_plugin.py for tasks to queue
[2026-08-20T11:11:06.241+0000] {logging_mixin.py:190} INFO - [2026-08-20T11:11:06.241+0000] {dagbag.py:588} INFO - Filling up the DagBag from /workspaces/lab-2/.venv/lib/python3.12/site-packages/airflow/example_dags/plugins/listener_plugin.py
[2026-08-20T11:11:06.249+0000] {processor.py:927} WARNING - No viable dags retrieved from /workspaces/lab-2/.venv/lib/python3.12/site-packages/airflow/example_dags/plugins/listener_plugin.py
[2026-08-20T11:11:06.278+0000] {processor.py:208} INFO - Processing /workspaces/lab-2/.venv/lib/python3.12/site-packages/airflow/example_dags/plugins/listener_plugin.py took 0.052 seconds
[2026-08-20T11:11:16.880+0000] {processor.py:186} INFO - Started process (PID=31258) to work on /workspaces/lab-2/.venv/lib/python3.12/site-packages/airflow/example_dags/plugins/listener_plugin.py
[2026-08-20T11:11:16.881+0000] {processor.py:914} INFO - Processing file /workspaces/lab-2/.venv/lib/python3.12/site-packages/airflow/example_dags/plugins/listener_plugin.py for tasks to queue
[2026-08-20T11:11:16.883+0000] {logging_mixin.py:190} INFO - [2026-08-20T11:11:16.882+0000] {dagbag.py:588} INFO - Filling up the DagBag from /workspaces/lab-2/.venv/lib/python3.12/site-packages/airflow/example_dags/plugins/listener_plugin.py
[2026-08-20T11:11:16.884+0000] {processor.py:927} WARNING - No viable dags retrieved from /workspaces/lab-2/.venv/lib/python3.12/site-packages/airflow/example_dags/plugins/listener_plugin.py
[2026-08-20T11:11:16.894+0000] {processor.py:208} INFO - Processing /workspaces/lab-2/.venv/lib/python3.12/site-packages/airflow/example_dags/plugins/listener_plugin.py took 0.018 seconds
[2026-08-20T11:11:59.261+0000] {processor.py:186} INFO - Started process (PID=32404) to work on /workspaces/lab-2/.venv/lib/python3.12/site-packages/airflow/example_dags/plugins/listener_plugin.py
[2026-08-20T11:11:59.262+0000] {processor.py:914} INFO - Processing file /workspaces/lab-2/.venv/lib/python3.12/site-packages/airflow/example_dags/plugins/listener_plugin.py for tasks to queue
[2026-08-20T11:11:59.267+0000] {logging_mixin.py:190} INFO - [2026-08-20T11:11:59.267+0000] {dagbag.py:588} INFO - Filling up the DagBag from /workspaces/lab-2/.venv/lib/python3.12/site-packages/airflow/example_dags/plugins/listener_plugin.py
[2026-08-20T11:11:59.269+0000] {processor.py:927} WARNING - No viable dags retrieved from /workspaces/lab-2/.venv/lib/python3.12/site-packages/airflow/example_dags/plugins/listener_plugin.py
[2026-08-20T11:11:59.282+0000] {processor.py:208} INFO - Processing /workspaces/lab-2/.venv/lib/python3.12/site-packages/airflow/example_dags/plugins/listener_plugin.py took 0.026 seconds
[2026-08-20T11:12:13.069+0000] {processor.py:186} INFO - Started process (PID=32667) to work on /workspaces/lab-2/.venv/lib/python3.12/site-packages/airflow/example_dags/plugins/listener_plugin.py
[2026-08-20T11:12:13.070+0000] {processor.py:914} INFO - Processing file /workspaces/lab-2/.venv/lib/python3.12/site-packages/airflow/example_dags/plugins/listener_plugin.py for tasks to queue
[2026-08-20T11:12:13.072+0000] {logging_mixin.py:190} INFO - [2026-08-20T11:12:13.071+0000] {dagbag.py:588} INFO - Filling up the DagBag from /workspaces/lab-2/.venv/lib/python3.12/site-packages/airflow/example_dags/plugins/listener_plugin.py
[2026-08-20T11:12:13.073+0000] {processor.py:927} WARNING - No viable dags retrieved from /workspaces/lab-2/.venv/lib/python3.12/site-packages/airflow/example_dags/plugins/listener_plugin.py
[2026-08-20T11:12:13.082+0000] {processor.py:208} INFO - Processing /workspaces/lab-2/.venv/lib/python3.12/site-packages/airflow/example_dags/plugins/listener_plugin.py took 0.018 seconds
[2026-08-20T11:12:53.244+0000] {processor.py:186} INFO - Started process (PID=33241) to work on /workspaces/lab-2/.venv/lib/python3.12/site-packages/airflow/example_dags/plugins/listener_plugin.py
[2026-08-20T11:12:53.245+0000] {processor.py:914} INFO - Processing file /workspaces/lab-2/.venv/lib/python3.12/site-packages/airflow/example_dags/plugins/listener_plugin.py for tasks to queue
[2026-08-20T11:12:53.247+0000] {logging_mixin.py:190} INFO - [2026-08-20T11:12:53.247+0000] {dagbag.py:588} INFO - Filling up the DagBag from /workspaces/lab-2/.venv/lib/python3.12/site-packages/airflow/example_dags/plugins/listener_plugin.py
[2026-08-20T11:12:53.249+0000] {processor.py:927} WARNING - No viable dags retrieved from /workspaces/lab-2/.venv/lib/python3.12/site-packages/airflow/example_dags/plugins/listener_plugin.py
[2026-08-20T11:12:53.261+0000] {processor.py:208} INFO - Processing /workspaces/lab-2/.venv/lib/python3.12/site-packages/airflow/example_dags/plugins/listener_plugin.py took 0.021 seconds
[2026-08-20T11:13:05.979+0000] {processor.py:186} INFO - Started process (PID=33434) to work on /workspaces/lab-2/.venv/lib/python3.12/site-packages/airflow/example_dags/plugins/listener_plugin.py
[2026-08-20T11:13:05.980+0000] {processor.py:914} INFO - Processing file /workspaces/lab-2/.venv/lib/python3.12/site-packages/airflow/example_dags/plugins/listener_plugin.py for tasks to queue
[2026-08-20T11:13:05.983+0000] {logging_mixin.py:190} INFO - [2026-08-20T11:13:05.983+0000] {dagbag.py:588} INFO - Filling up the DagBag from /workspaces/lab-2/.venv/lib/python3.12/site-packages/airflow/example_dags/plugins/listener_plugin.py
[2026-08-20T11:13:05.986+0000] {processor.py:927} WARNING - No viable dags retrieved from /workspaces/lab-2/.venv/lib/python3.12/site-packages/airflow/example_dags/plugins/listener_plugin.py
[2026-08-20T11:13:06.002+0000] {processor.py:208} INFO - Processing /workspaces/lab-2/.venv/lib/python3.12/site-packages/airflow/example_dags/plugins/listener_plugin.py took 0.029 seconds
[2026-08-20T11:13:57.867+0000] {processor.py:186} INFO - Started process (PID=34739) to work on /workspaces/lab-2/.venv/lib/python3.12/site-packages/airflow/example_dags/plugins/listener_plugin.py
[2026-08-20T11:13:57.870+0000] {processor.py:914} INFO - Processing file /workspaces/lab-2/.venv/lib/python3.12/site-packages/airflow/example_dags/plugins/listener_plugin.py for tasks to queue
[2026-08-20T11:13:57.873+0000] {logging_mixin.py:190} INFO - [2026-08-20T11:13:57.872+0000] {dagbag.py:588} INFO - Filling up the DagBag from /workspaces/lab-2/.venv/lib/python3.12/site-packages/airflow/example_dags/plugins/listener_plugin.py
[2026-08-20T11:13:57.875+0000] {processor.py:927} WARNING - No viable dags retrieved from /workspaces/lab-2/.venv/lib/python3.12/site-packages/airflow/example_dags/plugins/listener_plugin.py
[2026-08-20T11:13:57.889+0000] {processor.py:208} INFO - Processing /workspaces/lab-2/.venv/lib/python3.12/site-packages/airflow/example_dags/plugins/listener_plugin.py took 0.029 seconds
[2026-08-20T11:14:02.165+0000] {processor.py:186} INFO - Started process (PID=34771) to work on /workspaces/lab-2/.venv/lib/python3.12/site-packages/airflow/example_dags/plugins/listener_plugin.py
[2026-08-20T11:14:02.166+0000] {processor.py:914} INFO - Processing file /workspaces/lab-2/.venv/lib/python3.12/site-packages/airflow/example_dags/plugins/listener_plugin.py for tasks to queue
[2026-08-20T11:14:02.168+0000] {logging_mixin.py:190} INFO - [2026-08-20T11:14:02.167+0000] {dagbag.py:588} INFO - Filling up the DagBag from /workspaces/lab-2/.venv/lib/python3.12/site-packages/airflow/example_dags/plugins/listener_plugin.py
[2026-08-20T11:14:02.170+0000] {processor.py:927} WARNING - No viable dags retrieved from /workspaces/lab-2/.venv/lib/python3.12/site-packages/airflow/example_dags/plugins/listener_plugin.py
[2026-08-20T11:14:02.182+0000] {processor.py:208} INFO - Processing /workspaces/lab-2/.venv/lib/python3.12/site-packages/airflow/example_dags/plugins/listener_plugin.py took 0.022 seconds
[2026-08-20T11:16:25.076+0000] {processor.py:186} INFO - Started process (PID=39105) to work on /workspaces/lab-2/.venv/lib/python3.12/site-packages/airflow/example_dags/plugins/listener_plugin.py
[2026-08-20T11:16:25.079+0000] {processor.py:914} INFO - Processing file /workspaces/lab-2/.venv/lib/python3.12/site-packages/airflow/example_dags/plugins/listener_plugin.py for tasks to queue
[2026-08-20T11:16:25.083+0000] {logging_mixin.py:190} INFO - [2026-08-20T11:16:25.082+0000] {dagbag.py:588} INFO - Filling up the DagBag from /workspaces/lab-2/.venv/lib/python3.12/site-packages/airflow/example_dags/plugins/listener_plugin.py
[2026-08-20T11:16:25.089+0000] {processor.py:927} WARNING - No viable dags retrieved from /workspaces/lab-2/.venv/lib/python3.12/site-packages/airflow/example_dags/plugins/listener_plugin.py
[2026-08-20T11:16:25.130+0000] {processor.py:208} INFO - Processing /workspaces/lab-2/.venv/lib/python3.12/site-packages/airflow/example_dags/plugins/listener_plugin.py took 0.066 seconds
