[2026-08-20T11:03:54.633+0000] {processor.py:186} INFO - Started process (PID=24111) to work on /workspaces/lab-2/.venv/lib/python3.12/site-packages/airflow/example_dags/plugins/workday.py
[2026-08-20T11:03:54.634+0000] {processor.py:914} INFO - Processing file /workspaces/lab-2/.venv/lib/python3.12/site-packages/airflow/example_dags/plugins/workday.py for tasks to queue
[2026-08-20T11:03:54.637+0000] {logging_mixin.py:190} INFO - [2026-08-20T11:03:54.636+0000] {dagbag.py:588} INFO - Filling up the DagBag from /workspaces/lab-2/.venv/lib/python3.12/site-packages/airflow/example_dags/plugins/workday.py
[2026-08-20T11:03:54.646+0000] {processor.py:927} WARNING - No viable dags retrieved from /workspaces/lab-2/.venv/lib/python3.12/site-packages/airflow/example_dags/plugins/workday.py
[2026-08-20T11:03:54.663+0000] {processor.py:208} INFO - Processing /workspaces/lab-2/.venv/lib/python3.12/site-packages/airflow/example_dags/plugins/workday.py took 0.037 seconds
[2026-08-20T11:04:59.934+0000] {processor.py:186} INFO - Started process (PID=25132) to work on /workspaces/lab-2/.venv/lib/python3.12/site-packages/airflow/example_dags/plugins/workday.py
[2026-08-20T11:04:59.935+0000] {processor.py:914} INFO - Processing file /workspaces/lab-2/.venv/lib/python3.12/site-packages/airflow/example_dags/plugins/workday.py for tasks to queue
[2026-08-20T11:04:59.937+0000] {logging_mixin.py:190} INFO - [2026-08-20T11:04:59.936+0000] {dagbag.py:588} INFO - Filling up the DagBag from /workspaces/lab-2/.venv/lib/python3.12/site-packages/airflow/example_dags/plugins/workday.py
[2026-08-20T11:04:59.939+0000] {processor.py:927} WARNING - No viable dags retrieved from /workspaces/lab-2/.venv/lib/python3.12/site-packages/airflow/example_dags/plugins/workday.py
[2026-08-20T11:04:59.948+0000] {processor.py:208} INFO - Processing /workspaces/lab-2/.venv/lib/python3.12/site-packages/airflow/example_dags/plugins/workday.py took 0.018 seconds
[2026-08-20T11:05:53.044+0000] {processor.py:186} INFO - Started process (PID=25825) to work on /workspaces/lab-2/.venv/lib/python3.12/site-packages/airflow/example_dags/plugins/workday.py
[2026-08-20T11:05:53.044+0000] {processor.py:914} INFO - Processing file /workspaces/lab-2/.venv/lib/python3.12/site-packages/airflow/example_dags/plugins/workday.py for tasks to queue
[2026-08-20T11:05:53.046+0000] {logging_mixin.py:190} INFO - [2026-08-20T11:05:53.046+0000] {dagbag.py:588} INFO - Filling up the DagBag from /workspaces/lab-2/.venv/lib/python3.12/site-packages/airflow/example_dags/plugins/workday.py
[2026-08-20T11:05:53.048+0000] {processor.py:927} WARNING - No viable dags retrieved from /workspaces/lab-2/.venv/lib/python3.12/site-packages/airflow/example_dags/plugins/workday.py
[2026-08-20T11:05:53.058+0000] {processor.py:208} INFO - Processing /workspaces/lab-2/.venv/lib/python3.12/site-packages/airflow/example_dags/plugins/workday.py took 0.019 seconds
[2026-08-20T11:06:42.661+0000] {processor.py:186} INFO - Started process (PID=26560) to work on /workspaces/lab-2/.venv/lib/python3.12/site-packages/airflow/example_dags/plugins/workday.py
[2026-08-20T11:06:42.662+0000] {processor.py:914} INFO - Processing file /workspaces/lab-2/.venv/lib/python3.12/site-packages/airflow/example_dags/plugins/workday.py for tasks to queue
[2026-08-20T11:06:42.664+0000] {logging_mixin.py:190} INFO - [2026-08-20T11:06:42.664+0000] {dagbag.py:588} INFO - Filling up the DagBag from /workspaces/lab-2/.venv/lib/python3.12/site-packages/airflow/example_dags/plugins/workday.py
[2026-08-20T11:06:42.667+0000] {processor.py:927} WARNING - No viable dags retrieved from /workspaces/lab-2/.venv/lib/python3.12/site-packages/airflow/example_dags/plugins/workday.py
[2026-08-20T11:06:42.682+0000] {processor.py:208} INFO - Processing /workspaces/lab-2/.venv/lib/python3.12/site-packages/airflow/example_dags/plugins/workday.py took 0.026 seconds
[2026-08-20T11:07:37.801+0000] {processor.py:186} INFO - Started process (PID=27287) to work on /workspaces/lab-2/.venv/lib/python3.12/site-packages/airflow/example_dags/plugins/workday.py
[2026-08-20T11:07:37.801+0000] {processor.py:914} INFO - Processing file /workspaces/lab-2/.venv/lib/python3.12/site-packages/airflow/example_dags/plugins/workday.py for tasks to queue
[2026-08-20T11:07:37.803+0000] {logging_mixin.py:190} INFO - [2026-08-20T11:07:37.803+0000] {dagbag.py:588} INFO - Filling up the DagBag from /workspaces/lab-2/.venv/lib/python3.12/site-packages/airflow/example_dags/plugins/workday.py
[2026-08-20T11:07:37.805+0000] {processor.py:927} WARNING - No viable dags retrieved from /workspaces/lab-2/.venv/lib/python3.12/site-packages/airflow/example_dags/plugins/workday.py
[2026-08-20T11:07:37.817+0000] {processor.py:208} INFO - Processing /workspaces/lab-2/.venv/lib/python3.12/site-packages/airflow/example_dags/plugins/workday.py took 0.021 seconds
[2026-08-20T11:08:32.777+0000] {processor.py:186} INFO - Started process (PID=28552) to work on /workspaces/lab-2/.venv/lib/python3.12/site-packages/airflow/example_dags/plugins/workday.py
[2026-08-20T11:08:32.778+0000] {processor.py:914} INFO - Processing file /workspaces/lab-2/.venv/lib/python3.12/site-packages/airflow/example_dags/plugins/workday.py for tasks to queue
[2026-08-20T11:08:32.780+0000] {logging_mixin.py:190} INFO - [2026-08-20T11:08:32.780+0000] {dagbag.py:588} INFO - Filling up the DagBag from /workspaces/lab-2/.venv/lib/python3.12/site-packages/airflow/example_dags/plugins/workday.py
[2026-08-20T11:08:32.782+0000] {processor.py:927} WARNING - No viable dags retrieved from /workspaces/lab-2/.venv/lib/python3.12/site-packages/airflow/example_dags/plugins/workday.py
[2026-08-20T11:08:32.791+0000] {processor.py:208} INFO - Processing /workspaces/lab-2/.venv/lib/python3.12/site-packages/airflow/example_dags/plugins/workday.py took 0.019 seconds
[2026-08-20T11:09:25.906+0000] {processor.py:186} INFO - Started process (PID=29346) to work on /workspaces/lab-2/.venv/lib/python3.12/site-packages/airflow/example_dags/plugins/workday.py
[2026-08-20T11:09:25.907+0000] {processor.py:914} INFO - Processing file /workspaces/lab-2/.venv/lib/python3.12/site-packages/airflow/example_dags/plugins/workday.py for tasks to queue
[2026-08-20T11:09:25.909+0000] {logging_mixin.py:190} INFO - [2026-08-20T11:09:25.908+0000] {dagbag.py:588} INFO - Filling up the DagBag from /workspaces/lab-2/.venv/lib/python3.12/site-packages/airflow/example_dags/plugins/workday.py
[2026-08-20T11:09:25.911+0000] {processor.py:927} WARNING - No viable dags retrieved from /workspaces/lab-2/.venv/lib/python3.12/site-packages/airflow/example_dags/plugins/workday.py
[2026-08-20T11:09:25.920+0000] {processor.py:208} INFO - Processing /workspaces/lab-2/.venv/lib/python3.12/site-packages/airflow/example_dags/plugins/workday.py took 0.019 seconds
[2026-08-20T11:10:19.336+0000] {processor.py:186} INFO - Started process (PID=30316) to work on /workspaces/lab-2/.venv/lib/python3.12/site-packages/airflow/example_dags/plugins/workday.py
[2026-08-20T11:10:19.336+0000] {processor.py:914} INFO - Processing file /workspaces/lab-2/.venv/lib/python3.12/site-packages/airflow/example_dags/plugins/workday.py for tasks to queue
[2026-08-20T11:10:19.338+0000] {logging_mixin.py:190} INFO - [2026-08-20T11:10:19.338+0000] {dagbag.py:588} INFO - Filling up the DagBag from /workspaces/lab-2/.venv/lib/python3.12/site-packages/airflow/example_dags/plugins/workday.py
[2026-08-20T11:10:19.340+0000] {processor.py:927} WARNING - No viable dags retrieved from /workspaces/lab-2/.venv/lib/python3.12/site-packages/airflow/example_dags/plugins/workday.py
[2026-08-20T11:10:19.350+0000] {processor.py:208} INFO - Processing /workspaces/lab-2/.venv/lib/python3.12/site-packages/airflow/example_dags/plugins/workday.py took 0.019 seconds
[2026-08-20T11:11:06.475+0000] {processor.py:186} INFO - Started process (PID=31037) to work on /workspaces/lab-2/.venv/lib/python3.12/site-packages/airflow/example_dags/plugins/workday.py
[2026-08-20T11:11:06.476+0000] {processor.py:914} INFO - Processing file /workspaces/lab-2/.venv/lib/python3.12/site-packages/airflow/example_dags/plugins/workday.py for tasks to queue
[2026-08-20T11:11:06.479+0000] {logging_mixin.py:190} INFO - [2026-08-20T11:11:06.478+0000] {dagbag.py:588} INFO - Filling up the DagBag from /workspaces/lab-2/.venv/lib/python3.12/site-packages/airflow/example_dags/plugins/workday.py
[2026-08-20T11:11:06.482+0000] {processor.py:927} WARNING - No viable dags retrieved from /workspaces/lab-2/.venv/lib/python3.12/site-packages/airflow/example_dags/plugins/workday.py
[2026-08-20T11:11:06.496+0000] {processor.py:208} INFO - Processing /workspaces/lab-2/.venv/lib/python3.12/site-packages/airflow/example_dags/plugins/workday.py took 0.031 seconds
[2026-08-20T11:11:18.019+0000] {processor.py:186} INFO - Started process (PID=31266) to work on /workspaces/lab-2/.venv/lib/python3.12/site-packages/airflow/example_dags/plugins/workday.py
[2026-08-20T11:11:18.020+0000] {processor.py:914} INFO - Processing file /workspaces/lab-2/.venv/lib/python3.12/site-packages/airflow/example_dags/plugins/workday.py for tasks to queue
[2026-08-20T11:11:18.021+0000] {logging_mixin.py:190} INFO - [2026-08-20T11:11:18.021+0000] {dagbag.py:588} INFO - Filling up the DagBag from /workspaces/lab-2/.venv/lib/python3.12/site-packages/airflow/example_dags/plugins/workday.py
[2026-08-20T11:11:18.023+0000] {processor.py:927} WARNING - No viable dags retrieved from /workspaces/lab-2/.venv/lib/python3.12/site-packages/airflow/example_dags/plugins/workday.py
[2026-08-20T11:11:18.034+0000] {processor.py:208} INFO - Processing /workspaces/lab-2/.venv/lib/python3.12/site-packages/airflow/example_dags/plugins/workday.py took 0.019 seconds
[2026-08-20T11:12:00.423+0000] {processor.py:186} INFO - Started process (PID=32434) to work on /workspaces/lab-2/.venv/lib/python3.12/site-packages/airflow/example_dags/plugins/workday.py
[2026-08-20T11:12:00.424+0000] {processor.py:914} INFO - Processing file /workspaces/lab-2/.venv/lib/python3.12/site-packages/airflow/example_dags/plugins/workday.py for tasks to queue
[2026-08-20T11:12:00.426+0000] {logging_mixin.py:190} INFO - [2026-08-20T11:12:00.426+0000] {dagbag.py:588} INFO - Filling up the DagBag from /workspaces/lab-2/.venv/lib/python3.12/site-packages/airflow/example_dags/plugins/workday.py
[2026-08-20T11:12:00.428+0000] {processor.py:927} WARNING - No viable dags retrieved from /workspaces/lab-2/.venv/lib/python3.12/site-packages/airflow/example_dags/plugins/workday.py
[2026-08-20T11:12:00.438+0000] {processor.py:208} INFO - Processing /workspaces/lab-2/.venv/lib/python3.12/site-packages/airflow/example_dags/plugins/workday.py took 0.019 seconds
[2026-08-20T11:12:13.620+0000] {processor.py:186} INFO - Started process (PID=32720) to work on /workspaces/lab-2/.venv/lib/python3.12/site-packages/airflow/example_dags/plugins/workday.py
[2026-08-20T11:12:13.621+0000] {processor.py:914} INFO - Processing file /workspaces/lab-2/.venv/lib/python3.12/site-packages/airflow/example_dags/plugins/workday.py for tasks to queue
[2026-08-20T11:12:13.623+0000] {logging_mixin.py:190} INFO - [2026-08-20T11:12:13.623+0000] {dagbag.py:588} INFO - Filling up the DagBag from /workspaces/lab-2/.venv/lib/python3.12/site-packages/airflow/example_dags/plugins/workday.py
[2026-08-20T11:12:13.625+0000] {processor.py:927} WARNING - No viable dags retrieved from /workspaces/lab-2/.venv/lib/python3.12/site-packages/airflow/example_dags/plugins/workday.py
[2026-08-20T11:12:13.635+0000] {processor.py:208} INFO - Processing /workspaces/lab-2/.venv/lib/python3.12/site-packages/airflow/example_dags/plugins/workday.py took 0.019 seconds
[2026-08-20T11:12:54.396+0000] {processor.py:186} INFO - Started process (PID=33252) to work on /workspaces/lab-2/.venv/lib/python3.12/site-packages/airflow/example_dags/plugins/workday.py
[2026-08-20T11:12:54.397+0000] {processor.py:914} INFO - Processing file /workspaces/lab-2/.venv/lib/python3.12/site-packages/airflow/example_dags/plugins/workday.py for tasks to queue
[2026-08-20T11:12:54.400+0000] {logging_mixin.py:190} INFO - [2026-08-20T11:12:54.399+0000] {dagbag.py:588} INFO - Filling up the DagBag from /workspaces/lab-2/.venv/lib/python3.12/site-packages/airflow/example_dags/plugins/workday.py
[2026-08-20T11:12:54.402+0000] {processor.py:927} WARNING - No viable dags retrieved from /workspaces/lab-2/.venv/lib/python3.12/site-packages/airflow/example_dags/plugins/workday.py
[2026-08-20T11:12:54.417+0000] {processor.py:208} INFO - Processing /workspaces/lab-2/.venv/lib/python3.12/site-packages/airflow/example_dags/plugins/workday.py took 0.028 seconds
[2026-08-20T11:13:07.131+0000] {processor.py:186} INFO - Started process (PID=33463) to work on /workspaces/lab-2/.venv/lib/python3.12/site-packages/airflow/example_dags/plugins/workday.py
[2026-08-20T11:13:07.132+0000] {processor.py:914} INFO - Processing file /workspaces/lab-2/.venv/lib/python3.12/site-packages/airflow/example_dags/plugins/workday.py for tasks to queue
[2026-08-20T11:13:07.138+0000] {logging_mixin.py:190} INFO - [2026-08-20T11:13:07.135+0000] {dagbag.py:588} INFO - Filling up the DagBag from /workspaces/lab-2/.venv/lib/python3.12/site-packages/airflow/example_dags/plugins/workday.py
[2026-08-20T11:13:07.140+0000] {processor.py:927} WARNING - No viable dags retrieved from /workspaces/lab-2/.venv/lib/python3.12/site-packages/airflow/example_dags/plugins/workday.py
[2026-08-20T11:13:07.151+0000] {processor.py:208} INFO - Processing /workspaces/lab-2/.venv/lib/python3.12/site-packages/airflow/example_dags/plugins/workday.py took 0.038 seconds
[2026-08-20T11:13:58.367+0000] {processor.py:186} INFO - Started process (PID=34748) to work on /workspaces/lab-2/.venv/lib/python3.12/site-packages/airflow/example_dags/plugins/workday.py
[2026-08-20T11:13:58.368+0000] {processor.py:914} INFO - Processing file /workspaces/lab-2/.venv/lib/python3.12/site-packages/airflow/example_dags/plugins/workday.py for tasks to queue
[2026-08-20T11:13:58.370+0000] {logging_mixin.py:190} INFO - [2026-08-20T11:13:58.370+0000] {dagbag.py:588} INFO - Filling up the DagBag from /workspaces/lab-2/.venv/lib/python3.12/site-packages/airflow/example_dags/plugins/workday.py
[2026-08-20T11:13:58.372+0000] {processor.py:927} WARNING - No viable dags retrieved from /workspaces/lab-2/.venv/lib/python3.12/site-packages/airflow/example_dags/plugins/workday.py
[2026-08-20T11:13:58.382+0000] {processor.py:208} INFO - Processing /workspaces/lab-2/.venv/lib/python3.12/site-packages/airflow/example_dags/plugins/workday.py took 0.019 seconds
[2026-08-20T11:14:03.302+0000] {processor.py:186} INFO - Started process (PID=34798) to work on /workspaces/lab-2/.venv/lib/python3.12/site-packages/airflow/example_dags/plugins/workday.py
[2026-08-20T11:14:03.302+0000] {processor.py:914} INFO - Processing file /workspaces/lab-2/.venv/lib/python3.12/site-packages/airflow/example_dags/plugins/workday.py for tasks to queue
[2026-08-20T11:14:03.304+0000] {logging_mixin.py:190} INFO - [2026-08-20T11:14:03.304+0000] {dagbag.py:588} INFO - Filling up the DagBag from /workspaces/lab-2/.venv/lib/python3.12/site-packages/airflow/example_dags/plugins/workday.py
[2026-08-20T11:14:03.306+0000] {processor.py:927} WARNING - No viable dags retrieved from /workspaces/lab-2/.venv/lib/python3.12/site-packages/airflow/example_dags/plugins/workday.py
[2026-08-20T11:14:03.316+0000] {processor.py:208} INFO - Processing /workspaces/lab-2/.venv/lib/python3.12/site-packages/airflow/example_dags/plugins/workday.py took 0.019 seconds
[2026-08-20T11:16:25.435+0000] {processor.py:186} INFO - Started process (PID=39107) to work on /workspaces/lab-2/.venv/lib/python3.12/site-packages/airflow/example_dags/plugins/workday.py
[2026-08-20T11:16:25.439+0000] {processor.py:914} INFO - Processing file /workspaces/lab-2/.venv/lib/python3.12/site-packages/airflow/example_dags/plugins/workday.py for tasks to queue
[2026-08-20T11:16:25.443+0000] {logging_mixin.py:190} INFO - [2026-08-20T11:16:25.443+0000] {dagbag.py:588} INFO - Filling up the DagBag from /workspaces/lab-2/.venv/lib/python3.12/site-packages/airflow/example_dags/plugins/workday.py
[2026-08-20T11:16:25.450+0000] {processor.py:927} WARNING - No viable dags retrieved from /workspaces/lab-2/.venv/lib/python3.12/site-packages/airflow/example_dags/plugins/workday.py
[2026-08-20T11:16:25.471+0000] {processor.py:208} INFO - Processing /workspaces/lab-2/.venv/lib/python3.12/site-packages/airflow/example_dags/plugins/workday.py took 0.042 seconds
[2026-08-20T11:18:56.206+0000] {processor.py:186} INFO - Started process (PID=43830) to work on /workspaces/lab-2/.venv/lib/python3.12/site-packages/airflow/example_dags/plugins/workday.py
[2026-08-20T11:18:56.290+0000] {processor.py:914} INFO - Processing file /workspaces/lab-2/.venv/lib/python3.12/site-packages/airflow/example_dags/plugins/workday.py for tasks to queue
[2026-08-20T11:18:56.318+0000] {logging_mixin.py:190} INFO - [2026-08-20T11:18:56.306+0000] {dagbag.py:588} INFO - Filling up the DagBag from /workspaces/lab-2/.venv/lib/python3.12/site-packages/airflow/example_dags/plugins/workday.py
[2026-08-20T11:18:56.328+0000] {processor.py:927} WARNING - No viable dags retrieved from /workspaces/lab-2/.venv/lib/python3.12/site-packages/airflow/example_dags/plugins/workday.py
[2026-08-20T11:18:56.403+0000] {processor.py:208} INFO - Processing /workspaces/lab-2/.venv/lib/python3.12/site-packages/airflow/example_dags/plugins/workday.py took 0.249 seconds
