[2026-08-20T11:04:50.389+0000] {processor.py:186} INFO - Started process (PID=24930) to work on /workspaces/lab-2/.venv/lib/python3.12/site-packages/airflow/example_dags/example_branch_datetime_operator.py
[2026-08-20T11:04:50.390+0000] {processor.py:914} INFO - Processing file /workspaces/lab-2/.venv/lib/python3.12/site-packages/airflow/example_dags/example_branch_datetime_operator.py for tasks to queue
[2026-08-20T11:04:50.392+0000] {logging_mixin.py:190} INFO - [2026-08-20T11:04:50.391+0000] {dagbag.py:588} INFO - Filling up the DagBag from /workspaces/lab-2/.venv/lib/python3.12/site-packages/airflow/example_dags/example_branch_datetime_operator.py
[2026-08-20T11:04:50.401+0000] {processor.py:925} INFO - DAG(s) 'example_branch_datetime_operator_2', 'example_branch_datetime_operator', 'example_branch_datetime_operator_3' retrieved from /workspaces/lab-2/.venv/lib/python3.12/site-packages/airflow/example_dags/example_branch_datetime_operator.py
[2026-08-20T11:04:50.497+0000] {logging_mixin.py:190} INFO - [2026-08-20T11:04:50.496+0000] {override.py:1900} INFO - Created Permission View: can edit on DAG:example_branch_datetime_operator_2
[2026-08-20T11:04:50.513+0000] {logging_mixin.py:190} INFO - [2026-08-20T11:04:50.513+0000] {override.py:1900} INFO - Created Permission View: can read on DAG:example_branch_datetime_operator_2
[2026-08-20T11:04:50.520+0000] {logging_mixin.py:190} INFO - [2026-08-20T11:04:50.520+0000] {override.py:1900} INFO - Created Permission View: can delete on DAG:example_branch_datetime_operator_2
[2026-08-20T11:04:50.532+0000] {logging_mixin.py:190} INFO - [2026-08-20T11:04:50.532+0000] {override.py:1900} INFO - Created Permission View: can create on DAG Run:example_branch_datetime_operator_2
[2026-08-20T11:04:50.539+0000] {logging_mixin.py:190} INFO - [2026-08-20T11:04:50.539+0000] {override.py:1900} INFO - Created Permission View: can read on DAG Run:example_branch_datetime_operator_2
[2026-08-20T11:04:50.546+0000] {logging_mixin.py:190} INFO - [2026-08-20T11:04:50.546+0000] {override.py:1900} INFO - Created Permission View: menu access on DAG Run:example_branch_datetime_operator_2
[2026-08-20T11:04:50.554+0000] {logging_mixin.py:190} INFO - [2026-08-20T11:04:50.554+0000] {override.py:1900} INFO - Created Permission View: can delete on DAG Run:example_branch_datetime_operator_2
[2026-08-20T11:04:50.585+0000] {logging_mixin.py:190} INFO - [2026-08-20T11:04:50.584+0000] {override.py:1900} INFO - Created Permission View: can edit on DAG:example_branch_datetime_operator
[2026-08-20T11:04:50.600+0000] {logging_mixin.py:190} INFO - [2026-08-20T11:04:50.600+0000] {override.py:1900} INFO - Created Permission View: can read on DAG:example_branch_datetime_operator
[2026-08-20T11:04:50.612+0000] {logging_mixin.py:190} INFO - [2026-08-20T11:04:50.612+0000] {override.py:1900} INFO - Created Permission View: can delete on DAG:example_branch_datetime_operator
[2026-08-20T11:04:50.630+0000] {logging_mixin.py:190} INFO - [2026-08-20T11:04:50.630+0000] {override.py:1900} INFO - Created Permission View: can create on DAG Run:example_branch_datetime_operator
[2026-08-20T11:04:50.640+0000] {logging_mixin.py:190} INFO - [2026-08-20T11:04:50.640+0000] {override.py:1900} INFO - Created Permission View: can read on DAG Run:example_branch_datetime_operator
[2026-08-20T11:04:50.649+0000] {logging_mixin.py:190} INFO - [2026-08-20T11:04:50.649+0000] {override.py:1900} INFO - Created Permission View: menu access on DAG Run:example_branch_datetime_operator
[2026-08-20T11:04:50.658+0000] {logging_mixin.py:190} INFO - [2026-08-20T11:04:50.658+0000] {override.py:1900} INFO - Created Permission View: can delete on DAG Run:example_branch_datetime_operator
[2026-08-20T11:04:50.684+0000] {logging_mixin.py:190} INFO - [2026-08-20T11:04:50.683+0000] {override.py:1900} INFO - Created Permission View: can edit on DAG:example_branch_datetime_operator_3
[2026-08-20T11:04:50.692+0000] {logging_mixin.py:190} INFO - [2026-08-20T11:04:50.692+0000] {override.py:1900} INFO - Created Permission View: can read on DAG:example_branch_datetime_operator_3
[2026-08-20T11:04:50.699+0000] {logging_mixin.py:190} INFO - [2026-08-20T11:04:50.699+0000] {override.py:1900} INFO - Created Permission View: can delete on DAG:example_branch_datetime_operator_3
[2026-08-20T11:04:50.711+0000] {logging_mixin.py:190} INFO - [2026-08-20T11:04:50.711+0000] {override.py:1900} INFO - Created Permission View: can create on DAG Run:example_branch_datetime_operator_3
[2026-08-20T11:04:50.719+0000] {logging_mixin.py:190} INFO - [2026-08-20T11:04:50.719+0000] {override.py:1900} INFO - Created Permission View: can read on DAG Run:example_branch_datetime_operator_3
[2026-08-20T11:04:50.726+0000] {logging_mixin.py:190} INFO - [2026-08-20T11:04:50.726+0000] {override.py:1900} INFO - Created Permission View: menu access on DAG Run:example_branch_datetime_operator_3
[2026-08-20T11:04:50.735+0000] {logging_mixin.py:190} INFO - [2026-08-20T11:04:50.735+0000] {override.py:1900} INFO - Created Permission View: can delete on DAG Run:example_branch_datetime_operator_3
[2026-08-20T11:04:50.735+0000] {logging_mixin.py:190} INFO - [2026-08-20T11:04:50.735+0000] {dag.py:3239} INFO - Sync 3 DAGs
[2026-08-20T11:04:50.744+0000] {logging_mixin.py:190} INFO - [2026-08-20T11:04:50.744+0000] {dag.py:3262} INFO - Creating ORM DAG for example_branch_datetime_operator_2
[2026-08-20T11:04:50.745+0000] {logging_mixin.py:190} INFO - [2026-08-20T11:04:50.744+0000] {dag.py:3262} INFO - Creating ORM DAG for example_branch_datetime_operator
[2026-08-20T11:04:50.745+0000] {logging_mixin.py:190} INFO - [2026-08-20T11:04:50.745+0000] {dag.py:3262} INFO - Creating ORM DAG for example_branch_datetime_operator_3
[2026-08-20T11:04:50.752+0000] {logging_mixin.py:190} INFO - [2026-08-20T11:04:50.752+0000] {dag.py:4180} INFO - Setting next_dagrun for example_branch_datetime_operator to 2026-08-19 00:00:00+00:00, run_after=2026-08-20 00:00:00+00:00
[2026-08-20T11:04:50.753+0000] {logging_mixin.py:190} INFO - [2026-08-20T11:04:50.753+0000] {dag.py:4180} INFO - Setting next_dagrun for example_branch_datetime_operator_2 to 2026-08-19 00:00:00+00:00, run_after=2026-08-20 00:00:00+00:00
[2026-08-20T11:04:50.754+0000] {logging_mixin.py:190} INFO - [2026-08-20T11:04:50.754+0000] {dag.py:4180} INFO - Setting next_dagrun for example_branch_datetime_operator_3 to 2026-08-19 00:00:00+00:00, run_after=2026-08-20 00:00:00+00:00
[2026-08-20T11:04:50.778+0000] {processor.py:208} INFO - Processing /workspaces/lab-2/.venv/lib/python3.12/site-packages/airflow/example_dags/example_branch_datetime_operator.py took 0.394 seconds
[2026-08-20T11:05:49.073+0000] {processor.py:186} INFO - Started process (PID=25761) to work on /workspaces/lab-2/.venv/lib/python3.12/site-packages/airflow/example_dags/example_branch_datetime_operator.py
[2026-08-20T11:05:49.074+0000] {processor.py:914} INFO - Processing file /workspaces/lab-2/.venv/lib/python3.12/site-packages/airflow/example_dags/example_branch_datetime_operator.py for tasks to queue
[2026-08-20T11:05:49.076+0000] {logging_mixin.py:190} INFO - [2026-08-20T11:05:49.076+0000] {dagbag.py:588} INFO - Filling up the DagBag from /workspaces/lab-2/.venv/lib/python3.12/site-packages/airflow/example_dags/example_branch_datetime_operator.py
[2026-08-20T11:05:49.086+0000] {processor.py:925} INFO - DAG(s) 'example_branch_datetime_operator', 'example_branch_datetime_operator_3', 'example_branch_datetime_operator_2' retrieved from /workspaces/lab-2/.venv/lib/python3.12/site-packages/airflow/example_dags/example_branch_datetime_operator.py
[2026-08-20T11:05:49.103+0000] {logging_mixin.py:190} INFO - [2026-08-20T11:05:49.103+0000] {dag.py:3239} INFO - Sync 3 DAGs
[2026-08-20T11:05:49.120+0000] {logging_mixin.py:190} INFO - [2026-08-20T11:05:49.120+0000] {dag.py:4180} INFO - Setting next_dagrun for example_branch_datetime_operator to 2026-08-19 00:00:00+00:00, run_after=2026-08-20 00:00:00+00:00
[2026-08-20T11:05:49.124+0000] {logging_mixin.py:190} INFO - [2026-08-20T11:05:49.124+0000] {dag.py:4180} INFO - Setting next_dagrun for example_branch_datetime_operator_2 to 2026-08-19 00:00:00+00:00, run_after=2026-08-20 00:00:00+00:00
[2026-08-20T11:05:49.125+0000] {logging_mixin.py:190} INFO - [2026-08-20T11:05:49.125+0000] {dag.py:4180} INFO - Setting next_dagrun for example_branch_datetime_operator_3 to 2026-08-19 00:00:00+00:00, run_after=2026-08-20 00:00:00+00:00
[2026-08-20T11:05:49.140+0000] {processor.py:208} INFO - Processing /workspaces/lab-2/.venv/lib/python3.12/site-packages/airflow/example_dags/example_branch_datetime_operator.py took 0.072 seconds
[2026-08-20T11:07:28.370+0000] {processor.py:186} INFO - Started process (PID=27210) to work on /workspaces/lab-2/.venv/lib/python3.12/site-packages/airflow/example_dags/example_branch_datetime_operator.py
[2026-08-20T11:07:28.371+0000] {processor.py:914} INFO - Processing file /workspaces/lab-2/.venv/lib/python3.12/site-packages/airflow/example_dags/example_branch_datetime_operator.py for tasks to queue
[2026-08-20T11:07:28.373+0000] {logging_mixin.py:190} INFO - [2026-08-20T11:07:28.372+0000] {dagbag.py:588} INFO - Filling up the DagBag from /workspaces/lab-2/.venv/lib/python3.12/site-packages/airflow/example_dags/example_branch_datetime_operator.py
[2026-08-20T11:07:28.382+0000] {processor.py:925} INFO - DAG(s) 'example_branch_datetime_operator', 'example_branch_datetime_operator_3', 'example_branch_datetime_operator_2' retrieved from /workspaces/lab-2/.venv/lib/python3.12/site-packages/airflow/example_dags/example_branch_datetime_operator.py
[2026-08-20T11:07:28.400+0000] {logging_mixin.py:190} INFO - [2026-08-20T11:07:28.400+0000] {dag.py:3239} INFO - Sync 3 DAGs
[2026-08-20T11:07:28.418+0000] {logging_mixin.py:190} INFO - [2026-08-20T11:07:28.418+0000] {dag.py:4180} INFO - Setting next_dagrun for example_branch_datetime_operator to 2026-08-19 00:00:00+00:00, run_after=2026-08-20 00:00:00+00:00
[2026-08-20T11:07:28.421+0000] {logging_mixin.py:190} INFO - [2026-08-20T11:07:28.421+0000] {dag.py:4180} INFO - Setting next_dagrun for example_branch_datetime_operator_2 to 2026-08-19 00:00:00+00:00, run_after=2026-08-20 00:00:00+00:00
[2026-08-20T11:07:28.423+0000] {logging_mixin.py:190} INFO - [2026-08-20T11:07:28.423+0000] {dag.py:4180} INFO - Setting next_dagrun for example_branch_datetime_operator_3 to 2026-08-19 00:00:00+00:00, run_after=2026-08-20 00:00:00+00:00
[2026-08-20T11:07:28.438+0000] {processor.py:208} INFO - Processing /workspaces/lab-2/.venv/lib/python3.12/site-packages/airflow/example_dags/example_branch_datetime_operator.py took 0.072 seconds
[2026-08-20T11:08:26.376+0000] {processor.py:186} INFO - Started process (PID=28487) to work on /workspaces/lab-2/.venv/lib/python3.12/site-packages/airflow/example_dags/example_branch_datetime_operator.py
[2026-08-20T11:08:26.377+0000] {processor.py:914} INFO - Processing file /workspaces/lab-2/.venv/lib/python3.12/site-packages/airflow/example_dags/example_branch_datetime_operator.py for tasks to queue
[2026-08-20T11:08:26.380+0000] {logging_mixin.py:190} INFO - [2026-08-20T11:08:26.379+0000] {dagbag.py:588} INFO - Filling up the DagBag from /workspaces/lab-2/.venv/lib/python3.12/site-packages/airflow/example_dags/example_branch_datetime_operator.py
[2026-08-20T11:08:26.397+0000] {processor.py:925} INFO - DAG(s) 'example_branch_datetime_operator_2', 'example_branch_datetime_operator', 'example_branch_datetime_operator_3' retrieved from /workspaces/lab-2/.venv/lib/python3.12/site-packages/airflow/example_dags/example_branch_datetime_operator.py
[2026-08-20T11:08:26.423+0000] {logging_mixin.py:190} INFO - [2026-08-20T11:08:26.422+0000] {dag.py:3239} INFO - Sync 3 DAGs
[2026-08-20T11:08:26.449+0000] {logging_mixin.py:190} INFO - [2026-08-20T11:08:26.449+0000] {dag.py:4180} INFO - Setting next_dagrun for example_branch_datetime_operator to 2026-08-19 00:00:00+00:00, run_after=2026-08-20 00:00:00+00:00
[2026-08-20T11:08:26.454+0000] {logging_mixin.py:190} INFO - [2026-08-20T11:08:26.454+0000] {dag.py:4180} INFO - Setting next_dagrun for example_branch_datetime_operator_2 to 2026-08-19 00:00:00+00:00, run_after=2026-08-20 00:00:00+00:00
[2026-08-20T11:08:26.457+0000] {logging_mixin.py:190} INFO - [2026-08-20T11:08:26.457+0000] {dag.py:4180} INFO - Setting next_dagrun for example_branch_datetime_operator_3 to 2026-08-19 00:00:00+00:00, run_after=2026-08-20 00:00:00+00:00
[2026-08-20T11:08:26.482+0000] {processor.py:208} INFO - Processing /workspaces/lab-2/.venv/lib/python3.12/site-packages/airflow/example_dags/example_branch_datetime_operator.py took 0.112 seconds
[2026-08-20T11:09:21.334+0000] {processor.py:186} INFO - Started process (PID=29233) to work on /workspaces/lab-2/.venv/lib/python3.12/site-packages/airflow/example_dags/example_branch_datetime_operator.py
[2026-08-20T11:09:21.335+0000] {processor.py:914} INFO - Processing file /workspaces/lab-2/.venv/lib/python3.12/site-packages/airflow/example_dags/example_branch_datetime_operator.py for tasks to queue
[2026-08-20T11:09:21.337+0000] {logging_mixin.py:190} INFO - [2026-08-20T11:09:21.336+0000] {dagbag.py:588} INFO - Filling up the DagBag from /workspaces/lab-2/.venv/lib/python3.12/site-packages/airflow/example_dags/example_branch_datetime_operator.py
[2026-08-20T11:09:21.349+0000] {processor.py:925} INFO - DAG(s) 'example_branch_datetime_operator_3', 'example_branch_datetime_operator', 'example_branch_datetime_operator_2' retrieved from /workspaces/lab-2/.venv/lib/python3.12/site-packages/airflow/example_dags/example_branch_datetime_operator.py
[2026-08-20T11:09:21.367+0000] {logging_mixin.py:190} INFO - [2026-08-20T11:09:21.367+0000] {dag.py:3239} INFO - Sync 3 DAGs
[2026-08-20T11:09:21.385+0000] {logging_mixin.py:190} INFO - [2026-08-20T11:09:21.385+0000] {dag.py:4180} INFO - Setting next_dagrun for example_branch_datetime_operator to 2026-08-19 00:00:00+00:00, run_after=2026-08-20 00:00:00+00:00
[2026-08-20T11:09:21.389+0000] {logging_mixin.py:190} INFO - [2026-08-20T11:09:21.389+0000] {dag.py:4180} INFO - Setting next_dagrun for example_branch_datetime_operator_2 to 2026-08-19 00:00:00+00:00, run_after=2026-08-20 00:00:00+00:00
[2026-08-20T11:09:21.390+0000] {logging_mixin.py:190} INFO - [2026-08-20T11:09:21.390+0000] {dag.py:4180} INFO - Setting next_dagrun for example_branch_datetime_operator_3 to 2026-08-19 00:00:00+00:00, run_after=2026-08-20 00:00:00+00:00
[2026-08-20T11:09:21.409+0000] {processor.py:208} INFO - Processing /workspaces/lab-2/.venv/lib/python3.12/site-packages/airflow/example_dags/example_branch_datetime_operator.py took 0.081 seconds
[2026-08-20T11:10:38.158+0000] {processor.py:186} INFO - Started process (PID=30649) to work on /workspaces/lab-2/.venv/lib/python3.12/site-packages/airflow/example_dags/example_branch_datetime_operator.py
[2026-08-20T11:10:38.159+0000] {processor.py:914} INFO - Processing file /workspaces/lab-2/.venv/lib/python3.12/site-packages/airflow/example_dags/example_branch_datetime_operator.py for tasks to queue
[2026-08-20T11:10:38.161+0000] {logging_mixin.py:190} INFO - [2026-08-20T11:10:38.160+0000] {dagbag.py:588} INFO - Filling up the DagBag from /workspaces/lab-2/.venv/lib/python3.12/site-packages/airflow/example_dags/example_branch_datetime_operator.py
[2026-08-20T11:10:38.170+0000] {processor.py:925} INFO - DAG(s) 'example_branch_datetime_operator', 'example_branch_datetime_operator_3', 'example_branch_datetime_operator_2' retrieved from /workspaces/lab-2/.venv/lib/python3.12/site-packages/airflow/example_dags/example_branch_datetime_operator.py
[2026-08-20T11:10:38.189+0000] {logging_mixin.py:190} INFO - [2026-08-20T11:10:38.189+0000] {dag.py:3239} INFO - Sync 3 DAGs
[2026-08-20T11:10:38.206+0000] {logging_mixin.py:190} INFO - [2026-08-20T11:10:38.206+0000] {dag.py:4180} INFO - Setting next_dagrun for example_branch_datetime_operator to 2026-08-19 00:00:00+00:00, run_after=2026-08-20 00:00:00+00:00
[2026-08-20T11:10:38.209+0000] {logging_mixin.py:190} INFO - [2026-08-20T11:10:38.209+0000] {dag.py:4180} INFO - Setting next_dagrun for example_branch_datetime_operator_2 to 2026-08-19 00:00:00+00:00, run_after=2026-08-20 00:00:00+00:00
[2026-08-20T11:10:38.211+0000] {logging_mixin.py:190} INFO - [2026-08-20T11:10:38.211+0000] {dag.py:4180} INFO - Setting next_dagrun for example_branch_datetime_operator_3 to 2026-08-19 00:00:00+00:00, run_after=2026-08-20 00:00:00+00:00
[2026-08-20T11:10:38.228+0000] {processor.py:208} INFO - Processing /workspaces/lab-2/.venv/lib/python3.12/site-packages/airflow/example_dags/example_branch_datetime_operator.py took 0.074 seconds
[2026-08-20T11:11:55.365+0000] {processor.py:186} INFO - Started process (PID=32343) to work on /workspaces/lab-2/.venv/lib/python3.12/site-packages/airflow/example_dags/example_branch_datetime_operator.py
[2026-08-20T11:11:55.365+0000] {processor.py:914} INFO - Processing file /workspaces/lab-2/.venv/lib/python3.12/site-packages/airflow/example_dags/example_branch_datetime_operator.py for tasks to queue
[2026-08-20T11:11:55.367+0000] {logging_mixin.py:190} INFO - [2026-08-20T11:11:55.367+0000] {dagbag.py:588} INFO - Filling up the DagBag from /workspaces/lab-2/.venv/lib/python3.12/site-packages/airflow/example_dags/example_branch_datetime_operator.py
[2026-08-20T11:11:55.382+0000] {processor.py:925} INFO - DAG(s) 'example_branch_datetime_operator', 'example_branch_datetime_operator_3', 'example_branch_datetime_operator_2' retrieved from /workspaces/lab-2/.venv/lib/python3.12/site-packages/airflow/example_dags/example_branch_datetime_operator.py
[2026-08-20T11:11:55.407+0000] {logging_mixin.py:190} INFO - [2026-08-20T11:11:55.407+0000] {dag.py:3239} INFO - Sync 3 DAGs
[2026-08-20T11:11:55.426+0000] {logging_mixin.py:190} INFO - [2026-08-20T11:11:55.426+0000] {dag.py:4180} INFO - Setting next_dagrun for example_branch_datetime_operator to 2026-08-19 00:00:00+00:00, run_after=2026-08-20 00:00:00+00:00
[2026-08-20T11:11:55.430+0000] {logging_mixin.py:190} INFO - [2026-08-20T11:11:55.430+0000] {dag.py:4180} INFO - Setting next_dagrun for example_branch_datetime_operator_2 to 2026-08-19 00:00:00+00:00, run_after=2026-08-20 00:00:00+00:00
[2026-08-20T11:11:55.431+0000] {logging_mixin.py:190} INFO - [2026-08-20T11:11:55.431+0000] {dag.py:4180} INFO - Setting next_dagrun for example_branch_datetime_operator_3 to 2026-08-19 00:00:00+00:00, run_after=2026-08-20 00:00:00+00:00
[2026-08-20T11:11:55.447+0000] {processor.py:208} INFO - Processing /workspaces/lab-2/.venv/lib/python3.12/site-packages/airflow/example_dags/example_branch_datetime_operator.py took 0.087 seconds
[2026-08-20T11:12:04.645+0000] {processor.py:186} INFO - Started process (PID=32492) to work on /workspaces/lab-2/.venv/lib/python3.12/site-packages/airflow/example_dags/example_branch_datetime_operator.py
[2026-08-20T11:12:04.646+0000] {processor.py:914} INFO - Processing file /workspaces/lab-2/.venv/lib/python3.12/site-packages/airflow/example_dags/example_branch_datetime_operator.py for tasks to queue
[2026-08-20T11:12:04.648+0000] {logging_mixin.py:190} INFO - [2026-08-20T11:12:04.648+0000] {dagbag.py:588} INFO - Filling up the DagBag from /workspaces/lab-2/.venv/lib/python3.12/site-packages/airflow/example_dags/example_branch_datetime_operator.py
[2026-08-20T11:12:04.660+0000] {processor.py:925} INFO - DAG(s) 'example_branch_datetime_operator_3', 'example_branch_datetime_operator', 'example_branch_datetime_operator_2' retrieved from /workspaces/lab-2/.venv/lib/python3.12/site-packages/airflow/example_dags/example_branch_datetime_operator.py
[2026-08-20T11:12:04.678+0000] {logging_mixin.py:190} INFO - [2026-08-20T11:12:04.677+0000] {dag.py:3239} INFO - Sync 3 DAGs
[2026-08-20T11:12:04.695+0000] {logging_mixin.py:190} INFO - [2026-08-20T11:12:04.695+0000] {dag.py:4180} INFO - Setting next_dagrun for example_branch_datetime_operator to 2026-08-19 00:00:00+00:00, run_after=2026-08-20 00:00:00+00:00
[2026-08-20T11:12:04.699+0000] {logging_mixin.py:190} INFO - [2026-08-20T11:12:04.699+0000] {dag.py:4180} INFO - Setting next_dagrun for example_branch_datetime_operator_2 to 2026-08-19 00:00:00+00:00, run_after=2026-08-20 00:00:00+00:00
[2026-08-20T11:12:04.702+0000] {logging_mixin.py:190} INFO - [2026-08-20T11:12:04.701+0000] {dag.py:4180} INFO - Setting next_dagrun for example_branch_datetime_operator_3 to 2026-08-19 00:00:00+00:00, run_after=2026-08-20 00:00:00+00:00
[2026-08-20T11:12:04.726+0000] {processor.py:208} INFO - Processing /workspaces/lab-2/.venv/lib/python3.12/site-packages/airflow/example_dags/example_branch_datetime_operator.py took 0.086 seconds
[2026-08-20T11:13:01.724+0000] {processor.py:186} INFO - Started process (PID=33362) to work on /workspaces/lab-2/.venv/lib/python3.12/site-packages/airflow/example_dags/example_branch_datetime_operator.py
[2026-08-20T11:13:01.727+0000] {processor.py:914} INFO - Processing file /workspaces/lab-2/.venv/lib/python3.12/site-packages/airflow/example_dags/example_branch_datetime_operator.py for tasks to queue
[2026-08-20T11:13:01.731+0000] {logging_mixin.py:190} INFO - [2026-08-20T11:13:01.731+0000] {dagbag.py:588} INFO - Filling up the DagBag from /workspaces/lab-2/.venv/lib/python3.12/site-packages/airflow/example_dags/example_branch_datetime_operator.py
[2026-08-20T11:13:01.765+0000] {processor.py:925} INFO - DAG(s) 'example_branch_datetime_operator_2', 'example_branch_datetime_operator_3', 'example_branch_datetime_operator' retrieved from /workspaces/lab-2/.venv/lib/python3.12/site-packages/airflow/example_dags/example_branch_datetime_operator.py
[2026-08-20T11:13:01.819+0000] {logging_mixin.py:190} INFO - [2026-08-20T11:13:01.818+0000] {dag.py:3239} INFO - Sync 3 DAGs
[2026-08-20T11:13:01.875+0000] {logging_mixin.py:190} INFO - [2026-08-20T11:13:01.874+0000] {dag.py:4180} INFO - Setting next_dagrun for example_branch_datetime_operator to 2026-08-19 00:00:00+00:00, run_after=2026-08-20 00:00:00+00:00
[2026-08-20T11:13:01.886+0000] {logging_mixin.py:190} INFO - [2026-08-20T11:13:01.886+0000] {dag.py:4180} INFO - Setting next_dagrun for example_branch_datetime_operator_2 to 2026-08-19 00:00:00+00:00, run_after=2026-08-20 00:00:00+00:00
[2026-08-20T11:13:01.891+0000] {logging_mixin.py:190} INFO - [2026-08-20T11:13:01.890+0000] {dag.py:4180} INFO - Setting next_dagrun for example_branch_datetime_operator_3 to 2026-08-19 00:00:00+00:00, run_after=2026-08-20 00:00:00+00:00
[2026-08-20T11:13:01.936+0000] {processor.py:208} INFO - Processing /workspaces/lab-2/.venv/lib/python3.12/site-packages/airflow/example_dags/example_branch_datetime_operator.py took 0.225 seconds
[2026-08-20T11:13:19.417+0000] {processor.py:186} INFO - Started process (PID=33731) to work on /workspaces/lab-2/.venv/lib/python3.12/site-packages/airflow/example_dags/example_branch_datetime_operator.py
[2026-08-20T11:13:19.418+0000] {processor.py:914} INFO - Processing file /workspaces/lab-2/.venv/lib/python3.12/site-packages/airflow/example_dags/example_branch_datetime_operator.py for tasks to queue
[2026-08-20T11:13:19.423+0000] {logging_mixin.py:190} INFO - [2026-08-20T11:13:19.422+0000] {dagbag.py:588} INFO - Filling up the DagBag from /workspaces/lab-2/.venv/lib/python3.12/site-packages/airflow/example_dags/example_branch_datetime_operator.py
[2026-08-20T11:13:19.437+0000] {processor.py:925} INFO - DAG(s) 'example_branch_datetime_operator_3', 'example_branch_datetime_operator_2', 'example_branch_datetime_operator' retrieved from /workspaces/lab-2/.venv/lib/python3.12/site-packages/airflow/example_dags/example_branch_datetime_operator.py
[2026-08-20T11:13:19.564+0000] {logging_mixin.py:190} INFO - [2026-08-20T11:13:19.563+0000] {dag.py:3239} INFO - Sync 3 DAGs
[2026-08-20T11:13:19.581+0000] {logging_mixin.py:190} INFO - [2026-08-20T11:13:19.580+0000] {dag.py:4180} INFO - Setting next_dagrun for example_branch_datetime_operator to 2026-08-19 00:00:00+00:00, run_after=2026-08-20 00:00:00+00:00
[2026-08-20T11:13:19.583+0000] {logging_mixin.py:190} INFO - [2026-08-20T11:13:19.583+0000] {dag.py:4180} INFO - Setting next_dagrun for example_branch_datetime_operator_2 to 2026-08-19 00:00:00+00:00, run_after=2026-08-20 00:00:00+00:00
[2026-08-20T11:13:19.585+0000] {logging_mixin.py:190} INFO - [2026-08-20T11:13:19.585+0000] {dag.py:4180} INFO - Setting next_dagrun for example_branch_datetime_operator_3 to 2026-08-19 00:00:00+00:00, run_after=2026-08-20 00:00:00+00:00
[2026-08-20T11:13:19.608+0000] {processor.py:208} INFO - Processing /workspaces/lab-2/.venv/lib/python3.12/site-packages/airflow/example_dags/example_branch_datetime_operator.py took 0.196 seconds
[2026-08-20T11:14:23.423+0000] {processor.py:186} INFO - Started process (PID=35090) to work on /workspaces/lab-2/.venv/lib/python3.12/site-packages/airflow/example_dags/example_branch_datetime_operator.py
[2026-08-20T11:14:23.424+0000] {processor.py:914} INFO - Processing file /workspaces/lab-2/.venv/lib/python3.12/site-packages/airflow/example_dags/example_branch_datetime_operator.py for tasks to queue
[2026-08-20T11:14:23.426+0000] {logging_mixin.py:190} INFO - [2026-08-20T11:14:23.425+0000] {dagbag.py:588} INFO - Filling up the DagBag from /workspaces/lab-2/.venv/lib/python3.12/site-packages/airflow/example_dags/example_branch_datetime_operator.py
[2026-08-20T11:14:23.437+0000] {processor.py:925} INFO - DAG(s) 'example_branch_datetime_operator_2', 'example_branch_datetime_operator', 'example_branch_datetime_operator_3' retrieved from /workspaces/lab-2/.venv/lib/python3.12/site-packages/airflow/example_dags/example_branch_datetime_operator.py
[2026-08-20T11:14:23.455+0000] {logging_mixin.py:190} INFO - [2026-08-20T11:14:23.455+0000] {dag.py:3239} INFO - Sync 3 DAGs
[2026-08-20T11:14:23.473+0000] {logging_mixin.py:190} INFO - [2026-08-20T11:14:23.473+0000] {dag.py:4180} INFO - Setting next_dagrun for example_branch_datetime_operator to 2026-08-19 00:00:00+00:00, run_after=2026-08-20 00:00:00+00:00
[2026-08-20T11:14:23.476+0000] {logging_mixin.py:190} INFO - [2026-08-20T11:14:23.476+0000] {dag.py:4180} INFO - Setting next_dagrun for example_branch_datetime_operator_2 to 2026-08-19 00:00:00+00:00, run_after=2026-08-20 00:00:00+00:00
[2026-08-20T11:14:23.478+0000] {logging_mixin.py:190} INFO - [2026-08-20T11:14:23.477+0000] {dag.py:4180} INFO - Setting next_dagrun for example_branch_datetime_operator_3 to 2026-08-19 00:00:00+00:00, run_after=2026-08-20 00:00:00+00:00
[2026-08-20T11:14:23.495+0000] {processor.py:208} INFO - Processing /workspaces/lab-2/.venv/lib/python3.12/site-packages/airflow/example_dags/example_branch_datetime_operator.py took 0.077 seconds
[2026-08-20T11:14:23.733+0000] {processor.py:186} INFO - Started process (PID=35091) to work on /workspaces/lab-2/.venv/lib/python3.12/site-packages/airflow/example_dags/example_branch_datetime_operator.py
[2026-08-20T11:14:23.734+0000] {processor.py:914} INFO - Processing file /workspaces/lab-2/.venv/lib/python3.12/site-packages/airflow/example_dags/example_branch_datetime_operator.py for tasks to queue
[2026-08-20T11:14:23.736+0000] {logging_mixin.py:190} INFO - [2026-08-20T11:14:23.736+0000] {dagbag.py:588} INFO - Filling up the DagBag from /workspaces/lab-2/.venv/lib/python3.12/site-packages/airflow/example_dags/example_branch_datetime_operator.py
[2026-08-20T11:14:23.746+0000] {processor.py:925} INFO - DAG(s) 'example_branch_datetime_operator_3', 'example_branch_datetime_operator', 'example_branch_datetime_operator_2' retrieved from /workspaces/lab-2/.venv/lib/python3.12/site-packages/airflow/example_dags/example_branch_datetime_operator.py
[2026-08-20T11:14:23.763+0000] {logging_mixin.py:190} INFO - [2026-08-20T11:14:23.763+0000] {dag.py:3239} INFO - Sync 3 DAGs
[2026-08-20T11:14:23.780+0000] {logging_mixin.py:190} INFO - [2026-08-20T11:14:23.780+0000] {dag.py:4180} INFO - Setting next_dagrun for example_branch_datetime_operator to 2026-08-19 00:00:00+00:00, run_after=2026-08-20 00:00:00+00:00
[2026-08-20T11:14:23.783+0000] {logging_mixin.py:190} INFO - [2026-08-20T11:14:23.783+0000] {dag.py:4180} INFO - Setting next_dagrun for example_branch_datetime_operator_2 to 2026-08-19 00:00:00+00:00, run_after=2026-08-20 00:00:00+00:00
[2026-08-20T11:14:23.785+0000] {logging_mixin.py:190} INFO - [2026-08-20T11:14:23.785+0000] {dag.py:4180} INFO - Setting next_dagrun for example_branch_datetime_operator_3 to 2026-08-19 00:00:00+00:00, run_after=2026-08-20 00:00:00+00:00
[2026-08-20T11:14:23.802+0000] {processor.py:208} INFO - Processing /workspaces/lab-2/.venv/lib/python3.12/site-packages/airflow/example_dags/example_branch_datetime_operator.py took 0.074 seconds
[2026-08-20T11:17:31.127+0000] {processor.py:186} INFO - Started process (PID=40822) to work on /workspaces/lab-2/.venv/lib/python3.12/site-packages/airflow/example_dags/example_branch_datetime_operator.py
[2026-08-20T11:17:31.130+0000] {processor.py:914} INFO - Processing file /workspaces/lab-2/.venv/lib/python3.12/site-packages/airflow/example_dags/example_branch_datetime_operator.py for tasks to queue
[2026-08-20T11:17:31.132+0000] {logging_mixin.py:190} INFO - [2026-08-20T11:17:31.132+0000] {dagbag.py:588} INFO - Filling up the DagBag from /workspaces/lab-2/.venv/lib/python3.12/site-packages/airflow/example_dags/example_branch_datetime_operator.py
[2026-08-20T11:17:31.146+0000] {processor.py:925} INFO - DAG(s) 'example_branch_datetime_operator_2', 'example_branch_datetime_operator_3', 'example_branch_datetime_operator' retrieved from /workspaces/lab-2/.venv/lib/python3.12/site-packages/airflow/example_dags/example_branch_datetime_operator.py
[2026-08-20T11:17:31.366+0000] {logging_mixin.py:190} INFO - [2026-08-20T11:17:31.366+0000] {dag.py:3239} INFO - Sync 3 DAGs
[2026-08-20T11:17:31.418+0000] {logging_mixin.py:190} INFO - [2026-08-20T11:17:31.418+0000] {dag.py:4180} INFO - Setting next_dagrun for example_branch_datetime_operator to 2026-08-20 00:00:00+00:00, run_after=2026-08-21 00:00:00+00:00
[2026-08-20T11:17:31.430+0000] {logging_mixin.py:190} INFO - [2026-08-20T11:17:31.428+0000] {dag.py:4180} INFO - Setting next_dagrun for example_branch_datetime_operator_2 to 2026-08-20 00:00:00+00:00, run_after=2026-08-21 00:00:00+00:00
[2026-08-20T11:17:31.434+0000] {logging_mixin.py:190} INFO - [2026-08-20T11:17:31.434+0000] {dag.py:4180} INFO - Setting next_dagrun for example_branch_datetime_operator_3 to 2026-08-20 00:00:00+00:00, run_after=2026-08-21 00:00:00+00:00
[2026-08-20T11:17:31.495+0000] {processor.py:208} INFO - Processing /workspaces/lab-2/.venv/lib/python3.12/site-packages/airflow/example_dags/example_branch_datetime_operator.py took 0.380 seconds
