[2026-08-20T11:04:47.082+0000] {processor.py:186} INFO - Started process (PID=24892) to work on /workspaces/lab-2/.venv/lib/python3.12/site-packages/airflow/example_dags/example_complex.py
[2026-08-20T11:04:47.083+0000] {processor.py:914} INFO - Processing file /workspaces/lab-2/.venv/lib/python3.12/site-packages/airflow/example_dags/example_complex.py for tasks to queue
[2026-08-20T11:04:47.085+0000] {logging_mixin.py:190} INFO - [2026-08-20T11:04:47.084+0000] {dagbag.py:588} INFO - Filling up the DagBag from /workspaces/lab-2/.venv/lib/python3.12/site-packages/airflow/example_dags/example_complex.py
[2026-08-20T11:04:47.094+0000] {processor.py:925} INFO - DAG(s) 'example_complex' retrieved from /workspaces/lab-2/.venv/lib/python3.12/site-packages/airflow/example_dags/example_complex.py
[2026-08-20T11:04:47.194+0000] {logging_mixin.py:190} INFO - [2026-08-20T11:04:47.194+0000] {override.py:1900} INFO - Created Permission View: can edit on DAG:example_complex
[2026-08-20T11:04:47.205+0000] {logging_mixin.py:190} INFO - [2026-08-20T11:04:47.205+0000] {override.py:1900} INFO - Created Permission View: can read on DAG:example_complex
[2026-08-20T11:04:47.212+0000] {logging_mixin.py:190} INFO - [2026-08-20T11:04:47.212+0000] {override.py:1900} INFO - Created Permission View: can delete on DAG:example_complex
[2026-08-20T11:04:47.224+0000] {logging_mixin.py:190} INFO - [2026-08-20T11:04:47.224+0000] {override.py:1900} INFO - Created Permission View: can create on DAG Run:example_complex
[2026-08-20T11:04:47.231+0000] {logging_mixin.py:190} INFO - [2026-08-20T11:04:47.231+0000] {override.py:1900} INFO - Created Permission View: can read on DAG Run:example_complex
[2026-08-20T11:04:47.238+0000] {logging_mixin.py:190} INFO - [2026-08-20T11:04:47.238+0000] {override.py:1900} INFO - Created Permission View: menu access on DAG Run:example_complex
[2026-08-20T11:04:47.245+0000] {logging_mixin.py:190} INFO - [2026-08-20T11:04:47.245+0000] {override.py:1900} INFO - Created Permission View: can delete on DAG Run:example_complex
[2026-08-20T11:04:47.245+0000] {logging_mixin.py:190} INFO - [2026-08-20T11:04:47.245+0000] {dag.py:3239} INFO - Sync 1 DAGs
[2026-08-20T11:04:47.254+0000] {logging_mixin.py:190} INFO - [2026-08-20T11:04:47.254+0000] {dag.py:3262} INFO - Creating ORM DAG for example_complex
[2026-08-20T11:04:47.255+0000] {logging_mixin.py:190} INFO - [2026-08-20T11:04:47.254+0000] {dag.py:4180} INFO - Setting next_dagrun for example_complex to None, run_after=None
[2026-08-20T11:04:47.273+0000] {processor.py:208} INFO - Processing /workspaces/lab-2/.venv/lib/python3.12/site-packages/airflow/example_dags/example_complex.py took 0.196 seconds
[2026-08-20T11:05:46.210+0000] {processor.py:186} INFO - Started process (PID=25694) to work on /workspaces/lab-2/.venv/lib/python3.12/site-packages/airflow/example_dags/example_complex.py
[2026-08-20T11:05:46.211+0000] {processor.py:914} INFO - Processing file /workspaces/lab-2/.venv/lib/python3.12/site-packages/airflow/example_dags/example_complex.py for tasks to queue
[2026-08-20T11:05:46.213+0000] {logging_mixin.py:190} INFO - [2026-08-20T11:05:46.213+0000] {dagbag.py:588} INFO - Filling up the DagBag from /workspaces/lab-2/.venv/lib/python3.12/site-packages/airflow/example_dags/example_complex.py
[2026-08-20T11:05:46.223+0000] {processor.py:925} INFO - DAG(s) 'example_complex' retrieved from /workspaces/lab-2/.venv/lib/python3.12/site-packages/airflow/example_dags/example_complex.py
[2026-08-20T11:05:46.245+0000] {logging_mixin.py:190} INFO - [2026-08-20T11:05:46.245+0000] {dag.py:3239} INFO - Sync 1 DAGs
[2026-08-20T11:05:46.255+0000] {logging_mixin.py:190} INFO - [2026-08-20T11:05:46.255+0000] {dag.py:4180} INFO - Setting next_dagrun for example_complex to None, run_after=None
[2026-08-20T11:05:46.273+0000] {processor.py:208} INFO - Processing /workspaces/lab-2/.venv/lib/python3.12/site-packages/airflow/example_dags/example_complex.py took 0.068 seconds
[2026-08-20T11:07:25.130+0000] {processor.py:186} INFO - Started process (PID=27191) to work on /workspaces/lab-2/.venv/lib/python3.12/site-packages/airflow/example_dags/example_complex.py
[2026-08-20T11:07:25.131+0000] {processor.py:914} INFO - Processing file /workspaces/lab-2/.venv/lib/python3.12/site-packages/airflow/example_dags/example_complex.py for tasks to queue
[2026-08-20T11:07:25.133+0000] {logging_mixin.py:190} INFO - [2026-08-20T11:07:25.132+0000] {dagbag.py:588} INFO - Filling up the DagBag from /workspaces/lab-2/.venv/lib/python3.12/site-packages/airflow/example_dags/example_complex.py
[2026-08-20T11:07:25.142+0000] {processor.py:925} INFO - DAG(s) 'example_complex' retrieved from /workspaces/lab-2/.venv/lib/python3.12/site-packages/airflow/example_dags/example_complex.py
[2026-08-20T11:07:25.165+0000] {logging_mixin.py:190} INFO - [2026-08-20T11:07:25.165+0000] {dag.py:3239} INFO - Sync 1 DAGs
[2026-08-20T11:07:25.175+0000] {logging_mixin.py:190} INFO - [2026-08-20T11:07:25.175+0000] {dag.py:4180} INFO - Setting next_dagrun for example_complex to None, run_after=None
[2026-08-20T11:07:25.197+0000] {processor.py:208} INFO - Processing /workspaces/lab-2/.venv/lib/python3.12/site-packages/airflow/example_dags/example_complex.py took 0.072 seconds
[2026-08-20T11:08:23.668+0000] {processor.py:186} INFO - Started process (PID=28452) to work on /workspaces/lab-2/.venv/lib/python3.12/site-packages/airflow/example_dags/example_complex.py
[2026-08-20T11:08:23.669+0000] {processor.py:914} INFO - Processing file /workspaces/lab-2/.venv/lib/python3.12/site-packages/airflow/example_dags/example_complex.py for tasks to queue
[2026-08-20T11:08:23.672+0000] {logging_mixin.py:190} INFO - [2026-08-20T11:08:23.671+0000] {dagbag.py:588} INFO - Filling up the DagBag from /workspaces/lab-2/.venv/lib/python3.12/site-packages/airflow/example_dags/example_complex.py
[2026-08-20T11:08:23.685+0000] {processor.py:925} INFO - DAG(s) 'example_complex' retrieved from /workspaces/lab-2/.venv/lib/python3.12/site-packages/airflow/example_dags/example_complex.py
[2026-08-20T11:08:23.719+0000] {logging_mixin.py:190} INFO - [2026-08-20T11:08:23.718+0000] {dag.py:3239} INFO - Sync 1 DAGs
[2026-08-20T11:08:23.734+0000] {logging_mixin.py:190} INFO - [2026-08-20T11:08:23.733+0000] {dag.py:4180} INFO - Setting next_dagrun for example_complex to None, run_after=None
[2026-08-20T11:08:23.756+0000] {processor.py:208} INFO - Processing /workspaces/lab-2/.venv/lib/python3.12/site-packages/airflow/example_dags/example_complex.py took 0.094 seconds
[2026-08-20T11:09:18.087+0000] {processor.py:186} INFO - Started process (PID=29219) to work on /workspaces/lab-2/.venv/lib/python3.12/site-packages/airflow/example_dags/example_complex.py
[2026-08-20T11:09:18.088+0000] {processor.py:914} INFO - Processing file /workspaces/lab-2/.venv/lib/python3.12/site-packages/airflow/example_dags/example_complex.py for tasks to queue
[2026-08-20T11:09:18.089+0000] {logging_mixin.py:190} INFO - [2026-08-20T11:09:18.089+0000] {dagbag.py:588} INFO - Filling up the DagBag from /workspaces/lab-2/.venv/lib/python3.12/site-packages/airflow/example_dags/example_complex.py
[2026-08-20T11:09:18.100+0000] {processor.py:925} INFO - DAG(s) 'example_complex' retrieved from /workspaces/lab-2/.venv/lib/python3.12/site-packages/airflow/example_dags/example_complex.py
[2026-08-20T11:09:18.124+0000] {logging_mixin.py:190} INFO - [2026-08-20T11:09:18.124+0000] {dag.py:3239} INFO - Sync 1 DAGs
[2026-08-20T11:09:18.134+0000] {logging_mixin.py:190} INFO - [2026-08-20T11:09:18.133+0000] {dag.py:4180} INFO - Setting next_dagrun for example_complex to None, run_after=None
[2026-08-20T11:09:18.154+0000] {processor.py:208} INFO - Processing /workspaces/lab-2/.venv/lib/python3.12/site-packages/airflow/example_dags/example_complex.py took 0.071 seconds
[2026-08-20T11:10:10.924+0000] {processor.py:186} INFO - Started process (PID=30185) to work on /workspaces/lab-2/.venv/lib/python3.12/site-packages/airflow/example_dags/example_complex.py
[2026-08-20T11:10:10.925+0000] {processor.py:914} INFO - Processing file /workspaces/lab-2/.venv/lib/python3.12/site-packages/airflow/example_dags/example_complex.py for tasks to queue
[2026-08-20T11:10:10.927+0000] {logging_mixin.py:190} INFO - [2026-08-20T11:10:10.927+0000] {dagbag.py:588} INFO - Filling up the DagBag from /workspaces/lab-2/.venv/lib/python3.12/site-packages/airflow/example_dags/example_complex.py
[2026-08-20T11:10:10.936+0000] {processor.py:925} INFO - DAG(s) 'example_complex' retrieved from /workspaces/lab-2/.venv/lib/python3.12/site-packages/airflow/example_dags/example_complex.py
[2026-08-20T11:10:10.957+0000] {logging_mixin.py:190} INFO - [2026-08-20T11:10:10.957+0000] {dag.py:3239} INFO - Sync 1 DAGs
[2026-08-20T11:10:10.967+0000] {logging_mixin.py:190} INFO - [2026-08-20T11:10:10.967+0000] {dag.py:4180} INFO - Setting next_dagrun for example_complex to None, run_after=None
[2026-08-20T11:10:10.984+0000] {processor.py:208} INFO - Processing /workspaces/lab-2/.venv/lib/python3.12/site-packages/airflow/example_dags/example_complex.py took 0.065 seconds
[2026-08-20T11:11:26.166+0000] {processor.py:186} INFO - Started process (PID=31531) to work on /workspaces/lab-2/.venv/lib/python3.12/site-packages/airflow/example_dags/example_complex.py
[2026-08-20T11:11:26.167+0000] {processor.py:914} INFO - Processing file /workspaces/lab-2/.venv/lib/python3.12/site-packages/airflow/example_dags/example_complex.py for tasks to queue
[2026-08-20T11:11:26.169+0000] {logging_mixin.py:190} INFO - [2026-08-20T11:11:26.168+0000] {dagbag.py:588} INFO - Filling up the DagBag from /workspaces/lab-2/.venv/lib/python3.12/site-packages/airflow/example_dags/example_complex.py
[2026-08-20T11:11:26.178+0000] {processor.py:925} INFO - DAG(s) 'example_complex' retrieved from /workspaces/lab-2/.venv/lib/python3.12/site-packages/airflow/example_dags/example_complex.py
[2026-08-20T11:11:26.200+0000] {logging_mixin.py:190} INFO - [2026-08-20T11:11:26.200+0000] {dag.py:3239} INFO - Sync 1 DAGs
[2026-08-20T11:11:26.210+0000] {logging_mixin.py:190} INFO - [2026-08-20T11:11:26.210+0000] {dag.py:4180} INFO - Setting next_dagrun for example_complex to None, run_after=None
[2026-08-20T11:11:26.227+0000] {processor.py:208} INFO - Processing /workspaces/lab-2/.venv/lib/python3.12/site-packages/airflow/example_dags/example_complex.py took 0.065 seconds
[2026-08-20T11:12:01.788+0000] {processor.py:186} INFO - Started process (PID=32459) to work on /workspaces/lab-2/.venv/lib/python3.12/site-packages/airflow/example_dags/example_complex.py
[2026-08-20T11:12:01.789+0000] {processor.py:914} INFO - Processing file /workspaces/lab-2/.venv/lib/python3.12/site-packages/airflow/example_dags/example_complex.py for tasks to queue
[2026-08-20T11:12:01.791+0000] {logging_mixin.py:190} INFO - [2026-08-20T11:12:01.791+0000] {dagbag.py:588} INFO - Filling up the DagBag from /workspaces/lab-2/.venv/lib/python3.12/site-packages/airflow/example_dags/example_complex.py
[2026-08-20T11:12:01.806+0000] {processor.py:925} INFO - DAG(s) 'example_complex' retrieved from /workspaces/lab-2/.venv/lib/python3.12/site-packages/airflow/example_dags/example_complex.py
[2026-08-20T11:12:01.843+0000] {logging_mixin.py:190} INFO - [2026-08-20T11:12:01.843+0000] {dag.py:3239} INFO - Sync 1 DAGs
[2026-08-20T11:12:01.855+0000] {logging_mixin.py:190} INFO - [2026-08-20T11:12:01.855+0000] {dag.py:4180} INFO - Setting next_dagrun for example_complex to None, run_after=None
[2026-08-20T11:12:01.872+0000] {processor.py:208} INFO - Processing /workspaces/lab-2/.venv/lib/python3.12/site-packages/airflow/example_dags/example_complex.py took 0.091 seconds
[2026-08-20T11:12:21.095+0000] {processor.py:186} INFO - Started process (PID=32809) to work on /workspaces/lab-2/.venv/lib/python3.12/site-packages/airflow/example_dags/example_complex.py
[2026-08-20T11:12:21.096+0000] {processor.py:914} INFO - Processing file /workspaces/lab-2/.venv/lib/python3.12/site-packages/airflow/example_dags/example_complex.py for tasks to queue
[2026-08-20T11:12:21.098+0000] {logging_mixin.py:190} INFO - [2026-08-20T11:12:21.098+0000] {dagbag.py:588} INFO - Filling up the DagBag from /workspaces/lab-2/.venv/lib/python3.12/site-packages/airflow/example_dags/example_complex.py
[2026-08-20T11:12:21.108+0000] {processor.py:925} INFO - DAG(s) 'example_complex' retrieved from /workspaces/lab-2/.venv/lib/python3.12/site-packages/airflow/example_dags/example_complex.py
[2026-08-20T11:12:21.129+0000] {logging_mixin.py:190} INFO - [2026-08-20T11:12:21.129+0000] {dag.py:3239} INFO - Sync 1 DAGs
[2026-08-20T11:12:21.138+0000] {logging_mixin.py:190} INFO - [2026-08-20T11:12:21.138+0000] {dag.py:4180} INFO - Setting next_dagrun for example_complex to None, run_after=None
[2026-08-20T11:12:21.156+0000] {processor.py:208} INFO - Processing /workspaces/lab-2/.venv/lib/python3.12/site-packages/airflow/example_dags/example_complex.py took 0.066 seconds
[2026-08-20T11:12:57.705+0000] {processor.py:186} INFO - Started process (PID=33313) to work on /workspaces/lab-2/.venv/lib/python3.12/site-packages/airflow/example_dags/example_complex.py
[2026-08-20T11:12:57.710+0000] {processor.py:914} INFO - Processing file /workspaces/lab-2/.venv/lib/python3.12/site-packages/airflow/example_dags/example_complex.py for tasks to queue
[2026-08-20T11:12:57.714+0000] {logging_mixin.py:190} INFO - [2026-08-20T11:12:57.713+0000] {dagbag.py:588} INFO - Filling up the DagBag from /workspaces/lab-2/.venv/lib/python3.12/site-packages/airflow/example_dags/example_complex.py
[2026-08-20T11:12:57.749+0000] {processor.py:925} INFO - DAG(s) 'example_complex' retrieved from /workspaces/lab-2/.venv/lib/python3.12/site-packages/airflow/example_dags/example_complex.py
[2026-08-20T11:12:57.822+0000] {logging_mixin.py:190} INFO - [2026-08-20T11:12:57.819+0000] {dag.py:3239} INFO - Sync 1 DAGs
[2026-08-20T11:12:57.854+0000] {logging_mixin.py:190} INFO - [2026-08-20T11:12:57.854+0000] {dag.py:4180} INFO - Setting next_dagrun for example_complex to None, run_after=None
[2026-08-20T11:12:57.902+0000] {processor.py:208} INFO - Processing /workspaces/lab-2/.venv/lib/python3.12/site-packages/airflow/example_dags/example_complex.py took 0.209 seconds
[2026-08-20T11:13:50.330+0000] {processor.py:186} INFO - Started process (PID=34657) to work on /workspaces/lab-2/.venv/lib/python3.12/site-packages/airflow/example_dags/example_complex.py
[2026-08-20T11:13:50.330+0000] {processor.py:914} INFO - Processing file /workspaces/lab-2/.venv/lib/python3.12/site-packages/airflow/example_dags/example_complex.py for tasks to queue
[2026-08-20T11:13:50.332+0000] {logging_mixin.py:190} INFO - [2026-08-20T11:13:50.332+0000] {dagbag.py:588} INFO - Filling up the DagBag from /workspaces/lab-2/.venv/lib/python3.12/site-packages/airflow/example_dags/example_complex.py
[2026-08-20T11:13:50.342+0000] {processor.py:925} INFO - DAG(s) 'example_complex' retrieved from /workspaces/lab-2/.venv/lib/python3.12/site-packages/airflow/example_dags/example_complex.py
[2026-08-20T11:13:50.432+0000] {logging_mixin.py:190} INFO - [2026-08-20T11:13:50.431+0000] {dag.py:3239} INFO - Sync 1 DAGs
[2026-08-20T11:13:50.440+0000] {logging_mixin.py:190} INFO - [2026-08-20T11:13:50.439+0000] {dag.py:4180} INFO - Setting next_dagrun for example_complex to None, run_after=None
[2026-08-20T11:13:50.459+0000] {processor.py:208} INFO - Processing /workspaces/lab-2/.venv/lib/python3.12/site-packages/airflow/example_dags/example_complex.py took 0.134 seconds
[2026-08-20T11:13:56.912+0000] {processor.py:186} INFO - Started process (PID=34713) to work on /workspaces/lab-2/.venv/lib/python3.12/site-packages/airflow/example_dags/example_complex.py
[2026-08-20T11:13:56.913+0000] {processor.py:914} INFO - Processing file /workspaces/lab-2/.venv/lib/python3.12/site-packages/airflow/example_dags/example_complex.py for tasks to queue
[2026-08-20T11:13:56.914+0000] {logging_mixin.py:190} INFO - [2026-08-20T11:13:56.914+0000] {dagbag.py:588} INFO - Filling up the DagBag from /workspaces/lab-2/.venv/lib/python3.12/site-packages/airflow/example_dags/example_complex.py
[2026-08-20T11:13:56.924+0000] {processor.py:925} INFO - DAG(s) 'example_complex' retrieved from /workspaces/lab-2/.venv/lib/python3.12/site-packages/airflow/example_dags/example_complex.py
[2026-08-20T11:13:56.932+0000] {logging_mixin.py:190} INFO - [2026-08-20T11:13:56.931+0000] {dag.py:3239} INFO - Sync 1 DAGs
[2026-08-20T11:13:56.944+0000] {logging_mixin.py:190} INFO - [2026-08-20T11:13:56.944+0000] {dag.py:4180} INFO - Setting next_dagrun for example_complex to None, run_after=None
[2026-08-20T11:13:56.974+0000] {processor.py:208} INFO - Processing /workspaces/lab-2/.venv/lib/python3.12/site-packages/airflow/example_dags/example_complex.py took 0.067 seconds
[2026-08-20T11:16:16.814+0000] {processor.py:186} INFO - Started process (PID=38878) to work on /workspaces/lab-2/.venv/lib/python3.12/site-packages/airflow/example_dags/example_complex.py
[2026-08-20T11:16:16.817+0000] {processor.py:914} INFO - Processing file /workspaces/lab-2/.venv/lib/python3.12/site-packages/airflow/example_dags/example_complex.py for tasks to queue
[2026-08-20T11:16:16.821+0000] {logging_mixin.py:190} INFO - [2026-08-20T11:16:16.820+0000] {dagbag.py:588} INFO - Filling up the DagBag from /workspaces/lab-2/.venv/lib/python3.12/site-packages/airflow/example_dags/example_complex.py
[2026-08-20T11:16:16.837+0000] {processor.py:925} INFO - DAG(s) 'example_complex' retrieved from /workspaces/lab-2/.venv/lib/python3.12/site-packages/airflow/example_dags/example_complex.py
[2026-08-20T11:16:17.096+0000] {logging_mixin.py:190} INFO - [2026-08-20T11:16:17.095+0000] {dag.py:3239} INFO - Sync 1 DAGs
[2026-08-20T11:16:17.146+0000] {logging_mixin.py:190} INFO - [2026-08-20T11:16:17.145+0000] {dag.py:4180} INFO - Setting next_dagrun for example_complex to None, run_after=None
[2026-08-20T11:16:17.279+0000] {processor.py:208} INFO - Processing /workspaces/lab-2/.venv/lib/python3.12/site-packages/airflow/example_dags/example_complex.py took 0.481 seconds
