[2026-08-20T11:04:04.924+0000] {processor.py:186} INFO - Started process (PID=24315) to work on /workspaces/lab-2/.venv/lib/python3.12/site-packages/airflow/example_dags/example_xcom.py
[2026-08-20T11:04:04.924+0000] {processor.py:914} INFO - Processing file /workspaces/lab-2/.venv/lib/python3.12/site-packages/airflow/example_dags/example_xcom.py for tasks to queue
[2026-08-20T11:04:04.927+0000] {logging_mixin.py:190} INFO - [2026-08-20T11:04:04.926+0000] {dagbag.py:588} INFO - Filling up the DagBag from /workspaces/lab-2/.venv/lib/python3.12/site-packages/airflow/example_dags/example_xcom.py
[2026-08-20T11:04:04.937+0000] {processor.py:925} INFO - DAG(s) 'example_xcom' retrieved from /workspaces/lab-2/.venv/lib/python3.12/site-packages/airflow/example_dags/example_xcom.py
[2026-08-20T11:04:05.035+0000] {logging_mixin.py:190} INFO - [2026-08-20T11:04:05.035+0000] {override.py:1900} INFO - Created Permission View: can edit on DAG:example_xcom
[2026-08-20T11:04:05.045+0000] {logging_mixin.py:190} INFO - [2026-08-20T11:04:05.044+0000] {override.py:1900} INFO - Created Permission View: can read on DAG:example_xcom
[2026-08-20T11:04:05.054+0000] {logging_mixin.py:190} INFO - [2026-08-20T11:04:05.053+0000] {override.py:1900} INFO - Created Permission View: can delete on DAG:example_xcom
[2026-08-20T11:04:05.089+0000] {logging_mixin.py:190} INFO - [2026-08-20T11:04:05.088+0000] {override.py:1900} INFO - Created Permission View: can create on DAG Run:example_xcom
[2026-08-20T11:04:05.101+0000] {logging_mixin.py:190} INFO - [2026-08-20T11:04:05.101+0000] {override.py:1900} INFO - Created Permission View: can read on DAG Run:example_xcom
[2026-08-20T11:04:05.118+0000] {logging_mixin.py:190} INFO - [2026-08-20T11:04:05.118+0000] {override.py:1900} INFO - Created Permission View: menu access on DAG Run:example_xcom
[2026-08-20T11:04:05.138+0000] {logging_mixin.py:190} INFO - [2026-08-20T11:04:05.138+0000] {override.py:1900} INFO - Created Permission View: can delete on DAG Run:example_xcom
[2026-08-20T11:04:05.139+0000] {logging_mixin.py:190} INFO - [2026-08-20T11:04:05.138+0000] {dag.py:3239} INFO - Sync 1 DAGs
[2026-08-20T11:04:05.152+0000] {logging_mixin.py:190} INFO - [2026-08-20T11:04:05.151+0000] {dag.py:3262} INFO - Creating ORM DAG for example_xcom
[2026-08-20T11:04:05.163+0000] {logging_mixin.py:190} INFO - [2026-08-20T11:04:05.162+0000] {dag.py:4180} INFO - Setting next_dagrun for example_xcom to 2021-01-01 00:00:00+00:00, run_after=2021-01-01 00:00:00+00:00
[2026-08-20T11:04:05.195+0000] {processor.py:208} INFO - Processing /workspaces/lab-2/.venv/lib/python3.12/site-packages/airflow/example_dags/example_xcom.py took 0.276 seconds
[2026-08-20T11:05:07.919+0000] {processor.py:186} INFO - Started process (PID=25232) to work on /workspaces/lab-2/.venv/lib/python3.12/site-packages/airflow/example_dags/example_xcom.py
[2026-08-20T11:05:07.920+0000] {processor.py:914} INFO - Processing file /workspaces/lab-2/.venv/lib/python3.12/site-packages/airflow/example_dags/example_xcom.py for tasks to queue
[2026-08-20T11:05:07.922+0000] {logging_mixin.py:190} INFO - [2026-08-20T11:05:07.922+0000] {dagbag.py:588} INFO - Filling up the DagBag from /workspaces/lab-2/.venv/lib/python3.12/site-packages/airflow/example_dags/example_xcom.py
[2026-08-20T11:05:07.930+0000] {processor.py:925} INFO - DAG(s) 'example_xcom' retrieved from /workspaces/lab-2/.venv/lib/python3.12/site-packages/airflow/example_dags/example_xcom.py
[2026-08-20T11:05:07.945+0000] {logging_mixin.py:190} INFO - [2026-08-20T11:05:07.944+0000] {dag.py:3239} INFO - Sync 1 DAGs
[2026-08-20T11:05:07.960+0000] {logging_mixin.py:190} INFO - [2026-08-20T11:05:07.960+0000] {dag.py:4180} INFO - Setting next_dagrun for example_xcom to 2021-01-01 00:00:00+00:00, run_after=2021-01-01 00:00:00+00:00
[2026-08-20T11:05:07.978+0000] {processor.py:208} INFO - Processing /workspaces/lab-2/.venv/lib/python3.12/site-packages/airflow/example_dags/example_xcom.py took 0.063 seconds
[2026-08-20T11:06:02.043+0000] {processor.py:186} INFO - Started process (PID=26012) to work on /workspaces/lab-2/.venv/lib/python3.12/site-packages/airflow/example_dags/example_xcom.py
[2026-08-20T11:06:02.044+0000] {processor.py:914} INFO - Processing file /workspaces/lab-2/.venv/lib/python3.12/site-packages/airflow/example_dags/example_xcom.py for tasks to queue
[2026-08-20T11:06:02.046+0000] {logging_mixin.py:190} INFO - [2026-08-20T11:06:02.046+0000] {dagbag.py:588} INFO - Filling up the DagBag from /workspaces/lab-2/.venv/lib/python3.12/site-packages/airflow/example_dags/example_xcom.py
[2026-08-20T11:06:02.054+0000] {processor.py:925} INFO - DAG(s) 'example_xcom' retrieved from /workspaces/lab-2/.venv/lib/python3.12/site-packages/airflow/example_dags/example_xcom.py
[2026-08-20T11:06:02.068+0000] {logging_mixin.py:190} INFO - [2026-08-20T11:06:02.067+0000] {dag.py:3239} INFO - Sync 1 DAGs
[2026-08-20T11:06:02.083+0000] {logging_mixin.py:190} INFO - [2026-08-20T11:06:02.083+0000] {dag.py:4180} INFO - Setting next_dagrun for example_xcom to 2021-01-01 00:00:00+00:00, run_after=2021-01-01 00:00:00+00:00
[2026-08-20T11:06:02.101+0000] {processor.py:208} INFO - Processing /workspaces/lab-2/.venv/lib/python3.12/site-packages/airflow/example_dags/example_xcom.py took 0.062 seconds
[2026-08-20T11:06:51.258+0000] {processor.py:186} INFO - Started process (PID=26746) to work on /workspaces/lab-2/.venv/lib/python3.12/site-packages/airflow/example_dags/example_xcom.py
[2026-08-20T11:06:51.259+0000] {processor.py:914} INFO - Processing file /workspaces/lab-2/.venv/lib/python3.12/site-packages/airflow/example_dags/example_xcom.py for tasks to queue
[2026-08-20T11:06:51.265+0000] {logging_mixin.py:190} INFO - [2026-08-20T11:06:51.264+0000] {dagbag.py:588} INFO - Filling up the DagBag from /workspaces/lab-2/.venv/lib/python3.12/site-packages/airflow/example_dags/example_xcom.py
[2026-08-20T11:06:51.273+0000] {processor.py:925} INFO - DAG(s) 'example_xcom' retrieved from /workspaces/lab-2/.venv/lib/python3.12/site-packages/airflow/example_dags/example_xcom.py
[2026-08-20T11:06:51.292+0000] {logging_mixin.py:190} INFO - [2026-08-20T11:06:51.292+0000] {dag.py:3239} INFO - Sync 1 DAGs
[2026-08-20T11:06:51.307+0000] {logging_mixin.py:190} INFO - [2026-08-20T11:06:51.307+0000] {dag.py:4180} INFO - Setting next_dagrun for example_xcom to 2021-01-01 00:00:00+00:00, run_after=2021-01-01 00:00:00+00:00
[2026-08-20T11:06:51.324+0000] {processor.py:208} INFO - Processing /workspaces/lab-2/.venv/lib/python3.12/site-packages/airflow/example_dags/example_xcom.py took 0.071 seconds
[2026-08-20T11:07:45.820+0000] {processor.py:186} INFO - Started process (PID=27411) to work on /workspaces/lab-2/.venv/lib/python3.12/site-packages/airflow/example_dags/example_xcom.py
[2026-08-20T11:07:45.821+0000] {processor.py:914} INFO - Processing file /workspaces/lab-2/.venv/lib/python3.12/site-packages/airflow/example_dags/example_xcom.py for tasks to queue
[2026-08-20T11:07:45.823+0000] {logging_mixin.py:190} INFO - [2026-08-20T11:07:45.823+0000] {dagbag.py:588} INFO - Filling up the DagBag from /workspaces/lab-2/.venv/lib/python3.12/site-packages/airflow/example_dags/example_xcom.py
[2026-08-20T11:07:45.831+0000] {processor.py:925} INFO - DAG(s) 'example_xcom' retrieved from /workspaces/lab-2/.venv/lib/python3.12/site-packages/airflow/example_dags/example_xcom.py
[2026-08-20T11:07:45.845+0000] {logging_mixin.py:190} INFO - [2026-08-20T11:07:45.845+0000] {dag.py:3239} INFO - Sync 1 DAGs
[2026-08-20T11:07:45.861+0000] {logging_mixin.py:190} INFO - [2026-08-20T11:07:45.860+0000] {dag.py:4180} INFO - Setting next_dagrun for example_xcom to 2021-01-01 00:00:00+00:00, run_after=2021-01-01 00:00:00+00:00
[2026-08-20T11:07:45.878+0000] {processor.py:208} INFO - Processing /workspaces/lab-2/.venv/lib/python3.12/site-packages/airflow/example_dags/example_xcom.py took 0.063 seconds
[2026-08-20T11:08:40.778+0000] {processor.py:186} INFO - Started process (PID=28672) to work on /workspaces/lab-2/.venv/lib/python3.12/site-packages/airflow/example_dags/example_xcom.py
[2026-08-20T11:08:40.781+0000] {processor.py:914} INFO - Processing file /workspaces/lab-2/.venv/lib/python3.12/site-packages/airflow/example_dags/example_xcom.py for tasks to queue
[2026-08-20T11:08:40.792+0000] {logging_mixin.py:190} INFO - [2026-08-20T11:08:40.789+0000] {dagbag.py:588} INFO - Filling up the DagBag from /workspaces/lab-2/.venv/lib/python3.12/site-packages/airflow/example_dags/example_xcom.py
[2026-08-20T11:08:40.819+0000] {processor.py:925} INFO - DAG(s) 'example_xcom' retrieved from /workspaces/lab-2/.venv/lib/python3.12/site-packages/airflow/example_dags/example_xcom.py
[2026-08-20T11:08:40.857+0000] {logging_mixin.py:190} INFO - [2026-08-20T11:08:40.855+0000] {dag.py:3239} INFO - Sync 1 DAGs
[2026-08-20T11:08:40.896+0000] {logging_mixin.py:190} INFO - [2026-08-20T11:08:40.895+0000] {dag.py:4180} INFO - Setting next_dagrun for example_xcom to 2021-01-01 00:00:00+00:00, run_after=2021-01-01 00:00:00+00:00
[2026-08-20T11:08:40.949+0000] {processor.py:208} INFO - Processing /workspaces/lab-2/.venv/lib/python3.12/site-packages/airflow/example_dags/example_xcom.py took 0.178 seconds
[2026-08-20T11:09:34.785+0000] {processor.py:186} INFO - Started process (PID=29494) to work on /workspaces/lab-2/.venv/lib/python3.12/site-packages/airflow/example_dags/example_xcom.py
[2026-08-20T11:09:34.786+0000] {processor.py:914} INFO - Processing file /workspaces/lab-2/.venv/lib/python3.12/site-packages/airflow/example_dags/example_xcom.py for tasks to queue
[2026-08-20T11:09:34.788+0000] {logging_mixin.py:190} INFO - [2026-08-20T11:09:34.787+0000] {dagbag.py:588} INFO - Filling up the DagBag from /workspaces/lab-2/.venv/lib/python3.12/site-packages/airflow/example_dags/example_xcom.py
[2026-08-20T11:09:34.796+0000] {processor.py:925} INFO - DAG(s) 'example_xcom' retrieved from /workspaces/lab-2/.venv/lib/python3.12/site-packages/airflow/example_dags/example_xcom.py
[2026-08-20T11:09:34.810+0000] {logging_mixin.py:190} INFO - [2026-08-20T11:09:34.810+0000] {dag.py:3239} INFO - Sync 1 DAGs
[2026-08-20T11:09:34.826+0000] {logging_mixin.py:190} INFO - [2026-08-20T11:09:34.826+0000] {dag.py:4180} INFO - Setting next_dagrun for example_xcom to 2021-01-01 00:00:00+00:00, run_after=2021-01-01 00:00:00+00:00
[2026-08-20T11:09:34.849+0000] {processor.py:208} INFO - Processing /workspaces/lab-2/.venv/lib/python3.12/site-packages/airflow/example_dags/example_xcom.py took 0.069 seconds
[2026-08-20T11:10:27.748+0000] {processor.py:186} INFO - Started process (PID=30510) to work on /workspaces/lab-2/.venv/lib/python3.12/site-packages/airflow/example_dags/example_xcom.py
[2026-08-20T11:10:27.749+0000] {processor.py:914} INFO - Processing file /workspaces/lab-2/.venv/lib/python3.12/site-packages/airflow/example_dags/example_xcom.py for tasks to queue
[2026-08-20T11:10:27.751+0000] {logging_mixin.py:190} INFO - [2026-08-20T11:10:27.750+0000] {dagbag.py:588} INFO - Filling up the DagBag from /workspaces/lab-2/.venv/lib/python3.12/site-packages/airflow/example_dags/example_xcom.py
[2026-08-20T11:10:27.760+0000] {processor.py:925} INFO - DAG(s) 'example_xcom' retrieved from /workspaces/lab-2/.venv/lib/python3.12/site-packages/airflow/example_dags/example_xcom.py
[2026-08-20T11:10:27.775+0000] {logging_mixin.py:190} INFO - [2026-08-20T11:10:27.775+0000] {dag.py:3239} INFO - Sync 1 DAGs
[2026-08-20T11:10:27.791+0000] {logging_mixin.py:190} INFO - [2026-08-20T11:10:27.790+0000] {dag.py:4180} INFO - Setting next_dagrun for example_xcom to 2021-01-01 00:00:00+00:00, run_after=2021-01-01 00:00:00+00:00
[2026-08-20T11:10:27.808+0000] {processor.py:208} INFO - Processing /workspaces/lab-2/.venv/lib/python3.12/site-packages/airflow/example_dags/example_xcom.py took 0.065 seconds
[2026-08-20T11:11:17.017+0000] {processor.py:186} INFO - Started process (PID=31259) to work on /workspaces/lab-2/.venv/lib/python3.12/site-packages/airflow/example_dags/example_xcom.py
[2026-08-20T11:11:17.018+0000] {processor.py:914} INFO - Processing file /workspaces/lab-2/.venv/lib/python3.12/site-packages/airflow/example_dags/example_xcom.py for tasks to queue
[2026-08-20T11:11:17.020+0000] {logging_mixin.py:190} INFO - [2026-08-20T11:11:17.020+0000] {dagbag.py:588} INFO - Filling up the DagBag from /workspaces/lab-2/.venv/lib/python3.12/site-packages/airflow/example_dags/example_xcom.py
[2026-08-20T11:11:17.029+0000] {processor.py:925} INFO - DAG(s) 'example_xcom' retrieved from /workspaces/lab-2/.venv/lib/python3.12/site-packages/airflow/example_dags/example_xcom.py
[2026-08-20T11:11:17.044+0000] {logging_mixin.py:190} INFO - [2026-08-20T11:11:17.043+0000] {dag.py:3239} INFO - Sync 1 DAGs
[2026-08-20T11:11:17.059+0000] {logging_mixin.py:190} INFO - [2026-08-20T11:11:17.058+0000] {dag.py:4180} INFO - Setting next_dagrun for example_xcom to 2021-01-01 00:00:00+00:00, run_after=2021-01-01 00:00:00+00:00
[2026-08-20T11:11:17.077+0000] {processor.py:208} INFO - Processing /workspaces/lab-2/.venv/lib/python3.12/site-packages/airflow/example_dags/example_xcom.py took 0.064 seconds
[2026-08-20T11:11:27.637+0000] {processor.py:186} INFO - Started process (PID=31541) to work on /workspaces/lab-2/.venv/lib/python3.12/site-packages/airflow/example_dags/example_xcom.py
[2026-08-20T11:11:27.638+0000] {processor.py:914} INFO - Processing file /workspaces/lab-2/.venv/lib/python3.12/site-packages/airflow/example_dags/example_xcom.py for tasks to queue
[2026-08-20T11:11:27.643+0000] {logging_mixin.py:190} INFO - [2026-08-20T11:11:27.643+0000] {dagbag.py:588} INFO - Filling up the DagBag from /workspaces/lab-2/.venv/lib/python3.12/site-packages/airflow/example_dags/example_xcom.py
[2026-08-20T11:11:27.650+0000] {processor.py:925} INFO - DAG(s) 'example_xcom' retrieved from /workspaces/lab-2/.venv/lib/python3.12/site-packages/airflow/example_dags/example_xcom.py
[2026-08-20T11:11:27.669+0000] {logging_mixin.py:190} INFO - [2026-08-20T11:11:27.669+0000] {dag.py:3239} INFO - Sync 1 DAGs
[2026-08-20T11:11:27.684+0000] {logging_mixin.py:190} INFO - [2026-08-20T11:11:27.684+0000] {dag.py:4180} INFO - Setting next_dagrun for example_xcom to 2021-01-01 00:00:00+00:00, run_after=2021-01-01 00:00:00+00:00
[2026-08-20T11:11:27.703+0000] {processor.py:208} INFO - Processing /workspaces/lab-2/.venv/lib/python3.12/site-packages/airflow/example_dags/example_xcom.py took 0.071 seconds
[2026-08-20T11:12:09.667+0000] {processor.py:186} INFO - Started process (PID=32612) to work on /workspaces/lab-2/.venv/lib/python3.12/site-packages/airflow/example_dags/example_xcom.py
[2026-08-20T11:12:09.667+0000] {processor.py:914} INFO - Processing file /workspaces/lab-2/.venv/lib/python3.12/site-packages/airflow/example_dags/example_xcom.py for tasks to queue
[2026-08-20T11:12:09.669+0000] {logging_mixin.py:190} INFO - [2026-08-20T11:12:09.669+0000] {dagbag.py:588} INFO - Filling up the DagBag from /workspaces/lab-2/.venv/lib/python3.12/site-packages/airflow/example_dags/example_xcom.py
[2026-08-20T11:12:09.677+0000] {processor.py:925} INFO - DAG(s) 'example_xcom' retrieved from /workspaces/lab-2/.venv/lib/python3.12/site-packages/airflow/example_dags/example_xcom.py
[2026-08-20T11:12:09.691+0000] {logging_mixin.py:190} INFO - [2026-08-20T11:12:09.691+0000] {dag.py:3239} INFO - Sync 1 DAGs
[2026-08-20T11:12:09.710+0000] {logging_mixin.py:190} INFO - [2026-08-20T11:12:09.709+0000] {dag.py:4180} INFO - Setting next_dagrun for example_xcom to 2021-01-01 00:00:00+00:00, run_after=2021-01-01 00:00:00+00:00
[2026-08-20T11:12:09.731+0000] {processor.py:208} INFO - Processing /workspaces/lab-2/.venv/lib/python3.12/site-packages/airflow/example_dags/example_xcom.py took 0.069 seconds
[2026-08-20T11:12:22.482+0000] {processor.py:186} INFO - Started process (PID=32813) to work on /workspaces/lab-2/.venv/lib/python3.12/site-packages/airflow/example_dags/example_xcom.py
[2026-08-20T11:12:22.483+0000] {processor.py:914} INFO - Processing file /workspaces/lab-2/.venv/lib/python3.12/site-packages/airflow/example_dags/example_xcom.py for tasks to queue
[2026-08-20T11:12:22.486+0000] {logging_mixin.py:190} INFO - [2026-08-20T11:12:22.485+0000] {dagbag.py:588} INFO - Filling up the DagBag from /workspaces/lab-2/.venv/lib/python3.12/site-packages/airflow/example_dags/example_xcom.py
[2026-08-20T11:12:22.494+0000] {processor.py:925} INFO - DAG(s) 'example_xcom' retrieved from /workspaces/lab-2/.venv/lib/python3.12/site-packages/airflow/example_dags/example_xcom.py
[2026-08-20T11:12:22.508+0000] {logging_mixin.py:190} INFO - [2026-08-20T11:12:22.508+0000] {dag.py:3239} INFO - Sync 1 DAGs
[2026-08-20T11:12:22.523+0000] {logging_mixin.py:190} INFO - [2026-08-20T11:12:22.523+0000] {dag.py:4180} INFO - Setting next_dagrun for example_xcom to 2021-01-01 00:00:00+00:00, run_after=2021-01-01 00:00:00+00:00
[2026-08-20T11:12:22.542+0000] {processor.py:208} INFO - Processing /workspaces/lab-2/.venv/lib/python3.12/site-packages/airflow/example_dags/example_xcom.py took 0.064 seconds
[2026-08-20T11:13:05.232+0000] {processor.py:186} INFO - Started process (PID=33414) to work on /workspaces/lab-2/.venv/lib/python3.12/site-packages/airflow/example_dags/example_xcom.py
[2026-08-20T11:13:05.233+0000] {processor.py:914} INFO - Processing file /workspaces/lab-2/.venv/lib/python3.12/site-packages/airflow/example_dags/example_xcom.py for tasks to queue
[2026-08-20T11:13:05.236+0000] {logging_mixin.py:190} INFO - [2026-08-20T11:13:05.235+0000] {dagbag.py:588} INFO - Filling up the DagBag from /workspaces/lab-2/.venv/lib/python3.12/site-packages/airflow/example_dags/example_xcom.py
[2026-08-20T11:13:05.248+0000] {processor.py:925} INFO - DAG(s) 'example_xcom' retrieved from /workspaces/lab-2/.venv/lib/python3.12/site-packages/airflow/example_dags/example_xcom.py
[2026-08-20T11:13:05.420+0000] {logging_mixin.py:190} INFO - [2026-08-20T11:13:05.420+0000] {dag.py:3239} INFO - Sync 1 DAGs
[2026-08-20T11:13:05.446+0000] {logging_mixin.py:190} INFO - [2026-08-20T11:13:05.446+0000] {dag.py:4180} INFO - Setting next_dagrun for example_xcom to 2021-01-01 00:00:00+00:00, run_after=2021-01-01 00:00:00+00:00
[2026-08-20T11:13:05.470+0000] {processor.py:208} INFO - Processing /workspaces/lab-2/.venv/lib/python3.12/site-packages/airflow/example_dags/example_xcom.py took 0.244 seconds
[2026-08-20T11:13:16.105+0000] {processor.py:186} INFO - Started process (PID=33654) to work on /workspaces/lab-2/.venv/lib/python3.12/site-packages/airflow/example_dags/example_xcom.py
[2026-08-20T11:13:16.105+0000] {processor.py:914} INFO - Processing file /workspaces/lab-2/.venv/lib/python3.12/site-packages/airflow/example_dags/example_xcom.py for tasks to queue
[2026-08-20T11:13:16.108+0000] {logging_mixin.py:190} INFO - [2026-08-20T11:13:16.107+0000] {dagbag.py:588} INFO - Filling up the DagBag from /workspaces/lab-2/.venv/lib/python3.12/site-packages/airflow/example_dags/example_xcom.py
[2026-08-20T11:13:16.116+0000] {processor.py:925} INFO - DAG(s) 'example_xcom' retrieved from /workspaces/lab-2/.venv/lib/python3.12/site-packages/airflow/example_dags/example_xcom.py
[2026-08-20T11:13:16.124+0000] {logging_mixin.py:190} INFO - [2026-08-20T11:13:16.124+0000] {dag.py:3239} INFO - Sync 1 DAGs
[2026-08-20T11:13:16.141+0000] {logging_mixin.py:190} INFO - [2026-08-20T11:13:16.140+0000] {dag.py:4180} INFO - Setting next_dagrun for example_xcom to 2021-01-01 00:00:00+00:00, run_after=2021-01-01 00:00:00+00:00
[2026-08-20T11:13:16.158+0000] {processor.py:208} INFO - Processing /workspaces/lab-2/.venv/lib/python3.12/site-packages/airflow/example_dags/example_xcom.py took 0.058 seconds
[2026-08-20T11:14:07.876+0000] {processor.py:186} INFO - Started process (PID=34847) to work on /workspaces/lab-2/.venv/lib/python3.12/site-packages/airflow/example_dags/example_xcom.py
[2026-08-20T11:14:07.877+0000] {processor.py:914} INFO - Processing file /workspaces/lab-2/.venv/lib/python3.12/site-packages/airflow/example_dags/example_xcom.py for tasks to queue
[2026-08-20T11:14:07.880+0000] {logging_mixin.py:190} INFO - [2026-08-20T11:14:07.879+0000] {dagbag.py:588} INFO - Filling up the DagBag from /workspaces/lab-2/.venv/lib/python3.12/site-packages/airflow/example_dags/example_xcom.py
[2026-08-20T11:14:07.891+0000] {processor.py:925} INFO - DAG(s) 'example_xcom' retrieved from /workspaces/lab-2/.venv/lib/python3.12/site-packages/airflow/example_dags/example_xcom.py
[2026-08-20T11:14:07.924+0000] {logging_mixin.py:190} INFO - [2026-08-20T11:14:07.924+0000] {dag.py:3239} INFO - Sync 1 DAGs
[2026-08-20T11:14:07.962+0000] {logging_mixin.py:190} INFO - [2026-08-20T11:14:07.962+0000] {dag.py:4180} INFO - Setting next_dagrun for example_xcom to 2021-01-01 00:00:00+00:00, run_after=2021-01-01 00:00:00+00:00
[2026-08-20T11:14:07.997+0000] {processor.py:208} INFO - Processing /workspaces/lab-2/.venv/lib/python3.12/site-packages/airflow/example_dags/example_xcom.py took 0.128 seconds
[2026-08-20T11:14:11.794+0000] {processor.py:186} INFO - Started process (PID=34893) to work on /workspaces/lab-2/.venv/lib/python3.12/site-packages/airflow/example_dags/example_xcom.py
[2026-08-20T11:14:11.794+0000] {processor.py:914} INFO - Processing file /workspaces/lab-2/.venv/lib/python3.12/site-packages/airflow/example_dags/example_xcom.py for tasks to queue
[2026-08-20T11:14:11.797+0000] {logging_mixin.py:190} INFO - [2026-08-20T11:14:11.796+0000] {dagbag.py:588} INFO - Filling up the DagBag from /workspaces/lab-2/.venv/lib/python3.12/site-packages/airflow/example_dags/example_xcom.py
[2026-08-20T11:14:11.807+0000] {processor.py:925} INFO - DAG(s) 'example_xcom' retrieved from /workspaces/lab-2/.venv/lib/python3.12/site-packages/airflow/example_dags/example_xcom.py
[2026-08-20T11:14:11.823+0000] {logging_mixin.py:190} INFO - [2026-08-20T11:14:11.823+0000] {dag.py:3239} INFO - Sync 1 DAGs
[2026-08-20T11:14:11.838+0000] {logging_mixin.py:190} INFO - [2026-08-20T11:14:11.838+0000] {dag.py:4180} INFO - Setting next_dagrun for example_xcom to 2021-01-01 00:00:00+00:00, run_after=2021-01-01 00:00:00+00:00
[2026-08-20T11:14:11.856+0000] {processor.py:208} INFO - Processing /workspaces/lab-2/.venv/lib/python3.12/site-packages/airflow/example_dags/example_xcom.py took 0.068 seconds
