[2026-08-20T11:04:36.375+0000] {processor.py:186} INFO - Started process (PID=24754) to work on /workspaces/lab-2/.venv/lib/python3.12/site-packages/airflow/example_dags/example_kubernetes_executor.py
[2026-08-20T11:04:36.376+0000] {processor.py:914} INFO - Processing file /workspaces/lab-2/.venv/lib/python3.12/site-packages/airflow/example_dags/example_kubernetes_executor.py for tasks to queue
[2026-08-20T11:04:36.378+0000] {logging_mixin.py:190} INFO - [2026-08-20T11:04:36.377+0000] {dagbag.py:588} INFO - Filling up the DagBag from /workspaces/lab-2/.venv/lib/python3.12/site-packages/airflow/example_dags/example_kubernetes_executor.py
[2026-08-20T11:04:36.380+0000] {logging_mixin.py:190} INFO - [2026-08-20T11:04:36.380+0000] {example_kubernetes_executor.py:39} WARNING - The example_kubernetes_executor example DAG requires the kubernetes provider. Please install it with: pip install apache-airflow[cncf.kubernetes]
[2026-08-20T11:04:36.380+0000] {processor.py:927} WARNING - No viable dags retrieved from /workspaces/lab-2/.venv/lib/python3.12/site-packages/airflow/example_dags/example_kubernetes_executor.py
[2026-08-20T11:04:36.389+0000] {processor.py:208} INFO - Processing /workspaces/lab-2/.venv/lib/python3.12/site-packages/airflow/example_dags/example_kubernetes_executor.py took 0.018 seconds
[2026-08-20T11:05:38.415+0000] {processor.py:186} INFO - Started process (PID=25594) to work on /workspaces/lab-2/.venv/lib/python3.12/site-packages/airflow/example_dags/example_kubernetes_executor.py
[2026-08-20T11:05:38.416+0000] {processor.py:914} INFO - Processing file /workspaces/lab-2/.venv/lib/python3.12/site-packages/airflow/example_dags/example_kubernetes_executor.py for tasks to queue
[2026-08-20T11:05:38.418+0000] {logging_mixin.py:190} INFO - [2026-08-20T11:05:38.417+0000] {dagbag.py:588} INFO - Filling up the DagBag from /workspaces/lab-2/.venv/lib/python3.12/site-packages/airflow/example_dags/example_kubernetes_executor.py
[2026-08-20T11:05:38.420+0000] {logging_mixin.py:190} INFO - [2026-08-20T11:05:38.420+0000] {example_kubernetes_executor.py:39} WARNING - The example_kubernetes_executor example DAG requires the kubernetes provider. Please install it with: pip install apache-airflow[cncf.kubernetes]
[2026-08-20T11:05:38.420+0000] {processor.py:927} WARNING - No viable dags retrieved from /workspaces/lab-2/.venv/lib/python3.12/site-packages/airflow/example_dags/example_kubernetes_executor.py
[2026-08-20T11:05:38.430+0000] {processor.py:208} INFO - Processing /workspaces/lab-2/.venv/lib/python3.12/site-packages/airflow/example_dags/example_kubernetes_executor.py took 0.019 seconds
[2026-08-20T11:07:17.089+0000] {processor.py:186} INFO - Started process (PID=27127) to work on /workspaces/lab-2/.venv/lib/python3.12/site-packages/airflow/example_dags/example_kubernetes_executor.py
[2026-08-20T11:07:17.090+0000] {processor.py:914} INFO - Processing file /workspaces/lab-2/.venv/lib/python3.12/site-packages/airflow/example_dags/example_kubernetes_executor.py for tasks to queue
[2026-08-20T11:07:17.092+0000] {logging_mixin.py:190} INFO - [2026-08-20T11:07:17.091+0000] {dagbag.py:588} INFO - Filling up the DagBag from /workspaces/lab-2/.venv/lib/python3.12/site-packages/airflow/example_dags/example_kubernetes_executor.py
[2026-08-20T11:07:17.094+0000] {logging_mixin.py:190} INFO - [2026-08-20T11:07:17.094+0000] {example_kubernetes_executor.py:39} WARNING - The example_kubernetes_executor example DAG requires the kubernetes provider. Please install it with: pip install apache-airflow[cncf.kubernetes]
[2026-08-20T11:07:17.094+0000] {processor.py:927} WARNING - No viable dags retrieved from /workspaces/lab-2/.venv/lib/python3.12/site-packages/airflow/example_dags/example_kubernetes_executor.py
[2026-08-20T11:07:17.104+0000] {processor.py:208} INFO - Processing /workspaces/lab-2/.venv/lib/python3.12/site-packages/airflow/example_dags/example_kubernetes_executor.py took 0.019 seconds
[2026-08-20T11:08:15.673+0000] {processor.py:186} INFO - Started process (PID=28328) to work on /workspaces/lab-2/.venv/lib/python3.12/site-packages/airflow/example_dags/example_kubernetes_executor.py
[2026-08-20T11:08:15.674+0000] {processor.py:914} INFO - Processing file /workspaces/lab-2/.venv/lib/python3.12/site-packages/airflow/example_dags/example_kubernetes_executor.py for tasks to queue
[2026-08-20T11:08:15.676+0000] {logging_mixin.py:190} INFO - [2026-08-20T11:08:15.675+0000] {dagbag.py:588} INFO - Filling up the DagBag from /workspaces/lab-2/.venv/lib/python3.12/site-packages/airflow/example_dags/example_kubernetes_executor.py
[2026-08-20T11:08:15.678+0000] {logging_mixin.py:190} INFO - [2026-08-20T11:08:15.678+0000] {example_kubernetes_executor.py:39} WARNING - The example_kubernetes_executor example DAG requires the kubernetes provider. Please install it with: pip install apache-airflow[cncf.kubernetes]
[2026-08-20T11:08:15.678+0000] {processor.py:927} WARNING - No viable dags retrieved from /workspaces/lab-2/.venv/lib/python3.12/site-packages/airflow/example_dags/example_kubernetes_executor.py
[2026-08-20T11:08:15.688+0000] {processor.py:208} INFO - Processing /workspaces/lab-2/.venv/lib/python3.12/site-packages/airflow/example_dags/example_kubernetes_executor.py took 0.020 seconds
[2026-08-20T11:09:10.048+0000] {processor.py:186} INFO - Started process (PID=29103) to work on /workspaces/lab-2/.venv/lib/python3.12/site-packages/airflow/example_dags/example_kubernetes_executor.py
[2026-08-20T11:09:10.049+0000] {processor.py:914} INFO - Processing file /workspaces/lab-2/.venv/lib/python3.12/site-packages/airflow/example_dags/example_kubernetes_executor.py for tasks to queue
[2026-08-20T11:09:10.051+0000] {logging_mixin.py:190} INFO - [2026-08-20T11:09:10.051+0000] {dagbag.py:588} INFO - Filling up the DagBag from /workspaces/lab-2/.venv/lib/python3.12/site-packages/airflow/example_dags/example_kubernetes_executor.py
[2026-08-20T11:09:10.055+0000] {logging_mixin.py:190} INFO - [2026-08-20T11:09:10.054+0000] {example_kubernetes_executor.py:39} WARNING - The example_kubernetes_executor example DAG requires the kubernetes provider. Please install it with: pip install apache-airflow[cncf.kubernetes]
[2026-08-20T11:09:10.055+0000] {processor.py:927} WARNING - No viable dags retrieved from /workspaces/lab-2/.venv/lib/python3.12/site-packages/airflow/example_dags/example_kubernetes_executor.py
[2026-08-20T11:09:10.068+0000] {processor.py:208} INFO - Processing /workspaces/lab-2/.venv/lib/python3.12/site-packages/airflow/example_dags/example_kubernetes_executor.py took 0.026 seconds
[2026-08-20T11:10:04.258+0000] {processor.py:186} INFO - Started process (PID=30057) to work on /workspaces/lab-2/.venv/lib/python3.12/site-packages/airflow/example_dags/example_kubernetes_executor.py
[2026-08-20T11:10:04.259+0000] {processor.py:914} INFO - Processing file /workspaces/lab-2/.venv/lib/python3.12/site-packages/airflow/example_dags/example_kubernetes_executor.py for tasks to queue
[2026-08-20T11:10:04.262+0000] {logging_mixin.py:190} INFO - [2026-08-20T11:10:04.262+0000] {dagbag.py:588} INFO - Filling up the DagBag from /workspaces/lab-2/.venv/lib/python3.12/site-packages/airflow/example_dags/example_kubernetes_executor.py
[2026-08-20T11:10:04.265+0000] {logging_mixin.py:190} INFO - [2026-08-20T11:10:04.265+0000] {example_kubernetes_executor.py:39} WARNING - The example_kubernetes_executor example DAG requires the kubernetes provider. Please install it with: pip install apache-airflow[cncf.kubernetes]
[2026-08-20T11:10:04.266+0000] {processor.py:927} WARNING - No viable dags retrieved from /workspaces/lab-2/.venv/lib/python3.12/site-packages/airflow/example_dags/example_kubernetes_executor.py
[2026-08-20T11:10:04.279+0000] {processor.py:208} INFO - Processing /workspaces/lab-2/.venv/lib/python3.12/site-packages/airflow/example_dags/example_kubernetes_executor.py took 0.027 seconds
[2026-08-20T11:10:57.153+0000] {processor.py:186} INFO - Started process (PID=30913) to work on /workspaces/lab-2/.venv/lib/python3.12/site-packages/airflow/example_dags/example_kubernetes_executor.py
[2026-08-20T11:10:57.154+0000] {processor.py:914} INFO - Processing file /workspaces/lab-2/.venv/lib/python3.12/site-packages/airflow/example_dags/example_kubernetes_executor.py for tasks to queue
[2026-08-20T11:10:57.156+0000] {logging_mixin.py:190} INFO - [2026-08-20T11:10:57.155+0000] {dagbag.py:588} INFO - Filling up the DagBag from /workspaces/lab-2/.venv/lib/python3.12/site-packages/airflow/example_dags/example_kubernetes_executor.py
[2026-08-20T11:10:57.158+0000] {logging_mixin.py:190} INFO - [2026-08-20T11:10:57.158+0000] {example_kubernetes_executor.py:39} WARNING - The example_kubernetes_executor example DAG requires the kubernetes provider. Please install it with: pip install apache-airflow[cncf.kubernetes]
[2026-08-20T11:10:57.158+0000] {processor.py:927} WARNING - No viable dags retrieved from /workspaces/lab-2/.venv/lib/python3.12/site-packages/airflow/example_dags/example_kubernetes_executor.py
[2026-08-20T11:10:57.168+0000] {processor.py:208} INFO - Processing /workspaces/lab-2/.venv/lib/python3.12/site-packages/airflow/example_dags/example_kubernetes_executor.py took 0.021 seconds
[2026-08-20T11:11:50.088+0000] {processor.py:186} INFO - Started process (PID=31860) to work on /workspaces/lab-2/.venv/lib/python3.12/site-packages/airflow/example_dags/example_kubernetes_executor.py
[2026-08-20T11:11:50.089+0000] {processor.py:914} INFO - Processing file /workspaces/lab-2/.venv/lib/python3.12/site-packages/airflow/example_dags/example_kubernetes_executor.py for tasks to queue
[2026-08-20T11:11:50.092+0000] {logging_mixin.py:190} INFO - [2026-08-20T11:11:50.091+0000] {dagbag.py:588} INFO - Filling up the DagBag from /workspaces/lab-2/.venv/lib/python3.12/site-packages/airflow/example_dags/example_kubernetes_executor.py
[2026-08-20T11:11:50.095+0000] {logging_mixin.py:190} INFO - [2026-08-20T11:11:50.095+0000] {example_kubernetes_executor.py:39} WARNING - The example_kubernetes_executor example DAG requires the kubernetes provider. Please install it with: pip install apache-airflow[cncf.kubernetes]
[2026-08-20T11:11:50.095+0000] {processor.py:927} WARNING - No viable dags retrieved from /workspaces/lab-2/.venv/lib/python3.12/site-packages/airflow/example_dags/example_kubernetes_executor.py
[2026-08-20T11:11:50.107+0000] {processor.py:208} INFO - Processing /workspaces/lab-2/.venv/lib/python3.12/site-packages/airflow/example_dags/example_kubernetes_executor.py took 0.024 seconds
[2026-08-20T11:11:53.517+0000] {processor.py:186} INFO - Started process (PID=31895) to work on /workspaces/lab-2/.venv/lib/python3.12/site-packages/airflow/example_dags/example_kubernetes_executor.py
[2026-08-20T11:11:53.518+0000] {processor.py:914} INFO - Processing file /workspaces/lab-2/.venv/lib/python3.12/site-packages/airflow/example_dags/example_kubernetes_executor.py for tasks to queue
[2026-08-20T11:11:53.521+0000] {logging_mixin.py:190} INFO - [2026-08-20T11:11:53.520+0000] {dagbag.py:588} INFO - Filling up the DagBag from /workspaces/lab-2/.venv/lib/python3.12/site-packages/airflow/example_dags/example_kubernetes_executor.py
[2026-08-20T11:11:53.524+0000] {logging_mixin.py:190} INFO - [2026-08-20T11:11:53.524+0000] {example_kubernetes_executor.py:39} WARNING - The example_kubernetes_executor example DAG requires the kubernetes provider. Please install it with: pip install apache-airflow[cncf.kubernetes]
[2026-08-20T11:11:53.526+0000] {processor.py:927} WARNING - No viable dags retrieved from /workspaces/lab-2/.venv/lib/python3.12/site-packages/airflow/example_dags/example_kubernetes_executor.py
[2026-08-20T11:11:53.545+0000] {processor.py:208} INFO - Processing /workspaces/lab-2/.venv/lib/python3.12/site-packages/airflow/example_dags/example_kubernetes_executor.py took 0.034 seconds
[2026-08-20T11:12:44.366+0000] {processor.py:186} INFO - Started process (PID=33101) to work on /workspaces/lab-2/.venv/lib/python3.12/site-packages/airflow/example_dags/example_kubernetes_executor.py
[2026-08-20T11:12:44.367+0000] {processor.py:914} INFO - Processing file /workspaces/lab-2/.venv/lib/python3.12/site-packages/airflow/example_dags/example_kubernetes_executor.py for tasks to queue
[2026-08-20T11:12:44.369+0000] {logging_mixin.py:190} INFO - [2026-08-20T11:12:44.369+0000] {dagbag.py:588} INFO - Filling up the DagBag from /workspaces/lab-2/.venv/lib/python3.12/site-packages/airflow/example_dags/example_kubernetes_executor.py
[2026-08-20T11:12:44.372+0000] {logging_mixin.py:190} INFO - [2026-08-20T11:12:44.372+0000] {example_kubernetes_executor.py:39} WARNING - The example_kubernetes_executor example DAG requires the kubernetes provider. Please install it with: pip install apache-airflow[cncf.kubernetes]
[2026-08-20T11:12:44.372+0000] {processor.py:927} WARNING - No viable dags retrieved from /workspaces/lab-2/.venv/lib/python3.12/site-packages/airflow/example_dags/example_kubernetes_executor.py
[2026-08-20T11:12:44.388+0000] {processor.py:208} INFO - Processing /workspaces/lab-2/.venv/lib/python3.12/site-packages/airflow/example_dags/example_kubernetes_executor.py took 0.028 seconds
[2026-08-20T11:12:49.490+0000] {processor.py:186} INFO - Started process (PID=33198) to work on /workspaces/lab-2/.venv/lib/python3.12/site-packages/airflow/example_dags/example_kubernetes_executor.py
[2026-08-20T11:12:49.491+0000] {processor.py:914} INFO - Processing file /workspaces/lab-2/.venv/lib/python3.12/site-packages/airflow/example_dags/example_kubernetes_executor.py for tasks to queue
[2026-08-20T11:12:49.493+0000] {logging_mixin.py:190} INFO - [2026-08-20T11:12:49.492+0000] {dagbag.py:588} INFO - Filling up the DagBag from /workspaces/lab-2/.venv/lib/python3.12/site-packages/airflow/example_dags/example_kubernetes_executor.py
[2026-08-20T11:12:49.495+0000] {logging_mixin.py:190} INFO - [2026-08-20T11:12:49.495+0000] {example_kubernetes_executor.py:39} WARNING - The example_kubernetes_executor example DAG requires the kubernetes provider. Please install it with: pip install apache-airflow[cncf.kubernetes]
[2026-08-20T11:12:49.495+0000] {processor.py:927} WARNING - No viable dags retrieved from /workspaces/lab-2/.venv/lib/python3.12/site-packages/airflow/example_dags/example_kubernetes_executor.py
[2026-08-20T11:12:49.505+0000] {processor.py:208} INFO - Processing /workspaces/lab-2/.venv/lib/python3.12/site-packages/airflow/example_dags/example_kubernetes_executor.py took 0.019 seconds
[2026-08-20T11:13:45.168+0000] {processor.py:186} INFO - Started process (PID=34577) to work on /workspaces/lab-2/.venv/lib/python3.12/site-packages/airflow/example_dags/example_kubernetes_executor.py
[2026-08-20T11:13:45.168+0000] {processor.py:914} INFO - Processing file /workspaces/lab-2/.venv/lib/python3.12/site-packages/airflow/example_dags/example_kubernetes_executor.py for tasks to queue
[2026-08-20T11:13:45.170+0000] {logging_mixin.py:190} INFO - [2026-08-20T11:13:45.170+0000] {dagbag.py:588} INFO - Filling up the DagBag from /workspaces/lab-2/.venv/lib/python3.12/site-packages/airflow/example_dags/example_kubernetes_executor.py
[2026-08-20T11:13:45.172+0000] {logging_mixin.py:190} INFO - [2026-08-20T11:13:45.172+0000] {example_kubernetes_executor.py:39} WARNING - The example_kubernetes_executor example DAG requires the kubernetes provider. Please install it with: pip install apache-airflow[cncf.kubernetes]
[2026-08-20T11:13:45.173+0000] {processor.py:927} WARNING - No viable dags retrieved from /workspaces/lab-2/.venv/lib/python3.12/site-packages/airflow/example_dags/example_kubernetes_executor.py
[2026-08-20T11:13:45.182+0000] {processor.py:208} INFO - Processing /workspaces/lab-2/.venv/lib/python3.12/site-packages/airflow/example_dags/example_kubernetes_executor.py took 0.019 seconds
[2026-08-20T11:13:48.869+0000] {processor.py:186} INFO - Started process (PID=34636) to work on /workspaces/lab-2/.venv/lib/python3.12/site-packages/airflow/example_dags/example_kubernetes_executor.py
[2026-08-20T11:13:48.871+0000] {processor.py:914} INFO - Processing file /workspaces/lab-2/.venv/lib/python3.12/site-packages/airflow/example_dags/example_kubernetes_executor.py for tasks to queue
[2026-08-20T11:13:48.874+0000] {logging_mixin.py:190} INFO - [2026-08-20T11:13:48.874+0000] {dagbag.py:588} INFO - Filling up the DagBag from /workspaces/lab-2/.venv/lib/python3.12/site-packages/airflow/example_dags/example_kubernetes_executor.py
[2026-08-20T11:13:48.877+0000] {logging_mixin.py:190} INFO - [2026-08-20T11:13:48.877+0000] {example_kubernetes_executor.py:39} WARNING - The example_kubernetes_executor example DAG requires the kubernetes provider. Please install it with: pip install apache-airflow[cncf.kubernetes]
[2026-08-20T11:13:48.877+0000] {processor.py:927} WARNING - No viable dags retrieved from /workspaces/lab-2/.venv/lib/python3.12/site-packages/airflow/example_dags/example_kubernetes_executor.py
[2026-08-20T11:13:48.912+0000] {processor.py:208} INFO - Processing /workspaces/lab-2/.venv/lib/python3.12/site-packages/airflow/example_dags/example_kubernetes_executor.py took 0.057 seconds
[2026-08-20T11:14:46.379+0000] {processor.py:186} INFO - Started process (PID=35742) to work on /workspaces/lab-2/.venv/lib/python3.12/site-packages/airflow/example_dags/example_kubernetes_executor.py
[2026-08-20T11:14:46.380+0000] {processor.py:914} INFO - Processing file /workspaces/lab-2/.venv/lib/python3.12/site-packages/airflow/example_dags/example_kubernetes_executor.py for tasks to queue
[2026-08-20T11:14:46.382+0000] {logging_mixin.py:190} INFO - [2026-08-20T11:14:46.382+0000] {dagbag.py:588} INFO - Filling up the DagBag from /workspaces/lab-2/.venv/lib/python3.12/site-packages/airflow/example_dags/example_kubernetes_executor.py
[2026-08-20T11:14:46.385+0000] {logging_mixin.py:190} INFO - [2026-08-20T11:14:46.385+0000] {example_kubernetes_executor.py:39} WARNING - The example_kubernetes_executor example DAG requires the kubernetes provider. Please install it with: pip install apache-airflow[cncf.kubernetes]
[2026-08-20T11:14:46.386+0000] {processor.py:927} WARNING - No viable dags retrieved from /workspaces/lab-2/.venv/lib/python3.12/site-packages/airflow/example_dags/example_kubernetes_executor.py
[2026-08-20T11:14:46.403+0000] {processor.py:208} INFO - Processing /workspaces/lab-2/.venv/lib/python3.12/site-packages/airflow/example_dags/example_kubernetes_executor.py took 0.030 seconds
[2026-08-20T11:17:12.916+0000] {processor.py:186} INFO - Started process (PID=40188) to work on /workspaces/lab-2/.venv/lib/python3.12/site-packages/airflow/example_dags/example_kubernetes_executor.py
[2026-08-20T11:17:12.919+0000] {processor.py:914} INFO - Processing file /workspaces/lab-2/.venv/lib/python3.12/site-packages/airflow/example_dags/example_kubernetes_executor.py for tasks to queue
[2026-08-20T11:17:12.933+0000] {logging_mixin.py:190} INFO - [2026-08-20T11:17:12.933+0000] {dagbag.py:588} INFO - Filling up the DagBag from /workspaces/lab-2/.venv/lib/python3.12/site-packages/airflow/example_dags/example_kubernetes_executor.py
[2026-08-20T11:17:12.941+0000] {logging_mixin.py:190} INFO - [2026-08-20T11:17:12.941+0000] {example_kubernetes_executor.py:39} WARNING - The example_kubernetes_executor example DAG requires the kubernetes provider. Please install it with: pip install apache-airflow[cncf.kubernetes]
[2026-08-20T11:17:12.948+0000] {processor.py:927} WARNING - No viable dags retrieved from /workspaces/lab-2/.venv/lib/python3.12/site-packages/airflow/example_dags/example_kubernetes_executor.py
[2026-08-20T11:17:12.998+0000] {processor.py:208} INFO - Processing /workspaces/lab-2/.venv/lib/python3.12/site-packages/airflow/example_dags/example_kubernetes_executor.py took 0.110 seconds
