[2026-08-20T11:04:40.095+0000] {processor.py:186} INFO - Started process (PID=24827) to work on /workspaces/lab-2/.venv/lib/python3.12/site-packages/airflow/example_dags/example_datasets.py
[2026-08-20T11:04:40.096+0000] {processor.py:914} INFO - Processing file /workspaces/lab-2/.venv/lib/python3.12/site-packages/airflow/example_dags/example_datasets.py for tasks to queue
[2026-08-20T11:04:40.097+0000] {logging_mixin.py:190} INFO - [2026-08-20T11:04:40.097+0000] {dagbag.py:588} INFO - Filling up the DagBag from /workspaces/lab-2/.venv/lib/python3.12/site-packages/airflow/example_dags/example_datasets.py
[2026-08-20T11:04:40.110+0000] {processor.py:925} INFO - DAG(s) 'conditional_dataset_and_time_based_timetable', 'dataset_consumes_1_and_2', 'consume_1_and_2_with_dataset_expressions', 'consume_1_or_both_2_and_3_with_dataset_expressions', 'dataset_consumes_unknown_never_scheduled', 'dataset_produces_1', 'dataset_produces_2', 'dataset_consumes_1_never_scheduled', 'dataset_consumes_1', 'consume_1_or_2_with_dataset_expressions' retrieved from /workspaces/lab-2/.venv/lib/python3.12/site-packages/airflow/example_dags/example_datasets.py
[2026-08-20T11:04:40.201+0000] {logging_mixin.py:190} INFO - [2026-08-20T11:04:40.200+0000] {override.py:1900} INFO - Created Permission View: can edit on DAG:conditional_dataset_and_time_based_timetable
[2026-08-20T11:04:40.212+0000] {logging_mixin.py:190} INFO - [2026-08-20T11:04:40.212+0000] {override.py:1900} INFO - Created Permission View: can read on DAG:conditional_dataset_and_time_based_timetable
[2026-08-20T11:04:40.221+0000] {logging_mixin.py:190} INFO - [2026-08-20T11:04:40.221+0000] {override.py:1900} INFO - Created Permission View: can delete on DAG:conditional_dataset_and_time_based_timetable
[2026-08-20T11:04:40.234+0000] {logging_mixin.py:190} INFO - [2026-08-20T11:04:40.234+0000] {override.py:1900} INFO - Created Permission View: can create on DAG Run:conditional_dataset_and_time_based_timetable
[2026-08-20T11:04:40.245+0000] {logging_mixin.py:190} INFO - [2026-08-20T11:04:40.245+0000] {override.py:1900} INFO - Created Permission View: can read on DAG Run:conditional_dataset_and_time_based_timetable
[2026-08-20T11:04:40.254+0000] {logging_mixin.py:190} INFO - [2026-08-20T11:04:40.254+0000] {override.py:1900} INFO - Created Permission View: menu access on DAG Run:conditional_dataset_and_time_based_timetable
[2026-08-20T11:04:40.266+0000] {logging_mixin.py:190} INFO - [2026-08-20T11:04:40.266+0000] {override.py:1900} INFO - Created Permission View: can delete on DAG Run:conditional_dataset_and_time_based_timetable
[2026-08-20T11:04:40.284+0000] {logging_mixin.py:190} INFO - [2026-08-20T11:04:40.284+0000] {override.py:1900} INFO - Created Permission View: can edit on DAG:dataset_consumes_1_and_2
[2026-08-20T11:04:40.291+0000] {logging_mixin.py:190} INFO - [2026-08-20T11:04:40.290+0000] {override.py:1900} INFO - Created Permission View: can read on DAG:dataset_consumes_1_and_2
[2026-08-20T11:04:40.298+0000] {logging_mixin.py:190} INFO - [2026-08-20T11:04:40.298+0000] {override.py:1900} INFO - Created Permission View: can delete on DAG:dataset_consumes_1_and_2
[2026-08-20T11:04:40.311+0000] {logging_mixin.py:190} INFO - [2026-08-20T11:04:40.311+0000] {override.py:1900} INFO - Created Permission View: can create on DAG Run:dataset_consumes_1_and_2
[2026-08-20T11:04:40.317+0000] {logging_mixin.py:190} INFO - [2026-08-20T11:04:40.317+0000] {override.py:1900} INFO - Created Permission View: can read on DAG Run:dataset_consumes_1_and_2
[2026-08-20T11:04:40.325+0000] {logging_mixin.py:190} INFO - [2026-08-20T11:04:40.325+0000] {override.py:1900} INFO - Created Permission View: menu access on DAG Run:dataset_consumes_1_and_2
[2026-08-20T11:04:40.331+0000] {logging_mixin.py:190} INFO - [2026-08-20T11:04:40.331+0000] {override.py:1900} INFO - Created Permission View: can delete on DAG Run:dataset_consumes_1_and_2
[2026-08-20T11:04:40.350+0000] {logging_mixin.py:190} INFO - [2026-08-20T11:04:40.350+0000] {override.py:1900} INFO - Created Permission View: can edit on DAG:consume_1_and_2_with_dataset_expressions
[2026-08-20T11:04:40.357+0000] {logging_mixin.py:190} INFO - [2026-08-20T11:04:40.357+0000] {override.py:1900} INFO - Created Permission View: can read on DAG:consume_1_and_2_with_dataset_expressions
[2026-08-20T11:04:40.364+0000] {logging_mixin.py:190} INFO - [2026-08-20T11:04:40.364+0000] {override.py:1900} INFO - Created Permission View: can delete on DAG:consume_1_and_2_with_dataset_expressions
[2026-08-20T11:04:40.375+0000] {logging_mixin.py:190} INFO - [2026-08-20T11:04:40.375+0000] {override.py:1900} INFO - Created Permission View: can create on DAG Run:consume_1_and_2_with_dataset_expressions
[2026-08-20T11:04:40.383+0000] {logging_mixin.py:190} INFO - [2026-08-20T11:04:40.383+0000] {override.py:1900} INFO - Created Permission View: can read on DAG Run:consume_1_and_2_with_dataset_expressions
[2026-08-20T11:04:40.390+0000] {logging_mixin.py:190} INFO - [2026-08-20T11:04:40.390+0000] {override.py:1900} INFO - Created Permission View: menu access on DAG Run:consume_1_and_2_with_dataset_expressions
[2026-08-20T11:04:40.397+0000] {logging_mixin.py:190} INFO - [2026-08-20T11:04:40.397+0000] {override.py:1900} INFO - Created Permission View: can delete on DAG Run:consume_1_and_2_with_dataset_expressions
[2026-08-20T11:04:40.413+0000] {logging_mixin.py:190} INFO - [2026-08-20T11:04:40.412+0000] {override.py:1900} INFO - Created Permission View: can edit on DAG:consume_1_or_both_2_and_3_with_dataset_expressions
[2026-08-20T11:04:40.419+0000] {logging_mixin.py:190} INFO - [2026-08-20T11:04:40.419+0000] {override.py:1900} INFO - Created Permission View: can read on DAG:consume_1_or_both_2_and_3_with_dataset_expressions
[2026-08-20T11:04:40.426+0000] {logging_mixin.py:190} INFO - [2026-08-20T11:04:40.426+0000] {override.py:1900} INFO - Created Permission View: can delete on DAG:consume_1_or_both_2_and_3_with_dataset_expressions
[2026-08-20T11:04:40.438+0000] {logging_mixin.py:190} INFO - [2026-08-20T11:04:40.438+0000] {override.py:1900} INFO - Created Permission View: can create on DAG Run:consume_1_or_both_2_and_3_with_dataset_expressions
[2026-08-20T11:04:40.444+0000] {logging_mixin.py:190} INFO - [2026-08-20T11:04:40.444+0000] {override.py:1900} INFO - Created Permission View: can read on DAG Run:consume_1_or_both_2_and_3_with_dataset_expressions
[2026-08-20T11:04:40.451+0000] {logging_mixin.py:190} INFO - [2026-08-20T11:04:40.451+0000] {override.py:1900} INFO - Created Permission View: menu access on DAG Run:consume_1_or_both_2_and_3_with_dataset_expressions
[2026-08-20T11:04:40.458+0000] {logging_mixin.py:190} INFO - [2026-08-20T11:04:40.458+0000] {override.py:1900} INFO - Created Permission View: can delete on DAG Run:consume_1_or_both_2_and_3_with_dataset_expressions
[2026-08-20T11:04:40.473+0000] {logging_mixin.py:190} INFO - [2026-08-20T11:04:40.473+0000] {override.py:1900} INFO - Created Permission View: can edit on DAG:dataset_consumes_unknown_never_scheduled
[2026-08-20T11:04:40.480+0000] {logging_mixin.py:190} INFO - [2026-08-20T11:04:40.480+0000] {override.py:1900} INFO - Created Permission View: can read on DAG:dataset_consumes_unknown_never_scheduled
[2026-08-20T11:04:40.487+0000] {logging_mixin.py:190} INFO - [2026-08-20T11:04:40.487+0000] {override.py:1900} INFO - Created Permission View: can delete on DAG:dataset_consumes_unknown_never_scheduled
[2026-08-20T11:04:40.497+0000] {logging_mixin.py:190} INFO - [2026-08-20T11:04:40.497+0000] {override.py:1900} INFO - Created Permission View: can create on DAG Run:dataset_consumes_unknown_never_scheduled
[2026-08-20T11:04:40.503+0000] {logging_mixin.py:190} INFO - [2026-08-20T11:04:40.503+0000] {override.py:1900} INFO - Created Permission View: can read on DAG Run:dataset_consumes_unknown_never_scheduled
[2026-08-20T11:04:40.510+0000] {logging_mixin.py:190} INFO - [2026-08-20T11:04:40.510+0000] {override.py:1900} INFO - Created Permission View: menu access on DAG Run:dataset_consumes_unknown_never_scheduled
[2026-08-20T11:04:40.517+0000] {logging_mixin.py:190} INFO - [2026-08-20T11:04:40.517+0000] {override.py:1900} INFO - Created Permission View: can delete on DAG Run:dataset_consumes_unknown_never_scheduled
[2026-08-20T11:04:40.533+0000] {logging_mixin.py:190} INFO - [2026-08-20T11:04:40.533+0000] {override.py:1900} INFO - Created Permission View: can edit on DAG:dataset_produces_1
[2026-08-20T11:04:40.540+0000] {logging_mixin.py:190} INFO - [2026-08-20T11:04:40.540+0000] {override.py:1900} INFO - Created Permission View: can read on DAG:dataset_produces_1
[2026-08-20T11:04:40.547+0000] {logging_mixin.py:190} INFO - [2026-08-20T11:04:40.547+0000] {override.py:1900} INFO - Created Permission View: can delete on DAG:dataset_produces_1
[2026-08-20T11:04:40.562+0000] {logging_mixin.py:190} INFO - [2026-08-20T11:04:40.561+0000] {override.py:1900} INFO - Created Permission View: can create on DAG Run:dataset_produces_1
[2026-08-20T11:04:40.568+0000] {logging_mixin.py:190} INFO - [2026-08-20T11:04:40.568+0000] {override.py:1900} INFO - Created Permission View: can read on DAG Run:dataset_produces_1
[2026-08-20T11:04:40.575+0000] {logging_mixin.py:190} INFO - [2026-08-20T11:04:40.575+0000] {override.py:1900} INFO - Created Permission View: menu access on DAG Run:dataset_produces_1
[2026-08-20T11:04:40.583+0000] {logging_mixin.py:190} INFO - [2026-08-20T11:04:40.583+0000] {override.py:1900} INFO - Created Permission View: can delete on DAG Run:dataset_produces_1
[2026-08-20T11:04:40.600+0000] {logging_mixin.py:190} INFO - [2026-08-20T11:04:40.600+0000] {override.py:1900} INFO - Created Permission View: can edit on DAG:dataset_produces_2
[2026-08-20T11:04:40.607+0000] {logging_mixin.py:190} INFO - [2026-08-20T11:04:40.606+0000] {override.py:1900} INFO - Created Permission View: can read on DAG:dataset_produces_2
[2026-08-20T11:04:40.613+0000] {logging_mixin.py:190} INFO - [2026-08-20T11:04:40.613+0000] {override.py:1900} INFO - Created Permission View: can delete on DAG:dataset_produces_2
[2026-08-20T11:04:40.625+0000] {logging_mixin.py:190} INFO - [2026-08-20T11:04:40.624+0000] {override.py:1900} INFO - Created Permission View: can create on DAG Run:dataset_produces_2
[2026-08-20T11:04:40.632+0000] {logging_mixin.py:190} INFO - [2026-08-20T11:04:40.632+0000] {override.py:1900} INFO - Created Permission View: can read on DAG Run:dataset_produces_2
[2026-08-20T11:04:40.639+0000] {logging_mixin.py:190} INFO - [2026-08-20T11:04:40.639+0000] {override.py:1900} INFO - Created Permission View: menu access on DAG Run:dataset_produces_2
[2026-08-20T11:04:40.645+0000] {logging_mixin.py:190} INFO - [2026-08-20T11:04:40.645+0000] {override.py:1900} INFO - Created Permission View: can delete on DAG Run:dataset_produces_2
[2026-08-20T11:04:40.660+0000] {logging_mixin.py:190} INFO - [2026-08-20T11:04:40.660+0000] {override.py:1900} INFO - Created Permission View: can edit on DAG:dataset_consumes_1_never_scheduled
[2026-08-20T11:04:40.667+0000] {logging_mixin.py:190} INFO - [2026-08-20T11:04:40.667+0000] {override.py:1900} INFO - Created Permission View: can read on DAG:dataset_consumes_1_never_scheduled
[2026-08-20T11:04:40.674+0000] {logging_mixin.py:190} INFO - [2026-08-20T11:04:40.674+0000] {override.py:1900} INFO - Created Permission View: can delete on DAG:dataset_consumes_1_never_scheduled
[2026-08-20T11:04:40.685+0000] {logging_mixin.py:190} INFO - [2026-08-20T11:04:40.685+0000] {override.py:1900} INFO - Created Permission View: can create on DAG Run:dataset_consumes_1_never_scheduled
[2026-08-20T11:04:40.691+0000] {logging_mixin.py:190} INFO - [2026-08-20T11:04:40.691+0000] {override.py:1900} INFO - Created Permission View: can read on DAG Run:dataset_consumes_1_never_scheduled
[2026-08-20T11:04:40.699+0000] {logging_mixin.py:190} INFO - [2026-08-20T11:04:40.699+0000] {override.py:1900} INFO - Created Permission View: menu access on DAG Run:dataset_consumes_1_never_scheduled
[2026-08-20T11:04:40.705+0000] {logging_mixin.py:190} INFO - [2026-08-20T11:04:40.705+0000] {override.py:1900} INFO - Created Permission View: can delete on DAG Run:dataset_consumes_1_never_scheduled
[2026-08-20T11:04:40.720+0000] {logging_mixin.py:190} INFO - [2026-08-20T11:04:40.720+0000] {override.py:1900} INFO - Created Permission View: can edit on DAG:dataset_consumes_1
[2026-08-20T11:04:40.727+0000] {logging_mixin.py:190} INFO - [2026-08-20T11:04:40.727+0000] {override.py:1900} INFO - Created Permission View: can read on DAG:dataset_consumes_1
[2026-08-20T11:04:40.733+0000] {logging_mixin.py:190} INFO - [2026-08-20T11:04:40.733+0000] {override.py:1900} INFO - Created Permission View: can delete on DAG:dataset_consumes_1
[2026-08-20T11:04:40.745+0000] {logging_mixin.py:190} INFO - [2026-08-20T11:04:40.744+0000] {override.py:1900} INFO - Created Permission View: can create on DAG Run:dataset_consumes_1
[2026-08-20T11:04:40.753+0000] {logging_mixin.py:190} INFO - [2026-08-20T11:04:40.753+0000] {override.py:1900} INFO - Created Permission View: can read on DAG Run:dataset_consumes_1
[2026-08-20T11:04:40.760+0000] {logging_mixin.py:190} INFO - [2026-08-20T11:04:40.760+0000] {override.py:1900} INFO - Created Permission View: menu access on DAG Run:dataset_consumes_1
[2026-08-20T11:04:40.769+0000] {logging_mixin.py:190} INFO - [2026-08-20T11:04:40.769+0000] {override.py:1900} INFO - Created Permission View: can delete on DAG Run:dataset_consumes_1
[2026-08-20T11:04:40.784+0000] {logging_mixin.py:190} INFO - [2026-08-20T11:04:40.784+0000] {override.py:1900} INFO - Created Permission View: can edit on DAG:consume_1_or_2_with_dataset_expressions
[2026-08-20T11:04:40.791+0000] {logging_mixin.py:190} INFO - [2026-08-20T11:04:40.791+0000] {override.py:1900} INFO - Created Permission View: can read on DAG:consume_1_or_2_with_dataset_expressions
[2026-08-20T11:04:40.797+0000] {logging_mixin.py:190} INFO - [2026-08-20T11:04:40.797+0000] {override.py:1900} INFO - Created Permission View: can delete on DAG:consume_1_or_2_with_dataset_expressions
[2026-08-20T11:04:40.808+0000] {logging_mixin.py:190} INFO - [2026-08-20T11:04:40.808+0000] {override.py:1900} INFO - Created Permission View: can create on DAG Run:consume_1_or_2_with_dataset_expressions
[2026-08-20T11:04:40.814+0000] {logging_mixin.py:190} INFO - [2026-08-20T11:04:40.814+0000] {override.py:1900} INFO - Created Permission View: can read on DAG Run:consume_1_or_2_with_dataset_expressions
[2026-08-20T11:04:40.824+0000] {logging_mixin.py:190} INFO - [2026-08-20T11:04:40.824+0000] {override.py:1900} INFO - Created Permission View: menu access on DAG Run:consume_1_or_2_with_dataset_expressions
[2026-08-20T11:04:40.831+0000] {logging_mixin.py:190} INFO - [2026-08-20T11:04:40.831+0000] {override.py:1900} INFO - Created Permission View: can delete on DAG Run:consume_1_or_2_with_dataset_expressions
[2026-08-20T11:04:40.832+0000] {logging_mixin.py:190} INFO - [2026-08-20T11:04:40.831+0000] {dag.py:3239} INFO - Sync 10 DAGs
[2026-08-20T11:04:40.841+0000] {logging_mixin.py:190} INFO - [2026-08-20T11:04:40.840+0000] {dag.py:3262} INFO - Creating ORM DAG for dataset_consumes_1_never_scheduled
[2026-08-20T11:04:40.841+0000] {logging_mixin.py:190} INFO - [2026-08-20T11:04:40.841+0000] {dag.py:3262} INFO - Creating ORM DAG for dataset_consumes_1_and_2
[2026-08-20T11:04:40.841+0000] {logging_mixin.py:190} INFO - [2026-08-20T11:04:40.841+0000] {dag.py:3262} INFO - Creating ORM DAG for dataset_consumes_1
[2026-08-20T11:04:40.842+0000] {logging_mixin.py:190} INFO - [2026-08-20T11:04:40.842+0000] {dag.py:3262} INFO - Creating ORM DAG for consume_1_or_2_with_dataset_expressions
[2026-08-20T11:04:40.842+0000] {logging_mixin.py:190} INFO - [2026-08-20T11:04:40.842+0000] {dag.py:3262} INFO - Creating ORM DAG for conditional_dataset_and_time_based_timetable
[2026-08-20T11:04:40.842+0000] {logging_mixin.py:190} INFO - [2026-08-20T11:04:40.842+0000] {dag.py:3262} INFO - Creating ORM DAG for dataset_produces_2
[2026-08-20T11:04:40.843+0000] {logging_mixin.py:190} INFO - [2026-08-20T11:04:40.843+0000] {dag.py:3262} INFO - Creating ORM DAG for dataset_produces_1
[2026-08-20T11:04:40.843+0000] {logging_mixin.py:190} INFO - [2026-08-20T11:04:40.843+0000] {dag.py:3262} INFO - Creating ORM DAG for dataset_consumes_unknown_never_scheduled
[2026-08-20T11:04:40.843+0000] {logging_mixin.py:190} INFO - [2026-08-20T11:04:40.843+0000] {dag.py:3262} INFO - Creating ORM DAG for consume_1_or_both_2_and_3_with_dataset_expressions
[2026-08-20T11:04:40.844+0000] {logging_mixin.py:190} INFO - [2026-08-20T11:04:40.844+0000] {dag.py:3262} INFO - Creating ORM DAG for consume_1_and_2_with_dataset_expressions
[2026-08-20T11:04:40.851+0000] {logging_mixin.py:190} INFO - [2026-08-20T11:04:40.851+0000] {dag.py:4180} INFO - Setting next_dagrun for conditional_dataset_and_time_based_timetable to 2026-08-19 01:00:00+00:00, run_after=2026-08-19 01:00:00+00:00
[2026-08-20T11:04:40.852+0000] {logging_mixin.py:190} INFO - [2026-08-20T11:04:40.852+0000] {dag.py:4180} INFO - Setting next_dagrun for consume_1_and_2_with_dataset_expressions to None, run_after=None
[2026-08-20T11:04:40.852+0000] {logging_mixin.py:190} INFO - [2026-08-20T11:04:40.852+0000] {dag.py:4180} INFO - Setting next_dagrun for consume_1_or_2_with_dataset_expressions to None, run_after=None
[2026-08-20T11:04:40.853+0000] {logging_mixin.py:190} INFO - [2026-08-20T11:04:40.852+0000] {dag.py:4180} INFO - Setting next_dagrun for consume_1_or_both_2_and_3_with_dataset_expressions to None, run_after=None
[2026-08-20T11:04:40.853+0000] {logging_mixin.py:190} INFO - [2026-08-20T11:04:40.853+0000] {dag.py:4180} INFO - Setting next_dagrun for dataset_consumes_1 to None, run_after=None
[2026-08-20T11:04:40.853+0000] {logging_mixin.py:190} INFO - [2026-08-20T11:04:40.853+0000] {dag.py:4180} INFO - Setting next_dagrun for dataset_consumes_1_and_2 to None, run_after=None
[2026-08-20T11:04:40.854+0000] {logging_mixin.py:190} INFO - [2026-08-20T11:04:40.854+0000] {dag.py:4180} INFO - Setting next_dagrun for dataset_consumes_1_never_scheduled to None, run_after=None
[2026-08-20T11:04:40.854+0000] {logging_mixin.py:190} INFO - [2026-08-20T11:04:40.854+0000] {dag.py:4180} INFO - Setting next_dagrun for dataset_consumes_unknown_never_scheduled to None, run_after=None
[2026-08-20T11:04:40.856+0000] {logging_mixin.py:190} INFO - [2026-08-20T11:04:40.856+0000] {dag.py:4180} INFO - Setting next_dagrun for dataset_produces_1 to 2026-08-19 00:00:00+00:00, run_after=2026-08-20 00:00:00+00:00
[2026-08-20T11:04:40.857+0000] {logging_mixin.py:190} INFO - [2026-08-20T11:04:40.856+0000] {dag.py:4180} INFO - Setting next_dagrun for dataset_produces_2 to None, run_after=None
[2026-08-20T11:04:40.888+0000] {processor.py:208} INFO - Processing /workspaces/lab-2/.venv/lib/python3.12/site-packages/airflow/example_dags/example_datasets.py took 0.798 seconds
[2026-08-20T11:05:41.070+0000] {processor.py:186} INFO - Started process (PID=25666) to work on /workspaces/lab-2/.venv/lib/python3.12/site-packages/airflow/example_dags/example_datasets.py
[2026-08-20T11:05:41.071+0000] {processor.py:914} INFO - Processing file /workspaces/lab-2/.venv/lib/python3.12/site-packages/airflow/example_dags/example_datasets.py for tasks to queue
[2026-08-20T11:05:41.073+0000] {logging_mixin.py:190} INFO - [2026-08-20T11:05:41.073+0000] {dagbag.py:588} INFO - Filling up the DagBag from /workspaces/lab-2/.venv/lib/python3.12/site-packages/airflow/example_dags/example_datasets.py
[2026-08-20T11:05:41.085+0000] {processor.py:925} INFO - DAG(s) 'consume_1_or_both_2_and_3_with_dataset_expressions', 'conditional_dataset_and_time_based_timetable', 'dataset_produces_2', 'dataset_consumes_1_and_2', 'dataset_consumes_1', 'dataset_consumes_1_never_scheduled', 'consume_1_and_2_with_dataset_expressions', 'dataset_consumes_unknown_never_scheduled', 'consume_1_or_2_with_dataset_expressions', 'dataset_produces_1' retrieved from /workspaces/lab-2/.venv/lib/python3.12/site-packages/airflow/example_dags/example_datasets.py
[2026-08-20T11:05:41.111+0000] {logging_mixin.py:190} INFO - [2026-08-20T11:05:41.111+0000] {dag.py:3239} INFO - Sync 10 DAGs
[2026-08-20T11:05:41.130+0000] {logging_mixin.py:190} INFO - [2026-08-20T11:05:41.130+0000] {dag.py:4180} INFO - Setting next_dagrun for conditional_dataset_and_time_based_timetable to 2026-08-19 01:00:00+00:00, run_after=2026-08-19 01:00:00+00:00
[2026-08-20T11:05:41.132+0000] {logging_mixin.py:190} INFO - [2026-08-20T11:05:41.132+0000] {dag.py:4180} INFO - Setting next_dagrun for consume_1_and_2_with_dataset_expressions to None, run_after=None
[2026-08-20T11:05:41.133+0000] {logging_mixin.py:190} INFO - [2026-08-20T11:05:41.133+0000] {dag.py:4180} INFO - Setting next_dagrun for consume_1_or_2_with_dataset_expressions to None, run_after=None
[2026-08-20T11:05:41.134+0000] {logging_mixin.py:190} INFO - [2026-08-20T11:05:41.134+0000] {dag.py:4180} INFO - Setting next_dagrun for consume_1_or_both_2_and_3_with_dataset_expressions to None, run_after=None
[2026-08-20T11:05:41.134+0000] {logging_mixin.py:190} INFO - [2026-08-20T11:05:41.134+0000] {dag.py:4180} INFO - Setting next_dagrun for dataset_consumes_1 to None, run_after=None
[2026-08-20T11:05:41.135+0000] {logging_mixin.py:190} INFO - [2026-08-20T11:05:41.135+0000] {dag.py:4180} INFO - Setting next_dagrun for dataset_consumes_1_and_2 to None, run_after=None
[2026-08-20T11:05:41.135+0000] {logging_mixin.py:190} INFO - [2026-08-20T11:05:41.135+0000] {dag.py:4180} INFO - Setting next_dagrun for dataset_consumes_1_never_scheduled to None, run_after=None
[2026-08-20T11:05:41.136+0000] {logging_mixin.py:190} INFO - [2026-08-20T11:05:41.136+0000] {dag.py:4180} INFO - Setting next_dagrun for dataset_consumes_unknown_never_scheduled to None, run_after=None
[2026-08-20T11:05:41.137+0000] {logging_mixin.py:190} INFO - [2026-08-20T11:05:41.137+0000] {dag.py:4180} INFO - Setting next_dagrun for dataset_produces_1 to 2026-08-19 00:00:00+00:00, run_after=2026-08-20 00:00:00+00:00
[2026-08-20T11:05:41.138+0000] {logging_mixin.py:190} INFO - [2026-08-20T11:05:41.138+0000] {dag.py:4180} INFO - Setting next_dagrun for dataset_produces_2 to None, run_after=None
[2026-08-20T11:05:41.161+0000] {processor.py:208} INFO - Processing /workspaces/lab-2/.venv/lib/python3.12/site-packages/airflow/example_dags/example_datasets.py took 0.096 seconds
[2026-08-20T11:07:19.988+0000] {processor.py:186} INFO - Started process (PID=27157) to work on /workspaces/lab-2/.venv/lib/python3.12/site-packages/airflow/example_dags/example_datasets.py
[2026-08-20T11:07:19.988+0000] {processor.py:914} INFO - Processing file /workspaces/lab-2/.venv/lib/python3.12/site-packages/airflow/example_dags/example_datasets.py for tasks to queue
[2026-08-20T11:07:19.990+0000] {logging_mixin.py:190} INFO - [2026-08-20T11:07:19.990+0000] {dagbag.py:588} INFO - Filling up the DagBag from /workspaces/lab-2/.venv/lib/python3.12/site-packages/airflow/example_dags/example_datasets.py
[2026-08-20T11:07:20.003+0000] {processor.py:925} INFO - DAG(s) 'dataset_consumes_1', 'consume_1_or_both_2_and_3_with_dataset_expressions', 'dataset_produces_1', 'dataset_produces_2', 'dataset_consumes_1_and_2', 'consume_1_or_2_with_dataset_expressions', 'conditional_dataset_and_time_based_timetable', 'consume_1_and_2_with_dataset_expressions', 'dataset_consumes_unknown_never_scheduled', 'dataset_consumes_1_never_scheduled' retrieved from /workspaces/lab-2/.venv/lib/python3.12/site-packages/airflow/example_dags/example_datasets.py
[2026-08-20T11:07:20.030+0000] {logging_mixin.py:190} INFO - [2026-08-20T11:07:20.030+0000] {dag.py:3239} INFO - Sync 10 DAGs
[2026-08-20T11:07:20.050+0000] {logging_mixin.py:190} INFO - [2026-08-20T11:07:20.050+0000] {dag.py:4180} INFO - Setting next_dagrun for conditional_dataset_and_time_based_timetable to 2026-08-19 01:00:00+00:00, run_after=2026-08-19 01:00:00+00:00
[2026-08-20T11:07:20.052+0000] {logging_mixin.py:190} INFO - [2026-08-20T11:07:20.052+0000] {dag.py:4180} INFO - Setting next_dagrun for consume_1_and_2_with_dataset_expressions to None, run_after=None
[2026-08-20T11:07:20.053+0000] {logging_mixin.py:190} INFO - [2026-08-20T11:07:20.053+0000] {dag.py:4180} INFO - Setting next_dagrun for consume_1_or_2_with_dataset_expressions to None, run_after=None
[2026-08-20T11:07:20.054+0000] {logging_mixin.py:190} INFO - [2026-08-20T11:07:20.054+0000] {dag.py:4180} INFO - Setting next_dagrun for consume_1_or_both_2_and_3_with_dataset_expressions to None, run_after=None
[2026-08-20T11:07:20.055+0000] {logging_mixin.py:190} INFO - [2026-08-20T11:07:20.054+0000] {dag.py:4180} INFO - Setting next_dagrun for dataset_consumes_1 to None, run_after=None
[2026-08-20T11:07:20.055+0000] {logging_mixin.py:190} INFO - [2026-08-20T11:07:20.055+0000] {dag.py:4180} INFO - Setting next_dagrun for dataset_consumes_1_and_2 to None, run_after=None
[2026-08-20T11:07:20.056+0000] {logging_mixin.py:190} INFO - [2026-08-20T11:07:20.056+0000] {dag.py:4180} INFO - Setting next_dagrun for dataset_consumes_1_never_scheduled to None, run_after=None
[2026-08-20T11:07:20.056+0000] {logging_mixin.py:190} INFO - [2026-08-20T11:07:20.056+0000] {dag.py:4180} INFO - Setting next_dagrun for dataset_consumes_unknown_never_scheduled to None, run_after=None
[2026-08-20T11:07:20.058+0000] {logging_mixin.py:190} INFO - [2026-08-20T11:07:20.058+0000] {dag.py:4180} INFO - Setting next_dagrun for dataset_produces_1 to 2026-08-19 00:00:00+00:00, run_after=2026-08-20 00:00:00+00:00
[2026-08-20T11:07:20.058+0000] {logging_mixin.py:190} INFO - [2026-08-20T11:07:20.058+0000] {dag.py:4180} INFO - Setting next_dagrun for dataset_produces_2 to None, run_after=None
[2026-08-20T11:07:20.082+0000] {processor.py:208} INFO - Processing /workspaces/lab-2/.venv/lib/python3.12/site-packages/airflow/example_dags/example_datasets.py took 0.099 seconds
[2026-08-20T11:08:18.211+0000] {processor.py:186} INFO - Started process (PID=28341) to work on /workspaces/lab-2/.venv/lib/python3.12/site-packages/airflow/example_dags/example_datasets.py
[2026-08-20T11:08:18.212+0000] {processor.py:914} INFO - Processing file /workspaces/lab-2/.venv/lib/python3.12/site-packages/airflow/example_dags/example_datasets.py for tasks to queue
[2026-08-20T11:08:18.214+0000] {logging_mixin.py:190} INFO - [2026-08-20T11:08:18.214+0000] {dagbag.py:588} INFO - Filling up the DagBag from /workspaces/lab-2/.venv/lib/python3.12/site-packages/airflow/example_dags/example_datasets.py
[2026-08-20T11:08:18.232+0000] {processor.py:925} INFO - DAG(s) 'consume_1_or_2_with_dataset_expressions', 'consume_1_and_2_with_dataset_expressions', 'conditional_dataset_and_time_based_timetable', 'dataset_produces_1', 'dataset_produces_2', 'dataset_consumes_unknown_never_scheduled', 'dataset_consumes_1_never_scheduled', 'consume_1_or_both_2_and_3_with_dataset_expressions', 'dataset_consumes_1', 'dataset_consumes_1_and_2' retrieved from /workspaces/lab-2/.venv/lib/python3.12/site-packages/airflow/example_dags/example_datasets.py
[2026-08-20T11:08:18.260+0000] {logging_mixin.py:190} INFO - [2026-08-20T11:08:18.260+0000] {dag.py:3239} INFO - Sync 10 DAGs
[2026-08-20T11:08:18.279+0000] {logging_mixin.py:190} INFO - [2026-08-20T11:08:18.279+0000] {dag.py:4180} INFO - Setting next_dagrun for conditional_dataset_and_time_based_timetable to 2026-08-19 01:00:00+00:00, run_after=2026-08-19 01:00:00+00:00
[2026-08-20T11:08:18.282+0000] {logging_mixin.py:190} INFO - [2026-08-20T11:08:18.282+0000] {dag.py:4180} INFO - Setting next_dagrun for consume_1_and_2_with_dataset_expressions to None, run_after=None
[2026-08-20T11:08:18.282+0000] {logging_mixin.py:190} INFO - [2026-08-20T11:08:18.282+0000] {dag.py:4180} INFO - Setting next_dagrun for consume_1_or_2_with_dataset_expressions to None, run_after=None
[2026-08-20T11:08:18.283+0000] {logging_mixin.py:190} INFO - [2026-08-20T11:08:18.283+0000] {dag.py:4180} INFO - Setting next_dagrun for consume_1_or_both_2_and_3_with_dataset_expressions to None, run_after=None
[2026-08-20T11:08:18.284+0000] {logging_mixin.py:190} INFO - [2026-08-20T11:08:18.284+0000] {dag.py:4180} INFO - Setting next_dagrun for dataset_consumes_1 to None, run_after=None
[2026-08-20T11:08:18.284+0000] {logging_mixin.py:190} INFO - [2026-08-20T11:08:18.284+0000] {dag.py:4180} INFO - Setting next_dagrun for dataset_consumes_1_and_2 to None, run_after=None
[2026-08-20T11:08:18.285+0000] {logging_mixin.py:190} INFO - [2026-08-20T11:08:18.285+0000] {dag.py:4180} INFO - Setting next_dagrun for dataset_consumes_1_never_scheduled to None, run_after=None
[2026-08-20T11:08:18.286+0000] {logging_mixin.py:190} INFO - [2026-08-20T11:08:18.285+0000] {dag.py:4180} INFO - Setting next_dagrun for dataset_consumes_unknown_never_scheduled to None, run_after=None
[2026-08-20T11:08:18.287+0000] {logging_mixin.py:190} INFO - [2026-08-20T11:08:18.287+0000] {dag.py:4180} INFO - Setting next_dagrun for dataset_produces_1 to 2026-08-19 00:00:00+00:00, run_after=2026-08-20 00:00:00+00:00
[2026-08-20T11:08:18.288+0000] {logging_mixin.py:190} INFO - [2026-08-20T11:08:18.287+0000] {dag.py:4180} INFO - Setting next_dagrun for dataset_produces_2 to None, run_after=None
[2026-08-20T11:08:18.311+0000] {processor.py:208} INFO - Processing /workspaces/lab-2/.venv/lib/python3.12/site-packages/airflow/example_dags/example_datasets.py took 0.107 seconds
[2026-08-20T11:09:12.844+0000] {processor.py:186} INFO - Started process (PID=29180) to work on /workspaces/lab-2/.venv/lib/python3.12/site-packages/airflow/example_dags/example_datasets.py
[2026-08-20T11:09:12.845+0000] {processor.py:914} INFO - Processing file /workspaces/lab-2/.venv/lib/python3.12/site-packages/airflow/example_dags/example_datasets.py for tasks to queue
[2026-08-20T11:09:12.848+0000] {logging_mixin.py:190} INFO - [2026-08-20T11:09:12.847+0000] {dagbag.py:588} INFO - Filling up the DagBag from /workspaces/lab-2/.venv/lib/python3.12/site-packages/airflow/example_dags/example_datasets.py
[2026-08-20T11:09:12.867+0000] {processor.py:925} INFO - DAG(s) 'dataset_produces_1', 'dataset_consumes_unknown_never_scheduled', 'consume_1_or_2_with_dataset_expressions', 'dataset_produces_2', 'dataset_consumes_1_and_2', 'consume_1_and_2_with_dataset_expressions', 'conditional_dataset_and_time_based_timetable', 'dataset_consumes_1', 'dataset_consumes_1_never_scheduled', 'consume_1_or_both_2_and_3_with_dataset_expressions' retrieved from /workspaces/lab-2/.venv/lib/python3.12/site-packages/airflow/example_dags/example_datasets.py
[2026-08-20T11:09:12.906+0000] {logging_mixin.py:190} INFO - [2026-08-20T11:09:12.906+0000] {dag.py:3239} INFO - Sync 10 DAGs
[2026-08-20T11:09:12.931+0000] {logging_mixin.py:190} INFO - [2026-08-20T11:09:12.931+0000] {dag.py:4180} INFO - Setting next_dagrun for conditional_dataset_and_time_based_timetable to 2026-08-19 01:00:00+00:00, run_after=2026-08-19 01:00:00+00:00
[2026-08-20T11:09:12.935+0000] {logging_mixin.py:190} INFO - [2026-08-20T11:09:12.935+0000] {dag.py:4180} INFO - Setting next_dagrun for consume_1_and_2_with_dataset_expressions to None, run_after=None
[2026-08-20T11:09:12.936+0000] {logging_mixin.py:190} INFO - [2026-08-20T11:09:12.935+0000] {dag.py:4180} INFO - Setting next_dagrun for consume_1_or_2_with_dataset_expressions to None, run_after=None
[2026-08-20T11:09:12.936+0000] {logging_mixin.py:190} INFO - [2026-08-20T11:09:12.936+0000] {dag.py:4180} INFO - Setting next_dagrun for consume_1_or_both_2_and_3_with_dataset_expressions to None, run_after=None
[2026-08-20T11:09:12.937+0000] {logging_mixin.py:190} INFO - [2026-08-20T11:09:12.937+0000] {dag.py:4180} INFO - Setting next_dagrun for dataset_consumes_1 to None, run_after=None
[2026-08-20T11:09:12.938+0000] {logging_mixin.py:190} INFO - [2026-08-20T11:09:12.937+0000] {dag.py:4180} INFO - Setting next_dagrun for dataset_consumes_1_and_2 to None, run_after=None
[2026-08-20T11:09:12.938+0000] {logging_mixin.py:190} INFO - [2026-08-20T11:09:12.938+0000] {dag.py:4180} INFO - Setting next_dagrun for dataset_consumes_1_never_scheduled to None, run_after=None
[2026-08-20T11:09:12.939+0000] {logging_mixin.py:190} INFO - [2026-08-20T11:09:12.939+0000] {dag.py:4180} INFO - Setting next_dagrun for dataset_consumes_unknown_never_scheduled to None, run_after=None
[2026-08-20T11:09:12.940+0000] {logging_mixin.py:190} INFO - [2026-08-20T11:09:12.940+0000] {dag.py:4180} INFO - Setting next_dagrun for dataset_produces_1 to 2026-08-19 00:00:00+00:00, run_after=2026-08-20 00:00:00+00:00
[2026-08-20T11:09:12.941+0000] {logging_mixin.py:190} INFO - [2026-08-20T11:09:12.941+0000] {dag.py:4180} INFO - Setting next_dagrun for dataset_produces_2 to None, run_after=None
[2026-08-20T11:09:12.964+0000] {processor.py:208} INFO - Processing /workspaces/lab-2/.venv/lib/python3.12/site-packages/airflow/example_dags/example_datasets.py took 0.125 seconds
[2026-08-20T11:10:06.883+0000] {processor.py:186} INFO - Started process (PID=30092) to work on /workspaces/lab-2/.venv/lib/python3.12/site-packages/airflow/example_dags/example_datasets.py
[2026-08-20T11:10:06.883+0000] {processor.py:914} INFO - Processing file /workspaces/lab-2/.venv/lib/python3.12/site-packages/airflow/example_dags/example_datasets.py for tasks to queue
[2026-08-20T11:10:06.885+0000] {logging_mixin.py:190} INFO - [2026-08-20T11:10:06.885+0000] {dagbag.py:588} INFO - Filling up the DagBag from /workspaces/lab-2/.venv/lib/python3.12/site-packages/airflow/example_dags/example_datasets.py
[2026-08-20T11:10:06.898+0000] {processor.py:925} INFO - DAG(s) 'dataset_consumes_1_never_scheduled', 'dataset_consumes_1', 'consume_1_or_both_2_and_3_with_dataset_expressions', 'conditional_dataset_and_time_based_timetable', 'dataset_produces_1', 'dataset_produces_2', 'consume_1_and_2_with_dataset_expressions', 'consume_1_or_2_with_dataset_expressions', 'dataset_consumes_1_and_2', 'dataset_consumes_unknown_never_scheduled' retrieved from /workspaces/lab-2/.venv/lib/python3.12/site-packages/airflow/example_dags/example_datasets.py
[2026-08-20T11:10:06.924+0000] {logging_mixin.py:190} INFO - [2026-08-20T11:10:06.924+0000] {dag.py:3239} INFO - Sync 10 DAGs
[2026-08-20T11:10:06.942+0000] {logging_mixin.py:190} INFO - [2026-08-20T11:10:06.942+0000] {dag.py:4180} INFO - Setting next_dagrun for conditional_dataset_and_time_based_timetable to 2026-08-19 01:00:00+00:00, run_after=2026-08-19 01:00:00+00:00
[2026-08-20T11:10:06.945+0000] {logging_mixin.py:190} INFO - [2026-08-20T11:10:06.945+0000] {dag.py:4180} INFO - Setting next_dagrun for consume_1_and_2_with_dataset_expressions to None, run_after=None
[2026-08-20T11:10:06.946+0000] {logging_mixin.py:190} INFO - [2026-08-20T11:10:06.945+0000] {dag.py:4180} INFO - Setting next_dagrun for consume_1_or_2_with_dataset_expressions to None, run_after=None
[2026-08-20T11:10:06.946+0000] {logging_mixin.py:190} INFO - [2026-08-20T11:10:06.946+0000] {dag.py:4180} INFO - Setting next_dagrun for consume_1_or_both_2_and_3_with_dataset_expressions to None, run_after=None
[2026-08-20T11:10:06.947+0000] {logging_mixin.py:190} INFO - [2026-08-20T11:10:06.947+0000] {dag.py:4180} INFO - Setting next_dagrun for dataset_consumes_1 to None, run_after=None
[2026-08-20T11:10:06.947+0000] {logging_mixin.py:190} INFO - [2026-08-20T11:10:06.947+0000] {dag.py:4180} INFO - Setting next_dagrun for dataset_consumes_1_and_2 to None, run_after=None
[2026-08-20T11:10:06.948+0000] {logging_mixin.py:190} INFO - [2026-08-20T11:10:06.948+0000] {dag.py:4180} INFO - Setting next_dagrun for dataset_consumes_1_never_scheduled to None, run_after=None
[2026-08-20T11:10:06.949+0000] {logging_mixin.py:190} INFO - [2026-08-20T11:10:06.949+0000] {dag.py:4180} INFO - Setting next_dagrun for dataset_consumes_unknown_never_scheduled to None, run_after=None
[2026-08-20T11:10:06.950+0000] {logging_mixin.py:190} INFO - [2026-08-20T11:10:06.950+0000] {dag.py:4180} INFO - Setting next_dagrun for dataset_produces_1 to 2026-08-19 00:00:00+00:00, run_after=2026-08-20 00:00:00+00:00
[2026-08-20T11:10:06.951+0000] {logging_mixin.py:190} INFO - [2026-08-20T11:10:06.951+0000] {dag.py:4180} INFO - Setting next_dagrun for dataset_produces_2 to None, run_after=None
[2026-08-20T11:10:06.976+0000] {processor.py:208} INFO - Processing /workspaces/lab-2/.venv/lib/python3.12/site-packages/airflow/example_dags/example_datasets.py took 0.098 seconds
[2026-08-20T11:11:00.719+0000] {processor.py:186} INFO - Started process (PID=30951) to work on /workspaces/lab-2/.venv/lib/python3.12/site-packages/airflow/example_dags/example_datasets.py
[2026-08-20T11:11:00.721+0000] {processor.py:914} INFO - Processing file /workspaces/lab-2/.venv/lib/python3.12/site-packages/airflow/example_dags/example_datasets.py for tasks to queue
[2026-08-20T11:11:00.725+0000] {logging_mixin.py:190} INFO - [2026-08-20T11:11:00.725+0000] {dagbag.py:588} INFO - Filling up the DagBag from /workspaces/lab-2/.venv/lib/python3.12/site-packages/airflow/example_dags/example_datasets.py
[2026-08-20T11:11:00.743+0000] {processor.py:925} INFO - DAG(s) 'dataset_consumes_1', 'consume_1_or_2_with_dataset_expressions', 'dataset_consumes_1_and_2', 'consume_1_or_both_2_and_3_with_dataset_expressions', 'dataset_produces_1', 'consume_1_and_2_with_dataset_expressions', 'conditional_dataset_and_time_based_timetable', 'dataset_consumes_1_never_scheduled', 'dataset_produces_2', 'dataset_consumes_unknown_never_scheduled' retrieved from /workspaces/lab-2/.venv/lib/python3.12/site-packages/airflow/example_dags/example_datasets.py
[2026-08-20T11:11:00.778+0000] {logging_mixin.py:190} INFO - [2026-08-20T11:11:00.778+0000] {dag.py:3239} INFO - Sync 10 DAGs
[2026-08-20T11:11:00.802+0000] {logging_mixin.py:190} INFO - [2026-08-20T11:11:00.801+0000] {dag.py:4180} INFO - Setting next_dagrun for conditional_dataset_and_time_based_timetable to 2026-08-19 01:00:00+00:00, run_after=2026-08-19 01:00:00+00:00
[2026-08-20T11:11:00.806+0000] {logging_mixin.py:190} INFO - [2026-08-20T11:11:00.806+0000] {dag.py:4180} INFO - Setting next_dagrun for consume_1_and_2_with_dataset_expressions to None, run_after=None
[2026-08-20T11:11:00.807+0000] {logging_mixin.py:190} INFO - [2026-08-20T11:11:00.807+0000] {dag.py:4180} INFO - Setting next_dagrun for consume_1_or_2_with_dataset_expressions to None, run_after=None
[2026-08-20T11:11:00.808+0000] {logging_mixin.py:190} INFO - [2026-08-20T11:11:00.808+0000] {dag.py:4180} INFO - Setting next_dagrun for consume_1_or_both_2_and_3_with_dataset_expressions to None, run_after=None
[2026-08-20T11:11:00.809+0000] {logging_mixin.py:190} INFO - [2026-08-20T11:11:00.809+0000] {dag.py:4180} INFO - Setting next_dagrun for dataset_consumes_1 to None, run_after=None
[2026-08-20T11:11:00.810+0000] {logging_mixin.py:190} INFO - [2026-08-20T11:11:00.810+0000] {dag.py:4180} INFO - Setting next_dagrun for dataset_consumes_1_and_2 to None, run_after=None
[2026-08-20T11:11:00.811+0000] {logging_mixin.py:190} INFO - [2026-08-20T11:11:00.811+0000] {dag.py:4180} INFO - Setting next_dagrun for dataset_consumes_1_never_scheduled to None, run_after=None
[2026-08-20T11:11:00.812+0000] {logging_mixin.py:190} INFO - [2026-08-20T11:11:00.812+0000] {dag.py:4180} INFO - Setting next_dagrun for dataset_consumes_unknown_never_scheduled to None, run_after=None
[2026-08-20T11:11:00.813+0000] {logging_mixin.py:190} INFO - [2026-08-20T11:11:00.813+0000] {dag.py:4180} INFO - Setting next_dagrun for dataset_produces_1 to 2026-08-19 00:00:00+00:00, run_after=2026-08-20 00:00:00+00:00
[2026-08-20T11:11:00.814+0000] {logging_mixin.py:190} INFO - [2026-08-20T11:11:00.814+0000] {dag.py:4180} INFO - Setting next_dagrun for dataset_produces_2 to None, run_after=None
[2026-08-20T11:11:00.890+0000] {processor.py:208} INFO - Processing /workspaces/lab-2/.venv/lib/python3.12/site-packages/airflow/example_dags/example_datasets.py took 0.178 seconds
[2026-08-20T11:11:56.431+0000] {processor.py:186} INFO - Started process (PID=32373) to work on /workspaces/lab-2/.venv/lib/python3.12/site-packages/airflow/example_dags/example_datasets.py
[2026-08-20T11:11:56.435+0000] {processor.py:914} INFO - Processing file /workspaces/lab-2/.venv/lib/python3.12/site-packages/airflow/example_dags/example_datasets.py for tasks to queue
[2026-08-20T11:11:56.441+0000] {logging_mixin.py:190} INFO - [2026-08-20T11:11:56.440+0000] {dagbag.py:588} INFO - Filling up the DagBag from /workspaces/lab-2/.venv/lib/python3.12/site-packages/airflow/example_dags/example_datasets.py
[2026-08-20T11:11:56.482+0000] {processor.py:925} INFO - DAG(s) 'dataset_produces_2', 'consume_1_or_2_with_dataset_expressions', 'conditional_dataset_and_time_based_timetable', 'dataset_consumes_1_never_scheduled', 'dataset_consumes_unknown_never_scheduled', 'dataset_produces_1', 'dataset_consumes_1_and_2', 'consume_1_or_both_2_and_3_with_dataset_expressions', 'dataset_consumes_1', 'consume_1_and_2_with_dataset_expressions' retrieved from /workspaces/lab-2/.venv/lib/python3.12/site-packages/airflow/example_dags/example_datasets.py
[2026-08-20T11:11:56.575+0000] {logging_mixin.py:190} INFO - [2026-08-20T11:11:56.575+0000] {dag.py:3239} INFO - Sync 10 DAGs
[2026-08-20T11:11:56.671+0000] {logging_mixin.py:190} INFO - [2026-08-20T11:11:56.668+0000] {dag.py:4180} INFO - Setting next_dagrun for conditional_dataset_and_time_based_timetable to 2026-08-19 01:00:00+00:00, run_after=2026-08-19 01:00:00+00:00
[2026-08-20T11:11:56.679+0000] {logging_mixin.py:190} INFO - [2026-08-20T11:11:56.675+0000] {dag.py:4180} INFO - Setting next_dagrun for consume_1_and_2_with_dataset_expressions to None, run_after=None
[2026-08-20T11:11:56.680+0000] {logging_mixin.py:190} INFO - [2026-08-20T11:11:56.680+0000] {dag.py:4180} INFO - Setting next_dagrun for consume_1_or_2_with_dataset_expressions to None, run_after=None
[2026-08-20T11:11:56.681+0000] {logging_mixin.py:190} INFO - [2026-08-20T11:11:56.681+0000] {dag.py:4180} INFO - Setting next_dagrun for consume_1_or_both_2_and_3_with_dataset_expressions to None, run_after=None
[2026-08-20T11:11:56.683+0000] {logging_mixin.py:190} INFO - [2026-08-20T11:11:56.683+0000] {dag.py:4180} INFO - Setting next_dagrun for dataset_consumes_1 to None, run_after=None
[2026-08-20T11:11:56.686+0000] {logging_mixin.py:190} INFO - [2026-08-20T11:11:56.686+0000] {dag.py:4180} INFO - Setting next_dagrun for dataset_consumes_1_and_2 to None, run_after=None
[2026-08-20T11:11:56.687+0000] {logging_mixin.py:190} INFO - [2026-08-20T11:11:56.687+0000] {dag.py:4180} INFO - Setting next_dagrun for dataset_consumes_1_never_scheduled to None, run_after=None
[2026-08-20T11:11:56.688+0000] {logging_mixin.py:190} INFO - [2026-08-20T11:11:56.688+0000] {dag.py:4180} INFO - Setting next_dagrun for dataset_consumes_unknown_never_scheduled to None, run_after=None
[2026-08-20T11:11:56.693+0000] {logging_mixin.py:190} INFO - [2026-08-20T11:11:56.693+0000] {dag.py:4180} INFO - Setting next_dagrun for dataset_produces_1 to 2026-08-19 00:00:00+00:00, run_after=2026-08-20 00:00:00+00:00
[2026-08-20T11:11:56.695+0000] {logging_mixin.py:190} INFO - [2026-08-20T11:11:56.695+0000] {dag.py:4180} INFO - Setting next_dagrun for dataset_produces_2 to None, run_after=None
[2026-08-20T11:11:56.736+0000] {processor.py:208} INFO - Processing /workspaces/lab-2/.venv/lib/python3.12/site-packages/airflow/example_dags/example_datasets.py took 0.311 seconds
[2026-08-20T11:12:15.957+0000] {processor.py:186} INFO - Started process (PID=32771) to work on /workspaces/lab-2/.venv/lib/python3.12/site-packages/airflow/example_dags/example_datasets.py
[2026-08-20T11:12:15.958+0000] {processor.py:914} INFO - Processing file /workspaces/lab-2/.venv/lib/python3.12/site-packages/airflow/example_dags/example_datasets.py for tasks to queue
[2026-08-20T11:12:15.960+0000] {logging_mixin.py:190} INFO - [2026-08-20T11:12:15.960+0000] {dagbag.py:588} INFO - Filling up the DagBag from /workspaces/lab-2/.venv/lib/python3.12/site-packages/airflow/example_dags/example_datasets.py
[2026-08-20T11:12:15.973+0000] {processor.py:925} INFO - DAG(s) 'dataset_consumes_unknown_never_scheduled', 'dataset_consumes_1', 'consume_1_or_2_with_dataset_expressions', 'dataset_consumes_1_never_scheduled', 'conditional_dataset_and_time_based_timetable', 'dataset_produces_2', 'dataset_produces_1', 'dataset_consumes_1_and_2', 'consume_1_and_2_with_dataset_expressions', 'consume_1_or_both_2_and_3_with_dataset_expressions' retrieved from /workspaces/lab-2/.venv/lib/python3.12/site-packages/airflow/example_dags/example_datasets.py
[2026-08-20T11:12:16.000+0000] {logging_mixin.py:190} INFO - [2026-08-20T11:12:16.000+0000] {dag.py:3239} INFO - Sync 10 DAGs
[2026-08-20T11:12:16.019+0000] {logging_mixin.py:190} INFO - [2026-08-20T11:12:16.019+0000] {dag.py:4180} INFO - Setting next_dagrun for conditional_dataset_and_time_based_timetable to 2026-08-19 01:00:00+00:00, run_after=2026-08-19 01:00:00+00:00
[2026-08-20T11:12:16.022+0000] {logging_mixin.py:190} INFO - [2026-08-20T11:12:16.022+0000] {dag.py:4180} INFO - Setting next_dagrun for consume_1_and_2_with_dataset_expressions to None, run_after=None
[2026-08-20T11:12:16.023+0000] {logging_mixin.py:190} INFO - [2026-08-20T11:12:16.022+0000] {dag.py:4180} INFO - Setting next_dagrun for consume_1_or_2_with_dataset_expressions to None, run_after=None
[2026-08-20T11:12:16.023+0000] {logging_mixin.py:190} INFO - [2026-08-20T11:12:16.023+0000] {dag.py:4180} INFO - Setting next_dagrun for consume_1_or_both_2_and_3_with_dataset_expressions to None, run_after=None
[2026-08-20T11:12:16.024+0000] {logging_mixin.py:190} INFO - [2026-08-20T11:12:16.024+0000] {dag.py:4180} INFO - Setting next_dagrun for dataset_consumes_1 to None, run_after=None
[2026-08-20T11:12:16.025+0000] {logging_mixin.py:190} INFO - [2026-08-20T11:12:16.024+0000] {dag.py:4180} INFO - Setting next_dagrun for dataset_consumes_1_and_2 to None, run_after=None
[2026-08-20T11:12:16.025+0000] {logging_mixin.py:190} INFO - [2026-08-20T11:12:16.025+0000] {dag.py:4180} INFO - Setting next_dagrun for dataset_consumes_1_never_scheduled to None, run_after=None
[2026-08-20T11:12:16.026+0000] {logging_mixin.py:190} INFO - [2026-08-20T11:12:16.026+0000] {dag.py:4180} INFO - Setting next_dagrun for dataset_consumes_unknown_never_scheduled to None, run_after=None
[2026-08-20T11:12:16.027+0000] {logging_mixin.py:190} INFO - [2026-08-20T11:12:16.027+0000] {dag.py:4180} INFO - Setting next_dagrun for dataset_produces_1 to 2026-08-19 00:00:00+00:00, run_after=2026-08-20 00:00:00+00:00
[2026-08-20T11:12:16.028+0000] {logging_mixin.py:190} INFO - [2026-08-20T11:12:16.028+0000] {dag.py:4180} INFO - Setting next_dagrun for dataset_produces_2 to None, run_after=None
[2026-08-20T11:12:16.053+0000] {processor.py:208} INFO - Processing /workspaces/lab-2/.venv/lib/python3.12/site-packages/airflow/example_dags/example_datasets.py took 0.100 seconds
[2026-08-20T11:12:52.249+0000] {processor.py:186} INFO - Started process (PID=33239) to work on /workspaces/lab-2/.venv/lib/python3.12/site-packages/airflow/example_dags/example_datasets.py
[2026-08-20T11:12:52.250+0000] {processor.py:914} INFO - Processing file /workspaces/lab-2/.venv/lib/python3.12/site-packages/airflow/example_dags/example_datasets.py for tasks to queue
[2026-08-20T11:12:52.252+0000] {logging_mixin.py:190} INFO - [2026-08-20T11:12:52.252+0000] {dagbag.py:588} INFO - Filling up the DagBag from /workspaces/lab-2/.venv/lib/python3.12/site-packages/airflow/example_dags/example_datasets.py
[2026-08-20T11:12:52.266+0000] {processor.py:925} INFO - DAG(s) 'dataset_consumes_1_and_2', 'dataset_consumes_1_never_scheduled', 'dataset_consumes_unknown_never_scheduled', 'consume_1_and_2_with_dataset_expressions', 'consume_1_or_2_with_dataset_expressions', 'consume_1_or_both_2_and_3_with_dataset_expressions', 'dataset_produces_2', 'conditional_dataset_and_time_based_timetable', 'dataset_produces_1', 'dataset_consumes_1' retrieved from /workspaces/lab-2/.venv/lib/python3.12/site-packages/airflow/example_dags/example_datasets.py
[2026-08-20T11:12:52.296+0000] {logging_mixin.py:190} INFO - [2026-08-20T11:12:52.296+0000] {dag.py:3239} INFO - Sync 10 DAGs
[2026-08-20T11:12:52.318+0000] {logging_mixin.py:190} INFO - [2026-08-20T11:12:52.318+0000] {dag.py:4180} INFO - Setting next_dagrun for conditional_dataset_and_time_based_timetable to 2026-08-19 01:00:00+00:00, run_after=2026-08-19 01:00:00+00:00
[2026-08-20T11:12:52.321+0000] {logging_mixin.py:190} INFO - [2026-08-20T11:12:52.321+0000] {dag.py:4180} INFO - Setting next_dagrun for consume_1_and_2_with_dataset_expressions to None, run_after=None
[2026-08-20T11:12:52.322+0000] {logging_mixin.py:190} INFO - [2026-08-20T11:12:52.321+0000] {dag.py:4180} INFO - Setting next_dagrun for consume_1_or_2_with_dataset_expressions to None, run_after=None
[2026-08-20T11:12:52.322+0000] {logging_mixin.py:190} INFO - [2026-08-20T11:12:52.322+0000] {dag.py:4180} INFO - Setting next_dagrun for consume_1_or_both_2_and_3_with_dataset_expressions to None, run_after=None
[2026-08-20T11:12:52.323+0000] {logging_mixin.py:190} INFO - [2026-08-20T11:12:52.323+0000] {dag.py:4180} INFO - Setting next_dagrun for dataset_consumes_1 to None, run_after=None
[2026-08-20T11:12:52.323+0000] {logging_mixin.py:190} INFO - [2026-08-20T11:12:52.323+0000] {dag.py:4180} INFO - Setting next_dagrun for dataset_consumes_1_and_2 to None, run_after=None
[2026-08-20T11:12:52.324+0000] {logging_mixin.py:190} INFO - [2026-08-20T11:12:52.324+0000] {dag.py:4180} INFO - Setting next_dagrun for dataset_consumes_1_never_scheduled to None, run_after=None
[2026-08-20T11:12:52.325+0000] {logging_mixin.py:190} INFO - [2026-08-20T11:12:52.325+0000] {dag.py:4180} INFO - Setting next_dagrun for dataset_consumes_unknown_never_scheduled to None, run_after=None
[2026-08-20T11:12:52.326+0000] {logging_mixin.py:190} INFO - [2026-08-20T11:12:52.326+0000] {dag.py:4180} INFO - Setting next_dagrun for dataset_produces_1 to 2026-08-19 00:00:00+00:00, run_after=2026-08-20 00:00:00+00:00
[2026-08-20T11:12:52.327+0000] {logging_mixin.py:190} INFO - [2026-08-20T11:12:52.327+0000] {dag.py:4180} INFO - Setting next_dagrun for dataset_produces_2 to None, run_after=None
[2026-08-20T11:12:52.351+0000] {processor.py:208} INFO - Processing /workspaces/lab-2/.venv/lib/python3.12/site-packages/airflow/example_dags/example_datasets.py took 0.106 seconds
[2026-08-20T11:13:12.521+0000] {processor.py:186} INFO - Started process (PID=33549) to work on /workspaces/lab-2/.venv/lib/python3.12/site-packages/airflow/example_dags/example_datasets.py
[2026-08-20T11:13:12.521+0000] {processor.py:914} INFO - Processing file /workspaces/lab-2/.venv/lib/python3.12/site-packages/airflow/example_dags/example_datasets.py for tasks to queue
[2026-08-20T11:13:12.523+0000] {logging_mixin.py:190} INFO - [2026-08-20T11:13:12.523+0000] {dagbag.py:588} INFO - Filling up the DagBag from /workspaces/lab-2/.venv/lib/python3.12/site-packages/airflow/example_dags/example_datasets.py
[2026-08-20T11:13:12.537+0000] {processor.py:925} INFO - DAG(s) 'dataset_consumes_1_never_scheduled', 'dataset_produces_1', 'consume_1_or_2_with_dataset_expressions', 'conditional_dataset_and_time_based_timetable', 'dataset_consumes_1_and_2', 'dataset_consumes_unknown_never_scheduled', 'dataset_produces_2', 'consume_1_and_2_with_dataset_expressions', 'dataset_consumes_1', 'consume_1_or_both_2_and_3_with_dataset_expressions' retrieved from /workspaces/lab-2/.venv/lib/python3.12/site-packages/airflow/example_dags/example_datasets.py
[2026-08-20T11:13:12.714+0000] {logging_mixin.py:190} INFO - [2026-08-20T11:13:12.714+0000] {dag.py:3239} INFO - Sync 10 DAGs
[2026-08-20T11:13:12.731+0000] {logging_mixin.py:190} INFO - [2026-08-20T11:13:12.731+0000] {dag.py:4180} INFO - Setting next_dagrun for conditional_dataset_and_time_based_timetable to 2026-08-19 01:00:00+00:00, run_after=2026-08-19 01:00:00+00:00
[2026-08-20T11:13:12.733+0000] {logging_mixin.py:190} INFO - [2026-08-20T11:13:12.733+0000] {dag.py:4180} INFO - Setting next_dagrun for consume_1_and_2_with_dataset_expressions to None, run_after=None
[2026-08-20T11:13:12.734+0000] {logging_mixin.py:190} INFO - [2026-08-20T11:13:12.734+0000] {dag.py:4180} INFO - Setting next_dagrun for consume_1_or_2_with_dataset_expressions to None, run_after=None
[2026-08-20T11:13:12.735+0000] {logging_mixin.py:190} INFO - [2026-08-20T11:13:12.735+0000] {dag.py:4180} INFO - Setting next_dagrun for consume_1_or_both_2_and_3_with_dataset_expressions to None, run_after=None
[2026-08-20T11:13:12.735+0000] {logging_mixin.py:190} INFO - [2026-08-20T11:13:12.735+0000] {dag.py:4180} INFO - Setting next_dagrun for dataset_consumes_1 to None, run_after=None
[2026-08-20T11:13:12.736+0000] {logging_mixin.py:190} INFO - [2026-08-20T11:13:12.736+0000] {dag.py:4180} INFO - Setting next_dagrun for dataset_consumes_1_and_2 to None, run_after=None
[2026-08-20T11:13:12.737+0000] {logging_mixin.py:190} INFO - [2026-08-20T11:13:12.737+0000] {dag.py:4180} INFO - Setting next_dagrun for dataset_consumes_1_never_scheduled to None, run_after=None
[2026-08-20T11:13:12.737+0000] {logging_mixin.py:190} INFO - [2026-08-20T11:13:12.737+0000] {dag.py:4180} INFO - Setting next_dagrun for dataset_consumes_unknown_never_scheduled to None, run_after=None
[2026-08-20T11:13:12.739+0000] {logging_mixin.py:190} INFO - [2026-08-20T11:13:12.738+0000] {dag.py:4180} INFO - Setting next_dagrun for dataset_produces_1 to 2026-08-19 00:00:00+00:00, run_after=2026-08-20 00:00:00+00:00
[2026-08-20T11:13:12.739+0000] {logging_mixin.py:190} INFO - [2026-08-20T11:13:12.739+0000] {dag.py:4180} INFO - Setting next_dagrun for dataset_produces_2 to None, run_after=None
[2026-08-20T11:13:12.767+0000] {processor.py:208} INFO - Processing /workspaces/lab-2/.venv/lib/python3.12/site-packages/airflow/example_dags/example_datasets.py took 0.251 seconds
[2026-08-20T11:13:52.361+0000] {processor.py:186} INFO - Started process (PID=34684) to work on /workspaces/lab-2/.venv/lib/python3.12/site-packages/airflow/example_dags/example_datasets.py
[2026-08-20T11:13:52.362+0000] {processor.py:914} INFO - Processing file /workspaces/lab-2/.venv/lib/python3.12/site-packages/airflow/example_dags/example_datasets.py for tasks to queue
[2026-08-20T11:13:52.364+0000] {logging_mixin.py:190} INFO - [2026-08-20T11:13:52.364+0000] {dagbag.py:588} INFO - Filling up the DagBag from /workspaces/lab-2/.venv/lib/python3.12/site-packages/airflow/example_dags/example_datasets.py
[2026-08-20T11:13:52.378+0000] {processor.py:925} INFO - DAG(s) 'consume_1_and_2_with_dataset_expressions', 'conditional_dataset_and_time_based_timetable', 'dataset_consumes_1_never_scheduled', 'dataset_produces_2', 'dataset_consumes_1_and_2', 'consume_1_or_both_2_and_3_with_dataset_expressions', 'dataset_produces_1', 'dataset_consumes_1', 'consume_1_or_2_with_dataset_expressions', 'dataset_consumes_unknown_never_scheduled' retrieved from /workspaces/lab-2/.venv/lib/python3.12/site-packages/airflow/example_dags/example_datasets.py
[2026-08-20T11:13:52.406+0000] {logging_mixin.py:190} INFO - [2026-08-20T11:13:52.406+0000] {dag.py:3239} INFO - Sync 10 DAGs
[2026-08-20T11:13:52.437+0000] {logging_mixin.py:190} INFO - [2026-08-20T11:13:52.437+0000] {dag.py:4180} INFO - Setting next_dagrun for conditional_dataset_and_time_based_timetable to 2026-08-19 01:00:00+00:00, run_after=2026-08-19 01:00:00+00:00
[2026-08-20T11:13:52.443+0000] {logging_mixin.py:190} INFO - [2026-08-20T11:13:52.442+0000] {dag.py:4180} INFO - Setting next_dagrun for consume_1_and_2_with_dataset_expressions to None, run_after=None
[2026-08-20T11:13:52.444+0000] {logging_mixin.py:190} INFO - [2026-08-20T11:13:52.443+0000] {dag.py:4180} INFO - Setting next_dagrun for consume_1_or_2_with_dataset_expressions to None, run_after=None
[2026-08-20T11:13:52.444+0000] {logging_mixin.py:190} INFO - [2026-08-20T11:13:52.444+0000] {dag.py:4180} INFO - Setting next_dagrun for consume_1_or_both_2_and_3_with_dataset_expressions to None, run_after=None
[2026-08-20T11:13:52.445+0000] {logging_mixin.py:190} INFO - [2026-08-20T11:13:52.445+0000] {dag.py:4180} INFO - Setting next_dagrun for dataset_consumes_1 to None, run_after=None
[2026-08-20T11:13:52.446+0000] {logging_mixin.py:190} INFO - [2026-08-20T11:13:52.446+0000] {dag.py:4180} INFO - Setting next_dagrun for dataset_consumes_1_and_2 to None, run_after=None
[2026-08-20T11:13:52.447+0000] {logging_mixin.py:190} INFO - [2026-08-20T11:13:52.447+0000] {dag.py:4180} INFO - Setting next_dagrun for dataset_consumes_1_never_scheduled to None, run_after=None
[2026-08-20T11:13:52.448+0000] {logging_mixin.py:190} INFO - [2026-08-20T11:13:52.448+0000] {dag.py:4180} INFO - Setting next_dagrun for dataset_consumes_unknown_never_scheduled to None, run_after=None
[2026-08-20T11:13:52.450+0000] {logging_mixin.py:190} INFO - [2026-08-20T11:13:52.450+0000] {dag.py:4180} INFO - Setting next_dagrun for dataset_produces_1 to 2026-08-19 00:00:00+00:00, run_after=2026-08-20 00:00:00+00:00
[2026-08-20T11:13:52.451+0000] {logging_mixin.py:190} INFO - [2026-08-20T11:13:52.451+0000] {dag.py:4180} INFO - Setting next_dagrun for dataset_produces_2 to None, run_after=None
[2026-08-20T11:13:52.477+0000] {processor.py:208} INFO - Processing /workspaces/lab-2/.venv/lib/python3.12/site-packages/airflow/example_dags/example_datasets.py took 0.121 seconds
[2026-08-20T11:14:17.900+0000] {processor.py:186} INFO - Started process (PID=35007) to work on /workspaces/lab-2/.venv/lib/python3.12/site-packages/airflow/example_dags/example_datasets.py
[2026-08-20T11:14:17.901+0000] {processor.py:914} INFO - Processing file /workspaces/lab-2/.venv/lib/python3.12/site-packages/airflow/example_dags/example_datasets.py for tasks to queue
[2026-08-20T11:14:17.903+0000] {logging_mixin.py:190} INFO - [2026-08-20T11:14:17.902+0000] {dagbag.py:588} INFO - Filling up the DagBag from /workspaces/lab-2/.venv/lib/python3.12/site-packages/airflow/example_dags/example_datasets.py
[2026-08-20T11:14:17.916+0000] {processor.py:925} INFO - DAG(s) 'conditional_dataset_and_time_based_timetable', 'dataset_consumes_1_never_scheduled', 'dataset_consumes_1_and_2', 'consume_1_or_both_2_and_3_with_dataset_expressions', 'dataset_consumes_unknown_never_scheduled', 'dataset_produces_1', 'consume_1_and_2_with_dataset_expressions', 'consume_1_or_2_with_dataset_expressions', 'dataset_consumes_1', 'dataset_produces_2' retrieved from /workspaces/lab-2/.venv/lib/python3.12/site-packages/airflow/example_dags/example_datasets.py
[2026-08-20T11:14:17.943+0000] {logging_mixin.py:190} INFO - [2026-08-20T11:14:17.943+0000] {dag.py:3239} INFO - Sync 10 DAGs
[2026-08-20T11:14:17.965+0000] {logging_mixin.py:190} INFO - [2026-08-20T11:14:17.964+0000] {dag.py:4180} INFO - Setting next_dagrun for conditional_dataset_and_time_based_timetable to 2026-08-19 01:00:00+00:00, run_after=2026-08-19 01:00:00+00:00
[2026-08-20T11:14:17.967+0000] {logging_mixin.py:190} INFO - [2026-08-20T11:14:17.967+0000] {dag.py:4180} INFO - Setting next_dagrun for consume_1_and_2_with_dataset_expressions to None, run_after=None
[2026-08-20T11:14:17.968+0000] {logging_mixin.py:190} INFO - [2026-08-20T11:14:17.968+0000] {dag.py:4180} INFO - Setting next_dagrun for consume_1_or_2_with_dataset_expressions to None, run_after=None
[2026-08-20T11:14:17.969+0000] {logging_mixin.py:190} INFO - [2026-08-20T11:14:17.969+0000] {dag.py:4180} INFO - Setting next_dagrun for consume_1_or_both_2_and_3_with_dataset_expressions to None, run_after=None
[2026-08-20T11:14:17.969+0000] {logging_mixin.py:190} INFO - [2026-08-20T11:14:17.969+0000] {dag.py:4180} INFO - Setting next_dagrun for dataset_consumes_1 to None, run_after=None
[2026-08-20T11:14:17.970+0000] {logging_mixin.py:190} INFO - [2026-08-20T11:14:17.970+0000] {dag.py:4180} INFO - Setting next_dagrun for dataset_consumes_1_and_2 to None, run_after=None
[2026-08-20T11:14:17.971+0000] {logging_mixin.py:190} INFO - [2026-08-20T11:14:17.970+0000] {dag.py:4180} INFO - Setting next_dagrun for dataset_consumes_1_never_scheduled to None, run_after=None
[2026-08-20T11:14:17.971+0000] {logging_mixin.py:190} INFO - [2026-08-20T11:14:17.971+0000] {dag.py:4180} INFO - Setting next_dagrun for dataset_consumes_unknown_never_scheduled to None, run_after=None
[2026-08-20T11:14:17.973+0000] {logging_mixin.py:190} INFO - [2026-08-20T11:14:17.972+0000] {dag.py:4180} INFO - Setting next_dagrun for dataset_produces_1 to 2026-08-19 00:00:00+00:00, run_after=2026-08-20 00:00:00+00:00
[2026-08-20T11:14:17.973+0000] {logging_mixin.py:190} INFO - [2026-08-20T11:14:17.973+0000] {dag.py:4180} INFO - Setting next_dagrun for dataset_produces_2 to None, run_after=None
[2026-08-20T11:14:18.006+0000] {processor.py:208} INFO - Processing /workspaces/lab-2/.venv/lib/python3.12/site-packages/airflow/example_dags/example_datasets.py took 0.112 seconds
[2026-08-20T11:14:49.968+0000] {processor.py:186} INFO - Started process (PID=35832) to work on /workspaces/lab-2/.venv/lib/python3.12/site-packages/airflow/example_dags/example_datasets.py
[2026-08-20T11:14:49.969+0000] {processor.py:914} INFO - Processing file /workspaces/lab-2/.venv/lib/python3.12/site-packages/airflow/example_dags/example_datasets.py for tasks to queue
[2026-08-20T11:14:49.972+0000] {logging_mixin.py:190} INFO - [2026-08-20T11:14:49.971+0000] {dagbag.py:588} INFO - Filling up the DagBag from /workspaces/lab-2/.venv/lib/python3.12/site-packages/airflow/example_dags/example_datasets.py
[2026-08-20T11:14:49.990+0000] {processor.py:925} INFO - DAG(s) 'dataset_produces_1', 'dataset_consumes_1_and_2', 'conditional_dataset_and_time_based_timetable', 'consume_1_or_2_with_dataset_expressions', 'dataset_produces_2', 'consume_1_or_both_2_and_3_with_dataset_expressions', 'dataset_consumes_1', 'dataset_consumes_1_never_scheduled', 'dataset_consumes_unknown_never_scheduled', 'consume_1_and_2_with_dataset_expressions' retrieved from /workspaces/lab-2/.venv/lib/python3.12/site-packages/airflow/example_dags/example_datasets.py
[2026-08-20T11:14:50.029+0000] {logging_mixin.py:190} INFO - [2026-08-20T11:14:50.029+0000] {dag.py:3239} INFO - Sync 10 DAGs
[2026-08-20T11:14:50.058+0000] {logging_mixin.py:190} INFO - [2026-08-20T11:14:50.058+0000] {dag.py:4180} INFO - Setting next_dagrun for conditional_dataset_and_time_based_timetable to 2026-08-26 01:00:00+00:00, run_after=2026-08-26 01:00:00+00:00
[2026-08-20T11:14:50.062+0000] {logging_mixin.py:190} INFO - [2026-08-20T11:14:50.062+0000] {dag.py:4180} INFO - Setting next_dagrun for consume_1_and_2_with_dataset_expressions to None, run_after=None
[2026-08-20T11:14:50.063+0000] {logging_mixin.py:190} INFO - [2026-08-20T11:14:50.063+0000] {dag.py:4180} INFO - Setting next_dagrun for consume_1_or_2_with_dataset_expressions to None, run_after=None
[2026-08-20T11:14:50.064+0000] {logging_mixin.py:190} INFO - [2026-08-20T11:14:50.064+0000] {dag.py:4180} INFO - Setting next_dagrun for consume_1_or_both_2_and_3_with_dataset_expressions to None, run_after=None
[2026-08-20T11:14:50.065+0000] {logging_mixin.py:190} INFO - [2026-08-20T11:14:50.065+0000] {dag.py:4180} INFO - Setting next_dagrun for dataset_consumes_1 to None, run_after=None
[2026-08-20T11:14:50.066+0000] {logging_mixin.py:190} INFO - [2026-08-20T11:14:50.066+0000] {dag.py:4180} INFO - Setting next_dagrun for dataset_consumes_1_and_2 to None, run_after=None
[2026-08-20T11:14:50.067+0000] {logging_mixin.py:190} INFO - [2026-08-20T11:14:50.067+0000] {dag.py:4180} INFO - Setting next_dagrun for dataset_consumes_1_never_scheduled to None, run_after=None
[2026-08-20T11:14:50.068+0000] {logging_mixin.py:190} INFO - [2026-08-20T11:14:50.068+0000] {dag.py:4180} INFO - Setting next_dagrun for dataset_consumes_unknown_never_scheduled to None, run_after=None
[2026-08-20T11:14:50.071+0000] {logging_mixin.py:190} INFO - [2026-08-20T11:14:50.071+0000] {dag.py:4180} INFO - Setting next_dagrun for dataset_produces_1 to 2026-08-20 00:00:00+00:00, run_after=2026-08-21 00:00:00+00:00
[2026-08-20T11:14:50.072+0000] {logging_mixin.py:190} INFO - [2026-08-20T11:14:50.072+0000] {dag.py:4180} INFO - Setting next_dagrun for dataset_produces_2 to None, run_after=None
[2026-08-20T11:14:50.122+0000] {processor.py:208} INFO - Processing /workspaces/lab-2/.venv/lib/python3.12/site-packages/airflow/example_dags/example_datasets.py took 0.161 seconds
