[2026-08-20T11:04:45.751+0000] {processor.py:186} INFO - Started process (PID=24860) to work on /workspaces/lab-2/.venv/lib/python3.12/site-packages/airflow/example_dags/example_branch_python_dop_operator_3.py
[2026-08-20T11:04:45.751+0000] {processor.py:914} INFO - Processing file /workspaces/lab-2/.venv/lib/python3.12/site-packages/airflow/example_dags/example_branch_python_dop_operator_3.py for tasks to queue
[2026-08-20T11:04:45.753+0000] {logging_mixin.py:190} INFO - [2026-08-20T11:04:45.753+0000] {dagbag.py:588} INFO - Filling up the DagBag from /workspaces/lab-2/.venv/lib/python3.12/site-packages/airflow/example_dags/example_branch_python_dop_operator_3.py
[2026-08-20T11:04:45.762+0000] {processor.py:925} INFO - DAG(s) 'example_branch_dop_operator_v3' retrieved from /workspaces/lab-2/.venv/lib/python3.12/site-packages/airflow/example_dags/example_branch_python_dop_operator_3.py
[2026-08-20T11:04:45.852+0000] {logging_mixin.py:190} INFO - [2026-08-20T11:04:45.852+0000] {override.py:1900} INFO - Created Permission View: can edit on DAG:example_branch_dop_operator_v3
[2026-08-20T11:04:45.862+0000] {logging_mixin.py:190} INFO - [2026-08-20T11:04:45.862+0000] {override.py:1900} INFO - Created Permission View: can read on DAG:example_branch_dop_operator_v3
[2026-08-20T11:04:45.869+0000] {logging_mixin.py:190} INFO - [2026-08-20T11:04:45.869+0000] {override.py:1900} INFO - Created Permission View: can delete on DAG:example_branch_dop_operator_v3
[2026-08-20T11:04:45.880+0000] {logging_mixin.py:190} INFO - [2026-08-20T11:04:45.880+0000] {override.py:1900} INFO - Created Permission View: can create on DAG Run:example_branch_dop_operator_v3
[2026-08-20T11:04:45.888+0000] {logging_mixin.py:190} INFO - [2026-08-20T11:04:45.888+0000] {override.py:1900} INFO - Created Permission View: can read on DAG Run:example_branch_dop_operator_v3
[2026-08-20T11:04:45.895+0000] {logging_mixin.py:190} INFO - [2026-08-20T11:04:45.895+0000] {override.py:1900} INFO - Created Permission View: menu access on DAG Run:example_branch_dop_operator_v3
[2026-08-20T11:04:45.902+0000] {logging_mixin.py:190} INFO - [2026-08-20T11:04:45.902+0000] {override.py:1900} INFO - Created Permission View: can delete on DAG Run:example_branch_dop_operator_v3
[2026-08-20T11:04:45.903+0000] {logging_mixin.py:190} INFO - [2026-08-20T11:04:45.903+0000] {dag.py:3239} INFO - Sync 1 DAGs
[2026-08-20T11:04:45.913+0000] {logging_mixin.py:190} INFO - [2026-08-20T11:04:45.913+0000] {dag.py:3262} INFO - Creating ORM DAG for example_branch_dop_operator_v3
[2026-08-20T11:04:45.926+0000] {logging_mixin.py:190} INFO - [2026-08-20T11:04:45.926+0000] {dag.py:4180} INFO - Setting next_dagrun for example_branch_dop_operator_v3 to 2026-08-20 11:03:00+00:00, run_after=2026-08-20 11:04:00+00:00
[2026-08-20T11:04:45.947+0000] {processor.py:208} INFO - Processing /workspaces/lab-2/.venv/lib/python3.12/site-packages/airflow/example_dags/example_branch_python_dop_operator_3.py took 0.200 seconds
[2026-08-20T11:05:45.073+0000] {processor.py:186} INFO - Started process (PID=25692) to work on /workspaces/lab-2/.venv/lib/python3.12/site-packages/airflow/example_dags/example_branch_python_dop_operator_3.py
[2026-08-20T11:05:45.074+0000] {processor.py:914} INFO - Processing file /workspaces/lab-2/.venv/lib/python3.12/site-packages/airflow/example_dags/example_branch_python_dop_operator_3.py for tasks to queue
[2026-08-20T11:05:45.076+0000] {logging_mixin.py:190} INFO - [2026-08-20T11:05:45.076+0000] {dagbag.py:588} INFO - Filling up the DagBag from /workspaces/lab-2/.venv/lib/python3.12/site-packages/airflow/example_dags/example_branch_python_dop_operator_3.py
[2026-08-20T11:05:45.085+0000] {processor.py:925} INFO - DAG(s) 'example_branch_dop_operator_v3' retrieved from /workspaces/lab-2/.venv/lib/python3.12/site-packages/airflow/example_dags/example_branch_python_dop_operator_3.py
[2026-08-20T11:05:45.099+0000] {logging_mixin.py:190} INFO - [2026-08-20T11:05:45.099+0000] {dag.py:3239} INFO - Sync 1 DAGs
[2026-08-20T11:05:45.117+0000] {logging_mixin.py:190} INFO - [2026-08-20T11:05:45.117+0000] {dag.py:4180} INFO - Setting next_dagrun for example_branch_dop_operator_v3 to 2026-08-20 11:04:00+00:00, run_after=2026-08-20 11:05:00+00:00
[2026-08-20T11:05:45.136+0000] {processor.py:208} INFO - Processing /workspaces/lab-2/.venv/lib/python3.12/site-packages/airflow/example_dags/example_branch_python_dop_operator_3.py took 0.067 seconds
[2026-08-20T11:07:23.985+0000] {processor.py:186} INFO - Started process (PID=27183) to work on /workspaces/lab-2/.venv/lib/python3.12/site-packages/airflow/example_dags/example_branch_python_dop_operator_3.py
[2026-08-20T11:07:23.986+0000] {processor.py:914} INFO - Processing file /workspaces/lab-2/.venv/lib/python3.12/site-packages/airflow/example_dags/example_branch_python_dop_operator_3.py for tasks to queue
[2026-08-20T11:07:23.988+0000] {logging_mixin.py:190} INFO - [2026-08-20T11:07:23.988+0000] {dagbag.py:588} INFO - Filling up the DagBag from /workspaces/lab-2/.venv/lib/python3.12/site-packages/airflow/example_dags/example_branch_python_dop_operator_3.py
[2026-08-20T11:07:23.997+0000] {processor.py:925} INFO - DAG(s) 'example_branch_dop_operator_v3' retrieved from /workspaces/lab-2/.venv/lib/python3.12/site-packages/airflow/example_dags/example_branch_python_dop_operator_3.py
[2026-08-20T11:07:24.016+0000] {logging_mixin.py:190} INFO - [2026-08-20T11:07:24.016+0000] {dag.py:3239} INFO - Sync 1 DAGs
[2026-08-20T11:07:24.035+0000] {logging_mixin.py:190} INFO - [2026-08-20T11:07:24.035+0000] {dag.py:4180} INFO - Setting next_dagrun for example_branch_dop_operator_v3 to 2026-08-20 11:06:00+00:00, run_after=2026-08-20 11:07:00+00:00
[2026-08-20T11:07:24.053+0000] {processor.py:208} INFO - Processing /workspaces/lab-2/.venv/lib/python3.12/site-packages/airflow/example_dags/example_branch_python_dop_operator_3.py took 0.073 seconds
[2026-08-20T11:08:22.431+0000] {processor.py:186} INFO - Started process (PID=28427) to work on /workspaces/lab-2/.venv/lib/python3.12/site-packages/airflow/example_dags/example_branch_python_dop_operator_3.py
[2026-08-20T11:08:22.432+0000] {processor.py:914} INFO - Processing file /workspaces/lab-2/.venv/lib/python3.12/site-packages/airflow/example_dags/example_branch_python_dop_operator_3.py for tasks to queue
[2026-08-20T11:08:22.435+0000] {logging_mixin.py:190} INFO - [2026-08-20T11:08:22.434+0000] {dagbag.py:588} INFO - Filling up the DagBag from /workspaces/lab-2/.venv/lib/python3.12/site-packages/airflow/example_dags/example_branch_python_dop_operator_3.py
[2026-08-20T11:08:22.447+0000] {processor.py:925} INFO - DAG(s) 'example_branch_dop_operator_v3' retrieved from /workspaces/lab-2/.venv/lib/python3.12/site-packages/airflow/example_dags/example_branch_python_dop_operator_3.py
[2026-08-20T11:08:22.474+0000] {logging_mixin.py:190} INFO - [2026-08-20T11:08:22.473+0000] {dag.py:3239} INFO - Sync 1 DAGs
[2026-08-20T11:08:22.503+0000] {logging_mixin.py:190} INFO - [2026-08-20T11:08:22.502+0000] {dag.py:4180} INFO - Setting next_dagrun for example_branch_dop_operator_v3 to 2026-08-20 11:07:00+00:00, run_after=2026-08-20 11:08:00+00:00
[2026-08-20T11:08:22.530+0000] {processor.py:208} INFO - Processing /workspaces/lab-2/.venv/lib/python3.12/site-packages/airflow/example_dags/example_branch_python_dop_operator_3.py took 0.105 seconds
[2026-08-20T11:09:17.724+0000] {processor.py:186} INFO - Started process (PID=29216) to work on /workspaces/lab-2/.venv/lib/python3.12/site-packages/airflow/example_dags/example_branch_python_dop_operator_3.py
[2026-08-20T11:09:17.725+0000] {processor.py:914} INFO - Processing file /workspaces/lab-2/.venv/lib/python3.12/site-packages/airflow/example_dags/example_branch_python_dop_operator_3.py for tasks to queue
[2026-08-20T11:09:17.727+0000] {logging_mixin.py:190} INFO - [2026-08-20T11:09:17.726+0000] {dagbag.py:588} INFO - Filling up the DagBag from /workspaces/lab-2/.venv/lib/python3.12/site-packages/airflow/example_dags/example_branch_python_dop_operator_3.py
[2026-08-20T11:09:17.736+0000] {processor.py:925} INFO - DAG(s) 'example_branch_dop_operator_v3' retrieved from /workspaces/lab-2/.venv/lib/python3.12/site-packages/airflow/example_dags/example_branch_python_dop_operator_3.py
[2026-08-20T11:09:17.749+0000] {logging_mixin.py:190} INFO - [2026-08-20T11:09:17.749+0000] {dag.py:3239} INFO - Sync 1 DAGs
[2026-08-20T11:09:17.772+0000] {logging_mixin.py:190} INFO - [2026-08-20T11:09:17.772+0000] {dag.py:4180} INFO - Setting next_dagrun for example_branch_dop_operator_v3 to 2026-08-20 11:08:00+00:00, run_after=2026-08-20 11:09:00+00:00
[2026-08-20T11:09:17.797+0000] {processor.py:208} INFO - Processing /workspaces/lab-2/.venv/lib/python3.12/site-packages/airflow/example_dags/example_branch_python_dop_operator_3.py took 0.078 seconds
[2026-08-20T11:10:10.195+0000] {processor.py:186} INFO - Started process (PID=30148) to work on /workspaces/lab-2/.venv/lib/python3.12/site-packages/airflow/example_dags/example_branch_python_dop_operator_3.py
[2026-08-20T11:10:10.196+0000] {processor.py:914} INFO - Processing file /workspaces/lab-2/.venv/lib/python3.12/site-packages/airflow/example_dags/example_branch_python_dop_operator_3.py for tasks to queue
[2026-08-20T11:10:10.198+0000] {logging_mixin.py:190} INFO - [2026-08-20T11:10:10.198+0000] {dagbag.py:588} INFO - Filling up the DagBag from /workspaces/lab-2/.venv/lib/python3.12/site-packages/airflow/example_dags/example_branch_python_dop_operator_3.py
[2026-08-20T11:10:10.207+0000] {processor.py:925} INFO - DAG(s) 'example_branch_dop_operator_v3' retrieved from /workspaces/lab-2/.venv/lib/python3.12/site-packages/airflow/example_dags/example_branch_python_dop_operator_3.py
[2026-08-20T11:10:10.222+0000] {logging_mixin.py:190} INFO - [2026-08-20T11:10:10.222+0000] {dag.py:3239} INFO - Sync 1 DAGs
[2026-08-20T11:10:10.249+0000] {logging_mixin.py:190} INFO - [2026-08-20T11:10:10.249+0000] {dag.py:4180} INFO - Setting next_dagrun for example_branch_dop_operator_v3 to 2026-08-20 11:09:00+00:00, run_after=2026-08-20 11:10:00+00:00
[2026-08-20T11:10:10.283+0000] {processor.py:208} INFO - Processing /workspaces/lab-2/.venv/lib/python3.12/site-packages/airflow/example_dags/example_branch_python_dop_operator_3.py took 0.092 seconds
[2026-08-20T11:11:25.691+0000] {processor.py:186} INFO - Started process (PID=31494) to work on /workspaces/lab-2/.venv/lib/python3.12/site-packages/airflow/example_dags/example_branch_python_dop_operator_3.py
[2026-08-20T11:11:25.691+0000] {processor.py:914} INFO - Processing file /workspaces/lab-2/.venv/lib/python3.12/site-packages/airflow/example_dags/example_branch_python_dop_operator_3.py for tasks to queue
[2026-08-20T11:11:25.693+0000] {logging_mixin.py:190} INFO - [2026-08-20T11:11:25.693+0000] {dagbag.py:588} INFO - Filling up the DagBag from /workspaces/lab-2/.venv/lib/python3.12/site-packages/airflow/example_dags/example_branch_python_dop_operator_3.py
[2026-08-20T11:11:25.702+0000] {processor.py:925} INFO - DAG(s) 'example_branch_dop_operator_v3' retrieved from /workspaces/lab-2/.venv/lib/python3.12/site-packages/airflow/example_dags/example_branch_python_dop_operator_3.py
[2026-08-20T11:11:25.717+0000] {logging_mixin.py:190} INFO - [2026-08-20T11:11:25.716+0000] {dag.py:3239} INFO - Sync 1 DAGs
[2026-08-20T11:11:25.746+0000] {logging_mixin.py:190} INFO - [2026-08-20T11:11:25.746+0000] {dag.py:4180} INFO - Setting next_dagrun for example_branch_dop_operator_v3 to 2026-08-20 11:10:00+00:00, run_after=2026-08-20 11:11:00+00:00
[2026-08-20T11:11:25.767+0000] {processor.py:208} INFO - Processing /workspaces/lab-2/.venv/lib/python3.12/site-packages/airflow/example_dags/example_branch_python_dop_operator_3.py took 0.081 seconds
[2026-08-20T11:12:00.643+0000] {processor.py:186} INFO - Started process (PID=32435) to work on /workspaces/lab-2/.venv/lib/python3.12/site-packages/airflow/example_dags/example_branch_python_dop_operator_3.py
[2026-08-20T11:12:00.643+0000] {processor.py:914} INFO - Processing file /workspaces/lab-2/.venv/lib/python3.12/site-packages/airflow/example_dags/example_branch_python_dop_operator_3.py for tasks to queue
[2026-08-20T11:12:00.646+0000] {logging_mixin.py:190} INFO - [2026-08-20T11:12:00.645+0000] {dagbag.py:588} INFO - Filling up the DagBag from /workspaces/lab-2/.venv/lib/python3.12/site-packages/airflow/example_dags/example_branch_python_dop_operator_3.py
[2026-08-20T11:12:00.654+0000] {processor.py:925} INFO - DAG(s) 'example_branch_dop_operator_v3' retrieved from /workspaces/lab-2/.venv/lib/python3.12/site-packages/airflow/example_dags/example_branch_python_dop_operator_3.py
[2026-08-20T11:12:00.667+0000] {logging_mixin.py:190} INFO - [2026-08-20T11:12:00.667+0000] {dag.py:3239} INFO - Sync 1 DAGs
[2026-08-20T11:12:00.686+0000] {logging_mixin.py:190} INFO - [2026-08-20T11:12:00.686+0000] {dag.py:4180} INFO - Setting next_dagrun for example_branch_dop_operator_v3 to 2026-08-20 11:11:00+00:00, run_after=2026-08-20 11:12:00+00:00
[2026-08-20T11:12:00.710+0000] {processor.py:208} INFO - Processing /workspaces/lab-2/.venv/lib/python3.12/site-packages/airflow/example_dags/example_branch_python_dop_operator_3.py took 0.072 seconds
[2026-08-20T11:12:19.957+0000] {processor.py:186} INFO - Started process (PID=32800) to work on /workspaces/lab-2/.venv/lib/python3.12/site-packages/airflow/example_dags/example_branch_python_dop_operator_3.py
[2026-08-20T11:12:19.958+0000] {processor.py:914} INFO - Processing file /workspaces/lab-2/.venv/lib/python3.12/site-packages/airflow/example_dags/example_branch_python_dop_operator_3.py for tasks to queue
[2026-08-20T11:12:19.960+0000] {logging_mixin.py:190} INFO - [2026-08-20T11:12:19.959+0000] {dagbag.py:588} INFO - Filling up the DagBag from /workspaces/lab-2/.venv/lib/python3.12/site-packages/airflow/example_dags/example_branch_python_dop_operator_3.py
[2026-08-20T11:12:19.970+0000] {processor.py:925} INFO - DAG(s) 'example_branch_dop_operator_v3' retrieved from /workspaces/lab-2/.venv/lib/python3.12/site-packages/airflow/example_dags/example_branch_python_dop_operator_3.py
[2026-08-20T11:12:19.983+0000] {logging_mixin.py:190} INFO - [2026-08-20T11:12:19.983+0000] {dag.py:3239} INFO - Sync 1 DAGs
[2026-08-20T11:12:20.001+0000] {logging_mixin.py:190} INFO - [2026-08-20T11:12:20.001+0000] {dag.py:4180} INFO - Setting next_dagrun for example_branch_dop_operator_v3 to 2026-08-20 11:11:00+00:00, run_after=2026-08-20 11:12:00+00:00
[2026-08-20T11:12:20.021+0000] {processor.py:208} INFO - Processing /workspaces/lab-2/.venv/lib/python3.12/site-packages/airflow/example_dags/example_branch_python_dop_operator_3.py took 0.069 seconds
[2026-08-20T11:12:56.323+0000] {processor.py:186} INFO - Started process (PID=33292) to work on /workspaces/lab-2/.venv/lib/python3.12/site-packages/airflow/example_dags/example_branch_python_dop_operator_3.py
[2026-08-20T11:12:56.326+0000] {processor.py:914} INFO - Processing file /workspaces/lab-2/.venv/lib/python3.12/site-packages/airflow/example_dags/example_branch_python_dop_operator_3.py for tasks to queue
[2026-08-20T11:12:56.335+0000] {logging_mixin.py:190} INFO - [2026-08-20T11:12:56.334+0000] {dagbag.py:588} INFO - Filling up the DagBag from /workspaces/lab-2/.venv/lib/python3.12/site-packages/airflow/example_dags/example_branch_python_dop_operator_3.py
[2026-08-20T11:12:56.369+0000] {processor.py:925} INFO - DAG(s) 'example_branch_dop_operator_v3' retrieved from /workspaces/lab-2/.venv/lib/python3.12/site-packages/airflow/example_dags/example_branch_python_dop_operator_3.py
[2026-08-20T11:12:56.445+0000] {logging_mixin.py:190} INFO - [2026-08-20T11:12:56.444+0000] {dag.py:3239} INFO - Sync 1 DAGs
[2026-08-20T11:12:56.497+0000] {logging_mixin.py:190} INFO - [2026-08-20T11:12:56.497+0000] {dag.py:4180} INFO - Setting next_dagrun for example_branch_dop_operator_v3 to 2026-08-20 11:11:00+00:00, run_after=2026-08-20 11:12:00+00:00
[2026-08-20T11:12:56.523+0000] {processor.py:208} INFO - Processing /workspaces/lab-2/.venv/lib/python3.12/site-packages/airflow/example_dags/example_branch_python_dop_operator_3.py took 0.224 seconds
[2026-08-20T11:13:48.784+0000] {processor.py:186} INFO - Started process (PID=34635) to work on /workspaces/lab-2/.venv/lib/python3.12/site-packages/airflow/example_dags/example_branch_python_dop_operator_3.py
[2026-08-20T11:13:48.787+0000] {processor.py:914} INFO - Processing file /workspaces/lab-2/.venv/lib/python3.12/site-packages/airflow/example_dags/example_branch_python_dop_operator_3.py for tasks to queue
[2026-08-20T11:13:48.789+0000] {logging_mixin.py:190} INFO - [2026-08-20T11:13:48.789+0000] {dagbag.py:588} INFO - Filling up the DagBag from /workspaces/lab-2/.venv/lib/python3.12/site-packages/airflow/example_dags/example_branch_python_dop_operator_3.py
[2026-08-20T11:13:48.807+0000] {processor.py:925} INFO - DAG(s) 'example_branch_dop_operator_v3' retrieved from /workspaces/lab-2/.venv/lib/python3.12/site-packages/airflow/example_dags/example_branch_python_dop_operator_3.py
[2026-08-20T11:13:49.055+0000] {logging_mixin.py:190} INFO - [2026-08-20T11:13:49.055+0000] {dag.py:3239} INFO - Sync 1 DAGs
[2026-08-20T11:13:49.096+0000] {logging_mixin.py:190} INFO - [2026-08-20T11:13:49.096+0000] {dag.py:4180} INFO - Setting next_dagrun for example_branch_dop_operator_v3 to 2026-08-20 11:12:00+00:00, run_after=2026-08-20 11:13:00+00:00
[2026-08-20T11:13:49.183+0000] {processor.py:208} INFO - Processing /workspaces/lab-2/.venv/lib/python3.12/site-packages/airflow/example_dags/example_branch_python_dop_operator_3.py took 0.409 seconds
[2026-08-20T11:13:55.772+0000] {processor.py:186} INFO - Started process (PID=34710) to work on /workspaces/lab-2/.venv/lib/python3.12/site-packages/airflow/example_dags/example_branch_python_dop_operator_3.py
[2026-08-20T11:13:55.773+0000] {processor.py:914} INFO - Processing file /workspaces/lab-2/.venv/lib/python3.12/site-packages/airflow/example_dags/example_branch_python_dop_operator_3.py for tasks to queue
[2026-08-20T11:13:55.775+0000] {logging_mixin.py:190} INFO - [2026-08-20T11:13:55.774+0000] {dagbag.py:588} INFO - Filling up the DagBag from /workspaces/lab-2/.venv/lib/python3.12/site-packages/airflow/example_dags/example_branch_python_dop_operator_3.py
[2026-08-20T11:13:55.784+0000] {processor.py:925} INFO - DAG(s) 'example_branch_dop_operator_v3' retrieved from /workspaces/lab-2/.venv/lib/python3.12/site-packages/airflow/example_dags/example_branch_python_dop_operator_3.py
[2026-08-20T11:13:55.792+0000] {logging_mixin.py:190} INFO - [2026-08-20T11:13:55.791+0000] {dag.py:3239} INFO - Sync 1 DAGs
[2026-08-20T11:13:55.811+0000] {logging_mixin.py:190} INFO - [2026-08-20T11:13:55.810+0000] {dag.py:4180} INFO - Setting next_dagrun for example_branch_dop_operator_v3 to 2026-08-20 11:12:00+00:00, run_after=2026-08-20 11:13:00+00:00
[2026-08-20T11:13:55.828+0000] {processor.py:208} INFO - Processing /workspaces/lab-2/.venv/lib/python3.12/site-packages/airflow/example_dags/example_branch_python_dop_operator_3.py took 0.061 seconds
[2026-08-20T11:16:15.156+0000] {processor.py:186} INFO - Started process (PID=38831) to work on /workspaces/lab-2/.venv/lib/python3.12/site-packages/airflow/example_dags/example_branch_python_dop_operator_3.py
[2026-08-20T11:16:15.159+0000] {processor.py:914} INFO - Processing file /workspaces/lab-2/.venv/lib/python3.12/site-packages/airflow/example_dags/example_branch_python_dop_operator_3.py for tasks to queue
[2026-08-20T11:16:15.164+0000] {logging_mixin.py:190} INFO - [2026-08-20T11:16:15.163+0000] {dagbag.py:588} INFO - Filling up the DagBag from /workspaces/lab-2/.venv/lib/python3.12/site-packages/airflow/example_dags/example_branch_python_dop_operator_3.py
[2026-08-20T11:16:15.179+0000] {processor.py:925} INFO - DAG(s) 'example_branch_dop_operator_v3' retrieved from /workspaces/lab-2/.venv/lib/python3.12/site-packages/airflow/example_dags/example_branch_python_dop_operator_3.py
[2026-08-20T11:16:15.330+0000] {logging_mixin.py:190} INFO - [2026-08-20T11:16:15.329+0000] {dag.py:3239} INFO - Sync 1 DAGs
[2026-08-20T11:16:15.378+0000] {logging_mixin.py:190} INFO - [2026-08-20T11:16:15.377+0000] {dag.py:4180} INFO - Setting next_dagrun for example_branch_dop_operator_v3 to 2026-08-20 11:16:00+00:00, run_after=2026-08-20 11:17:00+00:00
[2026-08-20T11:16:15.457+0000] {processor.py:208} INFO - Processing /workspaces/lab-2/.venv/lib/python3.12/site-packages/airflow/example_dags/example_branch_python_dop_operator_3.py took 0.311 seconds
