[2026-08-20T11:04:29.687+0000] {processor.py:186} INFO - Started process (PID=24627) to work on /workspaces/lab-2/.venv/lib/python3.12/site-packages/airflow/example_dags/example_outlet_event_extra.py
[2026-08-20T11:04:29.688+0000] {processor.py:914} INFO - Processing file /workspaces/lab-2/.venv/lib/python3.12/site-packages/airflow/example_dags/example_outlet_event_extra.py for tasks to queue
[2026-08-20T11:04:29.691+0000] {logging_mixin.py:190} INFO - [2026-08-20T11:04:29.691+0000] {dagbag.py:588} INFO - Filling up the DagBag from /workspaces/lab-2/.venv/lib/python3.12/site-packages/airflow/example_dags/example_outlet_event_extra.py
[2026-08-20T11:04:29.711+0000] {processor.py:925} INFO - DAG(s) 'dataset_with_extra_by_context', 'dataset_with_extra_from_classic_operator', 'dataset_with_extra_by_yield' retrieved from /workspaces/lab-2/.venv/lib/python3.12/site-packages/airflow/example_dags/example_outlet_event_extra.py
[2026-08-20T11:04:29.836+0000] {logging_mixin.py:190} INFO - [2026-08-20T11:04:29.835+0000] {override.py:1900} INFO - Created Permission View: can edit on DAG:dataset_with_extra_by_context
[2026-08-20T11:04:29.849+0000] {logging_mixin.py:190} INFO - [2026-08-20T11:04:29.848+0000] {override.py:1900} INFO - Created Permission View: can read on DAG:dataset_with_extra_by_context
[2026-08-20T11:04:29.858+0000] {logging_mixin.py:190} INFO - [2026-08-20T11:04:29.858+0000] {override.py:1900} INFO - Created Permission View: can delete on DAG:dataset_with_extra_by_context
[2026-08-20T11:04:29.871+0000] {logging_mixin.py:190} INFO - [2026-08-20T11:04:29.871+0000] {override.py:1900} INFO - Created Permission View: can create on DAG Run:dataset_with_extra_by_context
[2026-08-20T11:04:29.880+0000] {logging_mixin.py:190} INFO - [2026-08-20T11:04:29.880+0000] {override.py:1900} INFO - Created Permission View: can read on DAG Run:dataset_with_extra_by_context
[2026-08-20T11:04:29.888+0000] {logging_mixin.py:190} INFO - [2026-08-20T11:04:29.888+0000] {override.py:1900} INFO - Created Permission View: menu access on DAG Run:dataset_with_extra_by_context
[2026-08-20T11:04:29.895+0000] {logging_mixin.py:190} INFO - [2026-08-20T11:04:29.895+0000] {override.py:1900} INFO - Created Permission View: can delete on DAG Run:dataset_with_extra_by_context
[2026-08-20T11:04:29.914+0000] {logging_mixin.py:190} INFO - [2026-08-20T11:04:29.914+0000] {override.py:1900} INFO - Created Permission View: can edit on DAG:dataset_with_extra_from_classic_operator
[2026-08-20T11:04:29.921+0000] {logging_mixin.py:190} INFO - [2026-08-20T11:04:29.921+0000] {override.py:1900} INFO - Created Permission View: can read on DAG:dataset_with_extra_from_classic_operator
[2026-08-20T11:04:29.928+0000] {logging_mixin.py:190} INFO - [2026-08-20T11:04:29.928+0000] {override.py:1900} INFO - Created Permission View: can delete on DAG:dataset_with_extra_from_classic_operator
[2026-08-20T11:04:29.939+0000] {logging_mixin.py:190} INFO - [2026-08-20T11:04:29.939+0000] {override.py:1900} INFO - Created Permission View: can create on DAG Run:dataset_with_extra_from_classic_operator
[2026-08-20T11:04:29.945+0000] {logging_mixin.py:190} INFO - [2026-08-20T11:04:29.945+0000] {override.py:1900} INFO - Created Permission View: can read on DAG Run:dataset_with_extra_from_classic_operator
[2026-08-20T11:04:29.952+0000] {logging_mixin.py:190} INFO - [2026-08-20T11:04:29.952+0000] {override.py:1900} INFO - Created Permission View: menu access on DAG Run:dataset_with_extra_from_classic_operator
[2026-08-20T11:04:29.962+0000] {logging_mixin.py:190} INFO - [2026-08-20T11:04:29.962+0000] {override.py:1900} INFO - Created Permission View: can delete on DAG Run:dataset_with_extra_from_classic_operator
[2026-08-20T11:04:29.979+0000] {logging_mixin.py:190} INFO - [2026-08-20T11:04:29.979+0000] {override.py:1900} INFO - Created Permission View: can edit on DAG:dataset_with_extra_by_yield
[2026-08-20T11:04:29.986+0000] {logging_mixin.py:190} INFO - [2026-08-20T11:04:29.986+0000] {override.py:1900} INFO - Created Permission View: can read on DAG:dataset_with_extra_by_yield
[2026-08-20T11:04:29.993+0000] {logging_mixin.py:190} INFO - [2026-08-20T11:04:29.992+0000] {override.py:1900} INFO - Created Permission View: can delete on DAG:dataset_with_extra_by_yield
[2026-08-20T11:04:30.007+0000] {logging_mixin.py:190} INFO - [2026-08-20T11:04:30.007+0000] {override.py:1900} INFO - Created Permission View: can create on DAG Run:dataset_with_extra_by_yield
[2026-08-20T11:04:30.014+0000] {logging_mixin.py:190} INFO - [2026-08-20T11:04:30.014+0000] {override.py:1900} INFO - Created Permission View: can read on DAG Run:dataset_with_extra_by_yield
[2026-08-20T11:04:30.021+0000] {logging_mixin.py:190} INFO - [2026-08-20T11:04:30.021+0000] {override.py:1900} INFO - Created Permission View: menu access on DAG Run:dataset_with_extra_by_yield
[2026-08-20T11:04:30.028+0000] {logging_mixin.py:190} INFO - [2026-08-20T11:04:30.028+0000] {override.py:1900} INFO - Created Permission View: can delete on DAG Run:dataset_with_extra_by_yield
[2026-08-20T11:04:30.028+0000] {logging_mixin.py:190} INFO - [2026-08-20T11:04:30.028+0000] {dag.py:3239} INFO - Sync 3 DAGs
[2026-08-20T11:04:30.038+0000] {logging_mixin.py:190} INFO - [2026-08-20T11:04:30.038+0000] {dag.py:3262} INFO - Creating ORM DAG for dataset_with_extra_from_classic_operator
[2026-08-20T11:04:30.039+0000] {logging_mixin.py:190} INFO - [2026-08-20T11:04:30.039+0000] {dag.py:3262} INFO - Creating ORM DAG for dataset_with_extra_by_yield
[2026-08-20T11:04:30.039+0000] {logging_mixin.py:190} INFO - [2026-08-20T11:04:30.039+0000] {dag.py:3262} INFO - Creating ORM DAG for dataset_with_extra_by_context
[2026-08-20T11:04:30.046+0000] {logging_mixin.py:190} INFO - [2026-08-20T11:04:30.046+0000] {dag.py:4180} INFO - Setting next_dagrun for dataset_with_extra_by_context to 2026-08-19 00:00:00+00:00, run_after=2026-08-20 00:00:00+00:00
[2026-08-20T11:04:30.047+0000] {logging_mixin.py:190} INFO - [2026-08-20T11:04:30.047+0000] {dag.py:4180} INFO - Setting next_dagrun for dataset_with_extra_by_yield to 2026-08-19 00:00:00+00:00, run_after=2026-08-20 00:00:00+00:00
[2026-08-20T11:04:30.048+0000] {logging_mixin.py:190} INFO - [2026-08-20T11:04:30.048+0000] {dag.py:4180} INFO - Setting next_dagrun for dataset_with_extra_from_classic_operator to 2026-08-19 00:00:00+00:00, run_after=2026-08-20 00:00:00+00:00
[2026-08-20T11:04:30.069+0000] {processor.py:208} INFO - Processing /workspaces/lab-2/.venv/lib/python3.12/site-packages/airflow/example_dags/example_outlet_event_extra.py took 0.387 seconds
[2026-08-20T11:05:32.763+0000] {processor.py:186} INFO - Started process (PID=25480) to work on /workspaces/lab-2/.venv/lib/python3.12/site-packages/airflow/example_dags/example_outlet_event_extra.py
[2026-08-20T11:05:32.764+0000] {processor.py:914} INFO - Processing file /workspaces/lab-2/.venv/lib/python3.12/site-packages/airflow/example_dags/example_outlet_event_extra.py for tasks to queue
[2026-08-20T11:05:32.765+0000] {logging_mixin.py:190} INFO - [2026-08-20T11:05:32.765+0000] {dagbag.py:588} INFO - Filling up the DagBag from /workspaces/lab-2/.venv/lib/python3.12/site-packages/airflow/example_dags/example_outlet_event_extra.py
[2026-08-20T11:05:32.777+0000] {processor.py:925} INFO - DAG(s) 'dataset_with_extra_from_classic_operator', 'dataset_with_extra_by_yield', 'dataset_with_extra_by_context' retrieved from /workspaces/lab-2/.venv/lib/python3.12/site-packages/airflow/example_dags/example_outlet_event_extra.py
[2026-08-20T11:05:32.794+0000] {logging_mixin.py:190} INFO - [2026-08-20T11:05:32.793+0000] {dag.py:3239} INFO - Sync 3 DAGs
[2026-08-20T11:05:32.810+0000] {logging_mixin.py:190} INFO - [2026-08-20T11:05:32.810+0000] {dag.py:4180} INFO - Setting next_dagrun for dataset_with_extra_by_context to 2026-08-19 00:00:00+00:00, run_after=2026-08-20 00:00:00+00:00
[2026-08-20T11:05:32.813+0000] {logging_mixin.py:190} INFO - [2026-08-20T11:05:32.813+0000] {dag.py:4180} INFO - Setting next_dagrun for dataset_with_extra_by_yield to 2026-08-19 00:00:00+00:00, run_after=2026-08-20 00:00:00+00:00
[2026-08-20T11:05:32.815+0000] {logging_mixin.py:190} INFO - [2026-08-20T11:05:32.815+0000] {dag.py:4180} INFO - Setting next_dagrun for dataset_with_extra_from_classic_operator to 2026-08-19 00:00:00+00:00, run_after=2026-08-20 00:00:00+00:00
[2026-08-20T11:05:32.836+0000] {processor.py:208} INFO - Processing /workspaces/lab-2/.venv/lib/python3.12/site-packages/airflow/example_dags/example_outlet_event_extra.py took 0.077 seconds
[2026-08-20T11:07:10.810+0000] {processor.py:186} INFO - Started process (PID=27090) to work on /workspaces/lab-2/.venv/lib/python3.12/site-packages/airflow/example_dags/example_outlet_event_extra.py
[2026-08-20T11:07:10.810+0000] {processor.py:914} INFO - Processing file /workspaces/lab-2/.venv/lib/python3.12/site-packages/airflow/example_dags/example_outlet_event_extra.py for tasks to queue
[2026-08-20T11:07:10.812+0000] {logging_mixin.py:190} INFO - [2026-08-20T11:07:10.812+0000] {dagbag.py:588} INFO - Filling up the DagBag from /workspaces/lab-2/.venv/lib/python3.12/site-packages/airflow/example_dags/example_outlet_event_extra.py
[2026-08-20T11:07:10.824+0000] {processor.py:925} INFO - DAG(s) 'dataset_with_extra_from_classic_operator', 'dataset_with_extra_by_context', 'dataset_with_extra_by_yield' retrieved from /workspaces/lab-2/.venv/lib/python3.12/site-packages/airflow/example_dags/example_outlet_event_extra.py
[2026-08-20T11:07:10.842+0000] {logging_mixin.py:190} INFO - [2026-08-20T11:07:10.842+0000] {dag.py:3239} INFO - Sync 3 DAGs
[2026-08-20T11:07:10.865+0000] {logging_mixin.py:190} INFO - [2026-08-20T11:07:10.865+0000] {dag.py:4180} INFO - Setting next_dagrun for dataset_with_extra_by_context to 2026-08-19 00:00:00+00:00, run_after=2026-08-20 00:00:00+00:00
[2026-08-20T11:07:10.868+0000] {logging_mixin.py:190} INFO - [2026-08-20T11:07:10.868+0000] {dag.py:4180} INFO - Setting next_dagrun for dataset_with_extra_by_yield to 2026-08-19 00:00:00+00:00, run_after=2026-08-20 00:00:00+00:00
[2026-08-20T11:07:10.870+0000] {logging_mixin.py:190} INFO - [2026-08-20T11:07:10.870+0000] {dag.py:4180} INFO - Setting next_dagrun for dataset_with_extra_from_classic_operator to 2026-08-19 00:00:00+00:00, run_after=2026-08-20 00:00:00+00:00
[2026-08-20T11:07:10.888+0000] {processor.py:208} INFO - Processing /workspaces/lab-2/.venv/lib/python3.12/site-packages/airflow/example_dags/example_outlet_event_extra.py took 0.083 seconds
[2026-08-20T11:08:08.722+0000] {processor.py:186} INFO - Started process (PID=28206) to work on /workspaces/lab-2/.venv/lib/python3.12/site-packages/airflow/example_dags/example_outlet_event_extra.py
[2026-08-20T11:08:08.725+0000] {processor.py:914} INFO - Processing file /workspaces/lab-2/.venv/lib/python3.12/site-packages/airflow/example_dags/example_outlet_event_extra.py for tasks to queue
[2026-08-20T11:08:08.733+0000] {logging_mixin.py:190} INFO - [2026-08-20T11:08:08.732+0000] {dagbag.py:588} INFO - Filling up the DagBag from /workspaces/lab-2/.venv/lib/python3.12/site-packages/airflow/example_dags/example_outlet_event_extra.py
[2026-08-20T11:08:08.782+0000] {processor.py:925} INFO - DAG(s) 'dataset_with_extra_by_context', 'dataset_with_extra_by_yield', 'dataset_with_extra_from_classic_operator' retrieved from /workspaces/lab-2/.venv/lib/python3.12/site-packages/airflow/example_dags/example_outlet_event_extra.py
[2026-08-20T11:08:08.843+0000] {logging_mixin.py:190} INFO - [2026-08-20T11:08:08.843+0000] {dag.py:3239} INFO - Sync 3 DAGs
[2026-08-20T11:08:08.899+0000] {logging_mixin.py:190} INFO - [2026-08-20T11:08:08.899+0000] {dag.py:4180} INFO - Setting next_dagrun for dataset_with_extra_by_context to 2026-08-19 00:00:00+00:00, run_after=2026-08-20 00:00:00+00:00
[2026-08-20T11:08:08.911+0000] {logging_mixin.py:190} INFO - [2026-08-20T11:08:08.911+0000] {dag.py:4180} INFO - Setting next_dagrun for dataset_with_extra_by_yield to 2026-08-19 00:00:00+00:00, run_after=2026-08-20 00:00:00+00:00
[2026-08-20T11:08:08.917+0000] {logging_mixin.py:190} INFO - [2026-08-20T11:08:08.917+0000] {dag.py:4180} INFO - Setting next_dagrun for dataset_with_extra_from_classic_operator to 2026-08-19 00:00:00+00:00, run_after=2026-08-20 00:00:00+00:00
[2026-08-20T11:08:08.968+0000] {processor.py:208} INFO - Processing /workspaces/lab-2/.venv/lib/python3.12/site-packages/airflow/example_dags/example_outlet_event_extra.py took 0.269 seconds
[2026-08-20T11:09:04.820+0000] {processor.py:186} INFO - Started process (PID=29003) to work on /workspaces/lab-2/.venv/lib/python3.12/site-packages/airflow/example_dags/example_outlet_event_extra.py
[2026-08-20T11:09:04.821+0000] {processor.py:914} INFO - Processing file /workspaces/lab-2/.venv/lib/python3.12/site-packages/airflow/example_dags/example_outlet_event_extra.py for tasks to queue
[2026-08-20T11:09:04.823+0000] {logging_mixin.py:190} INFO - [2026-08-20T11:09:04.823+0000] {dagbag.py:588} INFO - Filling up the DagBag from /workspaces/lab-2/.venv/lib/python3.12/site-packages/airflow/example_dags/example_outlet_event_extra.py
[2026-08-20T11:09:04.836+0000] {processor.py:925} INFO - DAG(s) 'dataset_with_extra_from_classic_operator', 'dataset_with_extra_by_yield', 'dataset_with_extra_by_context' retrieved from /workspaces/lab-2/.venv/lib/python3.12/site-packages/airflow/example_dags/example_outlet_event_extra.py
[2026-08-20T11:09:04.857+0000] {logging_mixin.py:190} INFO - [2026-08-20T11:09:04.857+0000] {dag.py:3239} INFO - Sync 3 DAGs
[2026-08-20T11:09:04.882+0000] {logging_mixin.py:190} INFO - [2026-08-20T11:09:04.882+0000] {dag.py:4180} INFO - Setting next_dagrun for dataset_with_extra_by_context to 2026-08-19 00:00:00+00:00, run_after=2026-08-20 00:00:00+00:00
[2026-08-20T11:09:04.887+0000] {logging_mixin.py:190} INFO - [2026-08-20T11:09:04.887+0000] {dag.py:4180} INFO - Setting next_dagrun for dataset_with_extra_by_yield to 2026-08-19 00:00:00+00:00, run_after=2026-08-20 00:00:00+00:00
[2026-08-20T11:09:04.889+0000] {logging_mixin.py:190} INFO - [2026-08-20T11:09:04.889+0000] {dag.py:4180} INFO - Setting next_dagrun for dataset_with_extra_from_classic_operator to 2026-08-19 00:00:00+00:00, run_after=2026-08-20 00:00:00+00:00
[2026-08-20T11:09:04.916+0000] {processor.py:208} INFO - Processing /workspaces/lab-2/.venv/lib/python3.12/site-packages/airflow/example_dags/example_outlet_event_extra.py took 0.100 seconds
[2026-08-20T11:09:58.479+0000] {processor.py:186} INFO - Started process (PID=29949) to work on /workspaces/lab-2/.venv/lib/python3.12/site-packages/airflow/example_dags/example_outlet_event_extra.py
[2026-08-20T11:09:58.481+0000] {processor.py:914} INFO - Processing file /workspaces/lab-2/.venv/lib/python3.12/site-packages/airflow/example_dags/example_outlet_event_extra.py for tasks to queue
[2026-08-20T11:09:58.488+0000] {logging_mixin.py:190} INFO - [2026-08-20T11:09:58.487+0000] {dagbag.py:588} INFO - Filling up the DagBag from /workspaces/lab-2/.venv/lib/python3.12/site-packages/airflow/example_dags/example_outlet_event_extra.py
[2026-08-20T11:09:58.517+0000] {processor.py:925} INFO - DAG(s) 'dataset_with_extra_by_yield', 'dataset_with_extra_by_context', 'dataset_with_extra_from_classic_operator' retrieved from /workspaces/lab-2/.venv/lib/python3.12/site-packages/airflow/example_dags/example_outlet_event_extra.py
[2026-08-20T11:09:58.545+0000] {logging_mixin.py:190} INFO - [2026-08-20T11:09:58.545+0000] {dag.py:3239} INFO - Sync 3 DAGs
[2026-08-20T11:09:58.577+0000] {logging_mixin.py:190} INFO - [2026-08-20T11:09:58.577+0000] {dag.py:4180} INFO - Setting next_dagrun for dataset_with_extra_by_context to 2026-08-19 00:00:00+00:00, run_after=2026-08-20 00:00:00+00:00
[2026-08-20T11:09:58.582+0000] {logging_mixin.py:190} INFO - [2026-08-20T11:09:58.582+0000] {dag.py:4180} INFO - Setting next_dagrun for dataset_with_extra_by_yield to 2026-08-19 00:00:00+00:00, run_after=2026-08-20 00:00:00+00:00
[2026-08-20T11:09:58.585+0000] {logging_mixin.py:190} INFO - [2026-08-20T11:09:58.584+0000] {dag.py:4180} INFO - Setting next_dagrun for dataset_with_extra_from_classic_operator to 2026-08-19 00:00:00+00:00, run_after=2026-08-20 00:00:00+00:00
[2026-08-20T11:09:58.611+0000] {processor.py:208} INFO - Processing /workspaces/lab-2/.venv/lib/python3.12/site-packages/airflow/example_dags/example_outlet_event_extra.py took 0.139 seconds
[2026-08-20T11:10:51.481+0000] {processor.py:186} INFO - Started process (PID=30812) to work on /workspaces/lab-2/.venv/lib/python3.12/site-packages/airflow/example_dags/example_outlet_event_extra.py
[2026-08-20T11:10:51.482+0000] {processor.py:914} INFO - Processing file /workspaces/lab-2/.venv/lib/python3.12/site-packages/airflow/example_dags/example_outlet_event_extra.py for tasks to queue
[2026-08-20T11:10:51.484+0000] {logging_mixin.py:190} INFO - [2026-08-20T11:10:51.484+0000] {dagbag.py:588} INFO - Filling up the DagBag from /workspaces/lab-2/.venv/lib/python3.12/site-packages/airflow/example_dags/example_outlet_event_extra.py
[2026-08-20T11:10:51.496+0000] {processor.py:925} INFO - DAG(s) 'dataset_with_extra_by_yield', 'dataset_with_extra_by_context', 'dataset_with_extra_from_classic_operator' retrieved from /workspaces/lab-2/.venv/lib/python3.12/site-packages/airflow/example_dags/example_outlet_event_extra.py
[2026-08-20T11:10:51.513+0000] {logging_mixin.py:190} INFO - [2026-08-20T11:10:51.512+0000] {dag.py:3239} INFO - Sync 3 DAGs
[2026-08-20T11:10:51.530+0000] {logging_mixin.py:190} INFO - [2026-08-20T11:10:51.530+0000] {dag.py:4180} INFO - Setting next_dagrun for dataset_with_extra_by_context to 2026-08-19 00:00:00+00:00, run_after=2026-08-20 00:00:00+00:00
[2026-08-20T11:10:51.533+0000] {logging_mixin.py:190} INFO - [2026-08-20T11:10:51.533+0000] {dag.py:4180} INFO - Setting next_dagrun for dataset_with_extra_by_yield to 2026-08-19 00:00:00+00:00, run_after=2026-08-20 00:00:00+00:00
[2026-08-20T11:10:51.535+0000] {logging_mixin.py:190} INFO - [2026-08-20T11:10:51.535+0000] {dag.py:4180} INFO - Setting next_dagrun for dataset_with_extra_from_classic_operator to 2026-08-19 00:00:00+00:00, run_after=2026-08-20 00:00:00+00:00
[2026-08-20T11:10:51.556+0000] {processor.py:208} INFO - Processing /workspaces/lab-2/.venv/lib/python3.12/site-packages/airflow/example_dags/example_outlet_event_extra.py took 0.080 seconds
[2026-08-20T11:11:43.799+0000] {processor.py:186} INFO - Started process (PID=31740) to work on /workspaces/lab-2/.venv/lib/python3.12/site-packages/airflow/example_dags/example_outlet_event_extra.py
[2026-08-20T11:11:43.800+0000] {processor.py:914} INFO - Processing file /workspaces/lab-2/.venv/lib/python3.12/site-packages/airflow/example_dags/example_outlet_event_extra.py for tasks to queue
[2026-08-20T11:11:43.802+0000] {logging_mixin.py:190} INFO - [2026-08-20T11:11:43.801+0000] {dagbag.py:588} INFO - Filling up the DagBag from /workspaces/lab-2/.venv/lib/python3.12/site-packages/airflow/example_dags/example_outlet_event_extra.py
[2026-08-20T11:11:43.817+0000] {processor.py:925} INFO - DAG(s) 'dataset_with_extra_by_yield', 'dataset_with_extra_from_classic_operator', 'dataset_with_extra_by_context' retrieved from /workspaces/lab-2/.venv/lib/python3.12/site-packages/airflow/example_dags/example_outlet_event_extra.py
[2026-08-20T11:11:43.834+0000] {logging_mixin.py:190} INFO - [2026-08-20T11:11:43.834+0000] {dag.py:3239} INFO - Sync 3 DAGs
[2026-08-20T11:11:43.855+0000] {logging_mixin.py:190} INFO - [2026-08-20T11:11:43.854+0000] {dag.py:4180} INFO - Setting next_dagrun for dataset_with_extra_by_context to 2026-08-19 00:00:00+00:00, run_after=2026-08-20 00:00:00+00:00
[2026-08-20T11:11:43.860+0000] {logging_mixin.py:190} INFO - [2026-08-20T11:11:43.859+0000] {dag.py:4180} INFO - Setting next_dagrun for dataset_with_extra_by_yield to 2026-08-19 00:00:00+00:00, run_after=2026-08-20 00:00:00+00:00
[2026-08-20T11:11:43.862+0000] {logging_mixin.py:190} INFO - [2026-08-20T11:11:43.861+0000] {dag.py:4180} INFO - Setting next_dagrun for dataset_with_extra_from_classic_operator to 2026-08-19 00:00:00+00:00, run_after=2026-08-20 00:00:00+00:00
[2026-08-20T11:11:43.881+0000] {processor.py:208} INFO - Processing /workspaces/lab-2/.venv/lib/python3.12/site-packages/airflow/example_dags/example_outlet_event_extra.py took 0.087 seconds
[2026-08-20T11:11:47.137+0000] {processor.py:186} INFO - Started process (PID=31838) to work on /workspaces/lab-2/.venv/lib/python3.12/site-packages/airflow/example_dags/example_outlet_event_extra.py
[2026-08-20T11:11:47.140+0000] {processor.py:914} INFO - Processing file /workspaces/lab-2/.venv/lib/python3.12/site-packages/airflow/example_dags/example_outlet_event_extra.py for tasks to queue
[2026-08-20T11:11:47.144+0000] {logging_mixin.py:190} INFO - [2026-08-20T11:11:47.143+0000] {dagbag.py:588} INFO - Filling up the DagBag from /workspaces/lab-2/.venv/lib/python3.12/site-packages/airflow/example_dags/example_outlet_event_extra.py
[2026-08-20T11:11:47.165+0000] {processor.py:925} INFO - DAG(s) 'dataset_with_extra_by_yield', 'dataset_with_extra_by_context', 'dataset_with_extra_from_classic_operator' retrieved from /workspaces/lab-2/.venv/lib/python3.12/site-packages/airflow/example_dags/example_outlet_event_extra.py
[2026-08-20T11:11:47.192+0000] {logging_mixin.py:190} INFO - [2026-08-20T11:11:47.191+0000] {dag.py:3239} INFO - Sync 3 DAGs
[2026-08-20T11:11:47.218+0000] {logging_mixin.py:190} INFO - [2026-08-20T11:11:47.218+0000] {dag.py:4180} INFO - Setting next_dagrun for dataset_with_extra_by_context to 2026-08-19 00:00:00+00:00, run_after=2026-08-20 00:00:00+00:00
[2026-08-20T11:11:47.223+0000] {logging_mixin.py:190} INFO - [2026-08-20T11:11:47.223+0000] {dag.py:4180} INFO - Setting next_dagrun for dataset_with_extra_by_yield to 2026-08-19 00:00:00+00:00, run_after=2026-08-20 00:00:00+00:00
[2026-08-20T11:11:47.225+0000] {logging_mixin.py:190} INFO - [2026-08-20T11:11:47.225+0000] {dag.py:4180} INFO - Setting next_dagrun for dataset_with_extra_from_classic_operator to 2026-08-19 00:00:00+00:00, run_after=2026-08-20 00:00:00+00:00
[2026-08-20T11:11:47.282+0000] {processor.py:208} INFO - Processing /workspaces/lab-2/.venv/lib/python3.12/site-packages/airflow/example_dags/example_outlet_event_extra.py took 0.159 seconds
[2026-08-20T11:12:38.438+0000] {processor.py:186} INFO - Started process (PID=32965) to work on /workspaces/lab-2/.venv/lib/python3.12/site-packages/airflow/example_dags/example_outlet_event_extra.py
[2026-08-20T11:12:38.439+0000] {processor.py:914} INFO - Processing file /workspaces/lab-2/.venv/lib/python3.12/site-packages/airflow/example_dags/example_outlet_event_extra.py for tasks to queue
[2026-08-20T11:12:38.441+0000] {logging_mixin.py:190} INFO - [2026-08-20T11:12:38.440+0000] {dagbag.py:588} INFO - Filling up the DagBag from /workspaces/lab-2/.venv/lib/python3.12/site-packages/airflow/example_dags/example_outlet_event_extra.py
[2026-08-20T11:12:38.452+0000] {processor.py:925} INFO - DAG(s) 'dataset_with_extra_by_context', 'dataset_with_extra_from_classic_operator', 'dataset_with_extra_by_yield' retrieved from /workspaces/lab-2/.venv/lib/python3.12/site-packages/airflow/example_dags/example_outlet_event_extra.py
[2026-08-20T11:12:38.469+0000] {logging_mixin.py:190} INFO - [2026-08-20T11:12:38.469+0000] {dag.py:3239} INFO - Sync 3 DAGs
[2026-08-20T11:12:38.486+0000] {logging_mixin.py:190} INFO - [2026-08-20T11:12:38.486+0000] {dag.py:4180} INFO - Setting next_dagrun for dataset_with_extra_by_context to 2026-08-19 00:00:00+00:00, run_after=2026-08-20 00:00:00+00:00
[2026-08-20T11:12:38.489+0000] {logging_mixin.py:190} INFO - [2026-08-20T11:12:38.489+0000] {dag.py:4180} INFO - Setting next_dagrun for dataset_with_extra_by_yield to 2026-08-19 00:00:00+00:00, run_after=2026-08-20 00:00:00+00:00
[2026-08-20T11:12:38.491+0000] {logging_mixin.py:190} INFO - [2026-08-20T11:12:38.491+0000] {dag.py:4180} INFO - Setting next_dagrun for dataset_with_extra_from_classic_operator to 2026-08-19 00:00:00+00:00, run_after=2026-08-20 00:00:00+00:00
[2026-08-20T11:12:38.511+0000] {processor.py:208} INFO - Processing /workspaces/lab-2/.venv/lib/python3.12/site-packages/airflow/example_dags/example_outlet_event_extra.py took 0.077 seconds
[2026-08-20T11:12:43.897+0000] {processor.py:186} INFO - Started process (PID=33065) to work on /workspaces/lab-2/.venv/lib/python3.12/site-packages/airflow/example_dags/example_outlet_event_extra.py
[2026-08-20T11:12:43.898+0000] {processor.py:914} INFO - Processing file /workspaces/lab-2/.venv/lib/python3.12/site-packages/airflow/example_dags/example_outlet_event_extra.py for tasks to queue
[2026-08-20T11:12:43.900+0000] {logging_mixin.py:190} INFO - [2026-08-20T11:12:43.900+0000] {dagbag.py:588} INFO - Filling up the DagBag from /workspaces/lab-2/.venv/lib/python3.12/site-packages/airflow/example_dags/example_outlet_event_extra.py
[2026-08-20T11:12:43.912+0000] {processor.py:925} INFO - DAG(s) 'dataset_with_extra_by_context', 'dataset_with_extra_by_yield', 'dataset_with_extra_from_classic_operator' retrieved from /workspaces/lab-2/.venv/lib/python3.12/site-packages/airflow/example_dags/example_outlet_event_extra.py
[2026-08-20T11:12:43.928+0000] {logging_mixin.py:190} INFO - [2026-08-20T11:12:43.928+0000] {dag.py:3239} INFO - Sync 3 DAGs
[2026-08-20T11:12:43.946+0000] {logging_mixin.py:190} INFO - [2026-08-20T11:12:43.945+0000] {dag.py:4180} INFO - Setting next_dagrun for dataset_with_extra_by_context to 2026-08-19 00:00:00+00:00, run_after=2026-08-20 00:00:00+00:00
[2026-08-20T11:12:43.949+0000] {logging_mixin.py:190} INFO - [2026-08-20T11:12:43.949+0000] {dag.py:4180} INFO - Setting next_dagrun for dataset_with_extra_by_yield to 2026-08-19 00:00:00+00:00, run_after=2026-08-20 00:00:00+00:00
[2026-08-20T11:12:43.951+0000] {logging_mixin.py:190} INFO - [2026-08-20T11:12:43.950+0000] {dag.py:4180} INFO - Setting next_dagrun for dataset_with_extra_from_classic_operator to 2026-08-19 00:00:00+00:00, run_after=2026-08-20 00:00:00+00:00
[2026-08-20T11:12:43.970+0000] {processor.py:208} INFO - Processing /workspaces/lab-2/.venv/lib/python3.12/site-packages/airflow/example_dags/example_outlet_event_extra.py took 0.078 seconds
[2026-08-20T11:13:38.044+0000] {processor.py:186} INFO - Started process (PID=34424) to work on /workspaces/lab-2/.venv/lib/python3.12/site-packages/airflow/example_dags/example_outlet_event_extra.py
[2026-08-20T11:13:38.046+0000] {processor.py:914} INFO - Processing file /workspaces/lab-2/.venv/lib/python3.12/site-packages/airflow/example_dags/example_outlet_event_extra.py for tasks to queue
[2026-08-20T11:13:38.049+0000] {logging_mixin.py:190} INFO - [2026-08-20T11:13:38.048+0000] {dagbag.py:588} INFO - Filling up the DagBag from /workspaces/lab-2/.venv/lib/python3.12/site-packages/airflow/example_dags/example_outlet_event_extra.py
[2026-08-20T11:13:38.066+0000] {processor.py:925} INFO - DAG(s) 'dataset_with_extra_by_yield', 'dataset_with_extra_from_classic_operator', 'dataset_with_extra_by_context' retrieved from /workspaces/lab-2/.venv/lib/python3.12/site-packages/airflow/example_dags/example_outlet_event_extra.py
[2026-08-20T11:13:38.457+0000] {logging_mixin.py:190} INFO - [2026-08-20T11:13:38.454+0000] {dag.py:3239} INFO - Sync 3 DAGs
[2026-08-20T11:13:38.494+0000] {logging_mixin.py:190} INFO - [2026-08-20T11:13:38.492+0000] {dag.py:4180} INFO - Setting next_dagrun for dataset_with_extra_by_context to 2026-08-19 00:00:00+00:00, run_after=2026-08-20 00:00:00+00:00
[2026-08-20T11:13:38.502+0000] {logging_mixin.py:190} INFO - [2026-08-20T11:13:38.502+0000] {dag.py:4180} INFO - Setting next_dagrun for dataset_with_extra_by_yield to 2026-08-19 00:00:00+00:00, run_after=2026-08-20 00:00:00+00:00
[2026-08-20T11:13:38.515+0000] {logging_mixin.py:190} INFO - [2026-08-20T11:13:38.508+0000] {dag.py:4180} INFO - Setting next_dagrun for dataset_with_extra_from_classic_operator to 2026-08-19 00:00:00+00:00, run_after=2026-08-20 00:00:00+00:00
[2026-08-20T11:13:38.582+0000] {processor.py:208} INFO - Processing /workspaces/lab-2/.venv/lib/python3.12/site-packages/airflow/example_dags/example_outlet_event_extra.py took 0.547 seconds
[2026-08-20T11:13:43.267+0000] {processor.py:186} INFO - Started process (PID=34566) to work on /workspaces/lab-2/.venv/lib/python3.12/site-packages/airflow/example_dags/example_outlet_event_extra.py
[2026-08-20T11:13:43.268+0000] {processor.py:914} INFO - Processing file /workspaces/lab-2/.venv/lib/python3.12/site-packages/airflow/example_dags/example_outlet_event_extra.py for tasks to queue
[2026-08-20T11:13:43.270+0000] {logging_mixin.py:190} INFO - [2026-08-20T11:13:43.270+0000] {dagbag.py:588} INFO - Filling up the DagBag from /workspaces/lab-2/.venv/lib/python3.12/site-packages/airflow/example_dags/example_outlet_event_extra.py
[2026-08-20T11:13:43.283+0000] {processor.py:925} INFO - DAG(s) 'dataset_with_extra_from_classic_operator', 'dataset_with_extra_by_yield', 'dataset_with_extra_by_context' retrieved from /workspaces/lab-2/.venv/lib/python3.12/site-packages/airflow/example_dags/example_outlet_event_extra.py
[2026-08-20T11:13:43.292+0000] {logging_mixin.py:190} INFO - [2026-08-20T11:13:43.291+0000] {dag.py:3239} INFO - Sync 3 DAGs
[2026-08-20T11:13:43.310+0000] {logging_mixin.py:190} INFO - [2026-08-20T11:13:43.309+0000] {dag.py:4180} INFO - Setting next_dagrun for dataset_with_extra_by_context to 2026-08-19 00:00:00+00:00, run_after=2026-08-20 00:00:00+00:00
[2026-08-20T11:13:43.315+0000] {logging_mixin.py:190} INFO - [2026-08-20T11:13:43.315+0000] {dag.py:4180} INFO - Setting next_dagrun for dataset_with_extra_by_yield to 2026-08-19 00:00:00+00:00, run_after=2026-08-20 00:00:00+00:00
[2026-08-20T11:13:43.317+0000] {logging_mixin.py:190} INFO - [2026-08-20T11:13:43.317+0000] {dag.py:4180} INFO - Setting next_dagrun for dataset_with_extra_from_classic_operator to 2026-08-19 00:00:00+00:00, run_after=2026-08-20 00:00:00+00:00
[2026-08-20T11:13:43.341+0000] {processor.py:208} INFO - Processing /workspaces/lab-2/.venv/lib/python3.12/site-packages/airflow/example_dags/example_outlet_event_extra.py took 0.081 seconds
[2026-08-20T11:14:40.246+0000] {processor.py:186} INFO - Started process (PID=35505) to work on /workspaces/lab-2/.venv/lib/python3.12/site-packages/airflow/example_dags/example_outlet_event_extra.py
[2026-08-20T11:14:40.250+0000] {processor.py:914} INFO - Processing file /workspaces/lab-2/.venv/lib/python3.12/site-packages/airflow/example_dags/example_outlet_event_extra.py for tasks to queue
[2026-08-20T11:14:40.256+0000] {logging_mixin.py:190} INFO - [2026-08-20T11:14:40.256+0000] {dagbag.py:588} INFO - Filling up the DagBag from /workspaces/lab-2/.venv/lib/python3.12/site-packages/airflow/example_dags/example_outlet_event_extra.py
[2026-08-20T11:14:40.288+0000] {processor.py:925} INFO - DAG(s) 'dataset_with_extra_by_context', 'dataset_with_extra_by_yield', 'dataset_with_extra_from_classic_operator' retrieved from /workspaces/lab-2/.venv/lib/python3.12/site-packages/airflow/example_dags/example_outlet_event_extra.py
[2026-08-20T11:14:40.323+0000] {logging_mixin.py:190} INFO - [2026-08-20T11:14:40.323+0000] {dag.py:3239} INFO - Sync 3 DAGs
[2026-08-20T11:14:40.346+0000] {logging_mixin.py:190} INFO - [2026-08-20T11:14:40.345+0000] {dag.py:4180} INFO - Setting next_dagrun for dataset_with_extra_by_context to 2026-08-19 00:00:00+00:00, run_after=2026-08-20 00:00:00+00:00
[2026-08-20T11:14:40.349+0000] {logging_mixin.py:190} INFO - [2026-08-20T11:14:40.349+0000] {dag.py:4180} INFO - Setting next_dagrun for dataset_with_extra_by_yield to 2026-08-19 00:00:00+00:00, run_after=2026-08-20 00:00:00+00:00
[2026-08-20T11:14:40.351+0000] {logging_mixin.py:190} INFO - [2026-08-20T11:14:40.351+0000] {dag.py:4180} INFO - Setting next_dagrun for dataset_with_extra_from_classic_operator to 2026-08-19 00:00:00+00:00, run_after=2026-08-20 00:00:00+00:00
[2026-08-20T11:14:40.370+0000] {processor.py:208} INFO - Processing /workspaces/lab-2/.venv/lib/python3.12/site-packages/airflow/example_dags/example_outlet_event_extra.py took 0.140 seconds
[2026-08-20T11:14:48.499+0000] {processor.py:186} INFO - Started process (PID=35784) to work on /workspaces/lab-2/.venv/lib/python3.12/site-packages/airflow/example_dags/example_outlet_event_extra.py
[2026-08-20T11:14:48.500+0000] {processor.py:914} INFO - Processing file /workspaces/lab-2/.venv/lib/python3.12/site-packages/airflow/example_dags/example_outlet_event_extra.py for tasks to queue
[2026-08-20T11:14:48.502+0000] {logging_mixin.py:190} INFO - [2026-08-20T11:14:48.502+0000] {dagbag.py:588} INFO - Filling up the DagBag from /workspaces/lab-2/.venv/lib/python3.12/site-packages/airflow/example_dags/example_outlet_event_extra.py
[2026-08-20T11:14:48.519+0000] {processor.py:925} INFO - DAG(s) 'dataset_with_extra_by_yield', 'dataset_with_extra_by_context', 'dataset_with_extra_from_classic_operator' retrieved from /workspaces/lab-2/.venv/lib/python3.12/site-packages/airflow/example_dags/example_outlet_event_extra.py
[2026-08-20T11:14:48.547+0000] {logging_mixin.py:190} INFO - [2026-08-20T11:14:48.546+0000] {dag.py:3239} INFO - Sync 3 DAGs
[2026-08-20T11:14:48.567+0000] {logging_mixin.py:190} INFO - [2026-08-20T11:14:48.567+0000] {dag.py:4180} INFO - Setting next_dagrun for dataset_with_extra_by_context to 2026-08-19 00:00:00+00:00, run_after=2026-08-20 00:00:00+00:00
[2026-08-20T11:14:48.570+0000] {logging_mixin.py:190} INFO - [2026-08-20T11:14:48.570+0000] {dag.py:4180} INFO - Setting next_dagrun for dataset_with_extra_by_yield to 2026-08-19 00:00:00+00:00, run_after=2026-08-20 00:00:00+00:00
[2026-08-20T11:14:48.572+0000] {logging_mixin.py:190} INFO - [2026-08-20T11:14:48.572+0000] {dag.py:4180} INFO - Setting next_dagrun for dataset_with_extra_from_classic_operator to 2026-08-19 00:00:00+00:00, run_after=2026-08-20 00:00:00+00:00
[2026-08-20T11:14:48.591+0000] {processor.py:208} INFO - Processing /workspaces/lab-2/.venv/lib/python3.12/site-packages/airflow/example_dags/example_outlet_event_extra.py took 0.099 seconds
[2026-08-20T11:17:07.198+0000] {processor.py:186} INFO - Started process (PID=40116) to work on /workspaces/lab-2/.venv/lib/python3.12/site-packages/airflow/example_dags/example_outlet_event_extra.py
[2026-08-20T11:17:07.204+0000] {processor.py:914} INFO - Processing file /workspaces/lab-2/.venv/lib/python3.12/site-packages/airflow/example_dags/example_outlet_event_extra.py for tasks to queue
[2026-08-20T11:17:07.212+0000] {logging_mixin.py:190} INFO - [2026-08-20T11:17:07.212+0000] {dagbag.py:588} INFO - Filling up the DagBag from /workspaces/lab-2/.venv/lib/python3.12/site-packages/airflow/example_dags/example_outlet_event_extra.py
[2026-08-20T11:17:07.286+0000] {processor.py:925} INFO - DAG(s) 'dataset_with_extra_by_context', 'dataset_with_extra_from_classic_operator', 'dataset_with_extra_by_yield' retrieved from /workspaces/lab-2/.venv/lib/python3.12/site-packages/airflow/example_dags/example_outlet_event_extra.py
[2026-08-20T11:17:07.787+0000] {logging_mixin.py:190} INFO - [2026-08-20T11:17:07.780+0000] {dag.py:3239} INFO - Sync 3 DAGs
[2026-08-20T11:17:07.892+0000] {logging_mixin.py:190} INFO - [2026-08-20T11:17:07.888+0000] {dag.py:4180} INFO - Setting next_dagrun for dataset_with_extra_by_context to 2026-08-20 00:00:00+00:00, run_after=2026-08-21 00:00:00+00:00
[2026-08-20T11:17:07.908+0000] {logging_mixin.py:190} INFO - [2026-08-20T11:17:07.908+0000] {dag.py:4180} INFO - Setting next_dagrun for dataset_with_extra_by_yield to 2026-08-20 00:00:00+00:00, run_after=2026-08-21 00:00:00+00:00
[2026-08-20T11:17:07.928+0000] {logging_mixin.py:190} INFO - [2026-08-20T11:17:07.926+0000] {dag.py:4180} INFO - Setting next_dagrun for dataset_with_extra_from_classic_operator to 2026-08-20 00:00:00+00:00, run_after=2026-08-21 00:00:00+00:00
[2026-08-20T11:17:08.060+0000] {processor.py:208} INFO - Processing /workspaces/lab-2/.venv/lib/python3.12/site-packages/airflow/example_dags/example_outlet_event_extra.py took 0.892 seconds
