[2026-08-20T11:04:35.137+0000] {processor.py:186} INFO - Started process (PID=24722) to work on /workspaces/lab-2/.venv/lib/python3.12/site-packages/airflow/example_dags/example_display_name.py
[2026-08-20T11:04:35.137+0000] {processor.py:914} INFO - Processing file /workspaces/lab-2/.venv/lib/python3.12/site-packages/airflow/example_dags/example_display_name.py for tasks to queue
[2026-08-20T11:04:35.139+0000] {logging_mixin.py:190} INFO - [2026-08-20T11:04:35.139+0000] {dagbag.py:588} INFO - Filling up the DagBag from /workspaces/lab-2/.venv/lib/python3.12/site-packages/airflow/example_dags/example_display_name.py
[2026-08-20T11:04:35.146+0000] {processor.py:925} INFO - DAG(s) 'example_display_name' retrieved from /workspaces/lab-2/.venv/lib/python3.12/site-packages/airflow/example_dags/example_display_name.py
[2026-08-20T11:04:35.240+0000] {logging_mixin.py:190} INFO - [2026-08-20T11:04:35.239+0000] {override.py:1900} INFO - Created Permission View: can edit on DAG:example_display_name
[2026-08-20T11:04:35.250+0000] {logging_mixin.py:190} INFO - [2026-08-20T11:04:35.250+0000] {override.py:1900} INFO - Created Permission View: can read on DAG:example_display_name
[2026-08-20T11:04:35.258+0000] {logging_mixin.py:190} INFO - [2026-08-20T11:04:35.257+0000] {override.py:1900} INFO - Created Permission View: can delete on DAG:example_display_name
[2026-08-20T11:04:35.270+0000] {logging_mixin.py:190} INFO - [2026-08-20T11:04:35.270+0000] {override.py:1900} INFO - Created Permission View: can create on DAG Run:example_display_name
[2026-08-20T11:04:35.277+0000] {logging_mixin.py:190} INFO - [2026-08-20T11:04:35.277+0000] {override.py:1900} INFO - Created Permission View: can read on DAG Run:example_display_name
[2026-08-20T11:04:35.285+0000] {logging_mixin.py:190} INFO - [2026-08-20T11:04:35.285+0000] {override.py:1900} INFO - Created Permission View: menu access on DAG Run:example_display_name
[2026-08-20T11:04:35.294+0000] {logging_mixin.py:190} INFO - [2026-08-20T11:04:35.294+0000] {override.py:1900} INFO - Created Permission View: can delete on DAG Run:example_display_name
[2026-08-20T11:04:35.294+0000] {logging_mixin.py:190} INFO - [2026-08-20T11:04:35.294+0000] {dag.py:3239} INFO - Sync 1 DAGs
[2026-08-20T11:04:35.305+0000] {logging_mixin.py:190} INFO - [2026-08-20T11:04:35.305+0000] {dag.py:3262} INFO - Creating ORM DAG for example_display_name
[2026-08-20T11:04:35.306+0000] {logging_mixin.py:190} INFO - [2026-08-20T11:04:35.306+0000] {dag.py:4180} INFO - Setting next_dagrun for example_display_name to None, run_after=None
[2026-08-20T11:04:35.322+0000] {processor.py:208} INFO - Processing /workspaces/lab-2/.venv/lib/python3.12/site-packages/airflow/example_dags/example_display_name.py took 0.191 seconds
[2026-08-20T11:05:37.279+0000] {processor.py:186} INFO - Started process (PID=25586) to work on /workspaces/lab-2/.venv/lib/python3.12/site-packages/airflow/example_dags/example_display_name.py
[2026-08-20T11:05:37.280+0000] {processor.py:914} INFO - Processing file /workspaces/lab-2/.venv/lib/python3.12/site-packages/airflow/example_dags/example_display_name.py for tasks to queue
[2026-08-20T11:05:37.283+0000] {logging_mixin.py:190} INFO - [2026-08-20T11:05:37.282+0000] {dagbag.py:588} INFO - Filling up the DagBag from /workspaces/lab-2/.venv/lib/python3.12/site-packages/airflow/example_dags/example_display_name.py
[2026-08-20T11:05:37.290+0000] {processor.py:925} INFO - DAG(s) 'example_display_name' retrieved from /workspaces/lab-2/.venv/lib/python3.12/site-packages/airflow/example_dags/example_display_name.py
[2026-08-20T11:05:37.303+0000] {logging_mixin.py:190} INFO - [2026-08-20T11:05:37.303+0000] {dag.py:3239} INFO - Sync 1 DAGs
[2026-08-20T11:05:37.313+0000] {logging_mixin.py:190} INFO - [2026-08-20T11:05:37.313+0000] {dag.py:4180} INFO - Setting next_dagrun for example_display_name to None, run_after=None
[2026-08-20T11:05:37.330+0000] {processor.py:208} INFO - Processing /workspaces/lab-2/.venv/lib/python3.12/site-packages/airflow/example_dags/example_display_name.py took 0.057 seconds
[2026-08-20T11:07:15.952+0000] {processor.py:186} INFO - Started process (PID=27119) to work on /workspaces/lab-2/.venv/lib/python3.12/site-packages/airflow/example_dags/example_display_name.py
[2026-08-20T11:07:15.953+0000] {processor.py:914} INFO - Processing file /workspaces/lab-2/.venv/lib/python3.12/site-packages/airflow/example_dags/example_display_name.py for tasks to queue
[2026-08-20T11:07:15.955+0000] {logging_mixin.py:190} INFO - [2026-08-20T11:07:15.955+0000] {dagbag.py:588} INFO - Filling up the DagBag from /workspaces/lab-2/.venv/lib/python3.12/site-packages/airflow/example_dags/example_display_name.py
[2026-08-20T11:07:15.961+0000] {processor.py:925} INFO - DAG(s) 'example_display_name' retrieved from /workspaces/lab-2/.venv/lib/python3.12/site-packages/airflow/example_dags/example_display_name.py
[2026-08-20T11:07:15.976+0000] {logging_mixin.py:190} INFO - [2026-08-20T11:07:15.975+0000] {dag.py:3239} INFO - Sync 1 DAGs
[2026-08-20T11:07:15.986+0000] {logging_mixin.py:190} INFO - [2026-08-20T11:07:15.985+0000] {dag.py:4180} INFO - Setting next_dagrun for example_display_name to None, run_after=None
[2026-08-20T11:07:16.003+0000] {processor.py:208} INFO - Processing /workspaces/lab-2/.venv/lib/python3.12/site-packages/airflow/example_dags/example_display_name.py took 0.056 seconds
[2026-08-20T11:08:14.425+0000] {processor.py:186} INFO - Started process (PID=28295) to work on /workspaces/lab-2/.venv/lib/python3.12/site-packages/airflow/example_dags/example_display_name.py
[2026-08-20T11:08:14.427+0000] {processor.py:914} INFO - Processing file /workspaces/lab-2/.venv/lib/python3.12/site-packages/airflow/example_dags/example_display_name.py for tasks to queue
[2026-08-20T11:08:14.430+0000] {logging_mixin.py:190} INFO - [2026-08-20T11:08:14.430+0000] {dagbag.py:588} INFO - Filling up the DagBag from /workspaces/lab-2/.venv/lib/python3.12/site-packages/airflow/example_dags/example_display_name.py
[2026-08-20T11:08:14.441+0000] {processor.py:925} INFO - DAG(s) 'example_display_name' retrieved from /workspaces/lab-2/.venv/lib/python3.12/site-packages/airflow/example_dags/example_display_name.py
[2026-08-20T11:08:14.466+0000] {logging_mixin.py:190} INFO - [2026-08-20T11:08:14.466+0000] {dag.py:3239} INFO - Sync 1 DAGs
[2026-08-20T11:08:14.487+0000] {logging_mixin.py:190} INFO - [2026-08-20T11:08:14.487+0000] {dag.py:4180} INFO - Setting next_dagrun for example_display_name to None, run_after=None
[2026-08-20T11:08:14.521+0000] {processor.py:208} INFO - Processing /workspaces/lab-2/.venv/lib/python3.12/site-packages/airflow/example_dags/example_display_name.py took 0.105 seconds
[2026-08-20T11:09:09.627+0000] {processor.py:186} INFO - Started process (PID=29101) to work on /workspaces/lab-2/.venv/lib/python3.12/site-packages/airflow/example_dags/example_display_name.py
[2026-08-20T11:09:09.627+0000] {processor.py:914} INFO - Processing file /workspaces/lab-2/.venv/lib/python3.12/site-packages/airflow/example_dags/example_display_name.py for tasks to queue
[2026-08-20T11:09:09.629+0000] {logging_mixin.py:190} INFO - [2026-08-20T11:09:09.629+0000] {dagbag.py:588} INFO - Filling up the DagBag from /workspaces/lab-2/.venv/lib/python3.12/site-packages/airflow/example_dags/example_display_name.py
[2026-08-20T11:09:09.636+0000] {processor.py:925} INFO - DAG(s) 'example_display_name' retrieved from /workspaces/lab-2/.venv/lib/python3.12/site-packages/airflow/example_dags/example_display_name.py
[2026-08-20T11:09:09.649+0000] {logging_mixin.py:190} INFO - [2026-08-20T11:09:09.648+0000] {dag.py:3239} INFO - Sync 1 DAGs
[2026-08-20T11:09:09.658+0000] {logging_mixin.py:190} INFO - [2026-08-20T11:09:09.658+0000] {dag.py:4180} INFO - Setting next_dagrun for example_display_name to None, run_after=None
[2026-08-20T11:09:09.677+0000] {processor.py:208} INFO - Processing /workspaces/lab-2/.venv/lib/python3.12/site-packages/airflow/example_dags/example_display_name.py took 0.055 seconds
[2026-08-20T11:10:03.094+0000] {processor.py:186} INFO - Started process (PID=30036) to work on /workspaces/lab-2/.venv/lib/python3.12/site-packages/airflow/example_dags/example_display_name.py
[2026-08-20T11:10:03.095+0000] {processor.py:914} INFO - Processing file /workspaces/lab-2/.venv/lib/python3.12/site-packages/airflow/example_dags/example_display_name.py for tasks to queue
[2026-08-20T11:10:03.098+0000] {logging_mixin.py:190} INFO - [2026-08-20T11:10:03.097+0000] {dagbag.py:588} INFO - Filling up the DagBag from /workspaces/lab-2/.venv/lib/python3.12/site-packages/airflow/example_dags/example_display_name.py
[2026-08-20T11:10:03.109+0000] {processor.py:925} INFO - DAG(s) 'example_display_name' retrieved from /workspaces/lab-2/.venv/lib/python3.12/site-packages/airflow/example_dags/example_display_name.py
[2026-08-20T11:10:03.137+0000] {logging_mixin.py:190} INFO - [2026-08-20T11:10:03.137+0000] {dag.py:3239} INFO - Sync 1 DAGs
[2026-08-20T11:10:03.153+0000] {logging_mixin.py:190} INFO - [2026-08-20T11:10:03.153+0000] {dag.py:4180} INFO - Setting next_dagrun for example_display_name to None, run_after=None
[2026-08-20T11:10:03.178+0000] {processor.py:208} INFO - Processing /workspaces/lab-2/.venv/lib/python3.12/site-packages/airflow/example_dags/example_display_name.py took 0.090 seconds
[2026-08-20T11:10:55.887+0000] {processor.py:186} INFO - Started process (PID=30898) to work on /workspaces/lab-2/.venv/lib/python3.12/site-packages/airflow/example_dags/example_display_name.py
[2026-08-20T11:10:55.888+0000] {processor.py:914} INFO - Processing file /workspaces/lab-2/.venv/lib/python3.12/site-packages/airflow/example_dags/example_display_name.py for tasks to queue
[2026-08-20T11:10:55.895+0000] {logging_mixin.py:190} INFO - [2026-08-20T11:10:55.893+0000] {dagbag.py:588} INFO - Filling up the DagBag from /workspaces/lab-2/.venv/lib/python3.12/site-packages/airflow/example_dags/example_display_name.py
[2026-08-20T11:10:55.904+0000] {processor.py:925} INFO - DAG(s) 'example_display_name' retrieved from /workspaces/lab-2/.venv/lib/python3.12/site-packages/airflow/example_dags/example_display_name.py
[2026-08-20T11:10:55.922+0000] {logging_mixin.py:190} INFO - [2026-08-20T11:10:55.922+0000] {dag.py:3239} INFO - Sync 1 DAGs
[2026-08-20T11:10:55.937+0000] {logging_mixin.py:190} INFO - [2026-08-20T11:10:55.937+0000] {dag.py:4180} INFO - Setting next_dagrun for example_display_name to None, run_after=None
[2026-08-20T11:10:55.978+0000] {processor.py:208} INFO - Processing /workspaces/lab-2/.venv/lib/python3.12/site-packages/airflow/example_dags/example_display_name.py took 0.101 seconds
[2026-08-20T11:11:48.952+0000] {processor.py:186} INFO - Started process (PID=31851) to work on /workspaces/lab-2/.venv/lib/python3.12/site-packages/airflow/example_dags/example_display_name.py
[2026-08-20T11:11:48.956+0000] {processor.py:914} INFO - Processing file /workspaces/lab-2/.venv/lib/python3.12/site-packages/airflow/example_dags/example_display_name.py for tasks to queue
[2026-08-20T11:11:48.960+0000] {logging_mixin.py:190} INFO - [2026-08-20T11:11:48.959+0000] {dagbag.py:588} INFO - Filling up the DagBag from /workspaces/lab-2/.venv/lib/python3.12/site-packages/airflow/example_dags/example_display_name.py
[2026-08-20T11:11:48.969+0000] {processor.py:925} INFO - DAG(s) 'example_display_name' retrieved from /workspaces/lab-2/.venv/lib/python3.12/site-packages/airflow/example_dags/example_display_name.py
[2026-08-20T11:11:48.986+0000] {logging_mixin.py:190} INFO - [2026-08-20T11:11:48.986+0000] {dag.py:3239} INFO - Sync 1 DAGs
[2026-08-20T11:11:48.997+0000] {logging_mixin.py:190} INFO - [2026-08-20T11:11:48.997+0000] {dag.py:4180} INFO - Setting next_dagrun for example_display_name to None, run_after=None
[2026-08-20T11:11:49.021+0000] {processor.py:208} INFO - Processing /workspaces/lab-2/.venv/lib/python3.12/site-packages/airflow/example_dags/example_display_name.py took 0.076 seconds
[2026-08-20T11:11:52.286+0000] {processor.py:186} INFO - Started process (PID=31877) to work on /workspaces/lab-2/.venv/lib/python3.12/site-packages/airflow/example_dags/example_display_name.py
[2026-08-20T11:11:52.287+0000] {processor.py:914} INFO - Processing file /workspaces/lab-2/.venv/lib/python3.12/site-packages/airflow/example_dags/example_display_name.py for tasks to queue
[2026-08-20T11:11:52.290+0000] {logging_mixin.py:190} INFO - [2026-08-20T11:11:52.290+0000] {dagbag.py:588} INFO - Filling up the DagBag from /workspaces/lab-2/.venv/lib/python3.12/site-packages/airflow/example_dags/example_display_name.py
[2026-08-20T11:11:52.302+0000] {processor.py:925} INFO - DAG(s) 'example_display_name' retrieved from /workspaces/lab-2/.venv/lib/python3.12/site-packages/airflow/example_dags/example_display_name.py
[2026-08-20T11:11:52.323+0000] {logging_mixin.py:190} INFO - [2026-08-20T11:11:52.323+0000] {dag.py:3239} INFO - Sync 1 DAGs
[2026-08-20T11:11:52.337+0000] {logging_mixin.py:190} INFO - [2026-08-20T11:11:52.337+0000] {dag.py:4180} INFO - Setting next_dagrun for example_display_name to None, run_after=None
[2026-08-20T11:11:52.378+0000] {processor.py:208} INFO - Processing /workspaces/lab-2/.venv/lib/python3.12/site-packages/airflow/example_dags/example_display_name.py took 0.099 seconds
[2026-08-20T11:12:43.211+0000] {processor.py:186} INFO - Started process (PID=33058) to work on /workspaces/lab-2/.venv/lib/python3.12/site-packages/airflow/example_dags/example_display_name.py
[2026-08-20T11:12:43.212+0000] {processor.py:914} INFO - Processing file /workspaces/lab-2/.venv/lib/python3.12/site-packages/airflow/example_dags/example_display_name.py for tasks to queue
[2026-08-20T11:12:43.214+0000] {logging_mixin.py:190} INFO - [2026-08-20T11:12:43.214+0000] {dagbag.py:588} INFO - Filling up the DagBag from /workspaces/lab-2/.venv/lib/python3.12/site-packages/airflow/example_dags/example_display_name.py
[2026-08-20T11:12:43.221+0000] {processor.py:925} INFO - DAG(s) 'example_display_name' retrieved from /workspaces/lab-2/.venv/lib/python3.12/site-packages/airflow/example_dags/example_display_name.py
[2026-08-20T11:12:43.234+0000] {logging_mixin.py:190} INFO - [2026-08-20T11:12:43.234+0000] {dag.py:3239} INFO - Sync 1 DAGs
[2026-08-20T11:12:43.244+0000] {logging_mixin.py:190} INFO - [2026-08-20T11:12:43.244+0000] {dag.py:4180} INFO - Setting next_dagrun for example_display_name to None, run_after=None
[2026-08-20T11:12:43.264+0000] {processor.py:208} INFO - Processing /workspaces/lab-2/.venv/lib/python3.12/site-packages/airflow/example_dags/example_display_name.py took 0.057 seconds
[2026-08-20T11:12:48.345+0000] {processor.py:186} INFO - Started process (PID=33161) to work on /workspaces/lab-2/.venv/lib/python3.12/site-packages/airflow/example_dags/example_display_name.py
[2026-08-20T11:12:48.346+0000] {processor.py:914} INFO - Processing file /workspaces/lab-2/.venv/lib/python3.12/site-packages/airflow/example_dags/example_display_name.py for tasks to queue
[2026-08-20T11:12:48.348+0000] {logging_mixin.py:190} INFO - [2026-08-20T11:12:48.348+0000] {dagbag.py:588} INFO - Filling up the DagBag from /workspaces/lab-2/.venv/lib/python3.12/site-packages/airflow/example_dags/example_display_name.py
[2026-08-20T11:12:48.355+0000] {processor.py:925} INFO - DAG(s) 'example_display_name' retrieved from /workspaces/lab-2/.venv/lib/python3.12/site-packages/airflow/example_dags/example_display_name.py
[2026-08-20T11:12:48.370+0000] {logging_mixin.py:190} INFO - [2026-08-20T11:12:48.369+0000] {dag.py:3239} INFO - Sync 1 DAGs
[2026-08-20T11:12:48.380+0000] {logging_mixin.py:190} INFO - [2026-08-20T11:12:48.380+0000] {dag.py:4180} INFO - Setting next_dagrun for example_display_name to None, run_after=None
[2026-08-20T11:12:48.397+0000] {processor.py:208} INFO - Processing /workspaces/lab-2/.venv/lib/python3.12/site-packages/airflow/example_dags/example_display_name.py took 0.057 seconds
[2026-08-20T11:13:44.360+0000] {processor.py:186} INFO - Started process (PID=34569) to work on /workspaces/lab-2/.venv/lib/python3.12/site-packages/airflow/example_dags/example_display_name.py
[2026-08-20T11:13:44.361+0000] {processor.py:914} INFO - Processing file /workspaces/lab-2/.venv/lib/python3.12/site-packages/airflow/example_dags/example_display_name.py for tasks to queue
[2026-08-20T11:13:44.363+0000] {logging_mixin.py:190} INFO - [2026-08-20T11:13:44.362+0000] {dagbag.py:588} INFO - Filling up the DagBag from /workspaces/lab-2/.venv/lib/python3.12/site-packages/airflow/example_dags/example_display_name.py
[2026-08-20T11:13:44.370+0000] {processor.py:925} INFO - DAG(s) 'example_display_name' retrieved from /workspaces/lab-2/.venv/lib/python3.12/site-packages/airflow/example_dags/example_display_name.py
[2026-08-20T11:13:44.455+0000] {logging_mixin.py:190} INFO - [2026-08-20T11:13:44.455+0000] {dag.py:3239} INFO - Sync 1 DAGs
[2026-08-20T11:13:44.467+0000] {logging_mixin.py:190} INFO - [2026-08-20T11:13:44.466+0000] {dag.py:4180} INFO - Setting next_dagrun for example_display_name to None, run_after=None
[2026-08-20T11:13:44.507+0000] {processor.py:208} INFO - Processing /workspaces/lab-2/.venv/lib/python3.12/site-packages/airflow/example_dags/example_display_name.py took 0.152 seconds
[2026-08-20T11:13:48.227+0000] {processor.py:186} INFO - Started process (PID=34632) to work on /workspaces/lab-2/.venv/lib/python3.12/site-packages/airflow/example_dags/example_display_name.py
[2026-08-20T11:13:48.228+0000] {processor.py:914} INFO - Processing file /workspaces/lab-2/.venv/lib/python3.12/site-packages/airflow/example_dags/example_display_name.py for tasks to queue
[2026-08-20T11:13:48.230+0000] {logging_mixin.py:190} INFO - [2026-08-20T11:13:48.229+0000] {dagbag.py:588} INFO - Filling up the DagBag from /workspaces/lab-2/.venv/lib/python3.12/site-packages/airflow/example_dags/example_display_name.py
[2026-08-20T11:13:48.239+0000] {processor.py:925} INFO - DAG(s) 'example_display_name' retrieved from /workspaces/lab-2/.venv/lib/python3.12/site-packages/airflow/example_dags/example_display_name.py
[2026-08-20T11:13:48.250+0000] {logging_mixin.py:190} INFO - [2026-08-20T11:13:48.250+0000] {dag.py:3239} INFO - Sync 1 DAGs
[2026-08-20T11:13:48.267+0000] {logging_mixin.py:190} INFO - [2026-08-20T11:13:48.267+0000] {dag.py:4180} INFO - Setting next_dagrun for example_display_name to None, run_after=None
[2026-08-20T11:13:48.293+0000] {processor.py:208} INFO - Processing /workspaces/lab-2/.venv/lib/python3.12/site-packages/airflow/example_dags/example_display_name.py took 0.073 seconds
[2026-08-20T11:14:45.979+0000] {processor.py:186} INFO - Started process (PID=35723) to work on /workspaces/lab-2/.venv/lib/python3.12/site-packages/airflow/example_dags/example_display_name.py
[2026-08-20T11:14:45.980+0000] {processor.py:914} INFO - Processing file /workspaces/lab-2/.venv/lib/python3.12/site-packages/airflow/example_dags/example_display_name.py for tasks to queue
[2026-08-20T11:14:45.982+0000] {logging_mixin.py:190} INFO - [2026-08-20T11:14:45.982+0000] {dagbag.py:588} INFO - Filling up the DagBag from /workspaces/lab-2/.venv/lib/python3.12/site-packages/airflow/example_dags/example_display_name.py
[2026-08-20T11:14:45.992+0000] {processor.py:925} INFO - DAG(s) 'example_display_name' retrieved from /workspaces/lab-2/.venv/lib/python3.12/site-packages/airflow/example_dags/example_display_name.py
[2026-08-20T11:14:46.011+0000] {logging_mixin.py:190} INFO - [2026-08-20T11:14:46.011+0000] {dag.py:3239} INFO - Sync 1 DAGs
[2026-08-20T11:14:46.027+0000] {logging_mixin.py:190} INFO - [2026-08-20T11:14:46.027+0000] {dag.py:4180} INFO - Setting next_dagrun for example_display_name to None, run_after=None
[2026-08-20T11:14:46.053+0000] {processor.py:208} INFO - Processing /workspaces/lab-2/.venv/lib/python3.12/site-packages/airflow/example_dags/example_display_name.py took 0.081 seconds
