[2026-08-20T11:04:48.333+0000] {processor.py:186} INFO - Started process (PID=24894) to work on /workspaces/lab-2/.venv/lib/python3.12/site-packages/airflow/example_dags/example_branch_operator.py
[2026-08-20T11:04:48.333+0000] {processor.py:914} INFO - Processing file /workspaces/lab-2/.venv/lib/python3.12/site-packages/airflow/example_dags/example_branch_operator.py for tasks to queue
[2026-08-20T11:04:48.335+0000] {logging_mixin.py:190} INFO - [2026-08-20T11:04:48.335+0000] {dagbag.py:588} INFO - Filling up the DagBag from /workspaces/lab-2/.venv/lib/python3.12/site-packages/airflow/example_dags/example_branch_operator.py
[2026-08-20T11:04:48.351+0000] {processor.py:925} INFO - DAG(s) 'example_branch_operator' retrieved from /workspaces/lab-2/.venv/lib/python3.12/site-packages/airflow/example_dags/example_branch_operator.py
[2026-08-20T11:04:48.449+0000] {logging_mixin.py:190} INFO - [2026-08-20T11:04:48.448+0000] {override.py:1900} INFO - Created Permission View: can edit on DAG:example_branch_operator
[2026-08-20T11:04:48.461+0000] {logging_mixin.py:190} INFO - [2026-08-20T11:04:48.461+0000] {override.py:1900} INFO - Created Permission View: can read on DAG:example_branch_operator
[2026-08-20T11:04:48.468+0000] {logging_mixin.py:190} INFO - [2026-08-20T11:04:48.468+0000] {override.py:1900} INFO - Created Permission View: can delete on DAG:example_branch_operator
[2026-08-20T11:04:48.488+0000] {logging_mixin.py:190} INFO - [2026-08-20T11:04:48.488+0000] {override.py:1900} INFO - Created Permission View: can create on DAG Run:example_branch_operator
[2026-08-20T11:04:48.506+0000] {logging_mixin.py:190} INFO - [2026-08-20T11:04:48.506+0000] {override.py:1900} INFO - Created Permission View: can read on DAG Run:example_branch_operator
[2026-08-20T11:04:48.517+0000] {logging_mixin.py:190} INFO - [2026-08-20T11:04:48.517+0000] {override.py:1900} INFO - Created Permission View: menu access on DAG Run:example_branch_operator
[2026-08-20T11:04:48.525+0000] {logging_mixin.py:190} INFO - [2026-08-20T11:04:48.525+0000] {override.py:1900} INFO - Created Permission View: can delete on DAG Run:example_branch_operator
[2026-08-20T11:04:48.525+0000] {logging_mixin.py:190} INFO - [2026-08-20T11:04:48.525+0000] {dag.py:3239} INFO - Sync 1 DAGs
[2026-08-20T11:04:48.539+0000] {logging_mixin.py:190} INFO - [2026-08-20T11:04:48.539+0000] {dag.py:3262} INFO - Creating ORM DAG for example_branch_operator
[2026-08-20T11:04:48.549+0000] {logging_mixin.py:190} INFO - [2026-08-20T11:04:48.549+0000] {dag.py:4180} INFO - Setting next_dagrun for example_branch_operator to 2026-08-19 00:00:00+00:00, run_after=2026-08-20 00:00:00+00:00
[2026-08-20T11:04:48.567+0000] {processor.py:208} INFO - Processing /workspaces/lab-2/.venv/lib/python3.12/site-packages/airflow/example_dags/example_branch_operator.py took 0.239 seconds
[2026-08-20T11:05:47.347+0000] {processor.py:186} INFO - Started process (PID=25726) to work on /workspaces/lab-2/.venv/lib/python3.12/site-packages/airflow/example_dags/example_branch_operator.py
[2026-08-20T11:05:47.347+0000] {processor.py:914} INFO - Processing file /workspaces/lab-2/.venv/lib/python3.12/site-packages/airflow/example_dags/example_branch_operator.py for tasks to queue
[2026-08-20T11:05:47.349+0000] {logging_mixin.py:190} INFO - [2026-08-20T11:05:47.349+0000] {dagbag.py:588} INFO - Filling up the DagBag from /workspaces/lab-2/.venv/lib/python3.12/site-packages/airflow/example_dags/example_branch_operator.py
[2026-08-20T11:05:47.372+0000] {processor.py:925} INFO - DAG(s) 'example_branch_operator' retrieved from /workspaces/lab-2/.venv/lib/python3.12/site-packages/airflow/example_dags/example_branch_operator.py
[2026-08-20T11:05:47.403+0000] {logging_mixin.py:190} INFO - [2026-08-20T11:05:47.402+0000] {dag.py:3239} INFO - Sync 1 DAGs
[2026-08-20T11:05:47.431+0000] {logging_mixin.py:190} INFO - [2026-08-20T11:05:47.431+0000] {dag.py:4180} INFO - Setting next_dagrun for example_branch_operator to 2026-08-19 00:00:00+00:00, run_after=2026-08-20 00:00:00+00:00
[2026-08-20T11:05:47.463+0000] {processor.py:208} INFO - Processing /workspaces/lab-2/.venv/lib/python3.12/site-packages/airflow/example_dags/example_branch_operator.py took 0.121 seconds
[2026-08-20T11:07:26.271+0000] {processor.py:186} INFO - Started process (PID=27200) to work on /workspaces/lab-2/.venv/lib/python3.12/site-packages/airflow/example_dags/example_branch_operator.py
[2026-08-20T11:07:26.272+0000] {processor.py:914} INFO - Processing file /workspaces/lab-2/.venv/lib/python3.12/site-packages/airflow/example_dags/example_branch_operator.py for tasks to queue
[2026-08-20T11:07:26.274+0000] {logging_mixin.py:190} INFO - [2026-08-20T11:07:26.273+0000] {dagbag.py:588} INFO - Filling up the DagBag from /workspaces/lab-2/.venv/lib/python3.12/site-packages/airflow/example_dags/example_branch_operator.py
[2026-08-20T11:07:26.289+0000] {processor.py:925} INFO - DAG(s) 'example_branch_operator' retrieved from /workspaces/lab-2/.venv/lib/python3.12/site-packages/airflow/example_dags/example_branch_operator.py
[2026-08-20T11:07:26.376+0000] {logging_mixin.py:190} INFO - [2026-08-20T11:07:26.376+0000] {dag.py:3239} INFO - Sync 1 DAGs
[2026-08-20T11:07:26.393+0000] {logging_mixin.py:190} INFO - [2026-08-20T11:07:26.393+0000] {dag.py:4180} INFO - Setting next_dagrun for example_branch_operator to 2026-08-19 00:00:00+00:00, run_after=2026-08-20 00:00:00+00:00
[2026-08-20T11:07:26.438+0000] {processor.py:208} INFO - Processing /workspaces/lab-2/.venv/lib/python3.12/site-packages/airflow/example_dags/example_branch_operator.py took 0.172 seconds
[2026-08-20T11:08:24.095+0000] {processor.py:186} INFO - Started process (PID=28454) to work on /workspaces/lab-2/.venv/lib/python3.12/site-packages/airflow/example_dags/example_branch_operator.py
[2026-08-20T11:08:24.095+0000] {processor.py:914} INFO - Processing file /workspaces/lab-2/.venv/lib/python3.12/site-packages/airflow/example_dags/example_branch_operator.py for tasks to queue
[2026-08-20T11:08:24.097+0000] {logging_mixin.py:190} INFO - [2026-08-20T11:08:24.097+0000] {dagbag.py:588} INFO - Filling up the DagBag from /workspaces/lab-2/.venv/lib/python3.12/site-packages/airflow/example_dags/example_branch_operator.py
[2026-08-20T11:08:24.112+0000] {processor.py:925} INFO - DAG(s) 'example_branch_operator' retrieved from /workspaces/lab-2/.venv/lib/python3.12/site-packages/airflow/example_dags/example_branch_operator.py
[2026-08-20T11:08:24.132+0000] {logging_mixin.py:190} INFO - [2026-08-20T11:08:24.132+0000] {dag.py:3239} INFO - Sync 1 DAGs
[2026-08-20T11:08:24.150+0000] {logging_mixin.py:190} INFO - [2026-08-20T11:08:24.149+0000] {dag.py:4180} INFO - Setting next_dagrun for example_branch_operator to 2026-08-19 00:00:00+00:00, run_after=2026-08-20 00:00:00+00:00
[2026-08-20T11:08:24.167+0000] {processor.py:208} INFO - Processing /workspaces/lab-2/.venv/lib/python3.12/site-packages/airflow/example_dags/example_branch_operator.py took 0.077 seconds
[2026-08-20T11:09:19.268+0000] {processor.py:186} INFO - Started process (PID=29222) to work on /workspaces/lab-2/.venv/lib/python3.12/site-packages/airflow/example_dags/example_branch_operator.py
[2026-08-20T11:09:19.271+0000] {processor.py:914} INFO - Processing file /workspaces/lab-2/.venv/lib/python3.12/site-packages/airflow/example_dags/example_branch_operator.py for tasks to queue
[2026-08-20T11:09:19.273+0000] {logging_mixin.py:190} INFO - [2026-08-20T11:09:19.273+0000] {dagbag.py:588} INFO - Filling up the DagBag from /workspaces/lab-2/.venv/lib/python3.12/site-packages/airflow/example_dags/example_branch_operator.py
[2026-08-20T11:09:19.296+0000] {processor.py:925} INFO - DAG(s) 'example_branch_operator' retrieved from /workspaces/lab-2/.venv/lib/python3.12/site-packages/airflow/example_dags/example_branch_operator.py
[2026-08-20T11:09:19.353+0000] {logging_mixin.py:190} INFO - [2026-08-20T11:09:19.353+0000] {dag.py:3239} INFO - Sync 1 DAGs
[2026-08-20T11:09:19.370+0000] {logging_mixin.py:190} INFO - [2026-08-20T11:09:19.370+0000] {dag.py:4180} INFO - Setting next_dagrun for example_branch_operator to 2026-08-19 00:00:00+00:00, run_after=2026-08-20 00:00:00+00:00
[2026-08-20T11:09:19.387+0000] {processor.py:208} INFO - Processing /workspaces/lab-2/.venv/lib/python3.12/site-packages/airflow/example_dags/example_branch_operator.py took 0.132 seconds
[2026-08-20T11:10:37.660+0000] {processor.py:186} INFO - Started process (PID=30646) to work on /workspaces/lab-2/.venv/lib/python3.12/site-packages/airflow/example_dags/example_branch_operator.py
[2026-08-20T11:10:37.661+0000] {processor.py:914} INFO - Processing file /workspaces/lab-2/.venv/lib/python3.12/site-packages/airflow/example_dags/example_branch_operator.py for tasks to queue
[2026-08-20T11:10:37.663+0000] {logging_mixin.py:190} INFO - [2026-08-20T11:10:37.663+0000] {dagbag.py:588} INFO - Filling up the DagBag from /workspaces/lab-2/.venv/lib/python3.12/site-packages/airflow/example_dags/example_branch_operator.py
[2026-08-20T11:10:37.678+0000] {processor.py:925} INFO - DAG(s) 'example_branch_operator' retrieved from /workspaces/lab-2/.venv/lib/python3.12/site-packages/airflow/example_dags/example_branch_operator.py
[2026-08-20T11:10:37.697+0000] {logging_mixin.py:190} INFO - [2026-08-20T11:10:37.697+0000] {dag.py:3239} INFO - Sync 1 DAGs
[2026-08-20T11:10:37.714+0000] {logging_mixin.py:190} INFO - [2026-08-20T11:10:37.714+0000] {dag.py:4180} INFO - Setting next_dagrun for example_branch_operator to 2026-08-19 00:00:00+00:00, run_after=2026-08-20 00:00:00+00:00
[2026-08-20T11:10:37.732+0000] {processor.py:208} INFO - Processing /workspaces/lab-2/.venv/lib/python3.12/site-packages/airflow/example_dags/example_branch_operator.py took 0.076 seconds
[2026-08-20T11:11:52.939+0000] {processor.py:186} INFO - Started process (PID=31880) to work on /workspaces/lab-2/.venv/lib/python3.12/site-packages/airflow/example_dags/example_branch_operator.py
[2026-08-20T11:11:52.940+0000] {processor.py:914} INFO - Processing file /workspaces/lab-2/.venv/lib/python3.12/site-packages/airflow/example_dags/example_branch_operator.py for tasks to queue
[2026-08-20T11:11:52.941+0000] {logging_mixin.py:190} INFO - [2026-08-20T11:11:52.941+0000] {dagbag.py:588} INFO - Filling up the DagBag from /workspaces/lab-2/.venv/lib/python3.12/site-packages/airflow/example_dags/example_branch_operator.py
[2026-08-20T11:11:52.957+0000] {processor.py:925} INFO - DAG(s) 'example_branch_operator' retrieved from /workspaces/lab-2/.venv/lib/python3.12/site-packages/airflow/example_dags/example_branch_operator.py
[2026-08-20T11:11:52.976+0000] {logging_mixin.py:190} INFO - [2026-08-20T11:11:52.976+0000] {dag.py:3239} INFO - Sync 1 DAGs
[2026-08-20T11:11:52.994+0000] {logging_mixin.py:190} INFO - [2026-08-20T11:11:52.993+0000] {dag.py:4180} INFO - Setting next_dagrun for example_branch_operator to 2026-08-19 00:00:00+00:00, run_after=2026-08-20 00:00:00+00:00
[2026-08-20T11:11:53.016+0000] {processor.py:208} INFO - Processing /workspaces/lab-2/.venv/lib/python3.12/site-packages/airflow/example_dags/example_branch_operator.py took 0.082 seconds
[2026-08-20T11:12:02.924+0000] {processor.py:186} INFO - Started process (PID=32478) to work on /workspaces/lab-2/.venv/lib/python3.12/site-packages/airflow/example_dags/example_branch_operator.py
[2026-08-20T11:12:02.925+0000] {processor.py:914} INFO - Processing file /workspaces/lab-2/.venv/lib/python3.12/site-packages/airflow/example_dags/example_branch_operator.py for tasks to queue
[2026-08-20T11:12:02.927+0000] {logging_mixin.py:190} INFO - [2026-08-20T11:12:02.927+0000] {dagbag.py:588} INFO - Filling up the DagBag from /workspaces/lab-2/.venv/lib/python3.12/site-packages/airflow/example_dags/example_branch_operator.py
[2026-08-20T11:12:02.944+0000] {processor.py:925} INFO - DAG(s) 'example_branch_operator' retrieved from /workspaces/lab-2/.venv/lib/python3.12/site-packages/airflow/example_dags/example_branch_operator.py
[2026-08-20T11:12:03.037+0000] {logging_mixin.py:190} INFO - [2026-08-20T11:12:03.036+0000] {dag.py:3239} INFO - Sync 1 DAGs
[2026-08-20T11:12:03.052+0000] {logging_mixin.py:190} INFO - [2026-08-20T11:12:03.052+0000] {dag.py:4180} INFO - Setting next_dagrun for example_branch_operator to 2026-08-19 00:00:00+00:00, run_after=2026-08-20 00:00:00+00:00
[2026-08-20T11:12:03.072+0000] {processor.py:208} INFO - Processing /workspaces/lab-2/.venv/lib/python3.12/site-packages/airflow/example_dags/example_branch_operator.py took 0.152 seconds
[2026-08-20T11:12:59.084+0000] {processor.py:186} INFO - Started process (PID=33323) to work on /workspaces/lab-2/.venv/lib/python3.12/site-packages/airflow/example_dags/example_branch_operator.py
[2026-08-20T11:12:59.085+0000] {processor.py:914} INFO - Processing file /workspaces/lab-2/.venv/lib/python3.12/site-packages/airflow/example_dags/example_branch_operator.py for tasks to queue
[2026-08-20T11:12:59.089+0000] {logging_mixin.py:190} INFO - [2026-08-20T11:12:59.088+0000] {dagbag.py:588} INFO - Filling up the DagBag from /workspaces/lab-2/.venv/lib/python3.12/site-packages/airflow/example_dags/example_branch_operator.py
[2026-08-20T11:12:59.140+0000] {processor.py:925} INFO - DAG(s) 'example_branch_operator' retrieved from /workspaces/lab-2/.venv/lib/python3.12/site-packages/airflow/example_dags/example_branch_operator.py
[2026-08-20T11:12:59.231+0000] {logging_mixin.py:190} INFO - [2026-08-20T11:12:59.226+0000] {dag.py:3239} INFO - Sync 1 DAGs
[2026-08-20T11:12:59.288+0000] {logging_mixin.py:190} INFO - [2026-08-20T11:12:59.288+0000] {dag.py:4180} INFO - Setting next_dagrun for example_branch_operator to 2026-08-19 00:00:00+00:00, run_after=2026-08-20 00:00:00+00:00
[2026-08-20T11:12:59.332+0000] {processor.py:208} INFO - Processing /workspaces/lab-2/.venv/lib/python3.12/site-packages/airflow/example_dags/example_branch_operator.py took 0.264 seconds
[2026-08-20T11:13:16.934+0000] {processor.py:186} INFO - Started process (PID=33677) to work on /workspaces/lab-2/.venv/lib/python3.12/site-packages/airflow/example_dags/example_branch_operator.py
[2026-08-20T11:13:16.935+0000] {processor.py:914} INFO - Processing file /workspaces/lab-2/.venv/lib/python3.12/site-packages/airflow/example_dags/example_branch_operator.py for tasks to queue
[2026-08-20T11:13:16.944+0000] {logging_mixin.py:190} INFO - [2026-08-20T11:13:16.939+0000] {dagbag.py:588} INFO - Filling up the DagBag from /workspaces/lab-2/.venv/lib/python3.12/site-packages/airflow/example_dags/example_branch_operator.py
[2026-08-20T11:13:16.985+0000] {processor.py:925} INFO - DAG(s) 'example_branch_operator' retrieved from /workspaces/lab-2/.venv/lib/python3.12/site-packages/airflow/example_dags/example_branch_operator.py
[2026-08-20T11:13:17.087+0000] {logging_mixin.py:190} INFO - [2026-08-20T11:13:17.087+0000] {dag.py:3239} INFO - Sync 1 DAGs
[2026-08-20T11:13:17.102+0000] {logging_mixin.py:190} INFO - [2026-08-20T11:13:17.102+0000] {dag.py:4180} INFO - Setting next_dagrun for example_branch_operator to 2026-08-19 00:00:00+00:00, run_after=2026-08-20 00:00:00+00:00
[2026-08-20T11:13:17.123+0000] {processor.py:208} INFO - Processing /workspaces/lab-2/.venv/lib/python3.12/site-packages/airflow/example_dags/example_branch_operator.py took 0.194 seconds
[2026-08-20T11:13:58.057+0000] {processor.py:186} INFO - Started process (PID=34746) to work on /workspaces/lab-2/.venv/lib/python3.12/site-packages/airflow/example_dags/example_branch_operator.py
[2026-08-20T11:13:58.057+0000] {processor.py:914} INFO - Processing file /workspaces/lab-2/.venv/lib/python3.12/site-packages/airflow/example_dags/example_branch_operator.py for tasks to queue
[2026-08-20T11:13:58.059+0000] {logging_mixin.py:190} INFO - [2026-08-20T11:13:58.059+0000] {dagbag.py:588} INFO - Filling up the DagBag from /workspaces/lab-2/.venv/lib/python3.12/site-packages/airflow/example_dags/example_branch_operator.py
[2026-08-20T11:13:58.076+0000] {processor.py:925} INFO - DAG(s) 'example_branch_operator' retrieved from /workspaces/lab-2/.venv/lib/python3.12/site-packages/airflow/example_dags/example_branch_operator.py
[2026-08-20T11:13:58.194+0000] {logging_mixin.py:190} INFO - [2026-08-20T11:13:58.194+0000] {dag.py:3239} INFO - Sync 1 DAGs
[2026-08-20T11:13:58.210+0000] {logging_mixin.py:190} INFO - [2026-08-20T11:13:58.210+0000] {dag.py:4180} INFO - Setting next_dagrun for example_branch_operator to 2026-08-19 00:00:00+00:00, run_after=2026-08-20 00:00:00+00:00
[2026-08-20T11:13:58.230+0000] {processor.py:208} INFO - Processing /workspaces/lab-2/.venv/lib/python3.12/site-packages/airflow/example_dags/example_branch_operator.py took 0.178 seconds
[2026-08-20T11:14:22.144+0000] {processor.py:186} INFO - Started process (PID=35067) to work on /workspaces/lab-2/.venv/lib/python3.12/site-packages/airflow/example_dags/example_branch_operator.py
[2026-08-20T11:14:22.145+0000] {processor.py:914} INFO - Processing file /workspaces/lab-2/.venv/lib/python3.12/site-packages/airflow/example_dags/example_branch_operator.py for tasks to queue
[2026-08-20T11:14:22.146+0000] {logging_mixin.py:190} INFO - [2026-08-20T11:14:22.146+0000] {dagbag.py:588} INFO - Filling up the DagBag from /workspaces/lab-2/.venv/lib/python3.12/site-packages/airflow/example_dags/example_branch_operator.py
[2026-08-20T11:14:22.167+0000] {processor.py:925} INFO - DAG(s) 'example_branch_operator' retrieved from /workspaces/lab-2/.venv/lib/python3.12/site-packages/airflow/example_dags/example_branch_operator.py
[2026-08-20T11:14:22.177+0000] {logging_mixin.py:190} INFO - [2026-08-20T11:14:22.177+0000] {dag.py:3239} INFO - Sync 1 DAGs
[2026-08-20T11:14:22.208+0000] {logging_mixin.py:190} INFO - [2026-08-20T11:14:22.208+0000] {dag.py:4180} INFO - Setting next_dagrun for example_branch_operator to 2026-08-19 00:00:00+00:00, run_after=2026-08-20 00:00:00+00:00
[2026-08-20T11:14:22.231+0000] {processor.py:208} INFO - Processing /workspaces/lab-2/.venv/lib/python3.12/site-packages/airflow/example_dags/example_branch_operator.py took 0.093 seconds
[2026-08-20T11:17:29.392+0000] {processor.py:186} INFO - Started process (PID=40755) to work on /workspaces/lab-2/.venv/lib/python3.12/site-packages/airflow/example_dags/example_branch_operator.py
[2026-08-20T11:17:29.400+0000] {processor.py:914} INFO - Processing file /workspaces/lab-2/.venv/lib/python3.12/site-packages/airflow/example_dags/example_branch_operator.py for tasks to queue
[2026-08-20T11:17:29.409+0000] {logging_mixin.py:190} INFO - [2026-08-20T11:17:29.408+0000] {dagbag.py:588} INFO - Filling up the DagBag from /workspaces/lab-2/.venv/lib/python3.12/site-packages/airflow/example_dags/example_branch_operator.py
[2026-08-20T11:17:29.511+0000] {processor.py:925} INFO - DAG(s) 'example_branch_operator' retrieved from /workspaces/lab-2/.venv/lib/python3.12/site-packages/airflow/example_dags/example_branch_operator.py
[2026-08-20T11:17:29.796+0000] {logging_mixin.py:190} INFO - [2026-08-20T11:17:29.795+0000] {dag.py:3239} INFO - Sync 1 DAGs
[2026-08-20T11:17:29.849+0000] {logging_mixin.py:190} INFO - [2026-08-20T11:17:29.849+0000] {dag.py:4180} INFO - Setting next_dagrun for example_branch_operator to 2026-08-20 00:00:00+00:00, run_after=2026-08-21 00:00:00+00:00
[2026-08-20T11:17:29.909+0000] {processor.py:208} INFO - Processing /workspaces/lab-2/.venv/lib/python3.12/site-packages/airflow/example_dags/example_branch_operator.py took 0.540 seconds
