[2026-08-20T11:04:43.066+0000] {processor.py:186} INFO - Started process (PID=24850) to work on /workspaces/lab-2/.venv/lib/python3.12/site-packages/airflow/example_dags/example_dataset_alias.py
[2026-08-20T11:04:43.067+0000] {processor.py:914} INFO - Processing file /workspaces/lab-2/.venv/lib/python3.12/site-packages/airflow/example_dags/example_dataset_alias.py for tasks to queue
[2026-08-20T11:04:43.068+0000] {logging_mixin.py:190} INFO - [2026-08-20T11:04:43.068+0000] {dagbag.py:588} INFO - Filling up the DagBag from /workspaces/lab-2/.venv/lib/python3.12/site-packages/airflow/example_dags/example_dataset_alias.py
[2026-08-20T11:04:43.084+0000] {processor.py:925} INFO - DAG(s) 'dataset_s3_bucket_producer', 'dataset_alias_example_alias_producer', 'dataset_s3_bucket_consumer', 'dataset_alias_example_alias_consumer' retrieved from /workspaces/lab-2/.venv/lib/python3.12/site-packages/airflow/example_dags/example_dataset_alias.py
[2026-08-20T11:04:43.172+0000] {logging_mixin.py:190} INFO - [2026-08-20T11:04:43.171+0000] {override.py:1900} INFO - Created Permission View: can edit on DAG:dataset_s3_bucket_producer
[2026-08-20T11:04:43.181+0000] {logging_mixin.py:190} INFO - [2026-08-20T11:04:43.181+0000] {override.py:1900} INFO - Created Permission View: can read on DAG:dataset_s3_bucket_producer
[2026-08-20T11:04:43.189+0000] {logging_mixin.py:190} INFO - [2026-08-20T11:04:43.189+0000] {override.py:1900} INFO - Created Permission View: can delete on DAG:dataset_s3_bucket_producer
[2026-08-20T11:04:43.200+0000] {logging_mixin.py:190} INFO - [2026-08-20T11:04:43.200+0000] {override.py:1900} INFO - Created Permission View: can create on DAG Run:dataset_s3_bucket_producer
[2026-08-20T11:04:43.207+0000] {logging_mixin.py:190} INFO - [2026-08-20T11:04:43.207+0000] {override.py:1900} INFO - Created Permission View: can read on DAG Run:dataset_s3_bucket_producer
[2026-08-20T11:04:43.215+0000] {logging_mixin.py:190} INFO - [2026-08-20T11:04:43.214+0000] {override.py:1900} INFO - Created Permission View: menu access on DAG Run:dataset_s3_bucket_producer
[2026-08-20T11:04:43.222+0000] {logging_mixin.py:190} INFO - [2026-08-20T11:04:43.222+0000] {override.py:1900} INFO - Created Permission View: can delete on DAG Run:dataset_s3_bucket_producer
[2026-08-20T11:04:43.245+0000] {logging_mixin.py:190} INFO - [2026-08-20T11:04:43.244+0000] {override.py:1900} INFO - Created Permission View: can edit on DAG:dataset_alias_example_alias_producer
[2026-08-20T11:04:43.252+0000] {logging_mixin.py:190} INFO - [2026-08-20T11:04:43.252+0000] {override.py:1900} INFO - Created Permission View: can read on DAG:dataset_alias_example_alias_producer
[2026-08-20T11:04:43.259+0000] {logging_mixin.py:190} INFO - [2026-08-20T11:04:43.258+0000] {override.py:1900} INFO - Created Permission View: can delete on DAG:dataset_alias_example_alias_producer
[2026-08-20T11:04:43.271+0000] {logging_mixin.py:190} INFO - [2026-08-20T11:04:43.271+0000] {override.py:1900} INFO - Created Permission View: can create on DAG Run:dataset_alias_example_alias_producer
[2026-08-20T11:04:43.278+0000] {logging_mixin.py:190} INFO - [2026-08-20T11:04:43.278+0000] {override.py:1900} INFO - Created Permission View: can read on DAG Run:dataset_alias_example_alias_producer
[2026-08-20T11:04:43.288+0000] {logging_mixin.py:190} INFO - [2026-08-20T11:04:43.288+0000] {override.py:1900} INFO - Created Permission View: menu access on DAG Run:dataset_alias_example_alias_producer
[2026-08-20T11:04:43.295+0000] {logging_mixin.py:190} INFO - [2026-08-20T11:04:43.295+0000] {override.py:1900} INFO - Created Permission View: can delete on DAG Run:dataset_alias_example_alias_producer
[2026-08-20T11:04:43.311+0000] {logging_mixin.py:190} INFO - [2026-08-20T11:04:43.311+0000] {override.py:1900} INFO - Created Permission View: can edit on DAG:dataset_s3_bucket_consumer
[2026-08-20T11:04:43.318+0000] {logging_mixin.py:190} INFO - [2026-08-20T11:04:43.317+0000] {override.py:1900} INFO - Created Permission View: can read on DAG:dataset_s3_bucket_consumer
[2026-08-20T11:04:43.325+0000] {logging_mixin.py:190} INFO - [2026-08-20T11:04:43.324+0000] {override.py:1900} INFO - Created Permission View: can delete on DAG:dataset_s3_bucket_consumer
[2026-08-20T11:04:43.335+0000] {logging_mixin.py:190} INFO - [2026-08-20T11:04:43.335+0000] {override.py:1900} INFO - Created Permission View: can create on DAG Run:dataset_s3_bucket_consumer
[2026-08-20T11:04:43.342+0000] {logging_mixin.py:190} INFO - [2026-08-20T11:04:43.341+0000] {override.py:1900} INFO - Created Permission View: can read on DAG Run:dataset_s3_bucket_consumer
[2026-08-20T11:04:43.349+0000] {logging_mixin.py:190} INFO - [2026-08-20T11:04:43.349+0000] {override.py:1900} INFO - Created Permission View: menu access on DAG Run:dataset_s3_bucket_consumer
[2026-08-20T11:04:43.356+0000] {logging_mixin.py:190} INFO - [2026-08-20T11:04:43.356+0000] {override.py:1900} INFO - Created Permission View: can delete on DAG Run:dataset_s3_bucket_consumer
[2026-08-20T11:04:43.372+0000] {logging_mixin.py:190} INFO - [2026-08-20T11:04:43.371+0000] {override.py:1900} INFO - Created Permission View: can edit on DAG:dataset_alias_example_alias_consumer
[2026-08-20T11:04:43.378+0000] {logging_mixin.py:190} INFO - [2026-08-20T11:04:43.378+0000] {override.py:1900} INFO - Created Permission View: can read on DAG:dataset_alias_example_alias_consumer
[2026-08-20T11:04:43.385+0000] {logging_mixin.py:190} INFO - [2026-08-20T11:04:43.385+0000] {override.py:1900} INFO - Created Permission View: can delete on DAG:dataset_alias_example_alias_consumer
[2026-08-20T11:04:43.396+0000] {logging_mixin.py:190} INFO - [2026-08-20T11:04:43.396+0000] {override.py:1900} INFO - Created Permission View: can create on DAG Run:dataset_alias_example_alias_consumer
[2026-08-20T11:04:43.403+0000] {logging_mixin.py:190} INFO - [2026-08-20T11:04:43.403+0000] {override.py:1900} INFO - Created Permission View: can read on DAG Run:dataset_alias_example_alias_consumer
[2026-08-20T11:04:43.409+0000] {logging_mixin.py:190} INFO - [2026-08-20T11:04:43.409+0000] {override.py:1900} INFO - Created Permission View: menu access on DAG Run:dataset_alias_example_alias_consumer
[2026-08-20T11:04:43.416+0000] {logging_mixin.py:190} INFO - [2026-08-20T11:04:43.416+0000] {override.py:1900} INFO - Created Permission View: can delete on DAG Run:dataset_alias_example_alias_consumer
[2026-08-20T11:04:43.416+0000] {logging_mixin.py:190} INFO - [2026-08-20T11:04:43.416+0000] {dag.py:3239} INFO - Sync 4 DAGs
[2026-08-20T11:04:43.425+0000] {logging_mixin.py:190} INFO - [2026-08-20T11:04:43.425+0000] {dag.py:3262} INFO - Creating ORM DAG for dataset_alias_example_alias_producer
[2026-08-20T11:04:43.426+0000] {logging_mixin.py:190} INFO - [2026-08-20T11:04:43.426+0000] {dag.py:3262} INFO - Creating ORM DAG for dataset_s3_bucket_producer
[2026-08-20T11:04:43.426+0000] {logging_mixin.py:190} INFO - [2026-08-20T11:04:43.426+0000] {dag.py:3262} INFO - Creating ORM DAG for dataset_alias_example_alias_consumer
[2026-08-20T11:04:43.427+0000] {logging_mixin.py:190} INFO - [2026-08-20T11:04:43.426+0000] {dag.py:3262} INFO - Creating ORM DAG for dataset_s3_bucket_consumer
[2026-08-20T11:04:43.433+0000] {logging_mixin.py:190} INFO - [2026-08-20T11:04:43.432+0000] {dag.py:4180} INFO - Setting next_dagrun for dataset_alias_example_alias_consumer to None, run_after=None
[2026-08-20T11:04:43.433+0000] {logging_mixin.py:190} INFO - [2026-08-20T11:04:43.433+0000] {dag.py:4180} INFO - Setting next_dagrun for dataset_alias_example_alias_producer to None, run_after=None
[2026-08-20T11:04:43.434+0000] {logging_mixin.py:190} INFO - [2026-08-20T11:04:43.433+0000] {dag.py:4180} INFO - Setting next_dagrun for dataset_s3_bucket_consumer to None, run_after=None
[2026-08-20T11:04:43.434+0000] {logging_mixin.py:190} INFO - [2026-08-20T11:04:43.434+0000] {dag.py:4180} INFO - Setting next_dagrun for dataset_s3_bucket_producer to None, run_after=None
[2026-08-20T11:04:43.458+0000] {processor.py:208} INFO - Processing /workspaces/lab-2/.venv/lib/python3.12/site-packages/airflow/example_dags/example_dataset_alias.py took 0.397 seconds
[2026-08-20T11:05:42.904+0000] {processor.py:186} INFO - Started process (PID=25682) to work on /workspaces/lab-2/.venv/lib/python3.12/site-packages/airflow/example_dags/example_dataset_alias.py
[2026-08-20T11:05:42.905+0000] {processor.py:914} INFO - Processing file /workspaces/lab-2/.venv/lib/python3.12/site-packages/airflow/example_dags/example_dataset_alias.py for tasks to queue
[2026-08-20T11:05:42.906+0000] {logging_mixin.py:190} INFO - [2026-08-20T11:05:42.906+0000] {dagbag.py:588} INFO - Filling up the DagBag from /workspaces/lab-2/.venv/lib/python3.12/site-packages/airflow/example_dags/example_dataset_alias.py
[2026-08-20T11:05:42.927+0000] {processor.py:925} INFO - DAG(s) 'dataset_alias_example_alias_consumer', 'dataset_s3_bucket_consumer', 'dataset_alias_example_alias_producer', 'dataset_s3_bucket_producer' retrieved from /workspaces/lab-2/.venv/lib/python3.12/site-packages/airflow/example_dags/example_dataset_alias.py
[2026-08-20T11:05:42.941+0000] {logging_mixin.py:190} INFO - [2026-08-20T11:05:42.941+0000] {dag.py:3239} INFO - Sync 4 DAGs
[2026-08-20T11:05:42.957+0000] {logging_mixin.py:190} INFO - [2026-08-20T11:05:42.957+0000] {dag.py:4180} INFO - Setting next_dagrun for dataset_alias_example_alias_consumer to None, run_after=None
[2026-08-20T11:05:42.958+0000] {logging_mixin.py:190} INFO - [2026-08-20T11:05:42.958+0000] {dag.py:4180} INFO - Setting next_dagrun for dataset_alias_example_alias_producer to None, run_after=None
[2026-08-20T11:05:42.959+0000] {logging_mixin.py:190} INFO - [2026-08-20T11:05:42.959+0000] {dag.py:4180} INFO - Setting next_dagrun for dataset_s3_bucket_consumer to None, run_after=None
[2026-08-20T11:05:42.960+0000] {logging_mixin.py:190} INFO - [2026-08-20T11:05:42.960+0000] {dag.py:4180} INFO - Setting next_dagrun for dataset_s3_bucket_producer to None, run_after=None
[2026-08-20T11:05:42.978+0000] {processor.py:208} INFO - Processing /workspaces/lab-2/.venv/lib/python3.12/site-packages/airflow/example_dags/example_dataset_alias.py took 0.079 seconds
[2026-08-20T11:07:22.365+0000] {processor.py:186} INFO - Started process (PID=27174) to work on /workspaces/lab-2/.venv/lib/python3.12/site-packages/airflow/example_dags/example_dataset_alias.py
[2026-08-20T11:07:22.366+0000] {processor.py:914} INFO - Processing file /workspaces/lab-2/.venv/lib/python3.12/site-packages/airflow/example_dags/example_dataset_alias.py for tasks to queue
[2026-08-20T11:07:22.368+0000] {logging_mixin.py:190} INFO - [2026-08-20T11:07:22.367+0000] {dagbag.py:588} INFO - Filling up the DagBag from /workspaces/lab-2/.venv/lib/python3.12/site-packages/airflow/example_dags/example_dataset_alias.py
[2026-08-20T11:07:22.389+0000] {processor.py:925} INFO - DAG(s) 'dataset_alias_example_alias_producer', 'dataset_s3_bucket_consumer', 'dataset_alias_example_alias_consumer', 'dataset_s3_bucket_producer' retrieved from /workspaces/lab-2/.venv/lib/python3.12/site-packages/airflow/example_dags/example_dataset_alias.py
[2026-08-20T11:07:22.405+0000] {logging_mixin.py:190} INFO - [2026-08-20T11:07:22.405+0000] {dag.py:3239} INFO - Sync 4 DAGs
[2026-08-20T11:07:22.421+0000] {logging_mixin.py:190} INFO - [2026-08-20T11:07:22.421+0000] {dag.py:4180} INFO - Setting next_dagrun for dataset_alias_example_alias_consumer to None, run_after=None
[2026-08-20T11:07:22.423+0000] {logging_mixin.py:190} INFO - [2026-08-20T11:07:22.423+0000] {dag.py:4180} INFO - Setting next_dagrun for dataset_alias_example_alias_producer to None, run_after=None
[2026-08-20T11:07:22.424+0000] {logging_mixin.py:190} INFO - [2026-08-20T11:07:22.424+0000] {dag.py:4180} INFO - Setting next_dagrun for dataset_s3_bucket_consumer to None, run_after=None
[2026-08-20T11:07:22.424+0000] {logging_mixin.py:190} INFO - [2026-08-20T11:07:22.424+0000] {dag.py:4180} INFO - Setting next_dagrun for dataset_s3_bucket_producer to None, run_after=None
[2026-08-20T11:07:22.443+0000] {processor.py:208} INFO - Processing /workspaces/lab-2/.venv/lib/python3.12/site-packages/airflow/example_dags/example_dataset_alias.py took 0.083 seconds
[2026-08-20T11:08:20.377+0000] {processor.py:186} INFO - Started process (PID=28404) to work on /workspaces/lab-2/.venv/lib/python3.12/site-packages/airflow/example_dags/example_dataset_alias.py
[2026-08-20T11:08:20.382+0000] {processor.py:914} INFO - Processing file /workspaces/lab-2/.venv/lib/python3.12/site-packages/airflow/example_dags/example_dataset_alias.py for tasks to queue
[2026-08-20T11:08:20.390+0000] {logging_mixin.py:190} INFO - [2026-08-20T11:08:20.388+0000] {dagbag.py:588} INFO - Filling up the DagBag from /workspaces/lab-2/.venv/lib/python3.12/site-packages/airflow/example_dags/example_dataset_alias.py
[2026-08-20T11:08:20.452+0000] {processor.py:925} INFO - DAG(s) 'dataset_alias_example_alias_consumer', 'dataset_s3_bucket_producer', 'dataset_alias_example_alias_producer', 'dataset_s3_bucket_consumer' retrieved from /workspaces/lab-2/.venv/lib/python3.12/site-packages/airflow/example_dags/example_dataset_alias.py
[2026-08-20T11:08:20.472+0000] {logging_mixin.py:190} INFO - [2026-08-20T11:08:20.472+0000] {dag.py:3239} INFO - Sync 4 DAGs
[2026-08-20T11:08:20.492+0000] {logging_mixin.py:190} INFO - [2026-08-20T11:08:20.492+0000] {dag.py:4180} INFO - Setting next_dagrun for dataset_alias_example_alias_consumer to None, run_after=None
[2026-08-20T11:08:20.494+0000] {logging_mixin.py:190} INFO - [2026-08-20T11:08:20.494+0000] {dag.py:4180} INFO - Setting next_dagrun for dataset_alias_example_alias_producer to None, run_after=None
[2026-08-20T11:08:20.495+0000] {logging_mixin.py:190} INFO - [2026-08-20T11:08:20.495+0000] {dag.py:4180} INFO - Setting next_dagrun for dataset_s3_bucket_consumer to None, run_after=None
[2026-08-20T11:08:20.496+0000] {logging_mixin.py:190} INFO - [2026-08-20T11:08:20.496+0000] {dag.py:4180} INFO - Setting next_dagrun for dataset_s3_bucket_producer to None, run_after=None
[2026-08-20T11:08:20.519+0000] {processor.py:208} INFO - Processing /workspaces/lab-2/.venv/lib/python3.12/site-packages/airflow/example_dags/example_dataset_alias.py took 0.155 seconds
[2026-08-20T11:09:15.345+0000] {processor.py:186} INFO - Started process (PID=29191) to work on /workspaces/lab-2/.venv/lib/python3.12/site-packages/airflow/example_dags/example_dataset_alias.py
[2026-08-20T11:09:15.346+0000] {processor.py:914} INFO - Processing file /workspaces/lab-2/.venv/lib/python3.12/site-packages/airflow/example_dags/example_dataset_alias.py for tasks to queue
[2026-08-20T11:09:15.348+0000] {logging_mixin.py:190} INFO - [2026-08-20T11:09:15.347+0000] {dagbag.py:588} INFO - Filling up the DagBag from /workspaces/lab-2/.venv/lib/python3.12/site-packages/airflow/example_dags/example_dataset_alias.py
[2026-08-20T11:09:15.368+0000] {processor.py:925} INFO - DAG(s) 'dataset_alias_example_alias_producer', 'dataset_s3_bucket_consumer', 'dataset_alias_example_alias_consumer', 'dataset_s3_bucket_producer' retrieved from /workspaces/lab-2/.venv/lib/python3.12/site-packages/airflow/example_dags/example_dataset_alias.py
[2026-08-20T11:09:15.386+0000] {logging_mixin.py:190} INFO - [2026-08-20T11:09:15.386+0000] {dag.py:3239} INFO - Sync 4 DAGs
[2026-08-20T11:09:15.402+0000] {logging_mixin.py:190} INFO - [2026-08-20T11:09:15.402+0000] {dag.py:4180} INFO - Setting next_dagrun for dataset_alias_example_alias_consumer to None, run_after=None
[2026-08-20T11:09:15.404+0000] {logging_mixin.py:190} INFO - [2026-08-20T11:09:15.404+0000] {dag.py:4180} INFO - Setting next_dagrun for dataset_alias_example_alias_producer to None, run_after=None
[2026-08-20T11:09:15.405+0000] {logging_mixin.py:190} INFO - [2026-08-20T11:09:15.405+0000] {dag.py:4180} INFO - Setting next_dagrun for dataset_s3_bucket_consumer to None, run_after=None
[2026-08-20T11:09:15.406+0000] {logging_mixin.py:190} INFO - [2026-08-20T11:09:15.406+0000] {dag.py:4180} INFO - Setting next_dagrun for dataset_s3_bucket_producer to None, run_after=None
[2026-08-20T11:09:15.427+0000] {processor.py:208} INFO - Processing /workspaces/lab-2/.venv/lib/python3.12/site-packages/airflow/example_dags/example_dataset_alias.py took 0.086 seconds
[2026-08-20T11:10:09.369+0000] {processor.py:186} INFO - Started process (PID=30139) to work on /workspaces/lab-2/.venv/lib/python3.12/site-packages/airflow/example_dags/example_dataset_alias.py
[2026-08-20T11:10:09.370+0000] {processor.py:914} INFO - Processing file /workspaces/lab-2/.venv/lib/python3.12/site-packages/airflow/example_dags/example_dataset_alias.py for tasks to queue
[2026-08-20T11:10:09.372+0000] {logging_mixin.py:190} INFO - [2026-08-20T11:10:09.371+0000] {dagbag.py:588} INFO - Filling up the DagBag from /workspaces/lab-2/.venv/lib/python3.12/site-packages/airflow/example_dags/example_dataset_alias.py
[2026-08-20T11:10:09.399+0000] {processor.py:925} INFO - DAG(s) 'dataset_s3_bucket_producer', 'dataset_alias_example_alias_consumer', 'dataset_s3_bucket_consumer', 'dataset_alias_example_alias_producer' retrieved from /workspaces/lab-2/.venv/lib/python3.12/site-packages/airflow/example_dags/example_dataset_alias.py
[2026-08-20T11:10:09.415+0000] {logging_mixin.py:190} INFO - [2026-08-20T11:10:09.414+0000] {dag.py:3239} INFO - Sync 4 DAGs
[2026-08-20T11:10:09.430+0000] {logging_mixin.py:190} INFO - [2026-08-20T11:10:09.430+0000] {dag.py:4180} INFO - Setting next_dagrun for dataset_alias_example_alias_consumer to None, run_after=None
[2026-08-20T11:10:09.431+0000] {logging_mixin.py:190} INFO - [2026-08-20T11:10:09.431+0000] {dag.py:4180} INFO - Setting next_dagrun for dataset_alias_example_alias_producer to None, run_after=None
[2026-08-20T11:10:09.432+0000] {logging_mixin.py:190} INFO - [2026-08-20T11:10:09.432+0000] {dag.py:4180} INFO - Setting next_dagrun for dataset_s3_bucket_consumer to None, run_after=None
[2026-08-20T11:10:09.433+0000] {logging_mixin.py:190} INFO - [2026-08-20T11:10:09.433+0000] {dag.py:4180} INFO - Setting next_dagrun for dataset_s3_bucket_producer to None, run_after=None
[2026-08-20T11:10:09.451+0000] {processor.py:208} INFO - Processing /workspaces/lab-2/.venv/lib/python3.12/site-packages/airflow/example_dags/example_dataset_alias.py took 0.087 seconds
[2026-08-20T11:11:23.218+0000] {processor.py:186} INFO - Started process (PID=31403) to work on /workspaces/lab-2/.venv/lib/python3.12/site-packages/airflow/example_dags/example_dataset_alias.py
[2026-08-20T11:11:23.219+0000] {processor.py:914} INFO - Processing file /workspaces/lab-2/.venv/lib/python3.12/site-packages/airflow/example_dags/example_dataset_alias.py for tasks to queue
[2026-08-20T11:11:23.221+0000] {logging_mixin.py:190} INFO - [2026-08-20T11:11:23.220+0000] {dagbag.py:588} INFO - Filling up the DagBag from /workspaces/lab-2/.venv/lib/python3.12/site-packages/airflow/example_dags/example_dataset_alias.py
[2026-08-20T11:11:23.242+0000] {processor.py:925} INFO - DAG(s) 'dataset_s3_bucket_producer', 'dataset_alias_example_alias_consumer', 'dataset_alias_example_alias_producer', 'dataset_s3_bucket_consumer' retrieved from /workspaces/lab-2/.venv/lib/python3.12/site-packages/airflow/example_dags/example_dataset_alias.py
[2026-08-20T11:11:23.262+0000] {logging_mixin.py:190} INFO - [2026-08-20T11:11:23.261+0000] {dag.py:3239} INFO - Sync 4 DAGs
[2026-08-20T11:11:23.286+0000] {logging_mixin.py:190} INFO - [2026-08-20T11:11:23.285+0000] {dag.py:4180} INFO - Setting next_dagrun for dataset_alias_example_alias_consumer to None, run_after=None
[2026-08-20T11:11:23.288+0000] {logging_mixin.py:190} INFO - [2026-08-20T11:11:23.288+0000] {dag.py:4180} INFO - Setting next_dagrun for dataset_alias_example_alias_producer to None, run_after=None
[2026-08-20T11:11:23.289+0000] {logging_mixin.py:190} INFO - [2026-08-20T11:11:23.289+0000] {dag.py:4180} INFO - Setting next_dagrun for dataset_s3_bucket_consumer to None, run_after=None
[2026-08-20T11:11:23.290+0000] {logging_mixin.py:190} INFO - [2026-08-20T11:11:23.290+0000] {dag.py:4180} INFO - Setting next_dagrun for dataset_s3_bucket_producer to None, run_after=None
[2026-08-20T11:11:23.330+0000] {processor.py:208} INFO - Processing /workspaces/lab-2/.venv/lib/python3.12/site-packages/airflow/example_dags/example_dataset_alias.py took 0.117 seconds
[2026-08-20T11:11:58.360+0000] {processor.py:186} INFO - Started process (PID=32401) to work on /workspaces/lab-2/.venv/lib/python3.12/site-packages/airflow/example_dags/example_dataset_alias.py
[2026-08-20T11:11:58.361+0000] {processor.py:914} INFO - Processing file /workspaces/lab-2/.venv/lib/python3.12/site-packages/airflow/example_dags/example_dataset_alias.py for tasks to queue
[2026-08-20T11:11:58.364+0000] {logging_mixin.py:190} INFO - [2026-08-20T11:11:58.363+0000] {dagbag.py:588} INFO - Filling up the DagBag from /workspaces/lab-2/.venv/lib/python3.12/site-packages/airflow/example_dags/example_dataset_alias.py
[2026-08-20T11:11:58.392+0000] {processor.py:925} INFO - DAG(s) 'dataset_s3_bucket_producer', 'dataset_alias_example_alias_producer', 'dataset_alias_example_alias_consumer', 'dataset_s3_bucket_consumer' retrieved from /workspaces/lab-2/.venv/lib/python3.12/site-packages/airflow/example_dags/example_dataset_alias.py
[2026-08-20T11:11:58.414+0000] {logging_mixin.py:190} INFO - [2026-08-20T11:11:58.414+0000] {dag.py:3239} INFO - Sync 4 DAGs
[2026-08-20T11:11:58.447+0000] {logging_mixin.py:190} INFO - [2026-08-20T11:11:58.446+0000] {dag.py:4180} INFO - Setting next_dagrun for dataset_alias_example_alias_consumer to None, run_after=None
[2026-08-20T11:11:58.449+0000] {logging_mixin.py:190} INFO - [2026-08-20T11:11:58.449+0000] {dag.py:4180} INFO - Setting next_dagrun for dataset_alias_example_alias_producer to None, run_after=None
[2026-08-20T11:11:58.450+0000] {logging_mixin.py:190} INFO - [2026-08-20T11:11:58.450+0000] {dag.py:4180} INFO - Setting next_dagrun for dataset_s3_bucket_consumer to None, run_after=None
[2026-08-20T11:11:58.451+0000] {logging_mixin.py:190} INFO - [2026-08-20T11:11:58.451+0000] {dag.py:4180} INFO - Setting next_dagrun for dataset_s3_bucket_producer to None, run_after=None
[2026-08-20T11:11:58.476+0000] {processor.py:208} INFO - Processing /workspaces/lab-2/.venv/lib/python3.12/site-packages/airflow/example_dags/example_dataset_alias.py took 0.123 seconds
[2026-08-20T11:12:18.332+0000] {processor.py:186} INFO - Started process (PID=32788) to work on /workspaces/lab-2/.venv/lib/python3.12/site-packages/airflow/example_dags/example_dataset_alias.py
[2026-08-20T11:12:18.333+0000] {processor.py:914} INFO - Processing file /workspaces/lab-2/.venv/lib/python3.12/site-packages/airflow/example_dags/example_dataset_alias.py for tasks to queue
[2026-08-20T11:12:18.335+0000] {logging_mixin.py:190} INFO - [2026-08-20T11:12:18.334+0000] {dagbag.py:588} INFO - Filling up the DagBag from /workspaces/lab-2/.venv/lib/python3.12/site-packages/airflow/example_dags/example_dataset_alias.py
[2026-08-20T11:12:18.355+0000] {processor.py:925} INFO - DAG(s) 'dataset_alias_example_alias_producer', 'dataset_s3_bucket_producer', 'dataset_alias_example_alias_consumer', 'dataset_s3_bucket_consumer' retrieved from /workspaces/lab-2/.venv/lib/python3.12/site-packages/airflow/example_dags/example_dataset_alias.py
[2026-08-20T11:12:18.371+0000] {logging_mixin.py:190} INFO - [2026-08-20T11:12:18.371+0000] {dag.py:3239} INFO - Sync 4 DAGs
[2026-08-20T11:12:18.391+0000] {logging_mixin.py:190} INFO - [2026-08-20T11:12:18.391+0000] {dag.py:4180} INFO - Setting next_dagrun for dataset_alias_example_alias_consumer to None, run_after=None
[2026-08-20T11:12:18.393+0000] {logging_mixin.py:190} INFO - [2026-08-20T11:12:18.393+0000] {dag.py:4180} INFO - Setting next_dagrun for dataset_alias_example_alias_producer to None, run_after=None
[2026-08-20T11:12:18.394+0000] {logging_mixin.py:190} INFO - [2026-08-20T11:12:18.393+0000] {dag.py:4180} INFO - Setting next_dagrun for dataset_s3_bucket_consumer to None, run_after=None
[2026-08-20T11:12:18.394+0000] {logging_mixin.py:190} INFO - [2026-08-20T11:12:18.394+0000] {dag.py:4180} INFO - Setting next_dagrun for dataset_s3_bucket_producer to None, run_after=None
[2026-08-20T11:12:18.413+0000] {processor.py:208} INFO - Processing /workspaces/lab-2/.venv/lib/python3.12/site-packages/airflow/example_dags/example_dataset_alias.py took 0.087 seconds
[2026-08-20T11:12:54.533+0000] {processor.py:186} INFO - Started process (PID=33253) to work on /workspaces/lab-2/.venv/lib/python3.12/site-packages/airflow/example_dags/example_dataset_alias.py
[2026-08-20T11:12:54.534+0000] {processor.py:914} INFO - Processing file /workspaces/lab-2/.venv/lib/python3.12/site-packages/airflow/example_dags/example_dataset_alias.py for tasks to queue
[2026-08-20T11:12:54.537+0000] {logging_mixin.py:190} INFO - [2026-08-20T11:12:54.536+0000] {dagbag.py:588} INFO - Filling up the DagBag from /workspaces/lab-2/.venv/lib/python3.12/site-packages/airflow/example_dags/example_dataset_alias.py
[2026-08-20T11:12:54.614+0000] {processor.py:925} INFO - DAG(s) 'dataset_alias_example_alias_producer', 'dataset_s3_bucket_producer', 'dataset_s3_bucket_consumer', 'dataset_alias_example_alias_consumer' retrieved from /workspaces/lab-2/.venv/lib/python3.12/site-packages/airflow/example_dags/example_dataset_alias.py
[2026-08-20T11:12:54.657+0000] {logging_mixin.py:190} INFO - [2026-08-20T11:12:54.657+0000] {dag.py:3239} INFO - Sync 4 DAGs
[2026-08-20T11:12:54.684+0000] {logging_mixin.py:190} INFO - [2026-08-20T11:12:54.683+0000] {dag.py:4180} INFO - Setting next_dagrun for dataset_alias_example_alias_consumer to None, run_after=None
[2026-08-20T11:12:54.686+0000] {logging_mixin.py:190} INFO - [2026-08-20T11:12:54.686+0000] {dag.py:4180} INFO - Setting next_dagrun for dataset_alias_example_alias_producer to None, run_after=None
[2026-08-20T11:12:54.687+0000] {logging_mixin.py:190} INFO - [2026-08-20T11:12:54.687+0000] {dag.py:4180} INFO - Setting next_dagrun for dataset_s3_bucket_consumer to None, run_after=None
[2026-08-20T11:12:54.688+0000] {logging_mixin.py:190} INFO - [2026-08-20T11:12:54.688+0000] {dag.py:4180} INFO - Setting next_dagrun for dataset_s3_bucket_producer to None, run_after=None
[2026-08-20T11:12:54.720+0000] {processor.py:208} INFO - Processing /workspaces/lab-2/.venv/lib/python3.12/site-packages/airflow/example_dags/example_dataset_alias.py took 0.194 seconds
[2026-08-20T11:13:14.218+0000] {processor.py:186} INFO - Started process (PID=33583) to work on /workspaces/lab-2/.venv/lib/python3.12/site-packages/airflow/example_dags/example_dataset_alias.py
[2026-08-20T11:13:14.219+0000] {processor.py:914} INFO - Processing file /workspaces/lab-2/.venv/lib/python3.12/site-packages/airflow/example_dags/example_dataset_alias.py for tasks to queue
[2026-08-20T11:13:14.221+0000] {logging_mixin.py:190} INFO - [2026-08-20T11:13:14.220+0000] {dagbag.py:588} INFO - Filling up the DagBag from /workspaces/lab-2/.venv/lib/python3.12/site-packages/airflow/example_dags/example_dataset_alias.py
[2026-08-20T11:13:14.241+0000] {processor.py:925} INFO - DAG(s) 'dataset_s3_bucket_producer', 'dataset_alias_example_alias_producer', 'dataset_s3_bucket_consumer', 'dataset_alias_example_alias_consumer' retrieved from /workspaces/lab-2/.venv/lib/python3.12/site-packages/airflow/example_dags/example_dataset_alias.py
[2026-08-20T11:13:14.389+0000] {logging_mixin.py:190} INFO - [2026-08-20T11:13:14.388+0000] {dag.py:3239} INFO - Sync 4 DAGs
[2026-08-20T11:13:14.415+0000] {logging_mixin.py:190} INFO - [2026-08-20T11:13:14.414+0000] {dag.py:4180} INFO - Setting next_dagrun for dataset_alias_example_alias_consumer to None, run_after=None
[2026-08-20T11:13:14.417+0000] {logging_mixin.py:190} INFO - [2026-08-20T11:13:14.417+0000] {dag.py:4180} INFO - Setting next_dagrun for dataset_alias_example_alias_producer to None, run_after=None
[2026-08-20T11:13:14.418+0000] {logging_mixin.py:190} INFO - [2026-08-20T11:13:14.418+0000] {dag.py:4180} INFO - Setting next_dagrun for dataset_s3_bucket_consumer to None, run_after=None
[2026-08-20T11:13:14.419+0000] {logging_mixin.py:190} INFO - [2026-08-20T11:13:14.419+0000] {dag.py:4180} INFO - Setting next_dagrun for dataset_s3_bucket_producer to None, run_after=None
[2026-08-20T11:13:14.441+0000] {processor.py:208} INFO - Processing /workspaces/lab-2/.venv/lib/python3.12/site-packages/airflow/example_dags/example_dataset_alias.py took 0.228 seconds
[2026-08-20T11:13:54.078+0000] {processor.py:186} INFO - Started process (PID=34698) to work on /workspaces/lab-2/.venv/lib/python3.12/site-packages/airflow/example_dags/example_dataset_alias.py
[2026-08-20T11:13:54.079+0000] {processor.py:914} INFO - Processing file /workspaces/lab-2/.venv/lib/python3.12/site-packages/airflow/example_dags/example_dataset_alias.py for tasks to queue
[2026-08-20T11:13:54.081+0000] {logging_mixin.py:190} INFO - [2026-08-20T11:13:54.080+0000] {dagbag.py:588} INFO - Filling up the DagBag from /workspaces/lab-2/.venv/lib/python3.12/site-packages/airflow/example_dags/example_dataset_alias.py
[2026-08-20T11:13:54.104+0000] {processor.py:925} INFO - DAG(s) 'dataset_alias_example_alias_producer', 'dataset_alias_example_alias_consumer', 'dataset_s3_bucket_consumer', 'dataset_s3_bucket_producer' retrieved from /workspaces/lab-2/.venv/lib/python3.12/site-packages/airflow/example_dags/example_dataset_alias.py
[2026-08-20T11:13:54.119+0000] {logging_mixin.py:190} INFO - [2026-08-20T11:13:54.119+0000] {dag.py:3239} INFO - Sync 4 DAGs
[2026-08-20T11:13:54.135+0000] {logging_mixin.py:190} INFO - [2026-08-20T11:13:54.135+0000] {dag.py:4180} INFO - Setting next_dagrun for dataset_alias_example_alias_consumer to None, run_after=None
[2026-08-20T11:13:54.138+0000] {logging_mixin.py:190} INFO - [2026-08-20T11:13:54.138+0000] {dag.py:4180} INFO - Setting next_dagrun for dataset_alias_example_alias_producer to None, run_after=None
[2026-08-20T11:13:54.139+0000] {logging_mixin.py:190} INFO - [2026-08-20T11:13:54.139+0000] {dag.py:4180} INFO - Setting next_dagrun for dataset_s3_bucket_consumer to None, run_after=None
[2026-08-20T11:13:54.140+0000] {logging_mixin.py:190} INFO - [2026-08-20T11:13:54.140+0000] {dag.py:4180} INFO - Setting next_dagrun for dataset_s3_bucket_producer to None, run_after=None
[2026-08-20T11:13:54.160+0000] {processor.py:208} INFO - Processing /workspaces/lab-2/.venv/lib/python3.12/site-packages/airflow/example_dags/example_dataset_alias.py took 0.087 seconds
[2026-08-20T11:14:19.742+0000] {processor.py:186} INFO - Started process (PID=35049) to work on /workspaces/lab-2/.venv/lib/python3.12/site-packages/airflow/example_dags/example_dataset_alias.py
[2026-08-20T11:14:19.742+0000] {processor.py:914} INFO - Processing file /workspaces/lab-2/.venv/lib/python3.12/site-packages/airflow/example_dags/example_dataset_alias.py for tasks to queue
[2026-08-20T11:14:19.745+0000] {logging_mixin.py:190} INFO - [2026-08-20T11:14:19.744+0000] {dagbag.py:588} INFO - Filling up the DagBag from /workspaces/lab-2/.venv/lib/python3.12/site-packages/airflow/example_dags/example_dataset_alias.py
[2026-08-20T11:14:19.778+0000] {processor.py:925} INFO - DAG(s) 'dataset_s3_bucket_consumer', 'dataset_alias_example_alias_producer', 'dataset_s3_bucket_producer', 'dataset_alias_example_alias_consumer' retrieved from /workspaces/lab-2/.venv/lib/python3.12/site-packages/airflow/example_dags/example_dataset_alias.py
[2026-08-20T11:14:19.801+0000] {logging_mixin.py:190} INFO - [2026-08-20T11:14:19.800+0000] {dag.py:3239} INFO - Sync 4 DAGs
[2026-08-20T11:14:19.816+0000] {logging_mixin.py:190} INFO - [2026-08-20T11:14:19.816+0000] {dag.py:4180} INFO - Setting next_dagrun for dataset_alias_example_alias_consumer to None, run_after=None
[2026-08-20T11:14:19.818+0000] {logging_mixin.py:190} INFO - [2026-08-20T11:14:19.818+0000] {dag.py:4180} INFO - Setting next_dagrun for dataset_alias_example_alias_producer to None, run_after=None
[2026-08-20T11:14:19.818+0000] {logging_mixin.py:190} INFO - [2026-08-20T11:14:19.818+0000] {dag.py:4180} INFO - Setting next_dagrun for dataset_s3_bucket_consumer to None, run_after=None
[2026-08-20T11:14:19.819+0000] {logging_mixin.py:190} INFO - [2026-08-20T11:14:19.819+0000] {dag.py:4180} INFO - Setting next_dagrun for dataset_s3_bucket_producer to None, run_after=None
[2026-08-20T11:14:19.838+0000] {processor.py:208} INFO - Processing /workspaces/lab-2/.venv/lib/python3.12/site-packages/airflow/example_dags/example_dataset_alias.py took 0.103 seconds
[2026-08-20T11:15:12.891+0000] {processor.py:186} INFO - Started process (PID=36681) to work on /workspaces/lab-2/.venv/lib/python3.12/site-packages/airflow/example_dags/example_dataset_alias.py
[2026-08-20T11:15:12.896+0000] {processor.py:914} INFO - Processing file /workspaces/lab-2/.venv/lib/python3.12/site-packages/airflow/example_dags/example_dataset_alias.py for tasks to queue
[2026-08-20T11:15:12.901+0000] {logging_mixin.py:190} INFO - [2026-08-20T11:15:12.900+0000] {dagbag.py:588} INFO - Filling up the DagBag from /workspaces/lab-2/.venv/lib/python3.12/site-packages/airflow/example_dags/example_dataset_alias.py
[2026-08-20T11:15:12.961+0000] {processor.py:925} INFO - DAG(s) 'dataset_alias_example_alias_consumer', 'dataset_s3_bucket_consumer', 'dataset_alias_example_alias_producer', 'dataset_s3_bucket_producer' retrieved from /workspaces/lab-2/.venv/lib/python3.12/site-packages/airflow/example_dags/example_dataset_alias.py
[2026-08-20T11:15:12.999+0000] {logging_mixin.py:190} INFO - [2026-08-20T11:15:12.999+0000] {dag.py:3239} INFO - Sync 4 DAGs
[2026-08-20T11:15:13.031+0000] {logging_mixin.py:190} INFO - [2026-08-20T11:15:13.029+0000] {dag.py:4180} INFO - Setting next_dagrun for dataset_alias_example_alias_consumer to None, run_after=None
[2026-08-20T11:15:13.035+0000] {logging_mixin.py:190} INFO - [2026-08-20T11:15:13.034+0000] {dag.py:4180} INFO - Setting next_dagrun for dataset_alias_example_alias_producer to None, run_after=None
[2026-08-20T11:15:13.036+0000] {logging_mixin.py:190} INFO - [2026-08-20T11:15:13.035+0000] {dag.py:4180} INFO - Setting next_dagrun for dataset_s3_bucket_consumer to None, run_after=None
[2026-08-20T11:15:13.036+0000] {logging_mixin.py:190} INFO - [2026-08-20T11:15:13.036+0000] {dag.py:4180} INFO - Setting next_dagrun for dataset_s3_bucket_producer to None, run_after=None
[2026-08-20T11:15:13.063+0000] {processor.py:208} INFO - Processing /workspaces/lab-2/.venv/lib/python3.12/site-packages/airflow/example_dags/example_dataset_alias.py took 0.184 seconds
