[2026-08-20T11:04:17.944+0000] {processor.py:186} INFO - Started process (PID=24425) to work on /workspaces/lab-2/.venv/lib/python3.12/site-packages/airflow/example_dags/example_setup_teardown.py
[2026-08-20T11:04:17.945+0000] {processor.py:914} INFO - Processing file /workspaces/lab-2/.venv/lib/python3.12/site-packages/airflow/example_dags/example_setup_teardown.py for tasks to queue
[2026-08-20T11:04:17.947+0000] {logging_mixin.py:190} INFO - [2026-08-20T11:04:17.947+0000] {dagbag.py:588} INFO - Filling up the DagBag from /workspaces/lab-2/.venv/lib/python3.12/site-packages/airflow/example_dags/example_setup_teardown.py
[2026-08-20T11:04:17.954+0000] {processor.py:925} INFO - DAG(s) 'example_setup_teardown' retrieved from /workspaces/lab-2/.venv/lib/python3.12/site-packages/airflow/example_dags/example_setup_teardown.py
[2026-08-20T11:04:18.044+0000] {logging_mixin.py:190} INFO - [2026-08-20T11:04:18.044+0000] {override.py:1900} INFO - Created Permission View: can edit on DAG:example_setup_teardown
[2026-08-20T11:04:18.054+0000] {logging_mixin.py:190} INFO - [2026-08-20T11:04:18.054+0000] {override.py:1900} INFO - Created Permission View: can read on DAG:example_setup_teardown
[2026-08-20T11:04:18.062+0000] {logging_mixin.py:190} INFO - [2026-08-20T11:04:18.062+0000] {override.py:1900} INFO - Created Permission View: can delete on DAG:example_setup_teardown
[2026-08-20T11:04:18.073+0000] {logging_mixin.py:190} INFO - [2026-08-20T11:04:18.073+0000] {override.py:1900} INFO - Created Permission View: can create on DAG Run:example_setup_teardown
[2026-08-20T11:04:18.080+0000] {logging_mixin.py:190} INFO - [2026-08-20T11:04:18.080+0000] {override.py:1900} INFO - Created Permission View: can read on DAG Run:example_setup_teardown
[2026-08-20T11:04:18.088+0000] {logging_mixin.py:190} INFO - [2026-08-20T11:04:18.087+0000] {override.py:1900} INFO - Created Permission View: menu access on DAG Run:example_setup_teardown
[2026-08-20T11:04:18.095+0000] {logging_mixin.py:190} INFO - [2026-08-20T11:04:18.094+0000] {override.py:1900} INFO - Created Permission View: can delete on DAG Run:example_setup_teardown
[2026-08-20T11:04:18.095+0000] {logging_mixin.py:190} INFO - [2026-08-20T11:04:18.095+0000] {dag.py:3239} INFO - Sync 1 DAGs
[2026-08-20T11:04:18.104+0000] {logging_mixin.py:190} INFO - [2026-08-20T11:04:18.104+0000] {dag.py:3262} INFO - Creating ORM DAG for example_setup_teardown
[2026-08-20T11:04:18.104+0000] {logging_mixin.py:190} INFO - [2026-08-20T11:04:18.104+0000] {dag.py:4180} INFO - Setting next_dagrun for example_setup_teardown to None, run_after=None
[2026-08-20T11:04:18.121+0000] {processor.py:208} INFO - Processing /workspaces/lab-2/.venv/lib/python3.12/site-packages/airflow/example_dags/example_setup_teardown.py took 0.183 seconds
[2026-08-20T11:05:19.353+0000] {processor.py:186} INFO - Started process (PID=25314) to work on /workspaces/lab-2/.venv/lib/python3.12/site-packages/airflow/example_dags/example_setup_teardown.py
[2026-08-20T11:05:19.354+0000] {processor.py:914} INFO - Processing file /workspaces/lab-2/.venv/lib/python3.12/site-packages/airflow/example_dags/example_setup_teardown.py for tasks to queue
[2026-08-20T11:05:19.356+0000] {logging_mixin.py:190} INFO - [2026-08-20T11:05:19.355+0000] {dagbag.py:588} INFO - Filling up the DagBag from /workspaces/lab-2/.venv/lib/python3.12/site-packages/airflow/example_dags/example_setup_teardown.py
[2026-08-20T11:05:19.366+0000] {processor.py:925} INFO - DAG(s) 'example_setup_teardown' retrieved from /workspaces/lab-2/.venv/lib/python3.12/site-packages/airflow/example_dags/example_setup_teardown.py
[2026-08-20T11:05:19.380+0000] {logging_mixin.py:190} INFO - [2026-08-20T11:05:19.379+0000] {dag.py:3239} INFO - Sync 1 DAGs
[2026-08-20T11:05:19.389+0000] {logging_mixin.py:190} INFO - [2026-08-20T11:05:19.389+0000] {dag.py:4180} INFO - Setting next_dagrun for example_setup_teardown to None, run_after=None
[2026-08-20T11:05:19.406+0000] {processor.py:208} INFO - Processing /workspaces/lab-2/.venv/lib/python3.12/site-packages/airflow/example_dags/example_setup_teardown.py took 0.059 seconds
[2026-08-20T11:06:12.184+0000] {processor.py:186} INFO - Started process (PID=26092) to work on /workspaces/lab-2/.venv/lib/python3.12/site-packages/airflow/example_dags/example_setup_teardown.py
[2026-08-20T11:06:12.184+0000] {processor.py:914} INFO - Processing file /workspaces/lab-2/.venv/lib/python3.12/site-packages/airflow/example_dags/example_setup_teardown.py for tasks to queue
[2026-08-20T11:06:12.186+0000] {logging_mixin.py:190} INFO - [2026-08-20T11:06:12.186+0000] {dagbag.py:588} INFO - Filling up the DagBag from /workspaces/lab-2/.venv/lib/python3.12/site-packages/airflow/example_dags/example_setup_teardown.py
[2026-08-20T11:06:12.193+0000] {processor.py:925} INFO - DAG(s) 'example_setup_teardown' retrieved from /workspaces/lab-2/.venv/lib/python3.12/site-packages/airflow/example_dags/example_setup_teardown.py
[2026-08-20T11:06:12.207+0000] {logging_mixin.py:190} INFO - [2026-08-20T11:06:12.207+0000] {dag.py:3239} INFO - Sync 1 DAGs
[2026-08-20T11:06:12.217+0000] {logging_mixin.py:190} INFO - [2026-08-20T11:06:12.217+0000] {dag.py:4180} INFO - Setting next_dagrun for example_setup_teardown to None, run_after=None
[2026-08-20T11:06:12.234+0000] {processor.py:208} INFO - Processing /workspaces/lab-2/.venv/lib/python3.12/site-packages/airflow/example_dags/example_setup_teardown.py took 0.055 seconds
[2026-08-20T11:07:00.423+0000] {processor.py:186} INFO - Started process (PID=26913) to work on /workspaces/lab-2/.venv/lib/python3.12/site-packages/airflow/example_dags/example_setup_teardown.py
[2026-08-20T11:07:00.424+0000] {processor.py:914} INFO - Processing file /workspaces/lab-2/.venv/lib/python3.12/site-packages/airflow/example_dags/example_setup_teardown.py for tasks to queue
[2026-08-20T11:07:00.426+0000] {logging_mixin.py:190} INFO - [2026-08-20T11:07:00.425+0000] {dagbag.py:588} INFO - Filling up the DagBag from /workspaces/lab-2/.venv/lib/python3.12/site-packages/airflow/example_dags/example_setup_teardown.py
[2026-08-20T11:07:00.433+0000] {processor.py:925} INFO - DAG(s) 'example_setup_teardown' retrieved from /workspaces/lab-2/.venv/lib/python3.12/site-packages/airflow/example_dags/example_setup_teardown.py
[2026-08-20T11:07:00.448+0000] {logging_mixin.py:190} INFO - [2026-08-20T11:07:00.448+0000] {dag.py:3239} INFO - Sync 1 DAGs
[2026-08-20T11:07:00.458+0000] {logging_mixin.py:190} INFO - [2026-08-20T11:07:00.458+0000] {dag.py:4180} INFO - Setting next_dagrun for example_setup_teardown to None, run_after=None
[2026-08-20T11:07:00.476+0000] {processor.py:208} INFO - Processing /workspaces/lab-2/.venv/lib/python3.12/site-packages/airflow/example_dags/example_setup_teardown.py took 0.057 seconds
[2026-08-20T11:07:56.071+0000] {processor.py:186} INFO - Started process (PID=27553) to work on /workspaces/lab-2/.venv/lib/python3.12/site-packages/airflow/example_dags/example_setup_teardown.py
[2026-08-20T11:07:56.072+0000] {processor.py:914} INFO - Processing file /workspaces/lab-2/.venv/lib/python3.12/site-packages/airflow/example_dags/example_setup_teardown.py for tasks to queue
[2026-08-20T11:07:56.074+0000] {logging_mixin.py:190} INFO - [2026-08-20T11:07:56.073+0000] {dagbag.py:588} INFO - Filling up the DagBag from /workspaces/lab-2/.venv/lib/python3.12/site-packages/airflow/example_dags/example_setup_teardown.py
[2026-08-20T11:07:56.081+0000] {processor.py:925} INFO - DAG(s) 'example_setup_teardown' retrieved from /workspaces/lab-2/.venv/lib/python3.12/site-packages/airflow/example_dags/example_setup_teardown.py
[2026-08-20T11:07:56.094+0000] {logging_mixin.py:190} INFO - [2026-08-20T11:07:56.094+0000] {dag.py:3239} INFO - Sync 1 DAGs
[2026-08-20T11:07:56.104+0000] {logging_mixin.py:190} INFO - [2026-08-20T11:07:56.104+0000] {dag.py:4180} INFO - Setting next_dagrun for example_setup_teardown to None, run_after=None
[2026-08-20T11:07:56.121+0000] {processor.py:208} INFO - Processing /workspaces/lab-2/.venv/lib/python3.12/site-packages/airflow/example_dags/example_setup_teardown.py took 0.054 seconds
[2026-08-20T11:08:52.024+0000] {processor.py:186} INFO - Started process (PID=28777) to work on /workspaces/lab-2/.venv/lib/python3.12/site-packages/airflow/example_dags/example_setup_teardown.py
[2026-08-20T11:08:52.024+0000] {processor.py:914} INFO - Processing file /workspaces/lab-2/.venv/lib/python3.12/site-packages/airflow/example_dags/example_setup_teardown.py for tasks to queue
[2026-08-20T11:08:52.026+0000] {logging_mixin.py:190} INFO - [2026-08-20T11:08:52.026+0000] {dagbag.py:588} INFO - Filling up the DagBag from /workspaces/lab-2/.venv/lib/python3.12/site-packages/airflow/example_dags/example_setup_teardown.py
[2026-08-20T11:08:52.033+0000] {processor.py:925} INFO - DAG(s) 'example_setup_teardown' retrieved from /workspaces/lab-2/.venv/lib/python3.12/site-packages/airflow/example_dags/example_setup_teardown.py
[2026-08-20T11:08:52.048+0000] {logging_mixin.py:190} INFO - [2026-08-20T11:08:52.048+0000] {dag.py:3239} INFO - Sync 1 DAGs
[2026-08-20T11:08:52.058+0000] {logging_mixin.py:190} INFO - [2026-08-20T11:08:52.058+0000] {dag.py:4180} INFO - Setting next_dagrun for example_setup_teardown to None, run_after=None
[2026-08-20T11:08:52.076+0000] {processor.py:208} INFO - Processing /workspaces/lab-2/.venv/lib/python3.12/site-packages/airflow/example_dags/example_setup_teardown.py took 0.057 seconds
[2026-08-20T11:09:46.264+0000] {processor.py:186} INFO - Started process (PID=29720) to work on /workspaces/lab-2/.venv/lib/python3.12/site-packages/airflow/example_dags/example_setup_teardown.py
[2026-08-20T11:09:46.267+0000] {processor.py:914} INFO - Processing file /workspaces/lab-2/.venv/lib/python3.12/site-packages/airflow/example_dags/example_setup_teardown.py for tasks to queue
[2026-08-20T11:09:46.270+0000] {logging_mixin.py:190} INFO - [2026-08-20T11:09:46.269+0000] {dagbag.py:588} INFO - Filling up the DagBag from /workspaces/lab-2/.venv/lib/python3.12/site-packages/airflow/example_dags/example_setup_teardown.py
[2026-08-20T11:09:46.280+0000] {processor.py:925} INFO - DAG(s) 'example_setup_teardown' retrieved from /workspaces/lab-2/.venv/lib/python3.12/site-packages/airflow/example_dags/example_setup_teardown.py
[2026-08-20T11:09:46.301+0000] {logging_mixin.py:190} INFO - [2026-08-20T11:09:46.301+0000] {dag.py:3239} INFO - Sync 1 DAGs
[2026-08-20T11:09:46.317+0000] {logging_mixin.py:190} INFO - [2026-08-20T11:09:46.316+0000] {dag.py:4180} INFO - Setting next_dagrun for example_setup_teardown to None, run_after=None
[2026-08-20T11:09:46.344+0000] {processor.py:208} INFO - Processing /workspaces/lab-2/.venv/lib/python3.12/site-packages/airflow/example_dags/example_setup_teardown.py took 0.090 seconds
[2026-08-20T11:10:40.436+0000] {processor.py:186} INFO - Started process (PID=30665) to work on /workspaces/lab-2/.venv/lib/python3.12/site-packages/airflow/example_dags/example_setup_teardown.py
[2026-08-20T11:10:40.437+0000] {processor.py:914} INFO - Processing file /workspaces/lab-2/.venv/lib/python3.12/site-packages/airflow/example_dags/example_setup_teardown.py for tasks to queue
[2026-08-20T11:10:40.439+0000] {logging_mixin.py:190} INFO - [2026-08-20T11:10:40.439+0000] {dagbag.py:588} INFO - Filling up the DagBag from /workspaces/lab-2/.venv/lib/python3.12/site-packages/airflow/example_dags/example_setup_teardown.py
[2026-08-20T11:10:40.446+0000] {processor.py:925} INFO - DAG(s) 'example_setup_teardown' retrieved from /workspaces/lab-2/.venv/lib/python3.12/site-packages/airflow/example_dags/example_setup_teardown.py
[2026-08-20T11:10:40.460+0000] {logging_mixin.py:190} INFO - [2026-08-20T11:10:40.459+0000] {dag.py:3239} INFO - Sync 1 DAGs
[2026-08-20T11:10:40.469+0000] {logging_mixin.py:190} INFO - [2026-08-20T11:10:40.469+0000] {dag.py:4180} INFO - Setting next_dagrun for example_setup_teardown to None, run_after=None
[2026-08-20T11:10:40.487+0000] {processor.py:208} INFO - Processing /workspaces/lab-2/.venv/lib/python3.12/site-packages/airflow/example_dags/example_setup_teardown.py took 0.055 seconds
[2026-08-20T11:11:34.648+0000] {processor.py:186} INFO - Started process (PID=31614) to work on /workspaces/lab-2/.venv/lib/python3.12/site-packages/airflow/example_dags/example_setup_teardown.py
[2026-08-20T11:11:34.648+0000] {processor.py:914} INFO - Processing file /workspaces/lab-2/.venv/lib/python3.12/site-packages/airflow/example_dags/example_setup_teardown.py for tasks to queue
[2026-08-20T11:11:34.650+0000] {logging_mixin.py:190} INFO - [2026-08-20T11:11:34.650+0000] {dagbag.py:588} INFO - Filling up the DagBag from /workspaces/lab-2/.venv/lib/python3.12/site-packages/airflow/example_dags/example_setup_teardown.py
[2026-08-20T11:11:34.659+0000] {processor.py:925} INFO - DAG(s) 'example_setup_teardown' retrieved from /workspaces/lab-2/.venv/lib/python3.12/site-packages/airflow/example_dags/example_setup_teardown.py
[2026-08-20T11:11:34.673+0000] {logging_mixin.py:190} INFO - [2026-08-20T11:11:34.673+0000] {dag.py:3239} INFO - Sync 1 DAGs
[2026-08-20T11:11:34.683+0000] {logging_mixin.py:190} INFO - [2026-08-20T11:11:34.683+0000] {dag.py:4180} INFO - Setting next_dagrun for example_setup_teardown to None, run_after=None
[2026-08-20T11:11:34.701+0000] {processor.py:208} INFO - Processing /workspaces/lab-2/.venv/lib/python3.12/site-packages/airflow/example_dags/example_setup_teardown.py took 0.059 seconds
[2026-08-20T11:11:36.834+0000] {processor.py:186} INFO - Started process (PID=31625) to work on /workspaces/lab-2/.venv/lib/python3.12/site-packages/airflow/example_dags/example_setup_teardown.py
[2026-08-20T11:11:36.834+0000] {processor.py:914} INFO - Processing file /workspaces/lab-2/.venv/lib/python3.12/site-packages/airflow/example_dags/example_setup_teardown.py for tasks to queue
[2026-08-20T11:11:36.836+0000] {logging_mixin.py:190} INFO - [2026-08-20T11:11:36.836+0000] {dagbag.py:588} INFO - Filling up the DagBag from /workspaces/lab-2/.venv/lib/python3.12/site-packages/airflow/example_dags/example_setup_teardown.py
[2026-08-20T11:11:36.843+0000] {processor.py:925} INFO - DAG(s) 'example_setup_teardown' retrieved from /workspaces/lab-2/.venv/lib/python3.12/site-packages/airflow/example_dags/example_setup_teardown.py
[2026-08-20T11:11:36.860+0000] {logging_mixin.py:190} INFO - [2026-08-20T11:11:36.860+0000] {dag.py:3239} INFO - Sync 1 DAGs
[2026-08-20T11:11:36.873+0000] {logging_mixin.py:190} INFO - [2026-08-20T11:11:36.873+0000] {dag.py:4180} INFO - Setting next_dagrun for example_setup_teardown to None, run_after=None
[2026-08-20T11:11:36.892+0000] {processor.py:208} INFO - Processing /workspaces/lab-2/.venv/lib/python3.12/site-packages/airflow/example_dags/example_setup_teardown.py took 0.063 seconds
[2026-08-20T11:12:28.033+0000] {processor.py:186} INFO - Started process (PID=32872) to work on /workspaces/lab-2/.venv/lib/python3.12/site-packages/airflow/example_dags/example_setup_teardown.py
[2026-08-20T11:12:28.034+0000] {processor.py:914} INFO - Processing file /workspaces/lab-2/.venv/lib/python3.12/site-packages/airflow/example_dags/example_setup_teardown.py for tasks to queue
[2026-08-20T11:12:28.036+0000] {logging_mixin.py:190} INFO - [2026-08-20T11:12:28.036+0000] {dagbag.py:588} INFO - Filling up the DagBag from /workspaces/lab-2/.venv/lib/python3.12/site-packages/airflow/example_dags/example_setup_teardown.py
[2026-08-20T11:12:28.044+0000] {processor.py:925} INFO - DAG(s) 'example_setup_teardown' retrieved from /workspaces/lab-2/.venv/lib/python3.12/site-packages/airflow/example_dags/example_setup_teardown.py
[2026-08-20T11:12:28.057+0000] {logging_mixin.py:190} INFO - [2026-08-20T11:12:28.057+0000] {dag.py:3239} INFO - Sync 1 DAGs
[2026-08-20T11:12:28.067+0000] {logging_mixin.py:190} INFO - [2026-08-20T11:12:28.067+0000] {dag.py:4180} INFO - Setting next_dagrun for example_setup_teardown to None, run_after=None
[2026-08-20T11:12:28.085+0000] {processor.py:208} INFO - Processing /workspaces/lab-2/.venv/lib/python3.12/site-packages/airflow/example_dags/example_setup_teardown.py took 0.056 seconds
[2026-08-20T11:12:33.909+0000] {processor.py:186} INFO - Started process (PID=32913) to work on /workspaces/lab-2/.venv/lib/python3.12/site-packages/airflow/example_dags/example_setup_teardown.py
[2026-08-20T11:12:33.910+0000] {processor.py:914} INFO - Processing file /workspaces/lab-2/.venv/lib/python3.12/site-packages/airflow/example_dags/example_setup_teardown.py for tasks to queue
[2026-08-20T11:12:33.912+0000] {logging_mixin.py:190} INFO - [2026-08-20T11:12:33.912+0000] {dagbag.py:588} INFO - Filling up the DagBag from /workspaces/lab-2/.venv/lib/python3.12/site-packages/airflow/example_dags/example_setup_teardown.py
[2026-08-20T11:12:33.919+0000] {processor.py:925} INFO - DAG(s) 'example_setup_teardown' retrieved from /workspaces/lab-2/.venv/lib/python3.12/site-packages/airflow/example_dags/example_setup_teardown.py
[2026-08-20T11:12:33.933+0000] {logging_mixin.py:190} INFO - [2026-08-20T11:12:33.933+0000] {dag.py:3239} INFO - Sync 1 DAGs
[2026-08-20T11:12:33.943+0000] {logging_mixin.py:190} INFO - [2026-08-20T11:12:33.942+0000] {dag.py:4180} INFO - Setting next_dagrun for example_setup_teardown to None, run_after=None
[2026-08-20T11:12:33.960+0000] {processor.py:208} INFO - Processing /workspaces/lab-2/.venv/lib/python3.12/site-packages/airflow/example_dags/example_setup_teardown.py took 0.057 seconds
[2026-08-20T11:13:26.276+0000] {processor.py:186} INFO - Started process (PID=33843) to work on /workspaces/lab-2/.venv/lib/python3.12/site-packages/airflow/example_dags/example_setup_teardown.py
[2026-08-20T11:13:26.277+0000] {processor.py:914} INFO - Processing file /workspaces/lab-2/.venv/lib/python3.12/site-packages/airflow/example_dags/example_setup_teardown.py for tasks to queue
[2026-08-20T11:13:26.279+0000] {logging_mixin.py:190} INFO - [2026-08-20T11:13:26.279+0000] {dagbag.py:588} INFO - Filling up the DagBag from /workspaces/lab-2/.venv/lib/python3.12/site-packages/airflow/example_dags/example_setup_teardown.py
[2026-08-20T11:13:26.286+0000] {processor.py:925} INFO - DAG(s) 'example_setup_teardown' retrieved from /workspaces/lab-2/.venv/lib/python3.12/site-packages/airflow/example_dags/example_setup_teardown.py
[2026-08-20T11:13:26.392+0000] {logging_mixin.py:190} INFO - [2026-08-20T11:13:26.392+0000] {dag.py:3239} INFO - Sync 1 DAGs
[2026-08-20T11:13:26.404+0000] {logging_mixin.py:190} INFO - [2026-08-20T11:13:26.404+0000] {dag.py:4180} INFO - Setting next_dagrun for example_setup_teardown to None, run_after=None
[2026-08-20T11:13:26.442+0000] {processor.py:208} INFO - Processing /workspaces/lab-2/.venv/lib/python3.12/site-packages/airflow/example_dags/example_setup_teardown.py took 0.172 seconds
[2026-08-20T11:13:30.737+0000] {processor.py:186} INFO - Started process (PID=33891) to work on /workspaces/lab-2/.venv/lib/python3.12/site-packages/airflow/example_dags/example_setup_teardown.py
[2026-08-20T11:13:30.737+0000] {processor.py:914} INFO - Processing file /workspaces/lab-2/.venv/lib/python3.12/site-packages/airflow/example_dags/example_setup_teardown.py for tasks to queue
[2026-08-20T11:13:30.739+0000] {logging_mixin.py:190} INFO - [2026-08-20T11:13:30.739+0000] {dagbag.py:588} INFO - Filling up the DagBag from /workspaces/lab-2/.venv/lib/python3.12/site-packages/airflow/example_dags/example_setup_teardown.py
[2026-08-20T11:13:30.746+0000] {processor.py:925} INFO - DAG(s) 'example_setup_teardown' retrieved from /workspaces/lab-2/.venv/lib/python3.12/site-packages/airflow/example_dags/example_setup_teardown.py
[2026-08-20T11:13:30.755+0000] {logging_mixin.py:190} INFO - [2026-08-20T11:13:30.755+0000] {dag.py:3239} INFO - Sync 1 DAGs
[2026-08-20T11:13:30.767+0000] {logging_mixin.py:190} INFO - [2026-08-20T11:13:30.767+0000] {dag.py:4180} INFO - Setting next_dagrun for example_setup_teardown to None, run_after=None
[2026-08-20T11:13:30.788+0000] {processor.py:208} INFO - Processing /workspaces/lab-2/.venv/lib/python3.12/site-packages/airflow/example_dags/example_setup_teardown.py took 0.056 seconds
[2026-08-20T11:14:25.760+0000] {processor.py:186} INFO - Started process (PID=35109) to work on /workspaces/lab-2/.venv/lib/python3.12/site-packages/airflow/example_dags/example_setup_teardown.py
[2026-08-20T11:14:25.761+0000] {processor.py:914} INFO - Processing file /workspaces/lab-2/.venv/lib/python3.12/site-packages/airflow/example_dags/example_setup_teardown.py for tasks to queue
[2026-08-20T11:14:25.762+0000] {logging_mixin.py:190} INFO - [2026-08-20T11:14:25.762+0000] {dagbag.py:588} INFO - Filling up the DagBag from /workspaces/lab-2/.venv/lib/python3.12/site-packages/airflow/example_dags/example_setup_teardown.py
[2026-08-20T11:14:25.770+0000] {processor.py:925} INFO - DAG(s) 'example_setup_teardown' retrieved from /workspaces/lab-2/.venv/lib/python3.12/site-packages/airflow/example_dags/example_setup_teardown.py
[2026-08-20T11:14:25.783+0000] {logging_mixin.py:190} INFO - [2026-08-20T11:14:25.783+0000] {dag.py:3239} INFO - Sync 1 DAGs
[2026-08-20T11:14:25.793+0000] {logging_mixin.py:190} INFO - [2026-08-20T11:14:25.793+0000] {dag.py:4180} INFO - Setting next_dagrun for example_setup_teardown to None, run_after=None
[2026-08-20T11:14:25.811+0000] {processor.py:208} INFO - Processing /workspaces/lab-2/.venv/lib/python3.12/site-packages/airflow/example_dags/example_setup_teardown.py took 0.056 seconds
[2026-08-20T11:14:27.328+0000] {processor.py:186} INFO - Started process (PID=35120) to work on /workspaces/lab-2/.venv/lib/python3.12/site-packages/airflow/example_dags/example_setup_teardown.py
[2026-08-20T11:14:27.329+0000] {processor.py:914} INFO - Processing file /workspaces/lab-2/.venv/lib/python3.12/site-packages/airflow/example_dags/example_setup_teardown.py for tasks to queue
[2026-08-20T11:14:27.331+0000] {logging_mixin.py:190} INFO - [2026-08-20T11:14:27.331+0000] {dagbag.py:588} INFO - Filling up the DagBag from /workspaces/lab-2/.venv/lib/python3.12/site-packages/airflow/example_dags/example_setup_teardown.py
[2026-08-20T11:14:27.339+0000] {processor.py:925} INFO - DAG(s) 'example_setup_teardown' retrieved from /workspaces/lab-2/.venv/lib/python3.12/site-packages/airflow/example_dags/example_setup_teardown.py
[2026-08-20T11:14:27.352+0000] {logging_mixin.py:190} INFO - [2026-08-20T11:14:27.352+0000] {dag.py:3239} INFO - Sync 1 DAGs
[2026-08-20T11:14:27.362+0000] {logging_mixin.py:190} INFO - [2026-08-20T11:14:27.362+0000] {dag.py:4180} INFO - Setting next_dagrun for example_setup_teardown to None, run_after=None
[2026-08-20T11:14:27.380+0000] {processor.py:208} INFO - Processing /workspaces/lab-2/.venv/lib/python3.12/site-packages/airflow/example_dags/example_setup_teardown.py took 0.056 seconds
