[2026-08-20T11:04:41.520+0000] {processor.py:186} INFO - Started process (PID=24841) to work on /workspaces/lab-2/.venv/lib/python3.12/site-packages/airflow/example_dags/example_dataset_alias_with_no_taskflow.py
[2026-08-20T11:04:41.520+0000] {processor.py:914} INFO - Processing file /workspaces/lab-2/.venv/lib/python3.12/site-packages/airflow/example_dags/example_dataset_alias_with_no_taskflow.py for tasks to queue
[2026-08-20T11:04:41.522+0000] {logging_mixin.py:190} INFO - [2026-08-20T11:04:41.522+0000] {dagbag.py:588} INFO - Filling up the DagBag from /workspaces/lab-2/.venv/lib/python3.12/site-packages/airflow/example_dags/example_dataset_alias_with_no_taskflow.py
[2026-08-20T11:04:41.539+0000] {processor.py:925} INFO - DAG(s) 'dataset_s3_bucket_producer_with_no_taskflow', 'dataset_s3_bucket_consumer_with_no_taskflow', 'dataset_alias_example_alias_consumer_with_no_taskflow', 'dataset_alias_example_alias_producer_with_no_taskflow' retrieved from /workspaces/lab-2/.venv/lib/python3.12/site-packages/airflow/example_dags/example_dataset_alias_with_no_taskflow.py
[2026-08-20T11:04:41.648+0000] {logging_mixin.py:190} INFO - [2026-08-20T11:04:41.647+0000] {override.py:1900} INFO - Created Permission View: can edit on DAG:dataset_s3_bucket_producer_with_no_taskflow
[2026-08-20T11:04:41.658+0000] {logging_mixin.py:190} INFO - [2026-08-20T11:04:41.658+0000] {override.py:1900} INFO - Created Permission View: can read on DAG:dataset_s3_bucket_producer_with_no_taskflow
[2026-08-20T11:04:41.665+0000] {logging_mixin.py:190} INFO - [2026-08-20T11:04:41.665+0000] {override.py:1900} INFO - Created Permission View: can delete on DAG:dataset_s3_bucket_producer_with_no_taskflow
[2026-08-20T11:04:41.677+0000] {logging_mixin.py:190} INFO - [2026-08-20T11:04:41.677+0000] {override.py:1900} INFO - Created Permission View: can create on DAG Run:dataset_s3_bucket_producer_with_no_taskflow
[2026-08-20T11:04:41.683+0000] {logging_mixin.py:190} INFO - [2026-08-20T11:04:41.683+0000] {override.py:1900} INFO - Created Permission View: can read on DAG Run:dataset_s3_bucket_producer_with_no_taskflow
[2026-08-20T11:04:41.691+0000] {logging_mixin.py:190} INFO - [2026-08-20T11:04:41.691+0000] {override.py:1900} INFO - Created Permission View: menu access on DAG Run:dataset_s3_bucket_producer_with_no_taskflow
[2026-08-20T11:04:41.698+0000] {logging_mixin.py:190} INFO - [2026-08-20T11:04:41.697+0000] {override.py:1900} INFO - Created Permission View: can delete on DAG Run:dataset_s3_bucket_producer_with_no_taskflow
[2026-08-20T11:04:41.717+0000] {logging_mixin.py:190} INFO - [2026-08-20T11:04:41.716+0000] {override.py:1900} INFO - Created Permission View: can edit on DAG:dataset_s3_bucket_consumer_with_no_taskflow
[2026-08-20T11:04:41.726+0000] {logging_mixin.py:190} INFO - [2026-08-20T11:04:41.726+0000] {override.py:1900} INFO - Created Permission View: can read on DAG:dataset_s3_bucket_consumer_with_no_taskflow
[2026-08-20T11:04:41.732+0000] {logging_mixin.py:190} INFO - [2026-08-20T11:04:41.732+0000] {override.py:1900} INFO - Created Permission View: can delete on DAG:dataset_s3_bucket_consumer_with_no_taskflow
[2026-08-20T11:04:41.743+0000] {logging_mixin.py:190} INFO - [2026-08-20T11:04:41.743+0000] {override.py:1900} INFO - Created Permission View: can create on DAG Run:dataset_s3_bucket_consumer_with_no_taskflow
[2026-08-20T11:04:41.750+0000] {logging_mixin.py:190} INFO - [2026-08-20T11:04:41.750+0000] {override.py:1900} INFO - Created Permission View: can read on DAG Run:dataset_s3_bucket_consumer_with_no_taskflow
[2026-08-20T11:04:41.758+0000] {logging_mixin.py:190} INFO - [2026-08-20T11:04:41.757+0000] {override.py:1900} INFO - Created Permission View: menu access on DAG Run:dataset_s3_bucket_consumer_with_no_taskflow
[2026-08-20T11:04:41.765+0000] {logging_mixin.py:190} INFO - [2026-08-20T11:04:41.764+0000] {override.py:1900} INFO - Created Permission View: can delete on DAG Run:dataset_s3_bucket_consumer_with_no_taskflow
[2026-08-20T11:04:41.782+0000] {logging_mixin.py:190} INFO - [2026-08-20T11:04:41.782+0000] {override.py:1900} INFO - Created Permission View: can edit on DAG:dataset_alias_example_alias_consumer_with_no_taskflow
[2026-08-20T11:04:41.789+0000] {logging_mixin.py:190} INFO - [2026-08-20T11:04:41.789+0000] {override.py:1900} INFO - Created Permission View: can read on DAG:dataset_alias_example_alias_consumer_with_no_taskflow
[2026-08-20T11:04:41.796+0000] {logging_mixin.py:190} INFO - [2026-08-20T11:04:41.796+0000] {override.py:1900} INFO - Created Permission View: can delete on DAG:dataset_alias_example_alias_consumer_with_no_taskflow
[2026-08-20T11:04:41.807+0000] {logging_mixin.py:190} INFO - [2026-08-20T11:04:41.807+0000] {override.py:1900} INFO - Created Permission View: can create on DAG Run:dataset_alias_example_alias_consumer_with_no_taskflow
[2026-08-20T11:04:41.814+0000] {logging_mixin.py:190} INFO - [2026-08-20T11:04:41.814+0000] {override.py:1900} INFO - Created Permission View: can read on DAG Run:dataset_alias_example_alias_consumer_with_no_taskflow
[2026-08-20T11:04:41.821+0000] {logging_mixin.py:190} INFO - [2026-08-20T11:04:41.821+0000] {override.py:1900} INFO - Created Permission View: menu access on DAG Run:dataset_alias_example_alias_consumer_with_no_taskflow
[2026-08-20T11:04:41.828+0000] {logging_mixin.py:190} INFO - [2026-08-20T11:04:41.828+0000] {override.py:1900} INFO - Created Permission View: can delete on DAG Run:dataset_alias_example_alias_consumer_with_no_taskflow
[2026-08-20T11:04:41.845+0000] {logging_mixin.py:190} INFO - [2026-08-20T11:04:41.844+0000] {override.py:1900} INFO - Created Permission View: can edit on DAG:dataset_alias_example_alias_producer_with_no_taskflow
[2026-08-20T11:04:41.851+0000] {logging_mixin.py:190} INFO - [2026-08-20T11:04:41.851+0000] {override.py:1900} INFO - Created Permission View: can read on DAG:dataset_alias_example_alias_producer_with_no_taskflow
[2026-08-20T11:04:41.859+0000] {logging_mixin.py:190} INFO - [2026-08-20T11:04:41.858+0000] {override.py:1900} INFO - Created Permission View: can delete on DAG:dataset_alias_example_alias_producer_with_no_taskflow
[2026-08-20T11:04:41.869+0000] {logging_mixin.py:190} INFO - [2026-08-20T11:04:41.869+0000] {override.py:1900} INFO - Created Permission View: can create on DAG Run:dataset_alias_example_alias_producer_with_no_taskflow
[2026-08-20T11:04:41.886+0000] {logging_mixin.py:190} INFO - [2026-08-20T11:04:41.886+0000] {override.py:1900} INFO - Created Permission View: can read on DAG Run:dataset_alias_example_alias_producer_with_no_taskflow
[2026-08-20T11:04:41.893+0000] {logging_mixin.py:190} INFO - [2026-08-20T11:04:41.892+0000] {override.py:1900} INFO - Created Permission View: menu access on DAG Run:dataset_alias_example_alias_producer_with_no_taskflow
[2026-08-20T11:04:41.900+0000] {logging_mixin.py:190} INFO - [2026-08-20T11:04:41.900+0000] {override.py:1900} INFO - Created Permission View: can delete on DAG Run:dataset_alias_example_alias_producer_with_no_taskflow
[2026-08-20T11:04:41.900+0000] {logging_mixin.py:190} INFO - [2026-08-20T11:04:41.900+0000] {dag.py:3239} INFO - Sync 4 DAGs
[2026-08-20T11:04:41.909+0000] {logging_mixin.py:190} INFO - [2026-08-20T11:04:41.909+0000] {dag.py:3262} INFO - Creating ORM DAG for dataset_s3_bucket_producer_with_no_taskflow
[2026-08-20T11:04:41.909+0000] {logging_mixin.py:190} INFO - [2026-08-20T11:04:41.909+0000] {dag.py:3262} INFO - Creating ORM DAG for dataset_s3_bucket_consumer_with_no_taskflow
[2026-08-20T11:04:41.910+0000] {logging_mixin.py:190} INFO - [2026-08-20T11:04:41.910+0000] {dag.py:3262} INFO - Creating ORM DAG for dataset_alias_example_alias_consumer_with_no_taskflow
[2026-08-20T11:04:41.910+0000] {logging_mixin.py:190} INFO - [2026-08-20T11:04:41.910+0000] {dag.py:3262} INFO - Creating ORM DAG for dataset_alias_example_alias_producer_with_no_taskflow
[2026-08-20T11:04:41.916+0000] {logging_mixin.py:190} INFO - [2026-08-20T11:04:41.916+0000] {dag.py:4180} INFO - Setting next_dagrun for dataset_alias_example_alias_consumer_with_no_taskflow to None, run_after=None
[2026-08-20T11:04:41.917+0000] {logging_mixin.py:190} INFO - [2026-08-20T11:04:41.917+0000] {dag.py:4180} INFO - Setting next_dagrun for dataset_alias_example_alias_producer_with_no_taskflow to None, run_after=None
[2026-08-20T11:04:41.917+0000] {logging_mixin.py:190} INFO - [2026-08-20T11:04:41.917+0000] {dag.py:4180} INFO - Setting next_dagrun for dataset_s3_bucket_consumer_with_no_taskflow to None, run_after=None
[2026-08-20T11:04:41.917+0000] {logging_mixin.py:190} INFO - [2026-08-20T11:04:41.917+0000] {dag.py:4180} INFO - Setting next_dagrun for dataset_s3_bucket_producer_with_no_taskflow to None, run_after=None
[2026-08-20T11:04:41.942+0000] {processor.py:208} INFO - Processing /workspaces/lab-2/.venv/lib/python3.12/site-packages/airflow/example_dags/example_dataset_alias_with_no_taskflow.py took 0.427 seconds
[2026-08-20T11:05:41.763+0000] {processor.py:186} INFO - Started process (PID=25673) to work on /workspaces/lab-2/.venv/lib/python3.12/site-packages/airflow/example_dags/example_dataset_alias_with_no_taskflow.py
[2026-08-20T11:05:41.764+0000] {processor.py:914} INFO - Processing file /workspaces/lab-2/.venv/lib/python3.12/site-packages/airflow/example_dags/example_dataset_alias_with_no_taskflow.py for tasks to queue
[2026-08-20T11:05:41.765+0000] {logging_mixin.py:190} INFO - [2026-08-20T11:05:41.765+0000] {dagbag.py:588} INFO - Filling up the DagBag from /workspaces/lab-2/.venv/lib/python3.12/site-packages/airflow/example_dags/example_dataset_alias_with_no_taskflow.py
[2026-08-20T11:05:41.785+0000] {processor.py:925} INFO - DAG(s) 'dataset_s3_bucket_consumer_with_no_taskflow', 'dataset_alias_example_alias_consumer_with_no_taskflow', 'dataset_s3_bucket_producer_with_no_taskflow', 'dataset_alias_example_alias_producer_with_no_taskflow' retrieved from /workspaces/lab-2/.venv/lib/python3.12/site-packages/airflow/example_dags/example_dataset_alias_with_no_taskflow.py
[2026-08-20T11:05:41.800+0000] {logging_mixin.py:190} INFO - [2026-08-20T11:05:41.800+0000] {dag.py:3239} INFO - Sync 4 DAGs
[2026-08-20T11:05:41.816+0000] {logging_mixin.py:190} INFO - [2026-08-20T11:05:41.815+0000] {dag.py:4180} INFO - Setting next_dagrun for dataset_alias_example_alias_consumer_with_no_taskflow to None, run_after=None
[2026-08-20T11:05:41.817+0000] {logging_mixin.py:190} INFO - [2026-08-20T11:05:41.817+0000] {dag.py:4180} INFO - Setting next_dagrun for dataset_alias_example_alias_producer_with_no_taskflow to None, run_after=None
[2026-08-20T11:05:41.818+0000] {logging_mixin.py:190} INFO - [2026-08-20T11:05:41.818+0000] {dag.py:4180} INFO - Setting next_dagrun for dataset_s3_bucket_consumer_with_no_taskflow to None, run_after=None
[2026-08-20T11:05:41.819+0000] {logging_mixin.py:190} INFO - [2026-08-20T11:05:41.819+0000] {dag.py:4180} INFO - Setting next_dagrun for dataset_s3_bucket_producer_with_no_taskflow to None, run_after=None
[2026-08-20T11:05:41.837+0000] {processor.py:208} INFO - Processing /workspaces/lab-2/.venv/lib/python3.12/site-packages/airflow/example_dags/example_dataset_alias_with_no_taskflow.py took 0.078 seconds
[2026-08-20T11:07:21.228+0000] {processor.py:186} INFO - Started process (PID=27172) to work on /workspaces/lab-2/.venv/lib/python3.12/site-packages/airflow/example_dags/example_dataset_alias_with_no_taskflow.py
[2026-08-20T11:07:21.229+0000] {processor.py:914} INFO - Processing file /workspaces/lab-2/.venv/lib/python3.12/site-packages/airflow/example_dags/example_dataset_alias_with_no_taskflow.py for tasks to queue
[2026-08-20T11:07:21.231+0000] {logging_mixin.py:190} INFO - [2026-08-20T11:07:21.231+0000] {dagbag.py:588} INFO - Filling up the DagBag from /workspaces/lab-2/.venv/lib/python3.12/site-packages/airflow/example_dags/example_dataset_alias_with_no_taskflow.py
[2026-08-20T11:07:21.250+0000] {processor.py:925} INFO - DAG(s) 'dataset_s3_bucket_consumer_with_no_taskflow', 'dataset_alias_example_alias_producer_with_no_taskflow', 'dataset_alias_example_alias_consumer_with_no_taskflow', 'dataset_s3_bucket_producer_with_no_taskflow' retrieved from /workspaces/lab-2/.venv/lib/python3.12/site-packages/airflow/example_dags/example_dataset_alias_with_no_taskflow.py
[2026-08-20T11:07:21.265+0000] {logging_mixin.py:190} INFO - [2026-08-20T11:07:21.265+0000] {dag.py:3239} INFO - Sync 4 DAGs
[2026-08-20T11:07:21.281+0000] {logging_mixin.py:190} INFO - [2026-08-20T11:07:21.280+0000] {dag.py:4180} INFO - Setting next_dagrun for dataset_alias_example_alias_consumer_with_no_taskflow to None, run_after=None
[2026-08-20T11:07:21.282+0000] {logging_mixin.py:190} INFO - [2026-08-20T11:07:21.282+0000] {dag.py:4180} INFO - Setting next_dagrun for dataset_alias_example_alias_producer_with_no_taskflow to None, run_after=None
[2026-08-20T11:07:21.283+0000] {logging_mixin.py:190} INFO - [2026-08-20T11:07:21.283+0000] {dag.py:4180} INFO - Setting next_dagrun for dataset_s3_bucket_consumer_with_no_taskflow to None, run_after=None
[2026-08-20T11:07:21.283+0000] {logging_mixin.py:190} INFO - [2026-08-20T11:07:21.283+0000] {dag.py:4180} INFO - Setting next_dagrun for dataset_s3_bucket_producer_with_no_taskflow to None, run_after=None
[2026-08-20T11:07:21.301+0000] {processor.py:208} INFO - Processing /workspaces/lab-2/.venv/lib/python3.12/site-packages/airflow/example_dags/example_dataset_alias_with_no_taskflow.py took 0.078 seconds
[2026-08-20T11:08:19.102+0000] {processor.py:186} INFO - Started process (PID=28362) to work on /workspaces/lab-2/.venv/lib/python3.12/site-packages/airflow/example_dags/example_dataset_alias_with_no_taskflow.py
[2026-08-20T11:08:19.103+0000] {processor.py:914} INFO - Processing file /workspaces/lab-2/.venv/lib/python3.12/site-packages/airflow/example_dags/example_dataset_alias_with_no_taskflow.py for tasks to queue
[2026-08-20T11:08:19.104+0000] {logging_mixin.py:190} INFO - [2026-08-20T11:08:19.104+0000] {dagbag.py:588} INFO - Filling up the DagBag from /workspaces/lab-2/.venv/lib/python3.12/site-packages/airflow/example_dags/example_dataset_alias_with_no_taskflow.py
[2026-08-20T11:08:19.127+0000] {processor.py:925} INFO - DAG(s) 'dataset_s3_bucket_consumer_with_no_taskflow', 'dataset_s3_bucket_producer_with_no_taskflow', 'dataset_alias_example_alias_consumer_with_no_taskflow', 'dataset_alias_example_alias_producer_with_no_taskflow' retrieved from /workspaces/lab-2/.venv/lib/python3.12/site-packages/airflow/example_dags/example_dataset_alias_with_no_taskflow.py
[2026-08-20T11:08:19.148+0000] {logging_mixin.py:190} INFO - [2026-08-20T11:08:19.147+0000] {dag.py:3239} INFO - Sync 4 DAGs
[2026-08-20T11:08:19.171+0000] {logging_mixin.py:190} INFO - [2026-08-20T11:08:19.171+0000] {dag.py:4180} INFO - Setting next_dagrun for dataset_alias_example_alias_consumer_with_no_taskflow to None, run_after=None
[2026-08-20T11:08:19.174+0000] {logging_mixin.py:190} INFO - [2026-08-20T11:08:19.174+0000] {dag.py:4180} INFO - Setting next_dagrun for dataset_alias_example_alias_producer_with_no_taskflow to None, run_after=None
[2026-08-20T11:08:19.175+0000] {logging_mixin.py:190} INFO - [2026-08-20T11:08:19.175+0000] {dag.py:4180} INFO - Setting next_dagrun for dataset_s3_bucket_consumer_with_no_taskflow to None, run_after=None
[2026-08-20T11:08:19.176+0000] {logging_mixin.py:190} INFO - [2026-08-20T11:08:19.176+0000] {dag.py:4180} INFO - Setting next_dagrun for dataset_s3_bucket_producer_with_no_taskflow to None, run_after=None
[2026-08-20T11:08:19.204+0000] {processor.py:208} INFO - Processing /workspaces/lab-2/.venv/lib/python3.12/site-packages/airflow/example_dags/example_dataset_alias_with_no_taskflow.py took 0.107 seconds
[2026-08-20T11:09:14.111+0000] {processor.py:186} INFO - Started process (PID=29189) to work on /workspaces/lab-2/.venv/lib/python3.12/site-packages/airflow/example_dags/example_dataset_alias_with_no_taskflow.py
[2026-08-20T11:09:14.113+0000] {processor.py:914} INFO - Processing file /workspaces/lab-2/.venv/lib/python3.12/site-packages/airflow/example_dags/example_dataset_alias_with_no_taskflow.py for tasks to queue
[2026-08-20T11:09:14.117+0000] {logging_mixin.py:190} INFO - [2026-08-20T11:09:14.115+0000] {dagbag.py:588} INFO - Filling up the DagBag from /workspaces/lab-2/.venv/lib/python3.12/site-packages/airflow/example_dags/example_dataset_alias_with_no_taskflow.py
[2026-08-20T11:09:14.174+0000] {processor.py:925} INFO - DAG(s) 'dataset_alias_example_alias_producer_with_no_taskflow', 'dataset_alias_example_alias_consumer_with_no_taskflow', 'dataset_s3_bucket_consumer_with_no_taskflow', 'dataset_s3_bucket_producer_with_no_taskflow' retrieved from /workspaces/lab-2/.venv/lib/python3.12/site-packages/airflow/example_dags/example_dataset_alias_with_no_taskflow.py
[2026-08-20T11:09:14.217+0000] {logging_mixin.py:190} INFO - [2026-08-20T11:09:14.216+0000] {dag.py:3239} INFO - Sync 4 DAGs
[2026-08-20T11:09:14.239+0000] {logging_mixin.py:190} INFO - [2026-08-20T11:09:14.239+0000] {dag.py:4180} INFO - Setting next_dagrun for dataset_alias_example_alias_consumer_with_no_taskflow to None, run_after=None
[2026-08-20T11:09:14.243+0000] {logging_mixin.py:190} INFO - [2026-08-20T11:09:14.243+0000] {dag.py:4180} INFO - Setting next_dagrun for dataset_alias_example_alias_producer_with_no_taskflow to None, run_after=None
[2026-08-20T11:09:14.244+0000] {logging_mixin.py:190} INFO - [2026-08-20T11:09:14.244+0000] {dag.py:4180} INFO - Setting next_dagrun for dataset_s3_bucket_consumer_with_no_taskflow to None, run_after=None
[2026-08-20T11:09:14.245+0000] {logging_mixin.py:190} INFO - [2026-08-20T11:09:14.244+0000] {dag.py:4180} INFO - Setting next_dagrun for dataset_s3_bucket_producer_with_no_taskflow to None, run_after=None
[2026-08-20T11:09:14.272+0000] {processor.py:208} INFO - Processing /workspaces/lab-2/.venv/lib/python3.12/site-packages/airflow/example_dags/example_dataset_alias_with_no_taskflow.py took 0.173 seconds
[2026-08-20T11:10:08.130+0000] {processor.py:186} INFO - Started process (PID=30109) to work on /workspaces/lab-2/.venv/lib/python3.12/site-packages/airflow/example_dags/example_dataset_alias_with_no_taskflow.py
[2026-08-20T11:10:08.130+0000] {processor.py:914} INFO - Processing file /workspaces/lab-2/.venv/lib/python3.12/site-packages/airflow/example_dags/example_dataset_alias_with_no_taskflow.py for tasks to queue
[2026-08-20T11:10:08.132+0000] {logging_mixin.py:190} INFO - [2026-08-20T11:10:08.132+0000] {dagbag.py:588} INFO - Filling up the DagBag from /workspaces/lab-2/.venv/lib/python3.12/site-packages/airflow/example_dags/example_dataset_alias_with_no_taskflow.py
[2026-08-20T11:10:08.152+0000] {processor.py:925} INFO - DAG(s) 'dataset_alias_example_alias_consumer_with_no_taskflow', 'dataset_s3_bucket_producer_with_no_taskflow', 'dataset_s3_bucket_consumer_with_no_taskflow', 'dataset_alias_example_alias_producer_with_no_taskflow' retrieved from /workspaces/lab-2/.venv/lib/python3.12/site-packages/airflow/example_dags/example_dataset_alias_with_no_taskflow.py
[2026-08-20T11:10:08.167+0000] {logging_mixin.py:190} INFO - [2026-08-20T11:10:08.167+0000] {dag.py:3239} INFO - Sync 4 DAGs
[2026-08-20T11:10:08.186+0000] {logging_mixin.py:190} INFO - [2026-08-20T11:10:08.186+0000] {dag.py:4180} INFO - Setting next_dagrun for dataset_alias_example_alias_consumer_with_no_taskflow to None, run_after=None
[2026-08-20T11:10:08.188+0000] {logging_mixin.py:190} INFO - [2026-08-20T11:10:08.188+0000] {dag.py:4180} INFO - Setting next_dagrun for dataset_alias_example_alias_producer_with_no_taskflow to None, run_after=None
[2026-08-20T11:10:08.189+0000] {logging_mixin.py:190} INFO - [2026-08-20T11:10:08.189+0000] {dag.py:4180} INFO - Setting next_dagrun for dataset_s3_bucket_consumer_with_no_taskflow to None, run_after=None
[2026-08-20T11:10:08.190+0000] {logging_mixin.py:190} INFO - [2026-08-20T11:10:08.190+0000] {dag.py:4180} INFO - Setting next_dagrun for dataset_s3_bucket_producer_with_no_taskflow to None, run_after=None
[2026-08-20T11:10:08.224+0000] {processor.py:208} INFO - Processing /workspaces/lab-2/.venv/lib/python3.12/site-packages/airflow/example_dags/example_dataset_alias_with_no_taskflow.py took 0.100 seconds
[2026-08-20T11:11:01.204+0000] {processor.py:186} INFO - Started process (PID=30953) to work on /workspaces/lab-2/.venv/lib/python3.12/site-packages/airflow/example_dags/example_dataset_alias_with_no_taskflow.py
[2026-08-20T11:11:01.208+0000] {processor.py:914} INFO - Processing file /workspaces/lab-2/.venv/lib/python3.12/site-packages/airflow/example_dags/example_dataset_alias_with_no_taskflow.py for tasks to queue
[2026-08-20T11:11:01.217+0000] {logging_mixin.py:190} INFO - [2026-08-20T11:11:01.217+0000] {dagbag.py:588} INFO - Filling up the DagBag from /workspaces/lab-2/.venv/lib/python3.12/site-packages/airflow/example_dags/example_dataset_alias_with_no_taskflow.py
[2026-08-20T11:11:01.248+0000] {processor.py:925} INFO - DAG(s) 'dataset_alias_example_alias_consumer_with_no_taskflow', 'dataset_s3_bucket_consumer_with_no_taskflow', 'dataset_s3_bucket_producer_with_no_taskflow', 'dataset_alias_example_alias_producer_with_no_taskflow' retrieved from /workspaces/lab-2/.venv/lib/python3.12/site-packages/airflow/example_dags/example_dataset_alias_with_no_taskflow.py
[2026-08-20T11:11:01.271+0000] {logging_mixin.py:190} INFO - [2026-08-20T11:11:01.270+0000] {dag.py:3239} INFO - Sync 4 DAGs
[2026-08-20T11:11:01.299+0000] {logging_mixin.py:190} INFO - [2026-08-20T11:11:01.299+0000] {dag.py:4180} INFO - Setting next_dagrun for dataset_alias_example_alias_consumer_with_no_taskflow to None, run_after=None
[2026-08-20T11:11:01.302+0000] {logging_mixin.py:190} INFO - [2026-08-20T11:11:01.302+0000] {dag.py:4180} INFO - Setting next_dagrun for dataset_alias_example_alias_producer_with_no_taskflow to None, run_after=None
[2026-08-20T11:11:01.305+0000] {logging_mixin.py:190} INFO - [2026-08-20T11:11:01.304+0000] {dag.py:4180} INFO - Setting next_dagrun for dataset_s3_bucket_consumer_with_no_taskflow to None, run_after=None
[2026-08-20T11:11:01.306+0000] {logging_mixin.py:190} INFO - [2026-08-20T11:11:01.305+0000] {dag.py:4180} INFO - Setting next_dagrun for dataset_s3_bucket_producer_with_no_taskflow to None, run_after=None
[2026-08-20T11:11:01.331+0000] {processor.py:208} INFO - Processing /workspaces/lab-2/.venv/lib/python3.12/site-packages/airflow/example_dags/example_dataset_alias_with_no_taskflow.py took 0.143 seconds
[2026-08-20T11:11:57.911+0000] {processor.py:186} INFO - Started process (PID=32393) to work on /workspaces/lab-2/.venv/lib/python3.12/site-packages/airflow/example_dags/example_dataset_alias_with_no_taskflow.py
[2026-08-20T11:11:57.915+0000] {processor.py:914} INFO - Processing file /workspaces/lab-2/.venv/lib/python3.12/site-packages/airflow/example_dags/example_dataset_alias_with_no_taskflow.py for tasks to queue
[2026-08-20T11:11:57.918+0000] {logging_mixin.py:190} INFO - [2026-08-20T11:11:57.917+0000] {dagbag.py:588} INFO - Filling up the DagBag from /workspaces/lab-2/.venv/lib/python3.12/site-packages/airflow/example_dags/example_dataset_alias_with_no_taskflow.py
[2026-08-20T11:11:57.946+0000] {processor.py:925} INFO - DAG(s) 'dataset_s3_bucket_producer_with_no_taskflow', 'dataset_alias_example_alias_producer_with_no_taskflow', 'dataset_alias_example_alias_consumer_with_no_taskflow', 'dataset_s3_bucket_consumer_with_no_taskflow' retrieved from /workspaces/lab-2/.venv/lib/python3.12/site-packages/airflow/example_dags/example_dataset_alias_with_no_taskflow.py
[2026-08-20T11:11:57.968+0000] {logging_mixin.py:190} INFO - [2026-08-20T11:11:57.968+0000] {dag.py:3239} INFO - Sync 4 DAGs
[2026-08-20T11:11:58.001+0000] {logging_mixin.py:190} INFO - [2026-08-20T11:11:58.001+0000] {dag.py:4180} INFO - Setting next_dagrun for dataset_alias_example_alias_consumer_with_no_taskflow to None, run_after=None
[2026-08-20T11:11:58.003+0000] {logging_mixin.py:190} INFO - [2026-08-20T11:11:58.003+0000] {dag.py:4180} INFO - Setting next_dagrun for dataset_alias_example_alias_producer_with_no_taskflow to None, run_after=None
[2026-08-20T11:11:58.004+0000] {logging_mixin.py:190} INFO - [2026-08-20T11:11:58.004+0000] {dag.py:4180} INFO - Setting next_dagrun for dataset_s3_bucket_consumer_with_no_taskflow to None, run_after=None
[2026-08-20T11:11:58.007+0000] {logging_mixin.py:190} INFO - [2026-08-20T11:11:58.007+0000] {dag.py:4180} INFO - Setting next_dagrun for dataset_s3_bucket_producer_with_no_taskflow to None, run_after=None
[2026-08-20T11:11:58.037+0000] {processor.py:208} INFO - Processing /workspaces/lab-2/.venv/lib/python3.12/site-packages/airflow/example_dags/example_dataset_alias_with_no_taskflow.py took 0.139 seconds
[2026-08-20T11:12:17.194+0000] {processor.py:186} INFO - Started process (PID=32780) to work on /workspaces/lab-2/.venv/lib/python3.12/site-packages/airflow/example_dags/example_dataset_alias_with_no_taskflow.py
[2026-08-20T11:12:17.194+0000] {processor.py:914} INFO - Processing file /workspaces/lab-2/.venv/lib/python3.12/site-packages/airflow/example_dags/example_dataset_alias_with_no_taskflow.py for tasks to queue
[2026-08-20T11:12:17.196+0000] {logging_mixin.py:190} INFO - [2026-08-20T11:12:17.196+0000] {dagbag.py:588} INFO - Filling up the DagBag from /workspaces/lab-2/.venv/lib/python3.12/site-packages/airflow/example_dags/example_dataset_alias_with_no_taskflow.py
[2026-08-20T11:12:17.218+0000] {processor.py:925} INFO - DAG(s) 'dataset_s3_bucket_consumer_with_no_taskflow', 'dataset_alias_example_alias_consumer_with_no_taskflow', 'dataset_alias_example_alias_producer_with_no_taskflow', 'dataset_s3_bucket_producer_with_no_taskflow' retrieved from /workspaces/lab-2/.venv/lib/python3.12/site-packages/airflow/example_dags/example_dataset_alias_with_no_taskflow.py
[2026-08-20T11:12:17.233+0000] {logging_mixin.py:190} INFO - [2026-08-20T11:12:17.233+0000] {dag.py:3239} INFO - Sync 4 DAGs
[2026-08-20T11:12:17.248+0000] {logging_mixin.py:190} INFO - [2026-08-20T11:12:17.248+0000] {dag.py:4180} INFO - Setting next_dagrun for dataset_alias_example_alias_consumer_with_no_taskflow to None, run_after=None
[2026-08-20T11:12:17.249+0000] {logging_mixin.py:190} INFO - [2026-08-20T11:12:17.249+0000] {dag.py:4180} INFO - Setting next_dagrun for dataset_alias_example_alias_producer_with_no_taskflow to None, run_after=None
[2026-08-20T11:12:17.250+0000] {logging_mixin.py:190} INFO - [2026-08-20T11:12:17.250+0000] {dag.py:4180} INFO - Setting next_dagrun for dataset_s3_bucket_consumer_with_no_taskflow to None, run_after=None
[2026-08-20T11:12:17.251+0000] {logging_mixin.py:190} INFO - [2026-08-20T11:12:17.251+0000] {dag.py:4180} INFO - Setting next_dagrun for dataset_s3_bucket_producer_with_no_taskflow to None, run_after=None
[2026-08-20T11:12:17.269+0000] {processor.py:208} INFO - Processing /workspaces/lab-2/.venv/lib/python3.12/site-packages/airflow/example_dags/example_dataset_alias_with_no_taskflow.py took 0.080 seconds
[2026-08-20T11:12:53.491+0000] {processor.py:186} INFO - Started process (PID=33242) to work on /workspaces/lab-2/.venv/lib/python3.12/site-packages/airflow/example_dags/example_dataset_alias_with_no_taskflow.py
[2026-08-20T11:12:53.491+0000] {processor.py:914} INFO - Processing file /workspaces/lab-2/.venv/lib/python3.12/site-packages/airflow/example_dags/example_dataset_alias_with_no_taskflow.py for tasks to queue
[2026-08-20T11:12:53.493+0000] {logging_mixin.py:190} INFO - [2026-08-20T11:12:53.493+0000] {dagbag.py:588} INFO - Filling up the DagBag from /workspaces/lab-2/.venv/lib/python3.12/site-packages/airflow/example_dags/example_dataset_alias_with_no_taskflow.py
[2026-08-20T11:12:53.514+0000] {processor.py:925} INFO - DAG(s) 'dataset_s3_bucket_consumer_with_no_taskflow', 'dataset_s3_bucket_producer_with_no_taskflow', 'dataset_alias_example_alias_producer_with_no_taskflow', 'dataset_alias_example_alias_consumer_with_no_taskflow' retrieved from /workspaces/lab-2/.venv/lib/python3.12/site-packages/airflow/example_dags/example_dataset_alias_with_no_taskflow.py
[2026-08-20T11:12:53.529+0000] {logging_mixin.py:190} INFO - [2026-08-20T11:12:53.529+0000] {dag.py:3239} INFO - Sync 4 DAGs
[2026-08-20T11:12:53.547+0000] {logging_mixin.py:190} INFO - [2026-08-20T11:12:53.547+0000] {dag.py:4180} INFO - Setting next_dagrun for dataset_alias_example_alias_consumer_with_no_taskflow to None, run_after=None
[2026-08-20T11:12:53.549+0000] {logging_mixin.py:190} INFO - [2026-08-20T11:12:53.549+0000] {dag.py:4180} INFO - Setting next_dagrun for dataset_alias_example_alias_producer_with_no_taskflow to None, run_after=None
[2026-08-20T11:12:53.550+0000] {logging_mixin.py:190} INFO - [2026-08-20T11:12:53.550+0000] {dag.py:4180} INFO - Setting next_dagrun for dataset_s3_bucket_consumer_with_no_taskflow to None, run_after=None
[2026-08-20T11:12:53.550+0000] {logging_mixin.py:190} INFO - [2026-08-20T11:12:53.550+0000] {dag.py:4180} INFO - Setting next_dagrun for dataset_s3_bucket_producer_with_no_taskflow to None, run_after=None
[2026-08-20T11:12:53.571+0000] {processor.py:208} INFO - Processing /workspaces/lab-2/.venv/lib/python3.12/site-packages/airflow/example_dags/example_dataset_alias_with_no_taskflow.py took 0.086 seconds
[2026-08-20T11:13:13.875+0000] {processor.py:186} INFO - Started process (PID=33581) to work on /workspaces/lab-2/.venv/lib/python3.12/site-packages/airflow/example_dags/example_dataset_alias_with_no_taskflow.py
[2026-08-20T11:13:13.876+0000] {processor.py:914} INFO - Processing file /workspaces/lab-2/.venv/lib/python3.12/site-packages/airflow/example_dags/example_dataset_alias_with_no_taskflow.py for tasks to queue
[2026-08-20T11:13:13.879+0000] {logging_mixin.py:190} INFO - [2026-08-20T11:13:13.878+0000] {dagbag.py:588} INFO - Filling up the DagBag from /workspaces/lab-2/.venv/lib/python3.12/site-packages/airflow/example_dags/example_dataset_alias_with_no_taskflow.py
[2026-08-20T11:13:13.907+0000] {processor.py:925} INFO - DAG(s) 'dataset_alias_example_alias_consumer_with_no_taskflow', 'dataset_s3_bucket_producer_with_no_taskflow', 'dataset_alias_example_alias_producer_with_no_taskflow', 'dataset_s3_bucket_consumer_with_no_taskflow' retrieved from /workspaces/lab-2/.venv/lib/python3.12/site-packages/airflow/example_dags/example_dataset_alias_with_no_taskflow.py
[2026-08-20T11:13:14.077+0000] {logging_mixin.py:190} INFO - [2026-08-20T11:13:14.076+0000] {dag.py:3239} INFO - Sync 4 DAGs
[2026-08-20T11:13:14.097+0000] {logging_mixin.py:190} INFO - [2026-08-20T11:13:14.097+0000] {dag.py:4180} INFO - Setting next_dagrun for dataset_alias_example_alias_consumer_with_no_taskflow to None, run_after=None
[2026-08-20T11:13:14.099+0000] {logging_mixin.py:190} INFO - [2026-08-20T11:13:14.099+0000] {dag.py:4180} INFO - Setting next_dagrun for dataset_alias_example_alias_producer_with_no_taskflow to None, run_after=None
[2026-08-20T11:13:14.100+0000] {logging_mixin.py:190} INFO - [2026-08-20T11:13:14.100+0000] {dag.py:4180} INFO - Setting next_dagrun for dataset_s3_bucket_consumer_with_no_taskflow to None, run_after=None
[2026-08-20T11:13:14.101+0000] {logging_mixin.py:190} INFO - [2026-08-20T11:13:14.101+0000] {dag.py:4180} INFO - Setting next_dagrun for dataset_s3_bucket_producer_with_no_taskflow to None, run_after=None
[2026-08-20T11:13:14.129+0000] {processor.py:208} INFO - Processing /workspaces/lab-2/.venv/lib/python3.12/site-packages/airflow/example_dags/example_dataset_alias_with_no_taskflow.py took 0.260 seconds
[2026-08-20T11:13:53.635+0000] {processor.py:186} INFO - Started process (PID=34696) to work on /workspaces/lab-2/.venv/lib/python3.12/site-packages/airflow/example_dags/example_dataset_alias_with_no_taskflow.py
[2026-08-20T11:13:53.636+0000] {processor.py:914} INFO - Processing file /workspaces/lab-2/.venv/lib/python3.12/site-packages/airflow/example_dags/example_dataset_alias_with_no_taskflow.py for tasks to queue
[2026-08-20T11:13:53.638+0000] {logging_mixin.py:190} INFO - [2026-08-20T11:13:53.638+0000] {dagbag.py:588} INFO - Filling up the DagBag from /workspaces/lab-2/.venv/lib/python3.12/site-packages/airflow/example_dags/example_dataset_alias_with_no_taskflow.py
[2026-08-20T11:13:53.664+0000] {processor.py:925} INFO - DAG(s) 'dataset_alias_example_alias_producer_with_no_taskflow', 'dataset_s3_bucket_producer_with_no_taskflow', 'dataset_alias_example_alias_consumer_with_no_taskflow', 'dataset_s3_bucket_consumer_with_no_taskflow' retrieved from /workspaces/lab-2/.venv/lib/python3.12/site-packages/airflow/example_dags/example_dataset_alias_with_no_taskflow.py
[2026-08-20T11:13:53.679+0000] {logging_mixin.py:190} INFO - [2026-08-20T11:13:53.679+0000] {dag.py:3239} INFO - Sync 4 DAGs
[2026-08-20T11:13:53.701+0000] {logging_mixin.py:190} INFO - [2026-08-20T11:13:53.701+0000] {dag.py:4180} INFO - Setting next_dagrun for dataset_alias_example_alias_consumer_with_no_taskflow to None, run_after=None
[2026-08-20T11:13:53.704+0000] {logging_mixin.py:190} INFO - [2026-08-20T11:13:53.703+0000] {dag.py:4180} INFO - Setting next_dagrun for dataset_alias_example_alias_producer_with_no_taskflow to None, run_after=None
[2026-08-20T11:13:53.704+0000] {logging_mixin.py:190} INFO - [2026-08-20T11:13:53.704+0000] {dag.py:4180} INFO - Setting next_dagrun for dataset_s3_bucket_consumer_with_no_taskflow to None, run_after=None
[2026-08-20T11:13:53.705+0000] {logging_mixin.py:190} INFO - [2026-08-20T11:13:53.705+0000] {dag.py:4180} INFO - Setting next_dagrun for dataset_s3_bucket_producer_with_no_taskflow to None, run_after=None
[2026-08-20T11:13:53.725+0000] {processor.py:208} INFO - Processing /workspaces/lab-2/.venv/lib/python3.12/site-packages/airflow/example_dags/example_dataset_alias_with_no_taskflow.py took 0.097 seconds
[2026-08-20T11:14:18.589+0000] {processor.py:186} INFO - Started process (PID=35043) to work on /workspaces/lab-2/.venv/lib/python3.12/site-packages/airflow/example_dags/example_dataset_alias_with_no_taskflow.py
[2026-08-20T11:14:18.590+0000] {processor.py:914} INFO - Processing file /workspaces/lab-2/.venv/lib/python3.12/site-packages/airflow/example_dags/example_dataset_alias_with_no_taskflow.py for tasks to queue
[2026-08-20T11:14:18.592+0000] {logging_mixin.py:190} INFO - [2026-08-20T11:14:18.591+0000] {dagbag.py:588} INFO - Filling up the DagBag from /workspaces/lab-2/.venv/lib/python3.12/site-packages/airflow/example_dags/example_dataset_alias_with_no_taskflow.py
[2026-08-20T11:14:18.614+0000] {processor.py:925} INFO - DAG(s) 'dataset_s3_bucket_producer_with_no_taskflow', 'dataset_alias_example_alias_producer_with_no_taskflow', 'dataset_alias_example_alias_consumer_with_no_taskflow', 'dataset_s3_bucket_consumer_with_no_taskflow' retrieved from /workspaces/lab-2/.venv/lib/python3.12/site-packages/airflow/example_dags/example_dataset_alias_with_no_taskflow.py
[2026-08-20T11:14:18.629+0000] {logging_mixin.py:190} INFO - [2026-08-20T11:14:18.629+0000] {dag.py:3239} INFO - Sync 4 DAGs
[2026-08-20T11:14:18.645+0000] {logging_mixin.py:190} INFO - [2026-08-20T11:14:18.645+0000] {dag.py:4180} INFO - Setting next_dagrun for dataset_alias_example_alias_consumer_with_no_taskflow to None, run_after=None
[2026-08-20T11:14:18.647+0000] {logging_mixin.py:190} INFO - [2026-08-20T11:14:18.647+0000] {dag.py:4180} INFO - Setting next_dagrun for dataset_alias_example_alias_producer_with_no_taskflow to None, run_after=None
[2026-08-20T11:14:18.648+0000] {logging_mixin.py:190} INFO - [2026-08-20T11:14:18.647+0000] {dag.py:4180} INFO - Setting next_dagrun for dataset_s3_bucket_consumer_with_no_taskflow to None, run_after=None
[2026-08-20T11:14:18.648+0000] {logging_mixin.py:190} INFO - [2026-08-20T11:14:18.648+0000] {dag.py:4180} INFO - Setting next_dagrun for dataset_s3_bucket_producer_with_no_taskflow to None, run_after=None
[2026-08-20T11:14:18.667+0000] {processor.py:208} INFO - Processing /workspaces/lab-2/.venv/lib/python3.12/site-packages/airflow/example_dags/example_dataset_alias_with_no_taskflow.py took 0.083 seconds
[2026-08-20T11:14:57.528+0000] {processor.py:186} INFO - Started process (PID=36136) to work on /workspaces/lab-2/.venv/lib/python3.12/site-packages/airflow/example_dags/example_dataset_alias_with_no_taskflow.py
[2026-08-20T11:14:57.531+0000] {processor.py:914} INFO - Processing file /workspaces/lab-2/.venv/lib/python3.12/site-packages/airflow/example_dags/example_dataset_alias_with_no_taskflow.py for tasks to queue
[2026-08-20T11:14:57.536+0000] {logging_mixin.py:190} INFO - [2026-08-20T11:14:57.535+0000] {dagbag.py:588} INFO - Filling up the DagBag from /workspaces/lab-2/.venv/lib/python3.12/site-packages/airflow/example_dags/example_dataset_alias_with_no_taskflow.py
[2026-08-20T11:14:57.581+0000] {processor.py:925} INFO - DAG(s) 'dataset_s3_bucket_consumer_with_no_taskflow', 'dataset_alias_example_alias_producer_with_no_taskflow', 'dataset_s3_bucket_producer_with_no_taskflow', 'dataset_alias_example_alias_consumer_with_no_taskflow' retrieved from /workspaces/lab-2/.venv/lib/python3.12/site-packages/airflow/example_dags/example_dataset_alias_with_no_taskflow.py
[2026-08-20T11:14:57.604+0000] {logging_mixin.py:190} INFO - [2026-08-20T11:14:57.604+0000] {dag.py:3239} INFO - Sync 4 DAGs
[2026-08-20T11:14:57.626+0000] {logging_mixin.py:190} INFO - [2026-08-20T11:14:57.626+0000] {dag.py:4180} INFO - Setting next_dagrun for dataset_alias_example_alias_consumer_with_no_taskflow to None, run_after=None
[2026-08-20T11:14:57.629+0000] {logging_mixin.py:190} INFO - [2026-08-20T11:14:57.628+0000] {dag.py:4180} INFO - Setting next_dagrun for dataset_alias_example_alias_producer_with_no_taskflow to None, run_after=None
[2026-08-20T11:14:57.630+0000] {logging_mixin.py:190} INFO - [2026-08-20T11:14:57.630+0000] {dag.py:4180} INFO - Setting next_dagrun for dataset_s3_bucket_consumer_with_no_taskflow to None, run_after=None
[2026-08-20T11:14:57.631+0000] {logging_mixin.py:190} INFO - [2026-08-20T11:14:57.630+0000] {dag.py:4180} INFO - Setting next_dagrun for dataset_s3_bucket_producer_with_no_taskflow to None, run_after=None
[2026-08-20T11:14:57.660+0000] {processor.py:208} INFO - Processing /workspaces/lab-2/.venv/lib/python3.12/site-packages/airflow/example_dags/example_dataset_alias_with_no_taskflow.py took 0.145 seconds
[2026-08-20T11:17:17.500+0000] {processor.py:186} INFO - Started process (PID=40321) to work on /workspaces/lab-2/.venv/lib/python3.12/site-packages/airflow/example_dags/example_dataset_alias_with_no_taskflow.py
[2026-08-20T11:17:17.516+0000] {processor.py:914} INFO - Processing file /workspaces/lab-2/.venv/lib/python3.12/site-packages/airflow/example_dags/example_dataset_alias_with_no_taskflow.py for tasks to queue
[2026-08-20T11:17:17.523+0000] {logging_mixin.py:190} INFO - [2026-08-20T11:17:17.522+0000] {dagbag.py:588} INFO - Filling up the DagBag from /workspaces/lab-2/.venv/lib/python3.12/site-packages/airflow/example_dags/example_dataset_alias_with_no_taskflow.py
[2026-08-20T11:17:17.652+0000] {processor.py:925} INFO - DAG(s) 'dataset_alias_example_alias_producer_with_no_taskflow', 'dataset_alias_example_alias_consumer_with_no_taskflow', 'dataset_s3_bucket_producer_with_no_taskflow', 'dataset_s3_bucket_consumer_with_no_taskflow' retrieved from /workspaces/lab-2/.venv/lib/python3.12/site-packages/airflow/example_dags/example_dataset_alias_with_no_taskflow.py
[2026-08-20T11:17:18.181+0000] {logging_mixin.py:190} INFO - [2026-08-20T11:17:18.180+0000] {dag.py:3239} INFO - Sync 4 DAGs
[2026-08-20T11:17:18.250+0000] {logging_mixin.py:190} INFO - [2026-08-20T11:17:18.250+0000] {dag.py:4180} INFO - Setting next_dagrun for dataset_alias_example_alias_consumer_with_no_taskflow to None, run_after=None
[2026-08-20T11:17:18.264+0000] {logging_mixin.py:190} INFO - [2026-08-20T11:17:18.263+0000] {dag.py:4180} INFO - Setting next_dagrun for dataset_alias_example_alias_producer_with_no_taskflow to None, run_after=None
[2026-08-20T11:17:18.267+0000] {logging_mixin.py:190} INFO - [2026-08-20T11:17:18.267+0000] {dag.py:4180} INFO - Setting next_dagrun for dataset_s3_bucket_consumer_with_no_taskflow to None, run_after=None
[2026-08-20T11:17:18.271+0000] {logging_mixin.py:190} INFO - [2026-08-20T11:17:18.271+0000] {dag.py:4180} INFO - Setting next_dagrun for dataset_s3_bucket_producer_with_no_taskflow to None, run_after=None
[2026-08-20T11:17:18.324+0000] {processor.py:208} INFO - Processing /workspaces/lab-2/.venv/lib/python3.12/site-packages/airflow/example_dags/example_dataset_alias_with_no_taskflow.py took 0.852 seconds
