[2026-08-20T11:04:07.524+0000] {processor.py:186} INFO - Started process (PID=24343) to work on /workspaces/lab-2/.venv/lib/python3.12/site-packages/airflow/example_dags/example_sla_dag.py
[2026-08-20T11:04:07.524+0000] {processor.py:914} INFO - Processing file /workspaces/lab-2/.venv/lib/python3.12/site-packages/airflow/example_dags/example_sla_dag.py for tasks to queue
[2026-08-20T11:04:07.526+0000] {logging_mixin.py:190} INFO - [2026-08-20T11:04:07.526+0000] {dagbag.py:588} INFO - Filling up the DagBag from /workspaces/lab-2/.venv/lib/python3.12/site-packages/airflow/example_dags/example_sla_dag.py
[2026-08-20T11:04:07.535+0000] {processor.py:925} INFO - DAG(s) 'example_sla_dag' retrieved from /workspaces/lab-2/.venv/lib/python3.12/site-packages/airflow/example_dags/example_sla_dag.py
[2026-08-20T11:04:07.630+0000] {logging_mixin.py:190} INFO - [2026-08-20T11:04:07.629+0000] {override.py:1900} INFO - Created Permission View: can edit on DAG:example_sla_dag
[2026-08-20T11:04:07.639+0000] {logging_mixin.py:190} INFO - [2026-08-20T11:04:07.639+0000] {override.py:1900} INFO - Created Permission View: can read on DAG:example_sla_dag
[2026-08-20T11:04:07.647+0000] {logging_mixin.py:190} INFO - [2026-08-20T11:04:07.647+0000] {override.py:1900} INFO - Created Permission View: can delete on DAG:example_sla_dag
[2026-08-20T11:04:07.659+0000] {logging_mixin.py:190} INFO - [2026-08-20T11:04:07.659+0000] {override.py:1900} INFO - Created Permission View: can create on DAG Run:example_sla_dag
[2026-08-20T11:04:07.666+0000] {logging_mixin.py:190} INFO - [2026-08-20T11:04:07.666+0000] {override.py:1900} INFO - Created Permission View: can read on DAG Run:example_sla_dag
[2026-08-20T11:04:07.675+0000] {logging_mixin.py:190} INFO - [2026-08-20T11:04:07.675+0000] {override.py:1900} INFO - Created Permission View: menu access on DAG Run:example_sla_dag
[2026-08-20T11:04:07.682+0000] {logging_mixin.py:190} INFO - [2026-08-20T11:04:07.682+0000] {override.py:1900} INFO - Created Permission View: can delete on DAG Run:example_sla_dag
[2026-08-20T11:04:07.682+0000] {logging_mixin.py:190} INFO - [2026-08-20T11:04:07.682+0000] {dag.py:3239} INFO - Sync 1 DAGs
[2026-08-20T11:04:07.691+0000] {logging_mixin.py:190} INFO - [2026-08-20T11:04:07.691+0000] {dag.py:3262} INFO - Creating ORM DAG for example_sla_dag
[2026-08-20T11:04:07.700+0000] {logging_mixin.py:190} INFO - [2026-08-20T11:04:07.700+0000] {dag.py:4180} INFO - Setting next_dagrun for example_sla_dag to 2026-08-20 11:02:00+00:00, run_after=2026-08-20 11:04:00+00:00
[2026-08-20T11:04:07.715+0000] {processor.py:208} INFO - Processing /workspaces/lab-2/.venv/lib/python3.12/site-packages/airflow/example_dags/example_sla_dag.py took 0.196 seconds
[2026-08-20T11:05:10.202+0000] {processor.py:186} INFO - Started process (PID=25248) to work on /workspaces/lab-2/.venv/lib/python3.12/site-packages/airflow/example_dags/example_sla_dag.py
[2026-08-20T11:05:10.203+0000] {processor.py:914} INFO - Processing file /workspaces/lab-2/.venv/lib/python3.12/site-packages/airflow/example_dags/example_sla_dag.py for tasks to queue
[2026-08-20T11:05:10.205+0000] {logging_mixin.py:190} INFO - [2026-08-20T11:05:10.205+0000] {dagbag.py:588} INFO - Filling up the DagBag from /workspaces/lab-2/.venv/lib/python3.12/site-packages/airflow/example_dags/example_sla_dag.py
[2026-08-20T11:05:10.214+0000] {processor.py:925} INFO - DAG(s) 'example_sla_dag' retrieved from /workspaces/lab-2/.venv/lib/python3.12/site-packages/airflow/example_dags/example_sla_dag.py
[2026-08-20T11:05:10.229+0000] {logging_mixin.py:190} INFO - [2026-08-20T11:05:10.229+0000] {dag.py:3239} INFO - Sync 1 DAGs
[2026-08-20T11:05:10.249+0000] {logging_mixin.py:190} INFO - [2026-08-20T11:05:10.249+0000] {dag.py:4180} INFO - Setting next_dagrun for example_sla_dag to 2026-08-20 11:02:00+00:00, run_after=2026-08-20 11:04:00+00:00
[2026-08-20T11:05:10.269+0000] {processor.py:208} INFO - Processing /workspaces/lab-2/.venv/lib/python3.12/site-packages/airflow/example_dags/example_sla_dag.py took 0.071 seconds
[2026-08-20T11:06:04.319+0000] {processor.py:186} INFO - Started process (PID=26028) to work on /workspaces/lab-2/.venv/lib/python3.12/site-packages/airflow/example_dags/example_sla_dag.py
[2026-08-20T11:06:04.319+0000] {processor.py:914} INFO - Processing file /workspaces/lab-2/.venv/lib/python3.12/site-packages/airflow/example_dags/example_sla_dag.py for tasks to queue
[2026-08-20T11:06:04.321+0000] {logging_mixin.py:190} INFO - [2026-08-20T11:06:04.321+0000] {dagbag.py:588} INFO - Filling up the DagBag from /workspaces/lab-2/.venv/lib/python3.12/site-packages/airflow/example_dags/example_sla_dag.py
[2026-08-20T11:06:04.330+0000] {processor.py:925} INFO - DAG(s) 'example_sla_dag' retrieved from /workspaces/lab-2/.venv/lib/python3.12/site-packages/airflow/example_dags/example_sla_dag.py
[2026-08-20T11:06:04.342+0000] {logging_mixin.py:190} INFO - [2026-08-20T11:06:04.342+0000] {dag.py:3239} INFO - Sync 1 DAGs
[2026-08-20T11:06:04.359+0000] {logging_mixin.py:190} INFO - [2026-08-20T11:06:04.359+0000] {dag.py:4180} INFO - Setting next_dagrun for example_sla_dag to 2026-08-20 11:04:00+00:00, run_after=2026-08-20 11:06:00+00:00
[2026-08-20T11:06:04.377+0000] {processor.py:208} INFO - Processing /workspaces/lab-2/.venv/lib/python3.12/site-packages/airflow/example_dags/example_sla_dag.py took 0.063 seconds
[2026-08-20T11:06:52.831+0000] {processor.py:186} INFO - Started process (PID=26756) to work on /workspaces/lab-2/.venv/lib/python3.12/site-packages/airflow/example_dags/example_sla_dag.py
[2026-08-20T11:06:52.832+0000] {processor.py:914} INFO - Processing file /workspaces/lab-2/.venv/lib/python3.12/site-packages/airflow/example_dags/example_sla_dag.py for tasks to queue
[2026-08-20T11:06:52.834+0000] {logging_mixin.py:190} INFO - [2026-08-20T11:06:52.833+0000] {dagbag.py:588} INFO - Filling up the DagBag from /workspaces/lab-2/.venv/lib/python3.12/site-packages/airflow/example_dags/example_sla_dag.py
[2026-08-20T11:06:52.842+0000] {processor.py:925} INFO - DAG(s) 'example_sla_dag' retrieved from /workspaces/lab-2/.venv/lib/python3.12/site-packages/airflow/example_dags/example_sla_dag.py
[2026-08-20T11:06:52.860+0000] {logging_mixin.py:190} INFO - [2026-08-20T11:06:52.860+0000] {dag.py:3239} INFO - Sync 1 DAGs
[2026-08-20T11:06:52.878+0000] {logging_mixin.py:190} INFO - [2026-08-20T11:06:52.877+0000] {dag.py:4180} INFO - Setting next_dagrun for example_sla_dag to 2026-08-20 11:04:00+00:00, run_after=2026-08-20 11:06:00+00:00
[2026-08-20T11:06:52.894+0000] {processor.py:208} INFO - Processing /workspaces/lab-2/.venv/lib/python3.12/site-packages/airflow/example_dags/example_sla_dag.py took 0.070 seconds
[2026-08-20T11:07:48.093+0000] {processor.py:186} INFO - Started process (PID=27427) to work on /workspaces/lab-2/.venv/lib/python3.12/site-packages/airflow/example_dags/example_sla_dag.py
[2026-08-20T11:07:48.094+0000] {processor.py:914} INFO - Processing file /workspaces/lab-2/.venv/lib/python3.12/site-packages/airflow/example_dags/example_sla_dag.py for tasks to queue
[2026-08-20T11:07:48.098+0000] {logging_mixin.py:190} INFO - [2026-08-20T11:07:48.097+0000] {dagbag.py:588} INFO - Filling up the DagBag from /workspaces/lab-2/.venv/lib/python3.12/site-packages/airflow/example_dags/example_sla_dag.py
[2026-08-20T11:07:48.111+0000] {processor.py:925} INFO - DAG(s) 'example_sla_dag' retrieved from /workspaces/lab-2/.venv/lib/python3.12/site-packages/airflow/example_dags/example_sla_dag.py
[2026-08-20T11:07:48.131+0000] {logging_mixin.py:190} INFO - [2026-08-20T11:07:48.131+0000] {dag.py:3239} INFO - Sync 1 DAGs
[2026-08-20T11:07:48.150+0000] {logging_mixin.py:190} INFO - [2026-08-20T11:07:48.150+0000] {dag.py:4180} INFO - Setting next_dagrun for example_sla_dag to 2026-08-20 11:04:00+00:00, run_after=2026-08-20 11:06:00+00:00
[2026-08-20T11:07:48.167+0000] {processor.py:208} INFO - Processing /workspaces/lab-2/.venv/lib/python3.12/site-packages/airflow/example_dags/example_sla_dag.py took 0.079 seconds
[2026-08-20T11:08:43.099+0000] {processor.py:186} INFO - Started process (PID=28702) to work on /workspaces/lab-2/.venv/lib/python3.12/site-packages/airflow/example_dags/example_sla_dag.py
[2026-08-20T11:08:43.100+0000] {processor.py:914} INFO - Processing file /workspaces/lab-2/.venv/lib/python3.12/site-packages/airflow/example_dags/example_sla_dag.py for tasks to queue
[2026-08-20T11:08:43.102+0000] {logging_mixin.py:190} INFO - [2026-08-20T11:08:43.102+0000] {dagbag.py:588} INFO - Filling up the DagBag from /workspaces/lab-2/.venv/lib/python3.12/site-packages/airflow/example_dags/example_sla_dag.py
[2026-08-20T11:08:43.112+0000] {processor.py:925} INFO - DAG(s) 'example_sla_dag' retrieved from /workspaces/lab-2/.venv/lib/python3.12/site-packages/airflow/example_dags/example_sla_dag.py
[2026-08-20T11:08:43.128+0000] {logging_mixin.py:190} INFO - [2026-08-20T11:08:43.127+0000] {dag.py:3239} INFO - Sync 1 DAGs
[2026-08-20T11:08:43.147+0000] {logging_mixin.py:190} INFO - [2026-08-20T11:08:43.147+0000] {dag.py:4180} INFO - Setting next_dagrun for example_sla_dag to 2026-08-20 11:06:00+00:00, run_after=2026-08-20 11:08:00+00:00
[2026-08-20T11:08:43.167+0000] {processor.py:208} INFO - Processing /workspaces/lab-2/.venv/lib/python3.12/site-packages/airflow/example_dags/example_sla_dag.py took 0.073 seconds
[2026-08-20T11:09:37.057+0000] {processor.py:186} INFO - Started process (PID=29506) to work on /workspaces/lab-2/.venv/lib/python3.12/site-packages/airflow/example_dags/example_sla_dag.py
[2026-08-20T11:09:37.058+0000] {processor.py:914} INFO - Processing file /workspaces/lab-2/.venv/lib/python3.12/site-packages/airflow/example_dags/example_sla_dag.py for tasks to queue
[2026-08-20T11:09:37.060+0000] {logging_mixin.py:190} INFO - [2026-08-20T11:09:37.060+0000] {dagbag.py:588} INFO - Filling up the DagBag from /workspaces/lab-2/.venv/lib/python3.12/site-packages/airflow/example_dags/example_sla_dag.py
[2026-08-20T11:09:37.068+0000] {processor.py:925} INFO - DAG(s) 'example_sla_dag' retrieved from /workspaces/lab-2/.venv/lib/python3.12/site-packages/airflow/example_dags/example_sla_dag.py
[2026-08-20T11:09:37.082+0000] {logging_mixin.py:190} INFO - [2026-08-20T11:09:37.082+0000] {dag.py:3239} INFO - Sync 1 DAGs
[2026-08-20T11:09:37.100+0000] {logging_mixin.py:190} INFO - [2026-08-20T11:09:37.100+0000] {dag.py:4180} INFO - Setting next_dagrun for example_sla_dag to 2026-08-20 11:06:00+00:00, run_after=2026-08-20 11:08:00+00:00
[2026-08-20T11:09:37.118+0000] {processor.py:208} INFO - Processing /workspaces/lab-2/.venv/lib/python3.12/site-packages/airflow/example_dags/example_sla_dag.py took 0.065 seconds
[2026-08-20T11:10:30.022+0000] {processor.py:186} INFO - Started process (PID=30520) to work on /workspaces/lab-2/.venv/lib/python3.12/site-packages/airflow/example_dags/example_sla_dag.py
[2026-08-20T11:10:30.023+0000] {processor.py:914} INFO - Processing file /workspaces/lab-2/.venv/lib/python3.12/site-packages/airflow/example_dags/example_sla_dag.py for tasks to queue
[2026-08-20T11:10:30.025+0000] {logging_mixin.py:190} INFO - [2026-08-20T11:10:30.025+0000] {dagbag.py:588} INFO - Filling up the DagBag from /workspaces/lab-2/.venv/lib/python3.12/site-packages/airflow/example_dags/example_sla_dag.py
[2026-08-20T11:10:30.034+0000] {processor.py:925} INFO - DAG(s) 'example_sla_dag' retrieved from /workspaces/lab-2/.venv/lib/python3.12/site-packages/airflow/example_dags/example_sla_dag.py
[2026-08-20T11:10:30.047+0000] {logging_mixin.py:190} INFO - [2026-08-20T11:10:30.047+0000] {dag.py:3239} INFO - Sync 1 DAGs
[2026-08-20T11:10:30.065+0000] {logging_mixin.py:190} INFO - [2026-08-20T11:10:30.065+0000] {dag.py:4180} INFO - Setting next_dagrun for example_sla_dag to 2026-08-20 11:08:00+00:00, run_after=2026-08-20 11:10:00+00:00
[2026-08-20T11:10:30.084+0000] {processor.py:208} INFO - Processing /workspaces/lab-2/.venv/lib/python3.12/site-packages/airflow/example_dags/example_sla_dag.py took 0.066 seconds
[2026-08-20T11:11:19.300+0000] {processor.py:186} INFO - Started process (PID=31293) to work on /workspaces/lab-2/.venv/lib/python3.12/site-packages/airflow/example_dags/example_sla_dag.py
[2026-08-20T11:11:19.301+0000] {processor.py:914} INFO - Processing file /workspaces/lab-2/.venv/lib/python3.12/site-packages/airflow/example_dags/example_sla_dag.py for tasks to queue
[2026-08-20T11:11:19.303+0000] {logging_mixin.py:190} INFO - [2026-08-20T11:11:19.303+0000] {dagbag.py:588} INFO - Filling up the DagBag from /workspaces/lab-2/.venv/lib/python3.12/site-packages/airflow/example_dags/example_sla_dag.py
[2026-08-20T11:11:19.312+0000] {processor.py:925} INFO - DAG(s) 'example_sla_dag' retrieved from /workspaces/lab-2/.venv/lib/python3.12/site-packages/airflow/example_dags/example_sla_dag.py
[2026-08-20T11:11:19.325+0000] {logging_mixin.py:190} INFO - [2026-08-20T11:11:19.325+0000] {dag.py:3239} INFO - Sync 1 DAGs
[2026-08-20T11:11:19.342+0000] {logging_mixin.py:190} INFO - [2026-08-20T11:11:19.342+0000] {dag.py:4180} INFO - Setting next_dagrun for example_sla_dag to 2026-08-20 11:08:00+00:00, run_after=2026-08-20 11:10:00+00:00
[2026-08-20T11:11:19.360+0000] {processor.py:208} INFO - Processing /workspaces/lab-2/.venv/lib/python3.12/site-packages/airflow/example_dags/example_sla_dag.py took 0.065 seconds
[2026-08-20T11:11:28.225+0000] {processor.py:186} INFO - Started process (PID=31544) to work on /workspaces/lab-2/.venv/lib/python3.12/site-packages/airflow/example_dags/example_sla_dag.py
[2026-08-20T11:11:28.226+0000] {processor.py:914} INFO - Processing file /workspaces/lab-2/.venv/lib/python3.12/site-packages/airflow/example_dags/example_sla_dag.py for tasks to queue
[2026-08-20T11:11:28.228+0000] {logging_mixin.py:190} INFO - [2026-08-20T11:11:28.227+0000] {dagbag.py:588} INFO - Filling up the DagBag from /workspaces/lab-2/.venv/lib/python3.12/site-packages/airflow/example_dags/example_sla_dag.py
[2026-08-20T11:11:28.236+0000] {processor.py:925} INFO - DAG(s) 'example_sla_dag' retrieved from /workspaces/lab-2/.venv/lib/python3.12/site-packages/airflow/example_dags/example_sla_dag.py
[2026-08-20T11:11:28.256+0000] {logging_mixin.py:190} INFO - [2026-08-20T11:11:28.256+0000] {dag.py:3239} INFO - Sync 1 DAGs
[2026-08-20T11:11:28.273+0000] {logging_mixin.py:190} INFO - [2026-08-20T11:11:28.273+0000] {dag.py:4180} INFO - Setting next_dagrun for example_sla_dag to 2026-08-20 11:08:00+00:00, run_after=2026-08-20 11:10:00+00:00
[2026-08-20T11:11:28.290+0000] {processor.py:208} INFO - Processing /workspaces/lab-2/.venv/lib/python3.12/site-packages/airflow/example_dags/example_sla_dag.py took 0.072 seconds
[2026-08-20T11:12:11.747+0000] {processor.py:186} INFO - Started process (PID=32624) to work on /workspaces/lab-2/.venv/lib/python3.12/site-packages/airflow/example_dags/example_sla_dag.py
[2026-08-20T11:12:11.748+0000] {processor.py:914} INFO - Processing file /workspaces/lab-2/.venv/lib/python3.12/site-packages/airflow/example_dags/example_sla_dag.py for tasks to queue
[2026-08-20T11:12:11.750+0000] {logging_mixin.py:190} INFO - [2026-08-20T11:12:11.750+0000] {dagbag.py:588} INFO - Filling up the DagBag from /workspaces/lab-2/.venv/lib/python3.12/site-packages/airflow/example_dags/example_sla_dag.py
[2026-08-20T11:12:11.759+0000] {processor.py:925} INFO - DAG(s) 'example_sla_dag' retrieved from /workspaces/lab-2/.venv/lib/python3.12/site-packages/airflow/example_dags/example_sla_dag.py
[2026-08-20T11:12:11.774+0000] {logging_mixin.py:190} INFO - [2026-08-20T11:12:11.774+0000] {dag.py:3239} INFO - Sync 1 DAGs
[2026-08-20T11:12:11.791+0000] {logging_mixin.py:190} INFO - [2026-08-20T11:12:11.791+0000] {dag.py:4180} INFO - Setting next_dagrun for example_sla_dag to 2026-08-20 11:10:00+00:00, run_after=2026-08-20 11:12:00+00:00
[2026-08-20T11:12:11.808+0000] {processor.py:208} INFO - Processing /workspaces/lab-2/.venv/lib/python3.12/site-packages/airflow/example_dags/example_sla_dag.py took 0.066 seconds
[2026-08-20T11:12:23.956+0000] {processor.py:186} INFO - Started process (PID=32829) to work on /workspaces/lab-2/.venv/lib/python3.12/site-packages/airflow/example_dags/example_sla_dag.py
[2026-08-20T11:12:23.958+0000] {processor.py:914} INFO - Processing file /workspaces/lab-2/.venv/lib/python3.12/site-packages/airflow/example_dags/example_sla_dag.py for tasks to queue
[2026-08-20T11:12:23.966+0000] {logging_mixin.py:190} INFO - [2026-08-20T11:12:23.966+0000] {dagbag.py:588} INFO - Filling up the DagBag from /workspaces/lab-2/.venv/lib/python3.12/site-packages/airflow/example_dags/example_sla_dag.py
[2026-08-20T11:12:23.980+0000] {processor.py:925} INFO - DAG(s) 'example_sla_dag' retrieved from /workspaces/lab-2/.venv/lib/python3.12/site-packages/airflow/example_dags/example_sla_dag.py
[2026-08-20T11:12:24.001+0000] {logging_mixin.py:190} INFO - [2026-08-20T11:12:24.001+0000] {dag.py:3239} INFO - Sync 1 DAGs
[2026-08-20T11:12:24.043+0000] {logging_mixin.py:190} INFO - [2026-08-20T11:12:24.043+0000] {dag.py:4180} INFO - Setting next_dagrun for example_sla_dag to 2026-08-20 11:10:00+00:00, run_after=2026-08-20 11:12:00+00:00
[2026-08-20T11:12:24.068+0000] {processor.py:208} INFO - Processing /workspaces/lab-2/.venv/lib/python3.12/site-packages/airflow/example_dags/example_sla_dag.py took 0.122 seconds
[2026-08-20T11:13:07.968+0000] {processor.py:186} INFO - Started process (PID=33470) to work on /workspaces/lab-2/.venv/lib/python3.12/site-packages/airflow/example_dags/example_sla_dag.py
[2026-08-20T11:13:07.969+0000] {processor.py:914} INFO - Processing file /workspaces/lab-2/.venv/lib/python3.12/site-packages/airflow/example_dags/example_sla_dag.py for tasks to queue
[2026-08-20T11:13:07.975+0000] {logging_mixin.py:190} INFO - [2026-08-20T11:13:07.975+0000] {dagbag.py:588} INFO - Filling up the DagBag from /workspaces/lab-2/.venv/lib/python3.12/site-packages/airflow/example_dags/example_sla_dag.py
[2026-08-20T11:13:07.989+0000] {processor.py:925} INFO - DAG(s) 'example_sla_dag' retrieved from /workspaces/lab-2/.venv/lib/python3.12/site-packages/airflow/example_dags/example_sla_dag.py
[2026-08-20T11:13:08.073+0000] {logging_mixin.py:190} INFO - [2026-08-20T11:13:08.073+0000] {dag.py:3239} INFO - Sync 1 DAGs
[2026-08-20T11:13:08.090+0000] {logging_mixin.py:190} INFO - [2026-08-20T11:13:08.089+0000] {dag.py:4180} INFO - Setting next_dagrun for example_sla_dag to 2026-08-20 11:10:00+00:00, run_after=2026-08-20 11:12:00+00:00
[2026-08-20T11:13:08.109+0000] {processor.py:208} INFO - Processing /workspaces/lab-2/.venv/lib/python3.12/site-packages/airflow/example_dags/example_sla_dag.py took 0.149 seconds
[2026-08-20T11:13:17.519+0000] {processor.py:186} INFO - Started process (PID=33702) to work on /workspaces/lab-2/.venv/lib/python3.12/site-packages/airflow/example_dags/example_sla_dag.py
[2026-08-20T11:13:17.520+0000] {processor.py:914} INFO - Processing file /workspaces/lab-2/.venv/lib/python3.12/site-packages/airflow/example_dags/example_sla_dag.py for tasks to queue
[2026-08-20T11:13:17.522+0000] {logging_mixin.py:190} INFO - [2026-08-20T11:13:17.521+0000] {dagbag.py:588} INFO - Filling up the DagBag from /workspaces/lab-2/.venv/lib/python3.12/site-packages/airflow/example_dags/example_sla_dag.py
[2026-08-20T11:13:17.530+0000] {processor.py:925} INFO - DAG(s) 'example_sla_dag' retrieved from /workspaces/lab-2/.venv/lib/python3.12/site-packages/airflow/example_dags/example_sla_dag.py
[2026-08-20T11:13:17.538+0000] {logging_mixin.py:190} INFO - [2026-08-20T11:13:17.538+0000] {dag.py:3239} INFO - Sync 1 DAGs
[2026-08-20T11:13:17.563+0000] {logging_mixin.py:190} INFO - [2026-08-20T11:13:17.563+0000] {dag.py:4180} INFO - Setting next_dagrun for example_sla_dag to 2026-08-20 11:10:00+00:00, run_after=2026-08-20 11:12:00+00:00
[2026-08-20T11:13:17.582+0000] {processor.py:208} INFO - Processing /workspaces/lab-2/.venv/lib/python3.12/site-packages/airflow/example_dags/example_sla_dag.py took 0.068 seconds
[2026-08-20T11:14:09.333+0000] {processor.py:186} INFO - Started process (PID=34879) to work on /workspaces/lab-2/.venv/lib/python3.12/site-packages/airflow/example_dags/example_sla_dag.py
[2026-08-20T11:14:09.334+0000] {processor.py:914} INFO - Processing file /workspaces/lab-2/.venv/lib/python3.12/site-packages/airflow/example_dags/example_sla_dag.py for tasks to queue
[2026-08-20T11:14:09.337+0000] {logging_mixin.py:190} INFO - [2026-08-20T11:14:09.336+0000] {dagbag.py:588} INFO - Filling up the DagBag from /workspaces/lab-2/.venv/lib/python3.12/site-packages/airflow/example_dags/example_sla_dag.py
[2026-08-20T11:14:09.351+0000] {processor.py:925} INFO - DAG(s) 'example_sla_dag' retrieved from /workspaces/lab-2/.venv/lib/python3.12/site-packages/airflow/example_dags/example_sla_dag.py
[2026-08-20T11:14:09.368+0000] {logging_mixin.py:190} INFO - [2026-08-20T11:14:09.368+0000] {dag.py:3239} INFO - Sync 1 DAGs
[2026-08-20T11:14:09.393+0000] {logging_mixin.py:190} INFO - [2026-08-20T11:14:09.393+0000] {dag.py:4180} INFO - Setting next_dagrun for example_sla_dag to 2026-08-20 11:12:00+00:00, run_after=2026-08-20 11:14:00+00:00
[2026-08-20T11:14:09.417+0000] {processor.py:208} INFO - Processing /workspaces/lab-2/.venv/lib/python3.12/site-packages/airflow/example_dags/example_sla_dag.py took 0.090 seconds
[2026-08-20T11:14:13.352+0000] {processor.py:186} INFO - Started process (PID=34922) to work on /workspaces/lab-2/.venv/lib/python3.12/site-packages/airflow/example_dags/example_sla_dag.py
[2026-08-20T11:14:13.354+0000] {processor.py:914} INFO - Processing file /workspaces/lab-2/.venv/lib/python3.12/site-packages/airflow/example_dags/example_sla_dag.py for tasks to queue
[2026-08-20T11:14:13.361+0000] {logging_mixin.py:190} INFO - [2026-08-20T11:14:13.360+0000] {dagbag.py:588} INFO - Filling up the DagBag from /workspaces/lab-2/.venv/lib/python3.12/site-packages/airflow/example_dags/example_sla_dag.py
[2026-08-20T11:14:13.374+0000] {processor.py:925} INFO - DAG(s) 'example_sla_dag' retrieved from /workspaces/lab-2/.venv/lib/python3.12/site-packages/airflow/example_dags/example_sla_dag.py
[2026-08-20T11:14:13.393+0000] {logging_mixin.py:190} INFO - [2026-08-20T11:14:13.392+0000] {dag.py:3239} INFO - Sync 1 DAGs
[2026-08-20T11:14:13.434+0000] {logging_mixin.py:190} INFO - [2026-08-20T11:14:13.433+0000] {dag.py:4180} INFO - Setting next_dagrun for example_sla_dag to 2026-08-20 11:12:00+00:00, run_after=2026-08-20 11:14:00+00:00
[2026-08-20T11:14:13.457+0000] {processor.py:208} INFO - Processing /workspaces/lab-2/.venv/lib/python3.12/site-packages/airflow/example_dags/example_sla_dag.py took 0.113 seconds
