[2026-08-20T11:04:09.919+0000] {processor.py:186} INFO - Started process (PID=24361) to work on /workspaces/lab-2/.venv/lib/python3.12/site-packages/airflow/example_dags/example_subdag_operator.py
[2026-08-20T11:04:09.920+0000] {processor.py:914} INFO - Processing file /workspaces/lab-2/.venv/lib/python3.12/site-packages/airflow/example_dags/example_subdag_operator.py for tasks to queue
[2026-08-20T11:04:09.925+0000] {logging_mixin.py:190} INFO - [2026-08-20T11:04:09.925+0000] {dagbag.py:588} INFO - Filling up the DagBag from /workspaces/lab-2/.venv/lib/python3.12/site-packages/airflow/example_dags/example_subdag_operator.py
[2026-08-20T11:04:09.944+0000] {processor.py:925} INFO - DAG(s) 'example_subdag_operator.section-1', 'example_subdag_operator.section-2', 'example_subdag_operator' retrieved from /workspaces/lab-2/.venv/lib/python3.12/site-packages/airflow/example_dags/example_subdag_operator.py
[2026-08-20T11:04:10.031+0000] {logging_mixin.py:190} INFO - [2026-08-20T11:04:10.030+0000] {override.py:1900} INFO - Created Permission View: can edit on DAG:example_subdag_operator
[2026-08-20T11:04:10.041+0000] {logging_mixin.py:190} INFO - [2026-08-20T11:04:10.040+0000] {override.py:1900} INFO - Created Permission View: can read on DAG:example_subdag_operator
[2026-08-20T11:04:10.048+0000] {logging_mixin.py:190} INFO - [2026-08-20T11:04:10.047+0000] {override.py:1900} INFO - Created Permission View: can delete on DAG:example_subdag_operator
[2026-08-20T11:04:10.059+0000] {logging_mixin.py:190} INFO - [2026-08-20T11:04:10.058+0000] {override.py:1900} INFO - Created Permission View: can create on DAG Run:example_subdag_operator
[2026-08-20T11:04:10.065+0000] {logging_mixin.py:190} INFO - [2026-08-20T11:04:10.065+0000] {override.py:1900} INFO - Created Permission View: can read on DAG Run:example_subdag_operator
[2026-08-20T11:04:10.073+0000] {logging_mixin.py:190} INFO - [2026-08-20T11:04:10.073+0000] {override.py:1900} INFO - Created Permission View: menu access on DAG Run:example_subdag_operator
[2026-08-20T11:04:10.080+0000] {logging_mixin.py:190} INFO - [2026-08-20T11:04:10.080+0000] {override.py:1900} INFO - Created Permission View: can delete on DAG Run:example_subdag_operator
[2026-08-20T11:04:10.080+0000] {logging_mixin.py:190} INFO - [2026-08-20T11:04:10.080+0000] {dag.py:3239} INFO - Sync 3 DAGs
[2026-08-20T11:04:10.089+0000] {logging_mixin.py:190} INFO - [2026-08-20T11:04:10.089+0000] {dag.py:3262} INFO - Creating ORM DAG for example_subdag_operator.section-2
[2026-08-20T11:04:10.089+0000] {logging_mixin.py:190} INFO - [2026-08-20T11:04:10.089+0000] {dag.py:3262} INFO - Creating ORM DAG for example_subdag_operator
[2026-08-20T11:04:10.090+0000] {logging_mixin.py:190} INFO - [2026-08-20T11:04:10.090+0000] {dag.py:3262} INFO - Creating ORM DAG for example_subdag_operator.section-1
[2026-08-20T11:04:10.097+0000] {logging_mixin.py:190} INFO - [2026-08-20T11:04:10.097+0000] {dag.py:4180} INFO - Setting next_dagrun for example_subdag_operator to 2022-01-01 00:00:00+00:00, run_after=2022-01-01 00:00:00+00:00
[2026-08-20T11:04:10.098+0000] {logging_mixin.py:190} INFO - [2026-08-20T11:04:10.097+0000] {dag.py:4180} INFO - Setting next_dagrun for example_subdag_operator.section-1 to None, run_after=None
[2026-08-20T11:04:10.098+0000] {logging_mixin.py:190} INFO - [2026-08-20T11:04:10.098+0000] {dag.py:4180} INFO - Setting next_dagrun for example_subdag_operator.section-2 to None, run_after=None
[2026-08-20T11:04:10.104+0000] {logging_mixin.py:190} INFO - [2026-08-20T11:04:10.104+0000] {dag.py:3239} INFO - Sync 2 DAGs
[2026-08-20T11:04:10.107+0000] {logging_mixin.py:190} INFO - [2026-08-20T11:04:10.107+0000] {dag.py:4180} INFO - Setting next_dagrun for example_subdag_operator.section-1 to None, run_after=None
[2026-08-20T11:04:10.109+0000] {logging_mixin.py:190} INFO - [2026-08-20T11:04:10.109+0000] {dag.py:4180} INFO - Setting next_dagrun for example_subdag_operator.section-2 to None, run_after=None
[2026-08-20T11:04:10.123+0000] {processor.py:208} INFO - Processing /workspaces/lab-2/.venv/lib/python3.12/site-packages/airflow/example_dags/example_subdag_operator.py took 0.209 seconds
[2026-08-20T11:05:12.485+0000] {processor.py:186} INFO - Started process (PID=25259) to work on /workspaces/lab-2/.venv/lib/python3.12/site-packages/airflow/example_dags/example_subdag_operator.py
[2026-08-20T11:05:12.486+0000] {processor.py:914} INFO - Processing file /workspaces/lab-2/.venv/lib/python3.12/site-packages/airflow/example_dags/example_subdag_operator.py for tasks to queue
[2026-08-20T11:05:12.488+0000] {logging_mixin.py:190} INFO - [2026-08-20T11:05:12.487+0000] {dagbag.py:588} INFO - Filling up the DagBag from /workspaces/lab-2/.venv/lib/python3.12/site-packages/airflow/example_dags/example_subdag_operator.py
[2026-08-20T11:05:12.509+0000] {processor.py:925} INFO - DAG(s) 'example_subdag_operator.section-1', 'example_subdag_operator.section-2', 'example_subdag_operator' retrieved from /workspaces/lab-2/.venv/lib/python3.12/site-packages/airflow/example_dags/example_subdag_operator.py
[2026-08-20T11:05:12.522+0000] {logging_mixin.py:190} INFO - [2026-08-20T11:05:12.522+0000] {dag.py:3239} INFO - Sync 3 DAGs
[2026-08-20T11:05:12.538+0000] {logging_mixin.py:190} INFO - [2026-08-20T11:05:12.537+0000] {dag.py:4180} INFO - Setting next_dagrun for example_subdag_operator to 2022-01-01 00:00:00+00:00, run_after=2022-01-01 00:00:00+00:00
[2026-08-20T11:05:12.540+0000] {logging_mixin.py:190} INFO - [2026-08-20T11:05:12.540+0000] {dag.py:4180} INFO - Setting next_dagrun for example_subdag_operator.section-1 to None, run_after=None
[2026-08-20T11:05:12.541+0000] {logging_mixin.py:190} INFO - [2026-08-20T11:05:12.541+0000] {dag.py:4180} INFO - Setting next_dagrun for example_subdag_operator.section-2 to None, run_after=None
[2026-08-20T11:05:12.545+0000] {logging_mixin.py:190} INFO - [2026-08-20T11:05:12.545+0000] {dag.py:3239} INFO - Sync 2 DAGs
[2026-08-20T11:05:12.548+0000] {logging_mixin.py:190} INFO - [2026-08-20T11:05:12.548+0000] {dag.py:4180} INFO - Setting next_dagrun for example_subdag_operator.section-1 to None, run_after=None
[2026-08-20T11:05:12.549+0000] {logging_mixin.py:190} INFO - [2026-08-20T11:05:12.549+0000] {dag.py:4180} INFO - Setting next_dagrun for example_subdag_operator.section-2 to None, run_after=None
[2026-08-20T11:05:12.561+0000] {processor.py:208} INFO - Processing /workspaces/lab-2/.venv/lib/python3.12/site-packages/airflow/example_dags/example_subdag_operator.py took 0.081 seconds
[2026-08-20T11:06:05.646+0000] {processor.py:186} INFO - Started process (PID=26037) to work on /workspaces/lab-2/.venv/lib/python3.12/site-packages/airflow/example_dags/example_subdag_operator.py
[2026-08-20T11:06:05.647+0000] {processor.py:914} INFO - Processing file /workspaces/lab-2/.venv/lib/python3.12/site-packages/airflow/example_dags/example_subdag_operator.py for tasks to queue
[2026-08-20T11:06:05.649+0000] {logging_mixin.py:190} INFO - [2026-08-20T11:06:05.648+0000] {dagbag.py:588} INFO - Filling up the DagBag from /workspaces/lab-2/.venv/lib/python3.12/site-packages/airflow/example_dags/example_subdag_operator.py
[2026-08-20T11:06:05.668+0000] {processor.py:925} INFO - DAG(s) 'example_subdag_operator.section-1', 'example_subdag_operator.section-2', 'example_subdag_operator' retrieved from /workspaces/lab-2/.venv/lib/python3.12/site-packages/airflow/example_dags/example_subdag_operator.py
[2026-08-20T11:06:05.679+0000] {logging_mixin.py:190} INFO - [2026-08-20T11:06:05.679+0000] {dag.py:3239} INFO - Sync 3 DAGs
[2026-08-20T11:06:05.694+0000] {logging_mixin.py:190} INFO - [2026-08-20T11:06:05.694+0000] {dag.py:4180} INFO - Setting next_dagrun for example_subdag_operator to 2022-01-01 00:00:00+00:00, run_after=2022-01-01 00:00:00+00:00
[2026-08-20T11:06:05.697+0000] {logging_mixin.py:190} INFO - [2026-08-20T11:06:05.697+0000] {dag.py:4180} INFO - Setting next_dagrun for example_subdag_operator.section-1 to None, run_after=None
[2026-08-20T11:06:05.698+0000] {logging_mixin.py:190} INFO - [2026-08-20T11:06:05.697+0000] {dag.py:4180} INFO - Setting next_dagrun for example_subdag_operator.section-2 to None, run_after=None
[2026-08-20T11:06:05.702+0000] {logging_mixin.py:190} INFO - [2026-08-20T11:06:05.702+0000] {dag.py:3239} INFO - Sync 2 DAGs
[2026-08-20T11:06:05.705+0000] {logging_mixin.py:190} INFO - [2026-08-20T11:06:05.705+0000] {dag.py:4180} INFO - Setting next_dagrun for example_subdag_operator.section-1 to None, run_after=None
[2026-08-20T11:06:05.706+0000] {logging_mixin.py:190} INFO - [2026-08-20T11:06:05.705+0000] {dag.py:4180} INFO - Setting next_dagrun for example_subdag_operator.section-2 to None, run_after=None
[2026-08-20T11:06:05.717+0000] {processor.py:208} INFO - Processing /workspaces/lab-2/.venv/lib/python3.12/site-packages/airflow/example_dags/example_subdag_operator.py took 0.076 seconds
[2026-08-20T11:06:54.136+0000] {processor.py:186} INFO - Started process (PID=26772) to work on /workspaces/lab-2/.venv/lib/python3.12/site-packages/airflow/example_dags/example_subdag_operator.py
[2026-08-20T11:06:54.137+0000] {processor.py:914} INFO - Processing file /workspaces/lab-2/.venv/lib/python3.12/site-packages/airflow/example_dags/example_subdag_operator.py for tasks to queue
[2026-08-20T11:06:54.139+0000] {logging_mixin.py:190} INFO - [2026-08-20T11:06:54.139+0000] {dagbag.py:588} INFO - Filling up the DagBag from /workspaces/lab-2/.venv/lib/python3.12/site-packages/airflow/example_dags/example_subdag_operator.py
[2026-08-20T11:06:54.161+0000] {processor.py:925} INFO - DAG(s) 'example_subdag_operator.section-1', 'example_subdag_operator.section-2', 'example_subdag_operator' retrieved from /workspaces/lab-2/.venv/lib/python3.12/site-packages/airflow/example_dags/example_subdag_operator.py
[2026-08-20T11:06:54.176+0000] {logging_mixin.py:190} INFO - [2026-08-20T11:06:54.176+0000] {dag.py:3239} INFO - Sync 3 DAGs
[2026-08-20T11:06:54.191+0000] {logging_mixin.py:190} INFO - [2026-08-20T11:06:54.191+0000] {dag.py:4180} INFO - Setting next_dagrun for example_subdag_operator to 2022-01-01 00:00:00+00:00, run_after=2022-01-01 00:00:00+00:00
[2026-08-20T11:06:54.194+0000] {logging_mixin.py:190} INFO - [2026-08-20T11:06:54.194+0000] {dag.py:4180} INFO - Setting next_dagrun for example_subdag_operator.section-1 to None, run_after=None
[2026-08-20T11:06:54.195+0000] {logging_mixin.py:190} INFO - [2026-08-20T11:06:54.195+0000] {dag.py:4180} INFO - Setting next_dagrun for example_subdag_operator.section-2 to None, run_after=None
[2026-08-20T11:06:54.200+0000] {logging_mixin.py:190} INFO - [2026-08-20T11:06:54.199+0000] {dag.py:3239} INFO - Sync 2 DAGs
[2026-08-20T11:06:54.202+0000] {logging_mixin.py:190} INFO - [2026-08-20T11:06:54.202+0000] {dag.py:4180} INFO - Setting next_dagrun for example_subdag_operator.section-1 to None, run_after=None
[2026-08-20T11:06:54.203+0000] {logging_mixin.py:190} INFO - [2026-08-20T11:06:54.202+0000] {dag.py:4180} INFO - Setting next_dagrun for example_subdag_operator.section-2 to None, run_after=None
[2026-08-20T11:06:54.217+0000] {processor.py:208} INFO - Processing /workspaces/lab-2/.venv/lib/python3.12/site-packages/airflow/example_dags/example_subdag_operator.py took 0.085 seconds
[2026-08-20T11:07:49.783+0000] {processor.py:186} INFO - Started process (PID=27455) to work on /workspaces/lab-2/.venv/lib/python3.12/site-packages/airflow/example_dags/example_subdag_operator.py
[2026-08-20T11:07:49.784+0000] {processor.py:914} INFO - Processing file /workspaces/lab-2/.venv/lib/python3.12/site-packages/airflow/example_dags/example_subdag_operator.py for tasks to queue
[2026-08-20T11:07:49.786+0000] {logging_mixin.py:190} INFO - [2026-08-20T11:07:49.786+0000] {dagbag.py:588} INFO - Filling up the DagBag from /workspaces/lab-2/.venv/lib/python3.12/site-packages/airflow/example_dags/example_subdag_operator.py
[2026-08-20T11:07:49.808+0000] {processor.py:925} INFO - DAG(s) 'example_subdag_operator.section-1', 'example_subdag_operator.section-2', 'example_subdag_operator' retrieved from /workspaces/lab-2/.venv/lib/python3.12/site-packages/airflow/example_dags/example_subdag_operator.py
[2026-08-20T11:07:49.821+0000] {logging_mixin.py:190} INFO - [2026-08-20T11:07:49.821+0000] {dag.py:3239} INFO - Sync 3 DAGs
[2026-08-20T11:07:49.836+0000] {logging_mixin.py:190} INFO - [2026-08-20T11:07:49.836+0000] {dag.py:4180} INFO - Setting next_dagrun for example_subdag_operator to 2022-01-01 00:00:00+00:00, run_after=2022-01-01 00:00:00+00:00
[2026-08-20T11:07:49.839+0000] {logging_mixin.py:190} INFO - [2026-08-20T11:07:49.839+0000] {dag.py:4180} INFO - Setting next_dagrun for example_subdag_operator.section-1 to None, run_after=None
[2026-08-20T11:07:49.840+0000] {logging_mixin.py:190} INFO - [2026-08-20T11:07:49.840+0000] {dag.py:4180} INFO - Setting next_dagrun for example_subdag_operator.section-2 to None, run_after=None
[2026-08-20T11:07:49.844+0000] {logging_mixin.py:190} INFO - [2026-08-20T11:07:49.844+0000] {dag.py:3239} INFO - Sync 2 DAGs
[2026-08-20T11:07:49.847+0000] {logging_mixin.py:190} INFO - [2026-08-20T11:07:49.847+0000] {dag.py:4180} INFO - Setting next_dagrun for example_subdag_operator.section-1 to None, run_after=None
[2026-08-20T11:07:49.847+0000] {logging_mixin.py:190} INFO - [2026-08-20T11:07:49.847+0000] {dag.py:4180} INFO - Setting next_dagrun for example_subdag_operator.section-2 to None, run_after=None
[2026-08-20T11:07:49.859+0000] {processor.py:208} INFO - Processing /workspaces/lab-2/.venv/lib/python3.12/site-packages/airflow/example_dags/example_subdag_operator.py took 0.082 seconds
[2026-08-20T11:08:45.375+0000] {processor.py:186} INFO - Started process (PID=28714) to work on /workspaces/lab-2/.venv/lib/python3.12/site-packages/airflow/example_dags/example_subdag_operator.py
[2026-08-20T11:08:45.375+0000] {processor.py:914} INFO - Processing file /workspaces/lab-2/.venv/lib/python3.12/site-packages/airflow/example_dags/example_subdag_operator.py for tasks to queue
[2026-08-20T11:08:45.378+0000] {logging_mixin.py:190} INFO - [2026-08-20T11:08:45.377+0000] {dagbag.py:588} INFO - Filling up the DagBag from /workspaces/lab-2/.venv/lib/python3.12/site-packages/airflow/example_dags/example_subdag_operator.py
[2026-08-20T11:08:45.397+0000] {processor.py:925} INFO - DAG(s) 'example_subdag_operator.section-1', 'example_subdag_operator.section-2', 'example_subdag_operator' retrieved from /workspaces/lab-2/.venv/lib/python3.12/site-packages/airflow/example_dags/example_subdag_operator.py
[2026-08-20T11:08:45.409+0000] {logging_mixin.py:190} INFO - [2026-08-20T11:08:45.409+0000] {dag.py:3239} INFO - Sync 3 DAGs
[2026-08-20T11:08:45.424+0000] {logging_mixin.py:190} INFO - [2026-08-20T11:08:45.424+0000] {dag.py:4180} INFO - Setting next_dagrun for example_subdag_operator to 2022-01-01 00:00:00+00:00, run_after=2022-01-01 00:00:00+00:00
[2026-08-20T11:08:45.427+0000] {logging_mixin.py:190} INFO - [2026-08-20T11:08:45.427+0000] {dag.py:4180} INFO - Setting next_dagrun for example_subdag_operator.section-1 to None, run_after=None
[2026-08-20T11:08:45.428+0000] {logging_mixin.py:190} INFO - [2026-08-20T11:08:45.427+0000] {dag.py:4180} INFO - Setting next_dagrun for example_subdag_operator.section-2 to None, run_after=None
[2026-08-20T11:08:45.433+0000] {logging_mixin.py:190} INFO - [2026-08-20T11:08:45.432+0000] {dag.py:3239} INFO - Sync 2 DAGs
[2026-08-20T11:08:45.435+0000] {logging_mixin.py:190} INFO - [2026-08-20T11:08:45.435+0000] {dag.py:4180} INFO - Setting next_dagrun for example_subdag_operator.section-1 to None, run_after=None
[2026-08-20T11:08:45.436+0000] {logging_mixin.py:190} INFO - [2026-08-20T11:08:45.436+0000] {dag.py:4180} INFO - Setting next_dagrun for example_subdag_operator.section-2 to None, run_after=None
[2026-08-20T11:08:45.448+0000] {processor.py:208} INFO - Processing /workspaces/lab-2/.venv/lib/python3.12/site-packages/airflow/example_dags/example_subdag_operator.py took 0.078 seconds
[2026-08-20T11:09:38.793+0000] {processor.py:186} INFO - Started process (PID=29524) to work on /workspaces/lab-2/.venv/lib/python3.12/site-packages/airflow/example_dags/example_subdag_operator.py
[2026-08-20T11:09:38.794+0000] {processor.py:914} INFO - Processing file /workspaces/lab-2/.venv/lib/python3.12/site-packages/airflow/example_dags/example_subdag_operator.py for tasks to queue
[2026-08-20T11:09:38.796+0000] {logging_mixin.py:190} INFO - [2026-08-20T11:09:38.796+0000] {dagbag.py:588} INFO - Filling up the DagBag from /workspaces/lab-2/.venv/lib/python3.12/site-packages/airflow/example_dags/example_subdag_operator.py
[2026-08-20T11:09:38.818+0000] {processor.py:925} INFO - DAG(s) 'example_subdag_operator.section-1', 'example_subdag_operator.section-2', 'example_subdag_operator' retrieved from /workspaces/lab-2/.venv/lib/python3.12/site-packages/airflow/example_dags/example_subdag_operator.py
[2026-08-20T11:09:38.832+0000] {logging_mixin.py:190} INFO - [2026-08-20T11:09:38.832+0000] {dag.py:3239} INFO - Sync 3 DAGs
[2026-08-20T11:09:38.852+0000] {logging_mixin.py:190} INFO - [2026-08-20T11:09:38.852+0000] {dag.py:4180} INFO - Setting next_dagrun for example_subdag_operator to 2022-01-01 00:00:00+00:00, run_after=2022-01-01 00:00:00+00:00
[2026-08-20T11:09:38.854+0000] {logging_mixin.py:190} INFO - [2026-08-20T11:09:38.854+0000] {dag.py:4180} INFO - Setting next_dagrun for example_subdag_operator.section-1 to None, run_after=None
[2026-08-20T11:09:38.855+0000] {logging_mixin.py:190} INFO - [2026-08-20T11:09:38.855+0000] {dag.py:4180} INFO - Setting next_dagrun for example_subdag_operator.section-2 to None, run_after=None
[2026-08-20T11:09:38.861+0000] {logging_mixin.py:190} INFO - [2026-08-20T11:09:38.861+0000] {dag.py:3239} INFO - Sync 2 DAGs
[2026-08-20T11:09:38.865+0000] {logging_mixin.py:190} INFO - [2026-08-20T11:09:38.865+0000] {dag.py:4180} INFO - Setting next_dagrun for example_subdag_operator.section-1 to None, run_after=None
[2026-08-20T11:09:38.865+0000] {logging_mixin.py:190} INFO - [2026-08-20T11:09:38.865+0000] {dag.py:4180} INFO - Setting next_dagrun for example_subdag_operator.section-2 to None, run_after=None
[2026-08-20T11:09:38.877+0000] {processor.py:208} INFO - Processing /workspaces/lab-2/.venv/lib/python3.12/site-packages/airflow/example_dags/example_subdag_operator.py took 0.091 seconds
[2026-08-20T11:10:31.205+0000] {processor.py:186} INFO - Started process (PID=30529) to work on /workspaces/lab-2/.venv/lib/python3.12/site-packages/airflow/example_dags/example_subdag_operator.py
[2026-08-20T11:10:31.206+0000] {processor.py:914} INFO - Processing file /workspaces/lab-2/.venv/lib/python3.12/site-packages/airflow/example_dags/example_subdag_operator.py for tasks to queue
[2026-08-20T11:10:31.208+0000] {logging_mixin.py:190} INFO - [2026-08-20T11:10:31.208+0000] {dagbag.py:588} INFO - Filling up the DagBag from /workspaces/lab-2/.venv/lib/python3.12/site-packages/airflow/example_dags/example_subdag_operator.py
[2026-08-20T11:10:31.227+0000] {processor.py:925} INFO - DAG(s) 'example_subdag_operator.section-1', 'example_subdag_operator.section-2', 'example_subdag_operator' retrieved from /workspaces/lab-2/.venv/lib/python3.12/site-packages/airflow/example_dags/example_subdag_operator.py
[2026-08-20T11:10:31.239+0000] {logging_mixin.py:190} INFO - [2026-08-20T11:10:31.238+0000] {dag.py:3239} INFO - Sync 3 DAGs
[2026-08-20T11:10:31.254+0000] {logging_mixin.py:190} INFO - [2026-08-20T11:10:31.254+0000] {dag.py:4180} INFO - Setting next_dagrun for example_subdag_operator to 2022-01-01 00:00:00+00:00, run_after=2022-01-01 00:00:00+00:00
[2026-08-20T11:10:31.256+0000] {logging_mixin.py:190} INFO - [2026-08-20T11:10:31.256+0000] {dag.py:4180} INFO - Setting next_dagrun for example_subdag_operator.section-1 to None, run_after=None
[2026-08-20T11:10:31.257+0000] {logging_mixin.py:190} INFO - [2026-08-20T11:10:31.257+0000] {dag.py:4180} INFO - Setting next_dagrun for example_subdag_operator.section-2 to None, run_after=None
[2026-08-20T11:10:31.262+0000] {logging_mixin.py:190} INFO - [2026-08-20T11:10:31.262+0000] {dag.py:3239} INFO - Sync 2 DAGs
[2026-08-20T11:10:31.265+0000] {logging_mixin.py:190} INFO - [2026-08-20T11:10:31.265+0000] {dag.py:4180} INFO - Setting next_dagrun for example_subdag_operator.section-1 to None, run_after=None
[2026-08-20T11:10:31.265+0000] {logging_mixin.py:190} INFO - [2026-08-20T11:10:31.265+0000] {dag.py:4180} INFO - Setting next_dagrun for example_subdag_operator.section-2 to None, run_after=None
[2026-08-20T11:10:31.276+0000] {processor.py:208} INFO - Processing /workspaces/lab-2/.venv/lib/python3.12/site-packages/airflow/example_dags/example_subdag_operator.py took 0.076 seconds
[2026-08-20T11:11:21.698+0000] {processor.py:186} INFO - Started process (PID=31385) to work on /workspaces/lab-2/.venv/lib/python3.12/site-packages/airflow/example_dags/example_subdag_operator.py
[2026-08-20T11:11:21.700+0000] {processor.py:914} INFO - Processing file /workspaces/lab-2/.venv/lib/python3.12/site-packages/airflow/example_dags/example_subdag_operator.py for tasks to queue
[2026-08-20T11:11:21.716+0000] {logging_mixin.py:190} INFO - [2026-08-20T11:11:21.712+0000] {dagbag.py:588} INFO - Filling up the DagBag from /workspaces/lab-2/.venv/lib/python3.12/site-packages/airflow/example_dags/example_subdag_operator.py
[2026-08-20T11:11:21.806+0000] {processor.py:925} INFO - DAG(s) 'example_subdag_operator.section-1', 'example_subdag_operator.section-2', 'example_subdag_operator' retrieved from /workspaces/lab-2/.venv/lib/python3.12/site-packages/airflow/example_dags/example_subdag_operator.py
[2026-08-20T11:11:21.829+0000] {logging_mixin.py:190} INFO - [2026-08-20T11:11:21.829+0000] {dag.py:3239} INFO - Sync 3 DAGs
[2026-08-20T11:11:21.852+0000] {logging_mixin.py:190} INFO - [2026-08-20T11:11:21.852+0000] {dag.py:4180} INFO - Setting next_dagrun for example_subdag_operator to 2022-01-01 00:00:00+00:00, run_after=2022-01-01 00:00:00+00:00
[2026-08-20T11:11:21.855+0000] {logging_mixin.py:190} INFO - [2026-08-20T11:11:21.855+0000] {dag.py:4180} INFO - Setting next_dagrun for example_subdag_operator.section-1 to None, run_after=None
[2026-08-20T11:11:21.856+0000] {logging_mixin.py:190} INFO - [2026-08-20T11:11:21.856+0000] {dag.py:4180} INFO - Setting next_dagrun for example_subdag_operator.section-2 to None, run_after=None
[2026-08-20T11:11:21.861+0000] {logging_mixin.py:190} INFO - [2026-08-20T11:11:21.861+0000] {dag.py:3239} INFO - Sync 2 DAGs
[2026-08-20T11:11:21.865+0000] {logging_mixin.py:190} INFO - [2026-08-20T11:11:21.864+0000] {dag.py:4180} INFO - Setting next_dagrun for example_subdag_operator.section-1 to None, run_after=None
[2026-08-20T11:11:21.865+0000] {logging_mixin.py:190} INFO - [2026-08-20T11:11:21.865+0000] {dag.py:4180} INFO - Setting next_dagrun for example_subdag_operator.section-2 to None, run_after=None
[2026-08-20T11:11:21.878+0000] {processor.py:208} INFO - Processing /workspaces/lab-2/.venv/lib/python3.12/site-packages/airflow/example_dags/example_subdag_operator.py took 0.203 seconds
[2026-08-20T11:11:30.531+0000] {processor.py:186} INFO - Started process (PID=31562) to work on /workspaces/lab-2/.venv/lib/python3.12/site-packages/airflow/example_dags/example_subdag_operator.py
[2026-08-20T11:11:30.532+0000] {processor.py:914} INFO - Processing file /workspaces/lab-2/.venv/lib/python3.12/site-packages/airflow/example_dags/example_subdag_operator.py for tasks to queue
[2026-08-20T11:11:30.534+0000] {logging_mixin.py:190} INFO - [2026-08-20T11:11:30.534+0000] {dagbag.py:588} INFO - Filling up the DagBag from /workspaces/lab-2/.venv/lib/python3.12/site-packages/airflow/example_dags/example_subdag_operator.py
[2026-08-20T11:11:30.554+0000] {processor.py:925} INFO - DAG(s) 'example_subdag_operator.section-1', 'example_subdag_operator.section-2', 'example_subdag_operator' retrieved from /workspaces/lab-2/.venv/lib/python3.12/site-packages/airflow/example_dags/example_subdag_operator.py
[2026-08-20T11:11:30.568+0000] {logging_mixin.py:190} INFO - [2026-08-20T11:11:30.568+0000] {dag.py:3239} INFO - Sync 3 DAGs
[2026-08-20T11:11:30.584+0000] {logging_mixin.py:190} INFO - [2026-08-20T11:11:30.584+0000] {dag.py:4180} INFO - Setting next_dagrun for example_subdag_operator to 2022-01-01 00:00:00+00:00, run_after=2022-01-01 00:00:00+00:00
[2026-08-20T11:11:30.586+0000] {logging_mixin.py:190} INFO - [2026-08-20T11:11:30.586+0000] {dag.py:4180} INFO - Setting next_dagrun for example_subdag_operator.section-1 to None, run_after=None
[2026-08-20T11:11:30.587+0000] {logging_mixin.py:190} INFO - [2026-08-20T11:11:30.587+0000] {dag.py:4180} INFO - Setting next_dagrun for example_subdag_operator.section-2 to None, run_after=None
[2026-08-20T11:11:30.592+0000] {logging_mixin.py:190} INFO - [2026-08-20T11:11:30.591+0000] {dag.py:3239} INFO - Sync 2 DAGs
[2026-08-20T11:11:30.594+0000] {logging_mixin.py:190} INFO - [2026-08-20T11:11:30.594+0000] {dag.py:4180} INFO - Setting next_dagrun for example_subdag_operator.section-1 to None, run_after=None
[2026-08-20T11:11:30.595+0000] {logging_mixin.py:190} INFO - [2026-08-20T11:11:30.595+0000] {dag.py:4180} INFO - Setting next_dagrun for example_subdag_operator.section-2 to None, run_after=None
[2026-08-20T11:11:30.606+0000] {processor.py:208} INFO - Processing /workspaces/lab-2/.venv/lib/python3.12/site-packages/airflow/example_dags/example_subdag_operator.py took 0.080 seconds
[2026-08-20T11:12:13.666+0000] {processor.py:186} INFO - Started process (PID=32721) to work on /workspaces/lab-2/.venv/lib/python3.12/site-packages/airflow/example_dags/example_subdag_operator.py
[2026-08-20T11:12:13.667+0000] {processor.py:914} INFO - Processing file /workspaces/lab-2/.venv/lib/python3.12/site-packages/airflow/example_dags/example_subdag_operator.py for tasks to queue
[2026-08-20T11:12:13.669+0000] {logging_mixin.py:190} INFO - [2026-08-20T11:12:13.668+0000] {dagbag.py:588} INFO - Filling up the DagBag from /workspaces/lab-2/.venv/lib/python3.12/site-packages/airflow/example_dags/example_subdag_operator.py
[2026-08-20T11:12:13.687+0000] {processor.py:925} INFO - DAG(s) 'example_subdag_operator.section-1', 'example_subdag_operator.section-2', 'example_subdag_operator' retrieved from /workspaces/lab-2/.venv/lib/python3.12/site-packages/airflow/example_dags/example_subdag_operator.py
[2026-08-20T11:12:13.699+0000] {logging_mixin.py:190} INFO - [2026-08-20T11:12:13.699+0000] {dag.py:3239} INFO - Sync 3 DAGs
[2026-08-20T11:12:13.717+0000] {logging_mixin.py:190} INFO - [2026-08-20T11:12:13.717+0000] {dag.py:4180} INFO - Setting next_dagrun for example_subdag_operator to 2022-01-01 00:00:00+00:00, run_after=2022-01-01 00:00:00+00:00
[2026-08-20T11:12:13.721+0000] {logging_mixin.py:190} INFO - [2026-08-20T11:12:13.721+0000] {dag.py:4180} INFO - Setting next_dagrun for example_subdag_operator.section-1 to None, run_after=None
[2026-08-20T11:12:13.722+0000] {logging_mixin.py:190} INFO - [2026-08-20T11:12:13.722+0000] {dag.py:4180} INFO - Setting next_dagrun for example_subdag_operator.section-2 to None, run_after=None
[2026-08-20T11:12:13.729+0000] {logging_mixin.py:190} INFO - [2026-08-20T11:12:13.729+0000] {dag.py:3239} INFO - Sync 2 DAGs
[2026-08-20T11:12:13.733+0000] {logging_mixin.py:190} INFO - [2026-08-20T11:12:13.733+0000] {dag.py:4180} INFO - Setting next_dagrun for example_subdag_operator.section-1 to None, run_after=None
[2026-08-20T11:12:13.733+0000] {logging_mixin.py:190} INFO - [2026-08-20T11:12:13.733+0000] {dag.py:4180} INFO - Setting next_dagrun for example_subdag_operator.section-2 to None, run_after=None
[2026-08-20T11:12:13.746+0000] {processor.py:208} INFO - Processing /workspaces/lab-2/.venv/lib/python3.12/site-packages/airflow/example_dags/example_subdag_operator.py took 0.085 seconds
[2026-08-20T11:12:26.474+0000] {processor.py:186} INFO - Started process (PID=32861) to work on /workspaces/lab-2/.venv/lib/python3.12/site-packages/airflow/example_dags/example_subdag_operator.py
[2026-08-20T11:12:26.475+0000] {processor.py:914} INFO - Processing file /workspaces/lab-2/.venv/lib/python3.12/site-packages/airflow/example_dags/example_subdag_operator.py for tasks to queue
[2026-08-20T11:12:26.478+0000] {logging_mixin.py:190} INFO - [2026-08-20T11:12:26.477+0000] {dagbag.py:588} INFO - Filling up the DagBag from /workspaces/lab-2/.venv/lib/python3.12/site-packages/airflow/example_dags/example_subdag_operator.py
[2026-08-20T11:12:26.509+0000] {processor.py:925} INFO - DAG(s) 'example_subdag_operator.section-1', 'example_subdag_operator.section-2', 'example_subdag_operator' retrieved from /workspaces/lab-2/.venv/lib/python3.12/site-packages/airflow/example_dags/example_subdag_operator.py
[2026-08-20T11:12:26.521+0000] {logging_mixin.py:190} INFO - [2026-08-20T11:12:26.521+0000] {dag.py:3239} INFO - Sync 3 DAGs
[2026-08-20T11:12:26.538+0000] {logging_mixin.py:190} INFO - [2026-08-20T11:12:26.538+0000] {dag.py:4180} INFO - Setting next_dagrun for example_subdag_operator to 2022-01-01 00:00:00+00:00, run_after=2022-01-01 00:00:00+00:00
[2026-08-20T11:12:26.540+0000] {logging_mixin.py:190} INFO - [2026-08-20T11:12:26.540+0000] {dag.py:4180} INFO - Setting next_dagrun for example_subdag_operator.section-1 to None, run_after=None
[2026-08-20T11:12:26.541+0000] {logging_mixin.py:190} INFO - [2026-08-20T11:12:26.541+0000] {dag.py:4180} INFO - Setting next_dagrun for example_subdag_operator.section-2 to None, run_after=None
[2026-08-20T11:12:26.546+0000] {logging_mixin.py:190} INFO - [2026-08-20T11:12:26.546+0000] {dag.py:3239} INFO - Sync 2 DAGs
[2026-08-20T11:12:26.549+0000] {logging_mixin.py:190} INFO - [2026-08-20T11:12:26.548+0000] {dag.py:4180} INFO - Setting next_dagrun for example_subdag_operator.section-1 to None, run_after=None
[2026-08-20T11:12:26.549+0000] {logging_mixin.py:190} INFO - [2026-08-20T11:12:26.549+0000] {dag.py:4180} INFO - Setting next_dagrun for example_subdag_operator.section-2 to None, run_after=None
[2026-08-20T11:12:26.563+0000] {processor.py:208} INFO - Processing /workspaces/lab-2/.venv/lib/python3.12/site-packages/airflow/example_dags/example_subdag_operator.py took 0.095 seconds
[2026-08-20T11:13:10.448+0000] {processor.py:186} INFO - Started process (PID=33500) to work on /workspaces/lab-2/.venv/lib/python3.12/site-packages/airflow/example_dags/example_subdag_operator.py
[2026-08-20T11:13:10.449+0000] {processor.py:914} INFO - Processing file /workspaces/lab-2/.venv/lib/python3.12/site-packages/airflow/example_dags/example_subdag_operator.py for tasks to queue
[2026-08-20T11:13:10.451+0000] {logging_mixin.py:190} INFO - [2026-08-20T11:13:10.450+0000] {dagbag.py:588} INFO - Filling up the DagBag from /workspaces/lab-2/.venv/lib/python3.12/site-packages/airflow/example_dags/example_subdag_operator.py
[2026-08-20T11:13:10.471+0000] {processor.py:925} INFO - DAG(s) 'example_subdag_operator.section-1', 'example_subdag_operator.section-2', 'example_subdag_operator' retrieved from /workspaces/lab-2/.venv/lib/python3.12/site-packages/airflow/example_dags/example_subdag_operator.py
[2026-08-20T11:13:10.565+0000] {logging_mixin.py:190} INFO - [2026-08-20T11:13:10.565+0000] {dag.py:3239} INFO - Sync 3 DAGs
[2026-08-20T11:13:10.580+0000] {logging_mixin.py:190} INFO - [2026-08-20T11:13:10.580+0000] {dag.py:4180} INFO - Setting next_dagrun for example_subdag_operator to 2022-01-01 00:00:00+00:00, run_after=2022-01-01 00:00:00+00:00
[2026-08-20T11:13:10.582+0000] {logging_mixin.py:190} INFO - [2026-08-20T11:13:10.582+0000] {dag.py:4180} INFO - Setting next_dagrun for example_subdag_operator.section-1 to None, run_after=None
[2026-08-20T11:13:10.583+0000] {logging_mixin.py:190} INFO - [2026-08-20T11:13:10.583+0000] {dag.py:4180} INFO - Setting next_dagrun for example_subdag_operator.section-2 to None, run_after=None
[2026-08-20T11:13:10.589+0000] {logging_mixin.py:190} INFO - [2026-08-20T11:13:10.589+0000] {dag.py:3239} INFO - Sync 2 DAGs
[2026-08-20T11:13:10.591+0000] {logging_mixin.py:190} INFO - [2026-08-20T11:13:10.591+0000] {dag.py:4180} INFO - Setting next_dagrun for example_subdag_operator.section-1 to None, run_after=None
[2026-08-20T11:13:10.592+0000] {logging_mixin.py:190} INFO - [2026-08-20T11:13:10.592+0000] {dag.py:4180} INFO - Setting next_dagrun for example_subdag_operator.section-2 to None, run_after=None
[2026-08-20T11:13:10.604+0000] {processor.py:208} INFO - Processing /workspaces/lab-2/.venv/lib/python3.12/site-packages/airflow/example_dags/example_subdag_operator.py took 0.161 seconds
[2026-08-20T11:13:19.803+0000] {processor.py:186} INFO - Started process (PID=33763) to work on /workspaces/lab-2/.venv/lib/python3.12/site-packages/airflow/example_dags/example_subdag_operator.py
[2026-08-20T11:13:19.804+0000] {processor.py:914} INFO - Processing file /workspaces/lab-2/.venv/lib/python3.12/site-packages/airflow/example_dags/example_subdag_operator.py for tasks to queue
[2026-08-20T11:13:19.806+0000] {logging_mixin.py:190} INFO - [2026-08-20T11:13:19.806+0000] {dagbag.py:588} INFO - Filling up the DagBag from /workspaces/lab-2/.venv/lib/python3.12/site-packages/airflow/example_dags/example_subdag_operator.py
[2026-08-20T11:13:19.825+0000] {processor.py:925} INFO - DAG(s) 'example_subdag_operator.section-1', 'example_subdag_operator.section-2', 'example_subdag_operator' retrieved from /workspaces/lab-2/.venv/lib/python3.12/site-packages/airflow/example_dags/example_subdag_operator.py
[2026-08-20T11:13:19.828+0000] {logging_mixin.py:190} INFO - [2026-08-20T11:13:19.828+0000] {dag.py:3239} INFO - Sync 3 DAGs
[2026-08-20T11:13:19.845+0000] {logging_mixin.py:190} INFO - [2026-08-20T11:13:19.845+0000] {dag.py:4180} INFO - Setting next_dagrun for example_subdag_operator to 2022-01-01 00:00:00+00:00, run_after=2022-01-01 00:00:00+00:00
[2026-08-20T11:13:19.848+0000] {logging_mixin.py:190} INFO - [2026-08-20T11:13:19.847+0000] {dag.py:4180} INFO - Setting next_dagrun for example_subdag_operator.section-1 to None, run_after=None
[2026-08-20T11:13:19.848+0000] {logging_mixin.py:190} INFO - [2026-08-20T11:13:19.848+0000] {dag.py:4180} INFO - Setting next_dagrun for example_subdag_operator.section-2 to None, run_after=None
[2026-08-20T11:13:19.853+0000] {logging_mixin.py:190} INFO - [2026-08-20T11:13:19.853+0000] {dag.py:3239} INFO - Sync 2 DAGs
[2026-08-20T11:13:19.856+0000] {logging_mixin.py:190} INFO - [2026-08-20T11:13:19.856+0000] {dag.py:4180} INFO - Setting next_dagrun for example_subdag_operator.section-1 to None, run_after=None
[2026-08-20T11:13:19.856+0000] {logging_mixin.py:190} INFO - [2026-08-20T11:13:19.856+0000] {dag.py:4180} INFO - Setting next_dagrun for example_subdag_operator.section-2 to None, run_after=None
[2026-08-20T11:13:19.868+0000] {processor.py:208} INFO - Processing /workspaces/lab-2/.venv/lib/python3.12/site-packages/airflow/example_dags/example_subdag_operator.py took 0.069 seconds
[2026-08-20T11:14:11.616+0000] {processor.py:186} INFO - Started process (PID=34892) to work on /workspaces/lab-2/.venv/lib/python3.12/site-packages/airflow/example_dags/example_subdag_operator.py
[2026-08-20T11:14:11.616+0000] {processor.py:914} INFO - Processing file /workspaces/lab-2/.venv/lib/python3.12/site-packages/airflow/example_dags/example_subdag_operator.py for tasks to queue
[2026-08-20T11:14:11.619+0000] {logging_mixin.py:190} INFO - [2026-08-20T11:14:11.618+0000] {dagbag.py:588} INFO - Filling up the DagBag from /workspaces/lab-2/.venv/lib/python3.12/site-packages/airflow/example_dags/example_subdag_operator.py
[2026-08-20T11:14:11.638+0000] {processor.py:925} INFO - DAG(s) 'example_subdag_operator.section-1', 'example_subdag_operator.section-2', 'example_subdag_operator' retrieved from /workspaces/lab-2/.venv/lib/python3.12/site-packages/airflow/example_dags/example_subdag_operator.py
[2026-08-20T11:14:11.650+0000] {logging_mixin.py:190} INFO - [2026-08-20T11:14:11.650+0000] {dag.py:3239} INFO - Sync 3 DAGs
[2026-08-20T11:14:11.665+0000] {logging_mixin.py:190} INFO - [2026-08-20T11:14:11.665+0000] {dag.py:4180} INFO - Setting next_dagrun for example_subdag_operator to 2022-01-01 00:00:00+00:00, run_after=2022-01-01 00:00:00+00:00
[2026-08-20T11:14:11.668+0000] {logging_mixin.py:190} INFO - [2026-08-20T11:14:11.668+0000] {dag.py:4180} INFO - Setting next_dagrun for example_subdag_operator.section-1 to None, run_after=None
[2026-08-20T11:14:11.669+0000] {logging_mixin.py:190} INFO - [2026-08-20T11:14:11.669+0000] {dag.py:4180} INFO - Setting next_dagrun for example_subdag_operator.section-2 to None, run_after=None
[2026-08-20T11:14:11.674+0000] {logging_mixin.py:190} INFO - [2026-08-20T11:14:11.674+0000] {dag.py:3239} INFO - Sync 2 DAGs
[2026-08-20T11:14:11.676+0000] {logging_mixin.py:190} INFO - [2026-08-20T11:14:11.676+0000] {dag.py:4180} INFO - Setting next_dagrun for example_subdag_operator.section-1 to None, run_after=None
[2026-08-20T11:14:11.677+0000] {logging_mixin.py:190} INFO - [2026-08-20T11:14:11.677+0000] {dag.py:4180} INFO - Setting next_dagrun for example_subdag_operator.section-2 to None, run_after=None
[2026-08-20T11:14:11.688+0000] {processor.py:208} INFO - Processing /workspaces/lab-2/.venv/lib/python3.12/site-packages/airflow/example_dags/example_subdag_operator.py took 0.077 seconds
[2026-08-20T11:14:15.039+0000] {processor.py:186} INFO - Started process (PID=34955) to work on /workspaces/lab-2/.venv/lib/python3.12/site-packages/airflow/example_dags/example_subdag_operator.py
[2026-08-20T11:14:15.040+0000] {processor.py:914} INFO - Processing file /workspaces/lab-2/.venv/lib/python3.12/site-packages/airflow/example_dags/example_subdag_operator.py for tasks to queue
[2026-08-20T11:14:15.043+0000] {logging_mixin.py:190} INFO - [2026-08-20T11:14:15.043+0000] {dagbag.py:588} INFO - Filling up the DagBag from /workspaces/lab-2/.venv/lib/python3.12/site-packages/airflow/example_dags/example_subdag_operator.py
[2026-08-20T11:14:15.070+0000] {processor.py:925} INFO - DAG(s) 'example_subdag_operator.section-1', 'example_subdag_operator.section-2', 'example_subdag_operator' retrieved from /workspaces/lab-2/.venv/lib/python3.12/site-packages/airflow/example_dags/example_subdag_operator.py
[2026-08-20T11:14:15.088+0000] {logging_mixin.py:190} INFO - [2026-08-20T11:14:15.088+0000] {dag.py:3239} INFO - Sync 3 DAGs
[2026-08-20T11:14:15.111+0000] {logging_mixin.py:190} INFO - [2026-08-20T11:14:15.110+0000] {dag.py:4180} INFO - Setting next_dagrun for example_subdag_operator to 2022-01-01 00:00:00+00:00, run_after=2022-01-01 00:00:00+00:00
[2026-08-20T11:14:15.113+0000] {logging_mixin.py:190} INFO - [2026-08-20T11:14:15.113+0000] {dag.py:4180} INFO - Setting next_dagrun for example_subdag_operator.section-1 to None, run_after=None
[2026-08-20T11:14:15.114+0000] {logging_mixin.py:190} INFO - [2026-08-20T11:14:15.114+0000] {dag.py:4180} INFO - Setting next_dagrun for example_subdag_operator.section-2 to None, run_after=None
[2026-08-20T11:14:15.118+0000] {logging_mixin.py:190} INFO - [2026-08-20T11:14:15.118+0000] {dag.py:3239} INFO - Sync 2 DAGs
[2026-08-20T11:14:15.121+0000] {logging_mixin.py:190} INFO - [2026-08-20T11:14:15.121+0000] {dag.py:4180} INFO - Setting next_dagrun for example_subdag_operator.section-1 to None, run_after=None
[2026-08-20T11:14:15.122+0000] {logging_mixin.py:190} INFO - [2026-08-20T11:14:15.121+0000] {dag.py:4180} INFO - Setting next_dagrun for example_subdag_operator.section-2 to None, run_after=None
[2026-08-20T11:14:15.134+0000] {processor.py:208} INFO - Processing /workspaces/lab-2/.venv/lib/python3.12/site-packages/airflow/example_dags/example_subdag_operator.py took 0.101 seconds
