[2026-08-20T11:04:12.769+0000] {processor.py:186} INFO - Started process (PID=24374) to work on /workspaces/lab-2/.venv/lib/python3.12/site-packages/airflow/example_dags/example_task_group.py
[2026-08-20T11:04:12.770+0000] {processor.py:914} INFO - Processing file /workspaces/lab-2/.venv/lib/python3.12/site-packages/airflow/example_dags/example_task_group.py for tasks to queue
[2026-08-20T11:04:12.771+0000] {logging_mixin.py:190} INFO - [2026-08-20T11:04:12.771+0000] {dagbag.py:588} INFO - Filling up the DagBag from /workspaces/lab-2/.venv/lib/python3.12/site-packages/airflow/example_dags/example_task_group.py
[2026-08-20T11:04:12.778+0000] {processor.py:925} INFO - DAG(s) 'example_task_group' retrieved from /workspaces/lab-2/.venv/lib/python3.12/site-packages/airflow/example_dags/example_task_group.py
[2026-08-20T11:04:12.868+0000] {logging_mixin.py:190} INFO - [2026-08-20T11:04:12.868+0000] {override.py:1900} INFO - Created Permission View: can edit on DAG:example_task_group
[2026-08-20T11:04:12.879+0000] {logging_mixin.py:190} INFO - [2026-08-20T11:04:12.878+0000] {override.py:1900} INFO - Created Permission View: can read on DAG:example_task_group
[2026-08-20T11:04:12.886+0000] {logging_mixin.py:190} INFO - [2026-08-20T11:04:12.886+0000] {override.py:1900} INFO - Created Permission View: can delete on DAG:example_task_group
[2026-08-20T11:04:12.897+0000] {logging_mixin.py:190} INFO - [2026-08-20T11:04:12.896+0000] {override.py:1900} INFO - Created Permission View: can create on DAG Run:example_task_group
[2026-08-20T11:04:12.904+0000] {logging_mixin.py:190} INFO - [2026-08-20T11:04:12.904+0000] {override.py:1900} INFO - Created Permission View: can read on DAG Run:example_task_group
[2026-08-20T11:04:12.911+0000] {logging_mixin.py:190} INFO - [2026-08-20T11:04:12.910+0000] {override.py:1900} INFO - Created Permission View: menu access on DAG Run:example_task_group
[2026-08-20T11:04:12.918+0000] {logging_mixin.py:190} INFO - [2026-08-20T11:04:12.918+0000] {override.py:1900} INFO - Created Permission View: can delete on DAG Run:example_task_group
[2026-08-20T11:04:12.918+0000] {logging_mixin.py:190} INFO - [2026-08-20T11:04:12.918+0000] {dag.py:3239} INFO - Sync 1 DAGs
[2026-08-20T11:04:12.929+0000] {logging_mixin.py:190} INFO - [2026-08-20T11:04:12.929+0000] {dag.py:3262} INFO - Creating ORM DAG for example_task_group
[2026-08-20T11:04:12.929+0000] {logging_mixin.py:190} INFO - [2026-08-20T11:04:12.929+0000] {dag.py:4180} INFO - Setting next_dagrun for example_task_group to None, run_after=None
[2026-08-20T11:04:12.946+0000] {processor.py:208} INFO - Processing /workspaces/lab-2/.venv/lib/python3.12/site-packages/airflow/example_dags/example_task_group.py took 0.182 seconds
[2026-08-20T11:05:15.373+0000] {processor.py:186} INFO - Started process (PID=25277) to work on /workspaces/lab-2/.venv/lib/python3.12/site-packages/airflow/example_dags/example_task_group.py
[2026-08-20T11:05:15.374+0000] {processor.py:914} INFO - Processing file /workspaces/lab-2/.venv/lib/python3.12/site-packages/airflow/example_dags/example_task_group.py for tasks to queue
[2026-08-20T11:05:15.376+0000] {logging_mixin.py:190} INFO - [2026-08-20T11:05:15.376+0000] {dagbag.py:588} INFO - Filling up the DagBag from /workspaces/lab-2/.venv/lib/python3.12/site-packages/airflow/example_dags/example_task_group.py
[2026-08-20T11:05:15.387+0000] {processor.py:925} INFO - DAG(s) 'example_task_group' retrieved from /workspaces/lab-2/.venv/lib/python3.12/site-packages/airflow/example_dags/example_task_group.py
[2026-08-20T11:05:15.408+0000] {logging_mixin.py:190} INFO - [2026-08-20T11:05:15.408+0000] {dag.py:3239} INFO - Sync 1 DAGs
[2026-08-20T11:05:15.423+0000] {logging_mixin.py:190} INFO - [2026-08-20T11:05:15.422+0000] {dag.py:4180} INFO - Setting next_dagrun for example_task_group to None, run_after=None
[2026-08-20T11:05:15.448+0000] {processor.py:208} INFO - Processing /workspaces/lab-2/.venv/lib/python3.12/site-packages/airflow/example_dags/example_task_group.py took 0.081 seconds
[2026-08-20T11:06:08.700+0000] {processor.py:186} INFO - Started process (PID=26065) to work on /workspaces/lab-2/.venv/lib/python3.12/site-packages/airflow/example_dags/example_task_group.py
[2026-08-20T11:06:08.701+0000] {processor.py:914} INFO - Processing file /workspaces/lab-2/.venv/lib/python3.12/site-packages/airflow/example_dags/example_task_group.py for tasks to queue
[2026-08-20T11:06:08.703+0000] {logging_mixin.py:190} INFO - [2026-08-20T11:06:08.702+0000] {dagbag.py:588} INFO - Filling up the DagBag from /workspaces/lab-2/.venv/lib/python3.12/site-packages/airflow/example_dags/example_task_group.py
[2026-08-20T11:06:08.710+0000] {processor.py:925} INFO - DAG(s) 'example_task_group' retrieved from /workspaces/lab-2/.venv/lib/python3.12/site-packages/airflow/example_dags/example_task_group.py
[2026-08-20T11:06:08.724+0000] {logging_mixin.py:190} INFO - [2026-08-20T11:06:08.723+0000] {dag.py:3239} INFO - Sync 1 DAGs
[2026-08-20T11:06:08.733+0000] {logging_mixin.py:190} INFO - [2026-08-20T11:06:08.733+0000] {dag.py:4180} INFO - Setting next_dagrun for example_task_group to None, run_after=None
[2026-08-20T11:06:08.750+0000] {processor.py:208} INFO - Processing /workspaces/lab-2/.venv/lib/python3.12/site-packages/airflow/example_dags/example_task_group.py took 0.055 seconds
[2026-08-20T11:06:57.545+0000] {processor.py:186} INFO - Started process (PID=26845) to work on /workspaces/lab-2/.venv/lib/python3.12/site-packages/airflow/example_dags/example_task_group.py
[2026-08-20T11:06:57.546+0000] {processor.py:914} INFO - Processing file /workspaces/lab-2/.venv/lib/python3.12/site-packages/airflow/example_dags/example_task_group.py for tasks to queue
[2026-08-20T11:06:57.548+0000] {logging_mixin.py:190} INFO - [2026-08-20T11:06:57.547+0000] {dagbag.py:588} INFO - Filling up the DagBag from /workspaces/lab-2/.venv/lib/python3.12/site-packages/airflow/example_dags/example_task_group.py
[2026-08-20T11:06:57.555+0000] {processor.py:925} INFO - DAG(s) 'example_task_group' retrieved from /workspaces/lab-2/.venv/lib/python3.12/site-packages/airflow/example_dags/example_task_group.py
[2026-08-20T11:06:57.571+0000] {logging_mixin.py:190} INFO - [2026-08-20T11:06:57.571+0000] {dag.py:3239} INFO - Sync 1 DAGs
[2026-08-20T11:06:57.581+0000] {logging_mixin.py:190} INFO - [2026-08-20T11:06:57.581+0000] {dag.py:4180} INFO - Setting next_dagrun for example_task_group to None, run_after=None
[2026-08-20T11:06:57.598+0000] {processor.py:208} INFO - Processing /workspaces/lab-2/.venv/lib/python3.12/site-packages/airflow/example_dags/example_task_group.py took 0.058 seconds
[2026-08-20T11:07:53.201+0000] {processor.py:186} INFO - Started process (PID=27528) to work on /workspaces/lab-2/.venv/lib/python3.12/site-packages/airflow/example_dags/example_task_group.py
[2026-08-20T11:07:53.202+0000] {processor.py:914} INFO - Processing file /workspaces/lab-2/.venv/lib/python3.12/site-packages/airflow/example_dags/example_task_group.py for tasks to queue
[2026-08-20T11:07:53.204+0000] {logging_mixin.py:190} INFO - [2026-08-20T11:07:53.203+0000] {dagbag.py:588} INFO - Filling up the DagBag from /workspaces/lab-2/.venv/lib/python3.12/site-packages/airflow/example_dags/example_task_group.py
[2026-08-20T11:07:53.212+0000] {processor.py:925} INFO - DAG(s) 'example_task_group' retrieved from /workspaces/lab-2/.venv/lib/python3.12/site-packages/airflow/example_dags/example_task_group.py
[2026-08-20T11:07:53.227+0000] {logging_mixin.py:190} INFO - [2026-08-20T11:07:53.227+0000] {dag.py:3239} INFO - Sync 1 DAGs
[2026-08-20T11:07:53.237+0000] {logging_mixin.py:190} INFO - [2026-08-20T11:07:53.237+0000] {dag.py:4180} INFO - Setting next_dagrun for example_task_group to None, run_after=None
[2026-08-20T11:07:53.255+0000] {processor.py:208} INFO - Processing /workspaces/lab-2/.venv/lib/python3.12/site-packages/airflow/example_dags/example_task_group.py took 0.058 seconds
[2026-08-20T11:08:48.250+0000] {processor.py:186} INFO - Started process (PID=28729) to work on /workspaces/lab-2/.venv/lib/python3.12/site-packages/airflow/example_dags/example_task_group.py
[2026-08-20T11:08:48.251+0000] {processor.py:914} INFO - Processing file /workspaces/lab-2/.venv/lib/python3.12/site-packages/airflow/example_dags/example_task_group.py for tasks to queue
[2026-08-20T11:08:48.256+0000] {logging_mixin.py:190} INFO - [2026-08-20T11:08:48.255+0000] {dagbag.py:588} INFO - Filling up the DagBag from /workspaces/lab-2/.venv/lib/python3.12/site-packages/airflow/example_dags/example_task_group.py
[2026-08-20T11:08:48.266+0000] {processor.py:925} INFO - DAG(s) 'example_task_group' retrieved from /workspaces/lab-2/.venv/lib/python3.12/site-packages/airflow/example_dags/example_task_group.py
[2026-08-20T11:08:48.289+0000] {logging_mixin.py:190} INFO - [2026-08-20T11:08:48.288+0000] {dag.py:3239} INFO - Sync 1 DAGs
[2026-08-20T11:08:48.303+0000] {logging_mixin.py:190} INFO - [2026-08-20T11:08:48.303+0000] {dag.py:4180} INFO - Setting next_dagrun for example_task_group to None, run_after=None
[2026-08-20T11:08:48.324+0000] {processor.py:208} INFO - Processing /workspaces/lab-2/.venv/lib/python3.12/site-packages/airflow/example_dags/example_task_group.py took 0.080 seconds
[2026-08-20T11:09:41.645+0000] {processor.py:186} INFO - Started process (PID=29599) to work on /workspaces/lab-2/.venv/lib/python3.12/site-packages/airflow/example_dags/example_task_group.py
[2026-08-20T11:09:41.646+0000] {processor.py:914} INFO - Processing file /workspaces/lab-2/.venv/lib/python3.12/site-packages/airflow/example_dags/example_task_group.py for tasks to queue
[2026-08-20T11:09:41.648+0000] {logging_mixin.py:190} INFO - [2026-08-20T11:09:41.648+0000] {dagbag.py:588} INFO - Filling up the DagBag from /workspaces/lab-2/.venv/lib/python3.12/site-packages/airflow/example_dags/example_task_group.py
[2026-08-20T11:09:41.666+0000] {processor.py:925} INFO - DAG(s) 'example_task_group' retrieved from /workspaces/lab-2/.venv/lib/python3.12/site-packages/airflow/example_dags/example_task_group.py
[2026-08-20T11:09:41.695+0000] {logging_mixin.py:190} INFO - [2026-08-20T11:09:41.694+0000] {dag.py:3239} INFO - Sync 1 DAGs
[2026-08-20T11:09:41.708+0000] {logging_mixin.py:190} INFO - [2026-08-20T11:09:41.708+0000] {dag.py:4180} INFO - Setting next_dagrun for example_task_group to None, run_after=None
[2026-08-20T11:09:41.731+0000] {processor.py:208} INFO - Processing /workspaces/lab-2/.venv/lib/python3.12/site-packages/airflow/example_dags/example_task_group.py took 0.093 seconds
[2026-08-20T11:10:34.724+0000] {processor.py:186} INFO - Started process (PID=30575) to work on /workspaces/lab-2/.venv/lib/python3.12/site-packages/airflow/example_dags/example_task_group.py
[2026-08-20T11:10:34.725+0000] {processor.py:914} INFO - Processing file /workspaces/lab-2/.venv/lib/python3.12/site-packages/airflow/example_dags/example_task_group.py for tasks to queue
[2026-08-20T11:10:34.727+0000] {logging_mixin.py:190} INFO - [2026-08-20T11:10:34.727+0000] {dagbag.py:588} INFO - Filling up the DagBag from /workspaces/lab-2/.venv/lib/python3.12/site-packages/airflow/example_dags/example_task_group.py
[2026-08-20T11:10:34.734+0000] {processor.py:925} INFO - DAG(s) 'example_task_group' retrieved from /workspaces/lab-2/.venv/lib/python3.12/site-packages/airflow/example_dags/example_task_group.py
[2026-08-20T11:10:34.749+0000] {logging_mixin.py:190} INFO - [2026-08-20T11:10:34.749+0000] {dag.py:3239} INFO - Sync 1 DAGs
[2026-08-20T11:10:34.759+0000] {logging_mixin.py:190} INFO - [2026-08-20T11:10:34.759+0000] {dag.py:4180} INFO - Setting next_dagrun for example_task_group to None, run_after=None
[2026-08-20T11:10:34.777+0000] {processor.py:208} INFO - Processing /workspaces/lab-2/.venv/lib/python3.12/site-packages/airflow/example_dags/example_task_group.py took 0.058 seconds
[2026-08-20T11:11:31.791+0000] {processor.py:186} INFO - Started process (PID=31573) to work on /workspaces/lab-2/.venv/lib/python3.12/site-packages/airflow/example_dags/example_task_group.py
[2026-08-20T11:11:31.792+0000] {processor.py:914} INFO - Processing file /workspaces/lab-2/.venv/lib/python3.12/site-packages/airflow/example_dags/example_task_group.py for tasks to queue
[2026-08-20T11:11:31.794+0000] {logging_mixin.py:190} INFO - [2026-08-20T11:11:31.793+0000] {dagbag.py:588} INFO - Filling up the DagBag from /workspaces/lab-2/.venv/lib/python3.12/site-packages/airflow/example_dags/example_task_group.py
[2026-08-20T11:11:31.802+0000] {processor.py:925} INFO - DAG(s) 'example_task_group' retrieved from /workspaces/lab-2/.venv/lib/python3.12/site-packages/airflow/example_dags/example_task_group.py
[2026-08-20T11:11:31.816+0000] {logging_mixin.py:190} INFO - [2026-08-20T11:11:31.816+0000] {dag.py:3239} INFO - Sync 1 DAGs
[2026-08-20T11:11:31.826+0000] {logging_mixin.py:190} INFO - [2026-08-20T11:11:31.826+0000] {dag.py:4180} INFO - Setting next_dagrun for example_task_group to None, run_after=None
[2026-08-20T11:11:31.844+0000] {processor.py:208} INFO - Processing /workspaces/lab-2/.venv/lib/python3.12/site-packages/airflow/example_dags/example_task_group.py took 0.058 seconds
[2026-08-20T11:11:33.224+0000] {processor.py:186} INFO - Started process (PID=31585) to work on /workspaces/lab-2/.venv/lib/python3.12/site-packages/airflow/example_dags/example_task_group.py
[2026-08-20T11:11:33.224+0000] {processor.py:914} INFO - Processing file /workspaces/lab-2/.venv/lib/python3.12/site-packages/airflow/example_dags/example_task_group.py for tasks to queue
[2026-08-20T11:11:33.226+0000] {logging_mixin.py:190} INFO - [2026-08-20T11:11:33.226+0000] {dagbag.py:588} INFO - Filling up the DagBag from /workspaces/lab-2/.venv/lib/python3.12/site-packages/airflow/example_dags/example_task_group.py
[2026-08-20T11:11:33.234+0000] {processor.py:925} INFO - DAG(s) 'example_task_group' retrieved from /workspaces/lab-2/.venv/lib/python3.12/site-packages/airflow/example_dags/example_task_group.py
[2026-08-20T11:11:33.251+0000] {logging_mixin.py:190} INFO - [2026-08-20T11:11:33.251+0000] {dag.py:3239} INFO - Sync 1 DAGs
[2026-08-20T11:11:33.261+0000] {logging_mixin.py:190} INFO - [2026-08-20T11:11:33.261+0000] {dag.py:4180} INFO - Setting next_dagrun for example_task_group to None, run_after=None
[2026-08-20T11:11:33.278+0000] {processor.py:208} INFO - Processing /workspaces/lab-2/.venv/lib/python3.12/site-packages/airflow/example_dags/example_task_group.py took 0.059 seconds
[2026-08-20T11:12:23.969+0000] {processor.py:186} INFO - Started process (PID=32830) to work on /workspaces/lab-2/.venv/lib/python3.12/site-packages/airflow/example_dags/example_task_group.py
[2026-08-20T11:12:23.970+0000] {processor.py:914} INFO - Processing file /workspaces/lab-2/.venv/lib/python3.12/site-packages/airflow/example_dags/example_task_group.py for tasks to queue
[2026-08-20T11:12:23.972+0000] {logging_mixin.py:190} INFO - [2026-08-20T11:12:23.972+0000] {dagbag.py:588} INFO - Filling up the DagBag from /workspaces/lab-2/.venv/lib/python3.12/site-packages/airflow/example_dags/example_task_group.py
[2026-08-20T11:12:23.983+0000] {processor.py:925} INFO - DAG(s) 'example_task_group' retrieved from /workspaces/lab-2/.venv/lib/python3.12/site-packages/airflow/example_dags/example_task_group.py
[2026-08-20T11:12:24.004+0000] {logging_mixin.py:190} INFO - [2026-08-20T11:12:24.004+0000] {dag.py:3239} INFO - Sync 1 DAGs
[2026-08-20T11:12:24.018+0000] {logging_mixin.py:190} INFO - [2026-08-20T11:12:24.018+0000] {dag.py:4180} INFO - Setting next_dagrun for example_task_group to None, run_after=None
[2026-08-20T11:12:24.040+0000] {processor.py:208} INFO - Processing /workspaces/lab-2/.venv/lib/python3.12/site-packages/airflow/example_dags/example_task_group.py took 0.081 seconds
[2026-08-20T11:12:29.894+0000] {processor.py:186} INFO - Started process (PID=32888) to work on /workspaces/lab-2/.venv/lib/python3.12/site-packages/airflow/example_dags/example_task_group.py
[2026-08-20T11:12:29.894+0000] {processor.py:914} INFO - Processing file /workspaces/lab-2/.venv/lib/python3.12/site-packages/airflow/example_dags/example_task_group.py for tasks to queue
[2026-08-20T11:12:29.896+0000] {logging_mixin.py:190} INFO - [2026-08-20T11:12:29.896+0000] {dagbag.py:588} INFO - Filling up the DagBag from /workspaces/lab-2/.venv/lib/python3.12/site-packages/airflow/example_dags/example_task_group.py
[2026-08-20T11:12:29.904+0000] {processor.py:925} INFO - DAG(s) 'example_task_group' retrieved from /workspaces/lab-2/.venv/lib/python3.12/site-packages/airflow/example_dags/example_task_group.py
[2026-08-20T11:12:29.918+0000] {logging_mixin.py:190} INFO - [2026-08-20T11:12:29.918+0000] {dag.py:3239} INFO - Sync 1 DAGs
[2026-08-20T11:12:29.928+0000] {logging_mixin.py:190} INFO - [2026-08-20T11:12:29.928+0000] {dag.py:4180} INFO - Setting next_dagrun for example_task_group to None, run_after=None
[2026-08-20T11:12:29.946+0000] {processor.py:208} INFO - Processing /workspaces/lab-2/.venv/lib/python3.12/site-packages/airflow/example_dags/example_task_group.py took 0.057 seconds
[2026-08-20T11:13:22.268+0000] {processor.py:186} INFO - Started process (PID=33813) to work on /workspaces/lab-2/.venv/lib/python3.12/site-packages/airflow/example_dags/example_task_group.py
[2026-08-20T11:13:22.268+0000] {processor.py:914} INFO - Processing file /workspaces/lab-2/.venv/lib/python3.12/site-packages/airflow/example_dags/example_task_group.py for tasks to queue
[2026-08-20T11:13:22.270+0000] {logging_mixin.py:190} INFO - [2026-08-20T11:13:22.270+0000] {dagbag.py:588} INFO - Filling up the DagBag from /workspaces/lab-2/.venv/lib/python3.12/site-packages/airflow/example_dags/example_task_group.py
[2026-08-20T11:13:22.278+0000] {processor.py:925} INFO - DAG(s) 'example_task_group' retrieved from /workspaces/lab-2/.venv/lib/python3.12/site-packages/airflow/example_dags/example_task_group.py
[2026-08-20T11:13:22.370+0000] {logging_mixin.py:190} INFO - [2026-08-20T11:13:22.370+0000] {dag.py:3239} INFO - Sync 1 DAGs
[2026-08-20T11:13:22.382+0000] {logging_mixin.py:190} INFO - [2026-08-20T11:13:22.382+0000] {dag.py:4180} INFO - Setting next_dagrun for example_task_group to None, run_after=None
[2026-08-20T11:13:22.400+0000] {processor.py:208} INFO - Processing /workspaces/lab-2/.venv/lib/python3.12/site-packages/airflow/example_dags/example_task_group.py took 0.137 seconds
[2026-08-20T11:13:22.672+0000] {processor.py:186} INFO - Started process (PID=33814) to work on /workspaces/lab-2/.venv/lib/python3.12/site-packages/airflow/example_dags/example_task_group.py
[2026-08-20T11:13:22.673+0000] {processor.py:914} INFO - Processing file /workspaces/lab-2/.venv/lib/python3.12/site-packages/airflow/example_dags/example_task_group.py for tasks to queue
[2026-08-20T11:13:22.675+0000] {logging_mixin.py:190} INFO - [2026-08-20T11:13:22.675+0000] {dagbag.py:588} INFO - Filling up the DagBag from /workspaces/lab-2/.venv/lib/python3.12/site-packages/airflow/example_dags/example_task_group.py
[2026-08-20T11:13:22.686+0000] {processor.py:925} INFO - DAG(s) 'example_task_group' retrieved from /workspaces/lab-2/.venv/lib/python3.12/site-packages/airflow/example_dags/example_task_group.py
[2026-08-20T11:13:22.693+0000] {logging_mixin.py:190} INFO - [2026-08-20T11:13:22.693+0000] {dag.py:3239} INFO - Sync 1 DAGs
[2026-08-20T11:13:22.704+0000] {logging_mixin.py:190} INFO - [2026-08-20T11:13:22.704+0000] {dag.py:4180} INFO - Setting next_dagrun for example_task_group to None, run_after=None
[2026-08-20T11:13:22.725+0000] {processor.py:208} INFO - Processing /workspaces/lab-2/.venv/lib/python3.12/site-packages/airflow/example_dags/example_task_group.py took 0.058 seconds
[2026-08-20T11:14:14.599+0000] {processor.py:186} INFO - Started process (PID=34953) to work on /workspaces/lab-2/.venv/lib/python3.12/site-packages/airflow/example_dags/example_task_group.py
[2026-08-20T11:14:14.600+0000] {processor.py:914} INFO - Processing file /workspaces/lab-2/.venv/lib/python3.12/site-packages/airflow/example_dags/example_task_group.py for tasks to queue
[2026-08-20T11:14:14.604+0000] {logging_mixin.py:190} INFO - [2026-08-20T11:14:14.604+0000] {dagbag.py:588} INFO - Filling up the DagBag from /workspaces/lab-2/.venv/lib/python3.12/site-packages/airflow/example_dags/example_task_group.py
[2026-08-20T11:14:14.621+0000] {processor.py:925} INFO - DAG(s) 'example_task_group' retrieved from /workspaces/lab-2/.venv/lib/python3.12/site-packages/airflow/example_dags/example_task_group.py
[2026-08-20T11:14:14.678+0000] {logging_mixin.py:190} INFO - [2026-08-20T11:14:14.675+0000] {dag.py:3239} INFO - Sync 1 DAGs
[2026-08-20T11:14:14.719+0000] {logging_mixin.py:190} INFO - [2026-08-20T11:14:14.717+0000] {dag.py:4180} INFO - Setting next_dagrun for example_task_group to None, run_after=None
[2026-08-20T11:14:14.738+0000] {processor.py:208} INFO - Processing /workspaces/lab-2/.venv/lib/python3.12/site-packages/airflow/example_dags/example_task_group.py took 0.147 seconds
[2026-08-20T11:14:18.357+0000] {processor.py:186} INFO - Started process (PID=35037) to work on /workspaces/lab-2/.venv/lib/python3.12/site-packages/airflow/example_dags/example_task_group.py
[2026-08-20T11:14:18.358+0000] {processor.py:914} INFO - Processing file /workspaces/lab-2/.venv/lib/python3.12/site-packages/airflow/example_dags/example_task_group.py for tasks to queue
[2026-08-20T11:14:18.360+0000] {logging_mixin.py:190} INFO - [2026-08-20T11:14:18.360+0000] {dagbag.py:588} INFO - Filling up the DagBag from /workspaces/lab-2/.venv/lib/python3.12/site-packages/airflow/example_dags/example_task_group.py
[2026-08-20T11:14:18.370+0000] {processor.py:925} INFO - DAG(s) 'example_task_group' retrieved from /workspaces/lab-2/.venv/lib/python3.12/site-packages/airflow/example_dags/example_task_group.py
[2026-08-20T11:14:18.392+0000] {logging_mixin.py:190} INFO - [2026-08-20T11:14:18.392+0000] {dag.py:3239} INFO - Sync 1 DAGs
[2026-08-20T11:14:18.406+0000] {logging_mixin.py:190} INFO - [2026-08-20T11:14:18.406+0000] {dag.py:4180} INFO - Setting next_dagrun for example_task_group to None, run_after=None
[2026-08-20T11:14:18.431+0000] {processor.py:208} INFO - Processing /workspaces/lab-2/.venv/lib/python3.12/site-packages/airflow/example_dags/example_task_group.py took 0.083 seconds
