[2026-08-20T11:04:52.281+0000] {processor.py:186} INFO - Started process (PID=24983) to work on /workspaces/lab-2/.venv/lib/python3.12/site-packages/airflow/example_dags/example_branch_operator_decorator.py
[2026-08-20T11:04:52.282+0000] {processor.py:914} INFO - Processing file /workspaces/lab-2/.venv/lib/python3.12/site-packages/airflow/example_dags/example_branch_operator_decorator.py for tasks to queue
[2026-08-20T11:04:52.284+0000] {logging_mixin.py:190} INFO - [2026-08-20T11:04:52.283+0000] {dagbag.py:588} INFO - Filling up the DagBag from /workspaces/lab-2/.venv/lib/python3.12/site-packages/airflow/example_dags/example_branch_operator_decorator.py
[2026-08-20T11:04:52.301+0000] {processor.py:925} INFO - DAG(s) 'example_branch_python_operator_decorator' retrieved from /workspaces/lab-2/.venv/lib/python3.12/site-packages/airflow/example_dags/example_branch_operator_decorator.py
[2026-08-20T11:04:52.414+0000] {logging_mixin.py:190} INFO - [2026-08-20T11:04:52.413+0000] {override.py:1900} INFO - Created Permission View: can edit on DAG:example_branch_python_operator_decorator
[2026-08-20T11:04:52.423+0000] {logging_mixin.py:190} INFO - [2026-08-20T11:04:52.423+0000] {override.py:1900} INFO - Created Permission View: can read on DAG:example_branch_python_operator_decorator
[2026-08-20T11:04:52.431+0000] {logging_mixin.py:190} INFO - [2026-08-20T11:04:52.430+0000] {override.py:1900} INFO - Created Permission View: can delete on DAG:example_branch_python_operator_decorator
[2026-08-20T11:04:52.442+0000] {logging_mixin.py:190} INFO - [2026-08-20T11:04:52.442+0000] {override.py:1900} INFO - Created Permission View: can create on DAG Run:example_branch_python_operator_decorator
[2026-08-20T11:04:52.448+0000] {logging_mixin.py:190} INFO - [2026-08-20T11:04:52.448+0000] {override.py:1900} INFO - Created Permission View: can read on DAG Run:example_branch_python_operator_decorator
[2026-08-20T11:04:52.455+0000] {logging_mixin.py:190} INFO - [2026-08-20T11:04:52.455+0000] {override.py:1900} INFO - Created Permission View: menu access on DAG Run:example_branch_python_operator_decorator
[2026-08-20T11:04:52.462+0000] {logging_mixin.py:190} INFO - [2026-08-20T11:04:52.462+0000] {override.py:1900} INFO - Created Permission View: can delete on DAG Run:example_branch_python_operator_decorator
[2026-08-20T11:04:52.462+0000] {logging_mixin.py:190} INFO - [2026-08-20T11:04:52.462+0000] {dag.py:3239} INFO - Sync 1 DAGs
[2026-08-20T11:04:52.473+0000] {logging_mixin.py:190} INFO - [2026-08-20T11:04:52.473+0000] {dag.py:3262} INFO - Creating ORM DAG for example_branch_python_operator_decorator
[2026-08-20T11:04:52.483+0000] {logging_mixin.py:190} INFO - [2026-08-20T11:04:52.483+0000] {dag.py:4180} INFO - Setting next_dagrun for example_branch_python_operator_decorator to 2026-08-19 00:00:00+00:00, run_after=2026-08-20 00:00:00+00:00
[2026-08-20T11:04:52.501+0000] {processor.py:208} INFO - Processing /workspaces/lab-2/.venv/lib/python3.12/site-packages/airflow/example_dags/example_branch_operator_decorator.py took 0.224 seconds
[2026-08-20T11:05:49.909+0000] {processor.py:186} INFO - Started process (PID=25799) to work on /workspaces/lab-2/.venv/lib/python3.12/site-packages/airflow/example_dags/example_branch_operator_decorator.py
[2026-08-20T11:05:49.910+0000] {processor.py:914} INFO - Processing file /workspaces/lab-2/.venv/lib/python3.12/site-packages/airflow/example_dags/example_branch_operator_decorator.py for tasks to queue
[2026-08-20T11:05:49.912+0000] {logging_mixin.py:190} INFO - [2026-08-20T11:05:49.911+0000] {dagbag.py:588} INFO - Filling up the DagBag from /workspaces/lab-2/.venv/lib/python3.12/site-packages/airflow/example_dags/example_branch_operator_decorator.py
[2026-08-20T11:05:49.929+0000] {processor.py:925} INFO - DAG(s) 'example_branch_python_operator_decorator' retrieved from /workspaces/lab-2/.venv/lib/python3.12/site-packages/airflow/example_dags/example_branch_operator_decorator.py
[2026-08-20T11:05:49.949+0000] {logging_mixin.py:190} INFO - [2026-08-20T11:05:49.948+0000] {dag.py:3239} INFO - Sync 1 DAGs
[2026-08-20T11:05:49.965+0000] {logging_mixin.py:190} INFO - [2026-08-20T11:05:49.965+0000] {dag.py:4180} INFO - Setting next_dagrun for example_branch_python_operator_decorator to 2026-08-19 00:00:00+00:00, run_after=2026-08-20 00:00:00+00:00
[2026-08-20T11:05:49.983+0000] {processor.py:208} INFO - Processing /workspaces/lab-2/.venv/lib/python3.12/site-packages/airflow/example_dags/example_branch_operator_decorator.py took 0.078 seconds
[2026-08-20T11:07:30.385+0000] {processor.py:186} INFO - Started process (PID=27236) to work on /workspaces/lab-2/.venv/lib/python3.12/site-packages/airflow/example_dags/example_branch_operator_decorator.py
[2026-08-20T11:07:30.386+0000] {processor.py:914} INFO - Processing file /workspaces/lab-2/.venv/lib/python3.12/site-packages/airflow/example_dags/example_branch_operator_decorator.py for tasks to queue
[2026-08-20T11:07:30.387+0000] {logging_mixin.py:190} INFO - [2026-08-20T11:07:30.387+0000] {dagbag.py:588} INFO - Filling up the DagBag from /workspaces/lab-2/.venv/lib/python3.12/site-packages/airflow/example_dags/example_branch_operator_decorator.py
[2026-08-20T11:07:30.405+0000] {processor.py:925} INFO - DAG(s) 'example_branch_python_operator_decorator' retrieved from /workspaces/lab-2/.venv/lib/python3.12/site-packages/airflow/example_dags/example_branch_operator_decorator.py
[2026-08-20T11:07:30.494+0000] {logging_mixin.py:190} INFO - [2026-08-20T11:07:30.494+0000] {dag.py:3239} INFO - Sync 1 DAGs
[2026-08-20T11:07:30.508+0000] {logging_mixin.py:190} INFO - [2026-08-20T11:07:30.508+0000] {dag.py:4180} INFO - Setting next_dagrun for example_branch_python_operator_decorator to 2026-08-19 00:00:00+00:00, run_after=2026-08-20 00:00:00+00:00
[2026-08-20T11:07:30.526+0000] {processor.py:208} INFO - Processing /workspaces/lab-2/.venv/lib/python3.12/site-packages/airflow/example_dags/example_branch_operator_decorator.py took 0.146 seconds
[2026-08-20T11:08:54.388+0000] {processor.py:186} INFO - Started process (PID=28796) to work on /workspaces/lab-2/.venv/lib/python3.12/site-packages/airflow/example_dags/example_branch_operator_decorator.py
[2026-08-20T11:08:54.389+0000] {processor.py:914} INFO - Processing file /workspaces/lab-2/.venv/lib/python3.12/site-packages/airflow/example_dags/example_branch_operator_decorator.py for tasks to queue
[2026-08-20T11:08:54.391+0000] {logging_mixin.py:190} INFO - [2026-08-20T11:08:54.391+0000] {dagbag.py:588} INFO - Filling up the DagBag from /workspaces/lab-2/.venv/lib/python3.12/site-packages/airflow/example_dags/example_branch_operator_decorator.py
[2026-08-20T11:08:54.414+0000] {processor.py:925} INFO - DAG(s) 'example_branch_python_operator_decorator' retrieved from /workspaces/lab-2/.venv/lib/python3.12/site-packages/airflow/example_dags/example_branch_operator_decorator.py
[2026-08-20T11:08:54.434+0000] {logging_mixin.py:190} INFO - [2026-08-20T11:08:54.434+0000] {dag.py:3239} INFO - Sync 1 DAGs
[2026-08-20T11:08:54.450+0000] {logging_mixin.py:190} INFO - [2026-08-20T11:08:54.450+0000] {dag.py:4180} INFO - Setting next_dagrun for example_branch_python_operator_decorator to 2026-08-19 00:00:00+00:00, run_after=2026-08-20 00:00:00+00:00
[2026-08-20T11:08:54.507+0000] {processor.py:208} INFO - Processing /workspaces/lab-2/.venv/lib/python3.12/site-packages/airflow/example_dags/example_branch_operator_decorator.py took 0.125 seconds
[2026-08-20T11:10:12.062+0000] {processor.py:186} INFO - Started process (PID=30200) to work on /workspaces/lab-2/.venv/lib/python3.12/site-packages/airflow/example_dags/example_branch_operator_decorator.py
[2026-08-20T11:10:12.063+0000] {processor.py:914} INFO - Processing file /workspaces/lab-2/.venv/lib/python3.12/site-packages/airflow/example_dags/example_branch_operator_decorator.py for tasks to queue
[2026-08-20T11:10:12.065+0000] {logging_mixin.py:190} INFO - [2026-08-20T11:10:12.065+0000] {dagbag.py:588} INFO - Filling up the DagBag from /workspaces/lab-2/.venv/lib/python3.12/site-packages/airflow/example_dags/example_branch_operator_decorator.py
[2026-08-20T11:10:12.083+0000] {processor.py:925} INFO - DAG(s) 'example_branch_python_operator_decorator' retrieved from /workspaces/lab-2/.venv/lib/python3.12/site-packages/airflow/example_dags/example_branch_operator_decorator.py
[2026-08-20T11:10:12.102+0000] {logging_mixin.py:190} INFO - [2026-08-20T11:10:12.102+0000] {dag.py:3239} INFO - Sync 1 DAGs
[2026-08-20T11:10:12.122+0000] {logging_mixin.py:190} INFO - [2026-08-20T11:10:12.122+0000] {dag.py:4180} INFO - Setting next_dagrun for example_branch_python_operator_decorator to 2026-08-19 00:00:00+00:00, run_after=2026-08-20 00:00:00+00:00
[2026-08-20T11:10:12.147+0000] {processor.py:208} INFO - Processing /workspaces/lab-2/.venv/lib/python3.12/site-packages/airflow/example_dags/example_branch_operator_decorator.py took 0.089 seconds
[2026-08-20T11:11:27.211+0000] {processor.py:186} INFO - Started process (PID=31540) to work on /workspaces/lab-2/.venv/lib/python3.12/site-packages/airflow/example_dags/example_branch_operator_decorator.py
[2026-08-20T11:11:27.212+0000] {processor.py:914} INFO - Processing file /workspaces/lab-2/.venv/lib/python3.12/site-packages/airflow/example_dags/example_branch_operator_decorator.py for tasks to queue
[2026-08-20T11:11:27.214+0000] {logging_mixin.py:190} INFO - [2026-08-20T11:11:27.213+0000] {dagbag.py:588} INFO - Filling up the DagBag from /workspaces/lab-2/.venv/lib/python3.12/site-packages/airflow/example_dags/example_branch_operator_decorator.py
[2026-08-20T11:11:27.232+0000] {processor.py:925} INFO - DAG(s) 'example_branch_python_operator_decorator' retrieved from /workspaces/lab-2/.venv/lib/python3.12/site-packages/airflow/example_dags/example_branch_operator_decorator.py
[2026-08-20T11:11:27.251+0000] {logging_mixin.py:190} INFO - [2026-08-20T11:11:27.250+0000] {dag.py:3239} INFO - Sync 1 DAGs
[2026-08-20T11:11:27.267+0000] {logging_mixin.py:190} INFO - [2026-08-20T11:11:27.267+0000] {dag.py:4180} INFO - Setting next_dagrun for example_branch_python_operator_decorator to 2026-08-19 00:00:00+00:00, run_after=2026-08-20 00:00:00+00:00
[2026-08-20T11:11:27.284+0000] {processor.py:208} INFO - Processing /workspaces/lab-2/.venv/lib/python3.12/site-packages/airflow/example_dags/example_branch_operator_decorator.py took 0.078 seconds
[2026-08-20T11:12:06.952+0000] {processor.py:186} INFO - Started process (PID=32539) to work on /workspaces/lab-2/.venv/lib/python3.12/site-packages/airflow/example_dags/example_branch_operator_decorator.py
[2026-08-20T11:12:06.953+0000] {processor.py:914} INFO - Processing file /workspaces/lab-2/.venv/lib/python3.12/site-packages/airflow/example_dags/example_branch_operator_decorator.py for tasks to queue
[2026-08-20T11:12:06.955+0000] {logging_mixin.py:190} INFO - [2026-08-20T11:12:06.955+0000] {dagbag.py:588} INFO - Filling up the DagBag from /workspaces/lab-2/.venv/lib/python3.12/site-packages/airflow/example_dags/example_branch_operator_decorator.py
[2026-08-20T11:12:06.975+0000] {processor.py:925} INFO - DAG(s) 'example_branch_python_operator_decorator' retrieved from /workspaces/lab-2/.venv/lib/python3.12/site-packages/airflow/example_dags/example_branch_operator_decorator.py
[2026-08-20T11:12:07.072+0000] {logging_mixin.py:190} INFO - [2026-08-20T11:12:07.071+0000] {dag.py:3239} INFO - Sync 1 DAGs
[2026-08-20T11:12:07.086+0000] {logging_mixin.py:190} INFO - [2026-08-20T11:12:07.086+0000] {dag.py:4180} INFO - Setting next_dagrun for example_branch_python_operator_decorator to 2026-08-19 00:00:00+00:00, run_after=2026-08-20 00:00:00+00:00
[2026-08-20T11:12:07.106+0000] {processor.py:208} INFO - Processing /workspaces/lab-2/.venv/lib/python3.12/site-packages/airflow/example_dags/example_branch_operator_decorator.py took 0.158 seconds
[2026-08-20T11:12:47.082+0000] {processor.py:186} INFO - Started process (PID=33152) to work on /workspaces/lab-2/.venv/lib/python3.12/site-packages/airflow/example_dags/example_branch_operator_decorator.py
[2026-08-20T11:12:47.083+0000] {processor.py:914} INFO - Processing file /workspaces/lab-2/.venv/lib/python3.12/site-packages/airflow/example_dags/example_branch_operator_decorator.py for tasks to queue
[2026-08-20T11:12:47.084+0000] {logging_mixin.py:190} INFO - [2026-08-20T11:12:47.084+0000] {dagbag.py:588} INFO - Filling up the DagBag from /workspaces/lab-2/.venv/lib/python3.12/site-packages/airflow/example_dags/example_branch_operator_decorator.py
[2026-08-20T11:12:47.110+0000] {processor.py:925} INFO - DAG(s) 'example_branch_python_operator_decorator' retrieved from /workspaces/lab-2/.venv/lib/python3.12/site-packages/airflow/example_dags/example_branch_operator_decorator.py
[2026-08-20T11:12:47.239+0000] {logging_mixin.py:190} INFO - [2026-08-20T11:12:47.238+0000] {dag.py:3239} INFO - Sync 1 DAGs
[2026-08-20T11:12:47.258+0000] {logging_mixin.py:190} INFO - [2026-08-20T11:12:47.258+0000] {dag.py:4180} INFO - Setting next_dagrun for example_branch_python_operator_decorator to 2026-08-19 00:00:00+00:00, run_after=2026-08-20 00:00:00+00:00
[2026-08-20T11:12:47.277+0000] {processor.py:208} INFO - Processing /workspaces/lab-2/.venv/lib/python3.12/site-packages/airflow/example_dags/example_branch_operator_decorator.py took 0.200 seconds
[2026-08-20T11:13:27.603+0000] {processor.py:186} INFO - Started process (PID=33865) to work on /workspaces/lab-2/.venv/lib/python3.12/site-packages/airflow/example_dags/example_branch_operator_decorator.py
[2026-08-20T11:13:27.604+0000] {processor.py:914} INFO - Processing file /workspaces/lab-2/.venv/lib/python3.12/site-packages/airflow/example_dags/example_branch_operator_decorator.py for tasks to queue
[2026-08-20T11:13:27.607+0000] {logging_mixin.py:190} INFO - [2026-08-20T11:13:27.606+0000] {dagbag.py:588} INFO - Filling up the DagBag from /workspaces/lab-2/.venv/lib/python3.12/site-packages/airflow/example_dags/example_branch_operator_decorator.py
[2026-08-20T11:13:27.636+0000] {processor.py:925} INFO - DAG(s) 'example_branch_python_operator_decorator' retrieved from /workspaces/lab-2/.venv/lib/python3.12/site-packages/airflow/example_dags/example_branch_operator_decorator.py
[2026-08-20T11:13:27.809+0000] {logging_mixin.py:190} INFO - [2026-08-20T11:13:27.808+0000] {dag.py:3239} INFO - Sync 1 DAGs
[2026-08-20T11:13:27.830+0000] {logging_mixin.py:190} INFO - [2026-08-20T11:13:27.830+0000] {dag.py:4180} INFO - Setting next_dagrun for example_branch_python_operator_decorator to 2026-08-19 00:00:00+00:00, run_after=2026-08-20 00:00:00+00:00
[2026-08-20T11:13:27.866+0000] {processor.py:208} INFO - Processing /workspaces/lab-2/.venv/lib/python3.12/site-packages/airflow/example_dags/example_branch_operator_decorator.py took 0.269 seconds
[2026-08-20T11:13:52.715+0000] {processor.py:186} INFO - Started process (PID=34685) to work on /workspaces/lab-2/.venv/lib/python3.12/site-packages/airflow/example_dags/example_branch_operator_decorator.py
[2026-08-20T11:13:52.716+0000] {processor.py:914} INFO - Processing file /workspaces/lab-2/.venv/lib/python3.12/site-packages/airflow/example_dags/example_branch_operator_decorator.py for tasks to queue
[2026-08-20T11:13:52.717+0000] {logging_mixin.py:190} INFO - [2026-08-20T11:13:52.717+0000] {dagbag.py:588} INFO - Filling up the DagBag from /workspaces/lab-2/.venv/lib/python3.12/site-packages/airflow/example_dags/example_branch_operator_decorator.py
[2026-08-20T11:13:52.736+0000] {processor.py:925} INFO - DAG(s) 'example_branch_python_operator_decorator' retrieved from /workspaces/lab-2/.venv/lib/python3.12/site-packages/airflow/example_dags/example_branch_operator_decorator.py
[2026-08-20T11:13:52.745+0000] {logging_mixin.py:190} INFO - [2026-08-20T11:13:52.745+0000] {dag.py:3239} INFO - Sync 1 DAGs
[2026-08-20T11:13:52.766+0000] {logging_mixin.py:190} INFO - [2026-08-20T11:13:52.766+0000] {dag.py:4180} INFO - Setting next_dagrun for example_branch_python_operator_decorator to 2026-08-19 00:00:00+00:00, run_after=2026-08-20 00:00:00+00:00
[2026-08-20T11:13:52.786+0000] {processor.py:208} INFO - Processing /workspaces/lab-2/.venv/lib/python3.12/site-packages/airflow/example_dags/example_branch_operator_decorator.py took 0.077 seconds
[2026-08-20T11:14:25.032+0000] {processor.py:186} INFO - Started process (PID=35101) to work on /workspaces/lab-2/.venv/lib/python3.12/site-packages/airflow/example_dags/example_branch_operator_decorator.py
[2026-08-20T11:14:25.033+0000] {processor.py:914} INFO - Processing file /workspaces/lab-2/.venv/lib/python3.12/site-packages/airflow/example_dags/example_branch_operator_decorator.py for tasks to queue
[2026-08-20T11:14:25.035+0000] {logging_mixin.py:190} INFO - [2026-08-20T11:14:25.034+0000] {dagbag.py:588} INFO - Filling up the DagBag from /workspaces/lab-2/.venv/lib/python3.12/site-packages/airflow/example_dags/example_branch_operator_decorator.py
[2026-08-20T11:14:25.062+0000] {processor.py:925} INFO - DAG(s) 'example_branch_python_operator_decorator' retrieved from /workspaces/lab-2/.venv/lib/python3.12/site-packages/airflow/example_dags/example_branch_operator_decorator.py
[2026-08-20T11:14:25.083+0000] {logging_mixin.py:190} INFO - [2026-08-20T11:14:25.083+0000] {dag.py:3239} INFO - Sync 1 DAGs
[2026-08-20T11:14:25.104+0000] {logging_mixin.py:190} INFO - [2026-08-20T11:14:25.103+0000] {dag.py:4180} INFO - Setting next_dagrun for example_branch_python_operator_decorator to 2026-08-19 00:00:00+00:00, run_after=2026-08-20 00:00:00+00:00
[2026-08-20T11:14:25.123+0000] {processor.py:208} INFO - Processing /workspaces/lab-2/.venv/lib/python3.12/site-packages/airflow/example_dags/example_branch_operator_decorator.py took 0.098 seconds
[2026-08-20T11:17:32.250+0000] {processor.py:186} INFO - Started process (PID=40827) to work on /workspaces/lab-2/.venv/lib/python3.12/site-packages/airflow/example_dags/example_branch_operator_decorator.py
[2026-08-20T11:17:32.252+0000] {processor.py:914} INFO - Processing file /workspaces/lab-2/.venv/lib/python3.12/site-packages/airflow/example_dags/example_branch_operator_decorator.py for tasks to queue
[2026-08-20T11:17:32.254+0000] {logging_mixin.py:190} INFO - [2026-08-20T11:17:32.254+0000] {dagbag.py:588} INFO - Filling up the DagBag from /workspaces/lab-2/.venv/lib/python3.12/site-packages/airflow/example_dags/example_branch_operator_decorator.py
[2026-08-20T11:17:32.286+0000] {processor.py:925} INFO - DAG(s) 'example_branch_python_operator_decorator' retrieved from /workspaces/lab-2/.venv/lib/python3.12/site-packages/airflow/example_dags/example_branch_operator_decorator.py
[2026-08-20T11:17:32.572+0000] {logging_mixin.py:190} INFO - [2026-08-20T11:17:32.572+0000] {dag.py:3239} INFO - Sync 1 DAGs
[2026-08-20T11:17:32.628+0000] {logging_mixin.py:190} INFO - [2026-08-20T11:17:32.622+0000] {dag.py:4180} INFO - Setting next_dagrun for example_branch_python_operator_decorator to 2026-08-20 00:00:00+00:00, run_after=2026-08-21 00:00:00+00:00
[2026-08-20T11:17:32.685+0000] {processor.py:208} INFO - Processing /workspaces/lab-2/.venv/lib/python3.12/site-packages/airflow/example_dags/example_branch_operator_decorator.py took 0.448 seconds
