[2026-08-20T11:04:10.284+0000] {processor.py:186} INFO - Started process (PID=24362) to work on /workspaces/lab-2/.venv/lib/python3.12/site-packages/airflow/example_dags/example_time_delta_sensor_async.py
[2026-08-20T11:04:10.285+0000] {processor.py:914} INFO - Processing file /workspaces/lab-2/.venv/lib/python3.12/site-packages/airflow/example_dags/example_time_delta_sensor_async.py for tasks to queue
[2026-08-20T11:04:10.287+0000] {logging_mixin.py:190} INFO - [2026-08-20T11:04:10.286+0000] {dagbag.py:588} INFO - Filling up the DagBag from /workspaces/lab-2/.venv/lib/python3.12/site-packages/airflow/example_dags/example_time_delta_sensor_async.py
[2026-08-20T11:04:10.292+0000] {processor.py:925} INFO - DAG(s) 'example_time_delta_sensor_async' retrieved from /workspaces/lab-2/.venv/lib/python3.12/site-packages/airflow/example_dags/example_time_delta_sensor_async.py
[2026-08-20T11:04:10.384+0000] {logging_mixin.py:190} INFO - [2026-08-20T11:04:10.384+0000] {override.py:1900} INFO - Created Permission View: can edit on DAG:example_time_delta_sensor_async
[2026-08-20T11:04:10.394+0000] {logging_mixin.py:190} INFO - [2026-08-20T11:04:10.394+0000] {override.py:1900} INFO - Created Permission View: can read on DAG:example_time_delta_sensor_async
[2026-08-20T11:04:10.402+0000] {logging_mixin.py:190} INFO - [2026-08-20T11:04:10.402+0000] {override.py:1900} INFO - Created Permission View: can delete on DAG:example_time_delta_sensor_async
[2026-08-20T11:04:10.413+0000] {logging_mixin.py:190} INFO - [2026-08-20T11:04:10.413+0000] {override.py:1900} INFO - Created Permission View: can create on DAG Run:example_time_delta_sensor_async
[2026-08-20T11:04:10.420+0000] {logging_mixin.py:190} INFO - [2026-08-20T11:04:10.420+0000] {override.py:1900} INFO - Created Permission View: can read on DAG Run:example_time_delta_sensor_async
[2026-08-20T11:04:10.427+0000] {logging_mixin.py:190} INFO - [2026-08-20T11:04:10.427+0000] {override.py:1900} INFO - Created Permission View: menu access on DAG Run:example_time_delta_sensor_async
[2026-08-20T11:04:10.434+0000] {logging_mixin.py:190} INFO - [2026-08-20T11:04:10.434+0000] {override.py:1900} INFO - Created Permission View: can delete on DAG Run:example_time_delta_sensor_async
[2026-08-20T11:04:10.434+0000] {logging_mixin.py:190} INFO - [2026-08-20T11:04:10.434+0000] {dag.py:3239} INFO - Sync 1 DAGs
[2026-08-20T11:04:10.443+0000] {logging_mixin.py:190} INFO - [2026-08-20T11:04:10.443+0000] {dag.py:3262} INFO - Creating ORM DAG for example_time_delta_sensor_async
[2026-08-20T11:04:10.443+0000] {logging_mixin.py:190} INFO - [2026-08-20T11:04:10.443+0000] {dag.py:4180} INFO - Setting next_dagrun for example_time_delta_sensor_async to None, run_after=None
[2026-08-20T11:04:10.459+0000] {processor.py:208} INFO - Processing /workspaces/lab-2/.venv/lib/python3.12/site-packages/airflow/example_dags/example_time_delta_sensor_async.py took 0.182 seconds
[2026-08-20T11:05:13.064+0000] {processor.py:186} INFO - Started process (PID=25261) to work on /workspaces/lab-2/.venv/lib/python3.12/site-packages/airflow/example_dags/example_time_delta_sensor_async.py
[2026-08-20T11:05:13.064+0000] {processor.py:914} INFO - Processing file /workspaces/lab-2/.venv/lib/python3.12/site-packages/airflow/example_dags/example_time_delta_sensor_async.py for tasks to queue
[2026-08-20T11:05:13.066+0000] {logging_mixin.py:190} INFO - [2026-08-20T11:05:13.066+0000] {dagbag.py:588} INFO - Filling up the DagBag from /workspaces/lab-2/.venv/lib/python3.12/site-packages/airflow/example_dags/example_time_delta_sensor_async.py
[2026-08-20T11:05:13.073+0000] {processor.py:925} INFO - DAG(s) 'example_time_delta_sensor_async' retrieved from /workspaces/lab-2/.venv/lib/python3.12/site-packages/airflow/example_dags/example_time_delta_sensor_async.py
[2026-08-20T11:05:13.086+0000] {logging_mixin.py:190} INFO - [2026-08-20T11:05:13.086+0000] {dag.py:3239} INFO - Sync 1 DAGs
[2026-08-20T11:05:13.096+0000] {logging_mixin.py:190} INFO - [2026-08-20T11:05:13.096+0000] {dag.py:4180} INFO - Setting next_dagrun for example_time_delta_sensor_async to None, run_after=None
[2026-08-20T11:05:13.114+0000] {processor.py:208} INFO - Processing /workspaces/lab-2/.venv/lib/python3.12/site-packages/airflow/example_dags/example_time_delta_sensor_async.py took 0.055 seconds
[2026-08-20T11:06:06.418+0000] {processor.py:186} INFO - Started process (PID=26039) to work on /workspaces/lab-2/.venv/lib/python3.12/site-packages/airflow/example_dags/example_time_delta_sensor_async.py
[2026-08-20T11:06:06.419+0000] {processor.py:914} INFO - Processing file /workspaces/lab-2/.venv/lib/python3.12/site-packages/airflow/example_dags/example_time_delta_sensor_async.py for tasks to queue
[2026-08-20T11:06:06.422+0000] {logging_mixin.py:190} INFO - [2026-08-20T11:06:06.421+0000] {dagbag.py:588} INFO - Filling up the DagBag from /workspaces/lab-2/.venv/lib/python3.12/site-packages/airflow/example_dags/example_time_delta_sensor_async.py
[2026-08-20T11:06:06.428+0000] {processor.py:925} INFO - DAG(s) 'example_time_delta_sensor_async' retrieved from /workspaces/lab-2/.venv/lib/python3.12/site-packages/airflow/example_dags/example_time_delta_sensor_async.py
[2026-08-20T11:06:06.441+0000] {logging_mixin.py:190} INFO - [2026-08-20T11:06:06.441+0000] {dag.py:3239} INFO - Sync 1 DAGs
[2026-08-20T11:06:06.452+0000] {logging_mixin.py:190} INFO - [2026-08-20T11:06:06.451+0000] {dag.py:4180} INFO - Setting next_dagrun for example_time_delta_sensor_async to None, run_after=None
[2026-08-20T11:06:06.469+0000] {processor.py:208} INFO - Processing /workspaces/lab-2/.venv/lib/python3.12/site-packages/airflow/example_dags/example_time_delta_sensor_async.py took 0.057 seconds
[2026-08-20T11:06:55.273+0000] {processor.py:186} INFO - Started process (PID=26800) to work on /workspaces/lab-2/.venv/lib/python3.12/site-packages/airflow/example_dags/example_time_delta_sensor_async.py
[2026-08-20T11:06:55.274+0000] {processor.py:914} INFO - Processing file /workspaces/lab-2/.venv/lib/python3.12/site-packages/airflow/example_dags/example_time_delta_sensor_async.py for tasks to queue
[2026-08-20T11:06:55.275+0000] {logging_mixin.py:190} INFO - [2026-08-20T11:06:55.275+0000] {dagbag.py:588} INFO - Filling up the DagBag from /workspaces/lab-2/.venv/lib/python3.12/site-packages/airflow/example_dags/example_time_delta_sensor_async.py
[2026-08-20T11:06:55.281+0000] {processor.py:925} INFO - DAG(s) 'example_time_delta_sensor_async' retrieved from /workspaces/lab-2/.venv/lib/python3.12/site-packages/airflow/example_dags/example_time_delta_sensor_async.py
[2026-08-20T11:06:55.295+0000] {logging_mixin.py:190} INFO - [2026-08-20T11:06:55.295+0000] {dag.py:3239} INFO - Sync 1 DAGs
[2026-08-20T11:06:55.305+0000] {logging_mixin.py:190} INFO - [2026-08-20T11:06:55.305+0000] {dag.py:4180} INFO - Setting next_dagrun for example_time_delta_sensor_async to None, run_after=None
[2026-08-20T11:06:55.323+0000] {processor.py:208} INFO - Processing /workspaces/lab-2/.venv/lib/python3.12/site-packages/airflow/example_dags/example_time_delta_sensor_async.py took 0.055 seconds
[2026-08-20T11:07:50.929+0000] {processor.py:186} INFO - Started process (PID=27457) to work on /workspaces/lab-2/.venv/lib/python3.12/site-packages/airflow/example_dags/example_time_delta_sensor_async.py
[2026-08-20T11:07:50.930+0000] {processor.py:914} INFO - Processing file /workspaces/lab-2/.venv/lib/python3.12/site-packages/airflow/example_dags/example_time_delta_sensor_async.py for tasks to queue
[2026-08-20T11:07:50.931+0000] {logging_mixin.py:190} INFO - [2026-08-20T11:07:50.931+0000] {dagbag.py:588} INFO - Filling up the DagBag from /workspaces/lab-2/.venv/lib/python3.12/site-packages/airflow/example_dags/example_time_delta_sensor_async.py
[2026-08-20T11:07:50.937+0000] {processor.py:925} INFO - DAG(s) 'example_time_delta_sensor_async' retrieved from /workspaces/lab-2/.venv/lib/python3.12/site-packages/airflow/example_dags/example_time_delta_sensor_async.py
[2026-08-20T11:07:50.951+0000] {logging_mixin.py:190} INFO - [2026-08-20T11:07:50.950+0000] {dag.py:3239} INFO - Sync 1 DAGs
[2026-08-20T11:07:50.963+0000] {logging_mixin.py:190} INFO - [2026-08-20T11:07:50.963+0000] {dag.py:4180} INFO - Setting next_dagrun for example_time_delta_sensor_async to None, run_after=None
[2026-08-20T11:07:50.985+0000] {processor.py:208} INFO - Processing /workspaces/lab-2/.venv/lib/python3.12/site-packages/airflow/example_dags/example_time_delta_sensor_async.py took 0.062 seconds
[2026-08-20T11:08:46.510+0000] {processor.py:186} INFO - Started process (PID=28725) to work on /workspaces/lab-2/.venv/lib/python3.12/site-packages/airflow/example_dags/example_time_delta_sensor_async.py
[2026-08-20T11:08:46.511+0000] {processor.py:914} INFO - Processing file /workspaces/lab-2/.venv/lib/python3.12/site-packages/airflow/example_dags/example_time_delta_sensor_async.py for tasks to queue
[2026-08-20T11:08:46.513+0000] {logging_mixin.py:190} INFO - [2026-08-20T11:08:46.513+0000] {dagbag.py:588} INFO - Filling up the DagBag from /workspaces/lab-2/.venv/lib/python3.12/site-packages/airflow/example_dags/example_time_delta_sensor_async.py
[2026-08-20T11:08:46.519+0000] {processor.py:925} INFO - DAG(s) 'example_time_delta_sensor_async' retrieved from /workspaces/lab-2/.venv/lib/python3.12/site-packages/airflow/example_dags/example_time_delta_sensor_async.py
[2026-08-20T11:08:46.532+0000] {logging_mixin.py:190} INFO - [2026-08-20T11:08:46.532+0000] {dag.py:3239} INFO - Sync 1 DAGs
[2026-08-20T11:08:46.542+0000] {logging_mixin.py:190} INFO - [2026-08-20T11:08:46.542+0000] {dag.py:4180} INFO - Setting next_dagrun for example_time_delta_sensor_async to None, run_after=None
[2026-08-20T11:08:46.564+0000] {processor.py:208} INFO - Processing /workspaces/lab-2/.venv/lib/python3.12/site-packages/airflow/example_dags/example_time_delta_sensor_async.py took 0.058 seconds
[2026-08-20T11:09:39.912+0000] {processor.py:186} INFO - Started process (PID=29552) to work on /workspaces/lab-2/.venv/lib/python3.12/site-packages/airflow/example_dags/example_time_delta_sensor_async.py
[2026-08-20T11:09:39.913+0000] {processor.py:914} INFO - Processing file /workspaces/lab-2/.venv/lib/python3.12/site-packages/airflow/example_dags/example_time_delta_sensor_async.py for tasks to queue
[2026-08-20T11:09:39.915+0000] {logging_mixin.py:190} INFO - [2026-08-20T11:09:39.915+0000] {dagbag.py:588} INFO - Filling up the DagBag from /workspaces/lab-2/.venv/lib/python3.12/site-packages/airflow/example_dags/example_time_delta_sensor_async.py
[2026-08-20T11:09:39.922+0000] {processor.py:925} INFO - DAG(s) 'example_time_delta_sensor_async' retrieved from /workspaces/lab-2/.venv/lib/python3.12/site-packages/airflow/example_dags/example_time_delta_sensor_async.py
[2026-08-20T11:09:39.939+0000] {logging_mixin.py:190} INFO - [2026-08-20T11:09:39.938+0000] {dag.py:3239} INFO - Sync 1 DAGs
[2026-08-20T11:09:39.950+0000] {logging_mixin.py:190} INFO - [2026-08-20T11:09:39.950+0000] {dag.py:4180} INFO - Setting next_dagrun for example_time_delta_sensor_async to None, run_after=None
[2026-08-20T11:09:39.968+0000] {processor.py:208} INFO - Processing /workspaces/lab-2/.venv/lib/python3.12/site-packages/airflow/example_dags/example_time_delta_sensor_async.py took 0.063 seconds
[2026-08-20T11:10:32.343+0000] {processor.py:186} INFO - Started process (PID=30532) to work on /workspaces/lab-2/.venv/lib/python3.12/site-packages/airflow/example_dags/example_time_delta_sensor_async.py
[2026-08-20T11:10:32.344+0000] {processor.py:914} INFO - Processing file /workspaces/lab-2/.venv/lib/python3.12/site-packages/airflow/example_dags/example_time_delta_sensor_async.py for tasks to queue
[2026-08-20T11:10:32.347+0000] {logging_mixin.py:190} INFO - [2026-08-20T11:10:32.347+0000] {dagbag.py:588} INFO - Filling up the DagBag from /workspaces/lab-2/.venv/lib/python3.12/site-packages/airflow/example_dags/example_time_delta_sensor_async.py
[2026-08-20T11:10:32.355+0000] {processor.py:925} INFO - DAG(s) 'example_time_delta_sensor_async' retrieved from /workspaces/lab-2/.venv/lib/python3.12/site-packages/airflow/example_dags/example_time_delta_sensor_async.py
[2026-08-20T11:10:32.379+0000] {logging_mixin.py:190} INFO - [2026-08-20T11:10:32.379+0000] {dag.py:3239} INFO - Sync 1 DAGs
[2026-08-20T11:10:32.401+0000] {logging_mixin.py:190} INFO - [2026-08-20T11:10:32.401+0000] {dag.py:4180} INFO - Setting next_dagrun for example_time_delta_sensor_async to None, run_after=None
[2026-08-20T11:10:32.437+0000] {processor.py:208} INFO - Processing /workspaces/lab-2/.venv/lib/python3.12/site-packages/airflow/example_dags/example_time_delta_sensor_async.py took 0.099 seconds
[2026-08-20T11:11:22.062+0000] {processor.py:186} INFO - Started process (PID=31387) to work on /workspaces/lab-2/.venv/lib/python3.12/site-packages/airflow/example_dags/example_time_delta_sensor_async.py
[2026-08-20T11:11:22.062+0000] {processor.py:914} INFO - Processing file /workspaces/lab-2/.venv/lib/python3.12/site-packages/airflow/example_dags/example_time_delta_sensor_async.py for tasks to queue
[2026-08-20T11:11:22.065+0000] {logging_mixin.py:190} INFO - [2026-08-20T11:11:22.065+0000] {dagbag.py:588} INFO - Filling up the DagBag from /workspaces/lab-2/.venv/lib/python3.12/site-packages/airflow/example_dags/example_time_delta_sensor_async.py
[2026-08-20T11:11:22.071+0000] {processor.py:925} INFO - DAG(s) 'example_time_delta_sensor_async' retrieved from /workspaces/lab-2/.venv/lib/python3.12/site-packages/airflow/example_dags/example_time_delta_sensor_async.py
[2026-08-20T11:11:22.086+0000] {logging_mixin.py:190} INFO - [2026-08-20T11:11:22.085+0000] {dag.py:3239} INFO - Sync 1 DAGs
[2026-08-20T11:11:22.097+0000] {logging_mixin.py:190} INFO - [2026-08-20T11:11:22.096+0000] {dag.py:4180} INFO - Setting next_dagrun for example_time_delta_sensor_async to None, run_after=None
[2026-08-20T11:11:22.115+0000] {processor.py:208} INFO - Processing /workspaces/lab-2/.venv/lib/python3.12/site-packages/airflow/example_dags/example_time_delta_sensor_async.py took 0.058 seconds
[2026-08-20T11:11:31.671+0000] {processor.py:186} INFO - Started process (PID=31571) to work on /workspaces/lab-2/.venv/lib/python3.12/site-packages/airflow/example_dags/example_time_delta_sensor_async.py
[2026-08-20T11:11:31.672+0000] {processor.py:914} INFO - Processing file /workspaces/lab-2/.venv/lib/python3.12/site-packages/airflow/example_dags/example_time_delta_sensor_async.py for tasks to queue
[2026-08-20T11:11:31.674+0000] {logging_mixin.py:190} INFO - [2026-08-20T11:11:31.673+0000] {dagbag.py:588} INFO - Filling up the DagBag from /workspaces/lab-2/.venv/lib/python3.12/site-packages/airflow/example_dags/example_time_delta_sensor_async.py
[2026-08-20T11:11:31.681+0000] {processor.py:925} INFO - DAG(s) 'example_time_delta_sensor_async' retrieved from /workspaces/lab-2/.venv/lib/python3.12/site-packages/airflow/example_dags/example_time_delta_sensor_async.py
[2026-08-20T11:11:31.700+0000] {logging_mixin.py:190} INFO - [2026-08-20T11:11:31.700+0000] {dag.py:3239} INFO - Sync 1 DAGs
[2026-08-20T11:11:31.710+0000] {logging_mixin.py:190} INFO - [2026-08-20T11:11:31.710+0000] {dag.py:4180} INFO - Setting next_dagrun for example_time_delta_sensor_async to None, run_after=None
[2026-08-20T11:11:31.730+0000] {processor.py:208} INFO - Processing /workspaces/lab-2/.venv/lib/python3.12/site-packages/airflow/example_dags/example_time_delta_sensor_async.py took 0.063 seconds
[2026-08-20T11:12:14.811+0000] {processor.py:186} INFO - Started process (PID=32749) to work on /workspaces/lab-2/.venv/lib/python3.12/site-packages/airflow/example_dags/example_time_delta_sensor_async.py
[2026-08-20T11:12:14.812+0000] {processor.py:914} INFO - Processing file /workspaces/lab-2/.venv/lib/python3.12/site-packages/airflow/example_dags/example_time_delta_sensor_async.py for tasks to queue
[2026-08-20T11:12:14.814+0000] {logging_mixin.py:190} INFO - [2026-08-20T11:12:14.814+0000] {dagbag.py:588} INFO - Filling up the DagBag from /workspaces/lab-2/.venv/lib/python3.12/site-packages/airflow/example_dags/example_time_delta_sensor_async.py
[2026-08-20T11:12:14.820+0000] {processor.py:925} INFO - DAG(s) 'example_time_delta_sensor_async' retrieved from /workspaces/lab-2/.venv/lib/python3.12/site-packages/airflow/example_dags/example_time_delta_sensor_async.py
[2026-08-20T11:12:14.832+0000] {logging_mixin.py:190} INFO - [2026-08-20T11:12:14.832+0000] {dag.py:3239} INFO - Sync 1 DAGs
[2026-08-20T11:12:14.842+0000] {logging_mixin.py:190} INFO - [2026-08-20T11:12:14.842+0000] {dag.py:4180} INFO - Setting next_dagrun for example_time_delta_sensor_async to None, run_after=None
[2026-08-20T11:12:14.861+0000] {processor.py:208} INFO - Processing /workspaces/lab-2/.venv/lib/python3.12/site-packages/airflow/example_dags/example_time_delta_sensor_async.py took 0.055 seconds
[2026-08-20T11:12:27.615+0000] {processor.py:186} INFO - Started process (PID=32870) to work on /workspaces/lab-2/.venv/lib/python3.12/site-packages/airflow/example_dags/example_time_delta_sensor_async.py
[2026-08-20T11:12:27.616+0000] {processor.py:914} INFO - Processing file /workspaces/lab-2/.venv/lib/python3.12/site-packages/airflow/example_dags/example_time_delta_sensor_async.py for tasks to queue
[2026-08-20T11:12:27.618+0000] {logging_mixin.py:190} INFO - [2026-08-20T11:12:27.617+0000] {dagbag.py:588} INFO - Filling up the DagBag from /workspaces/lab-2/.venv/lib/python3.12/site-packages/airflow/example_dags/example_time_delta_sensor_async.py
[2026-08-20T11:12:27.623+0000] {processor.py:925} INFO - DAG(s) 'example_time_delta_sensor_async' retrieved from /workspaces/lab-2/.venv/lib/python3.12/site-packages/airflow/example_dags/example_time_delta_sensor_async.py
[2026-08-20T11:12:27.636+0000] {logging_mixin.py:190} INFO - [2026-08-20T11:12:27.636+0000] {dag.py:3239} INFO - Sync 1 DAGs
[2026-08-20T11:12:27.646+0000] {logging_mixin.py:190} INFO - [2026-08-20T11:12:27.646+0000] {dag.py:4180} INFO - Setting next_dagrun for example_time_delta_sensor_async to None, run_after=None
[2026-08-20T11:12:27.665+0000] {processor.py:208} INFO - Processing /workspaces/lab-2/.venv/lib/python3.12/site-packages/airflow/example_dags/example_time_delta_sensor_async.py took 0.056 seconds
[2026-08-20T11:13:11.735+0000] {processor.py:186} INFO - Started process (PID=33528) to work on /workspaces/lab-2/.venv/lib/python3.12/site-packages/airflow/example_dags/example_time_delta_sensor_async.py
[2026-08-20T11:13:11.736+0000] {processor.py:914} INFO - Processing file /workspaces/lab-2/.venv/lib/python3.12/site-packages/airflow/example_dags/example_time_delta_sensor_async.py for tasks to queue
[2026-08-20T11:13:11.738+0000] {logging_mixin.py:190} INFO - [2026-08-20T11:13:11.738+0000] {dagbag.py:588} INFO - Filling up the DagBag from /workspaces/lab-2/.venv/lib/python3.12/site-packages/airflow/example_dags/example_time_delta_sensor_async.py
[2026-08-20T11:13:11.744+0000] {processor.py:925} INFO - DAG(s) 'example_time_delta_sensor_async' retrieved from /workspaces/lab-2/.venv/lib/python3.12/site-packages/airflow/example_dags/example_time_delta_sensor_async.py
[2026-08-20T11:13:11.831+0000] {logging_mixin.py:190} INFO - [2026-08-20T11:13:11.831+0000] {dag.py:3239} INFO - Sync 1 DAGs
[2026-08-20T11:13:11.840+0000] {logging_mixin.py:190} INFO - [2026-08-20T11:13:11.840+0000] {dag.py:4180} INFO - Setting next_dagrun for example_time_delta_sensor_async to None, run_after=None
[2026-08-20T11:13:11.861+0000] {processor.py:208} INFO - Processing /workspaces/lab-2/.venv/lib/python3.12/site-packages/airflow/example_dags/example_time_delta_sensor_async.py took 0.130 seconds
[2026-08-20T11:13:20.959+0000] {processor.py:186} INFO - Started process (PID=33803) to work on /workspaces/lab-2/.venv/lib/python3.12/site-packages/airflow/example_dags/example_time_delta_sensor_async.py
[2026-08-20T11:13:20.960+0000] {processor.py:914} INFO - Processing file /workspaces/lab-2/.venv/lib/python3.12/site-packages/airflow/example_dags/example_time_delta_sensor_async.py for tasks to queue
[2026-08-20T11:13:20.963+0000] {logging_mixin.py:190} INFO - [2026-08-20T11:13:20.962+0000] {dagbag.py:588} INFO - Filling up the DagBag from /workspaces/lab-2/.venv/lib/python3.12/site-packages/airflow/example_dags/example_time_delta_sensor_async.py
[2026-08-20T11:13:20.971+0000] {processor.py:925} INFO - DAG(s) 'example_time_delta_sensor_async' retrieved from /workspaces/lab-2/.venv/lib/python3.12/site-packages/airflow/example_dags/example_time_delta_sensor_async.py
[2026-08-20T11:13:20.981+0000] {logging_mixin.py:190} INFO - [2026-08-20T11:13:20.981+0000] {dag.py:3239} INFO - Sync 1 DAGs
[2026-08-20T11:13:20.998+0000] {logging_mixin.py:190} INFO - [2026-08-20T11:13:20.998+0000] {dag.py:4180} INFO - Setting next_dagrun for example_time_delta_sensor_async to None, run_after=None
[2026-08-20T11:13:21.022+0000] {processor.py:208} INFO - Processing /workspaces/lab-2/.venv/lib/python3.12/site-packages/airflow/example_dags/example_time_delta_sensor_async.py took 0.070 seconds
[2026-08-20T11:14:12.754+0000] {processor.py:186} INFO - Started process (PID=34902) to work on /workspaces/lab-2/.venv/lib/python3.12/site-packages/airflow/example_dags/example_time_delta_sensor_async.py
[2026-08-20T11:14:12.755+0000] {processor.py:914} INFO - Processing file /workspaces/lab-2/.venv/lib/python3.12/site-packages/airflow/example_dags/example_time_delta_sensor_async.py for tasks to queue
[2026-08-20T11:14:12.758+0000] {logging_mixin.py:190} INFO - [2026-08-20T11:14:12.757+0000] {dagbag.py:588} INFO - Filling up the DagBag from /workspaces/lab-2/.venv/lib/python3.12/site-packages/airflow/example_dags/example_time_delta_sensor_async.py
[2026-08-20T11:14:12.766+0000] {processor.py:925} INFO - DAG(s) 'example_time_delta_sensor_async' retrieved from /workspaces/lab-2/.venv/lib/python3.12/site-packages/airflow/example_dags/example_time_delta_sensor_async.py
[2026-08-20T11:14:12.780+0000] {logging_mixin.py:190} INFO - [2026-08-20T11:14:12.779+0000] {dag.py:3239} INFO - Sync 1 DAGs
[2026-08-20T11:14:12.790+0000] {logging_mixin.py:190} INFO - [2026-08-20T11:14:12.790+0000] {dag.py:4180} INFO - Setting next_dagrun for example_time_delta_sensor_async to None, run_after=None
[2026-08-20T11:14:12.807+0000] {processor.py:208} INFO - Processing /workspaces/lab-2/.venv/lib/python3.12/site-packages/airflow/example_dags/example_time_delta_sensor_async.py took 0.060 seconds
[2026-08-20T11:14:16.053+0000] {processor.py:186} INFO - Started process (PID=34958) to work on /workspaces/lab-2/.venv/lib/python3.12/site-packages/airflow/example_dags/example_time_delta_sensor_async.py
[2026-08-20T11:14:16.054+0000] {processor.py:914} INFO - Processing file /workspaces/lab-2/.venv/lib/python3.12/site-packages/airflow/example_dags/example_time_delta_sensor_async.py for tasks to queue
[2026-08-20T11:14:16.056+0000] {logging_mixin.py:190} INFO - [2026-08-20T11:14:16.056+0000] {dagbag.py:588} INFO - Filling up the DagBag from /workspaces/lab-2/.venv/lib/python3.12/site-packages/airflow/example_dags/example_time_delta_sensor_async.py
[2026-08-20T11:14:16.062+0000] {processor.py:925} INFO - DAG(s) 'example_time_delta_sensor_async' retrieved from /workspaces/lab-2/.venv/lib/python3.12/site-packages/airflow/example_dags/example_time_delta_sensor_async.py
[2026-08-20T11:14:16.075+0000] {logging_mixin.py:190} INFO - [2026-08-20T11:14:16.075+0000] {dag.py:3239} INFO - Sync 1 DAGs
[2026-08-20T11:14:16.086+0000] {logging_mixin.py:190} INFO - [2026-08-20T11:14:16.085+0000] {dag.py:4180} INFO - Setting next_dagrun for example_time_delta_sensor_async to None, run_after=None
[2026-08-20T11:14:16.104+0000] {processor.py:208} INFO - Processing /workspaces/lab-2/.venv/lib/python3.12/site-packages/airflow/example_dags/example_time_delta_sensor_async.py took 0.057 seconds
[2026-08-20T11:16:52.736+0000] {processor.py:186} INFO - Started process (PID=39779) to work on /workspaces/lab-2/.venv/lib/python3.12/site-packages/airflow/example_dags/example_time_delta_sensor_async.py
[2026-08-20T11:16:52.740+0000] {processor.py:914} INFO - Processing file /workspaces/lab-2/.venv/lib/python3.12/site-packages/airflow/example_dags/example_time_delta_sensor_async.py for tasks to queue
[2026-08-20T11:16:52.745+0000] {logging_mixin.py:190} INFO - [2026-08-20T11:16:52.744+0000] {dagbag.py:588} INFO - Filling up the DagBag from /workspaces/lab-2/.venv/lib/python3.12/site-packages/airflow/example_dags/example_time_delta_sensor_async.py
[2026-08-20T11:16:52.796+0000] {processor.py:925} INFO - DAG(s) 'example_time_delta_sensor_async' retrieved from /workspaces/lab-2/.venv/lib/python3.12/site-packages/airflow/example_dags/example_time_delta_sensor_async.py
[2026-08-20T11:16:53.430+0000] {logging_mixin.py:190} INFO - [2026-08-20T11:16:53.428+0000] {dag.py:3239} INFO - Sync 1 DAGs
[2026-08-20T11:16:53.466+0000] {logging_mixin.py:190} INFO - [2026-08-20T11:16:53.456+0000] {dag.py:4180} INFO - Setting next_dagrun for example_time_delta_sensor_async to None, run_after=None
[2026-08-20T11:16:53.620+0000] {processor.py:208} INFO - Processing /workspaces/lab-2/.venv/lib/python3.12/site-packages/airflow/example_dags/example_time_delta_sensor_async.py took 0.898 seconds
