[2026-08-20T11:04:08.770+0000] {processor.py:186} INFO - Started process (PID=24353) to work on /workspaces/lab-2/.venv/lib/python3.12/site-packages/airflow/example_dags/example_trigger_controller_dag.py
[2026-08-20T11:04:08.771+0000] {processor.py:914} INFO - Processing file /workspaces/lab-2/.venv/lib/python3.12/site-packages/airflow/example_dags/example_trigger_controller_dag.py for tasks to queue
[2026-08-20T11:04:08.776+0000] {logging_mixin.py:190} INFO - [2026-08-20T11:04:08.776+0000] {dagbag.py:588} INFO - Filling up the DagBag from /workspaces/lab-2/.venv/lib/python3.12/site-packages/airflow/example_dags/example_trigger_controller_dag.py
[2026-08-20T11:04:08.781+0000] {processor.py:925} INFO - DAG(s) 'example_trigger_controller_dag' retrieved from /workspaces/lab-2/.venv/lib/python3.12/site-packages/airflow/example_dags/example_trigger_controller_dag.py
[2026-08-20T11:04:08.870+0000] {logging_mixin.py:190} INFO - [2026-08-20T11:04:08.869+0000] {override.py:1900} INFO - Created Permission View: can edit on DAG:example_trigger_controller_dag
[2026-08-20T11:04:08.879+0000] {logging_mixin.py:190} INFO - [2026-08-20T11:04:08.879+0000] {override.py:1900} INFO - Created Permission View: can read on DAG:example_trigger_controller_dag
[2026-08-20T11:04:08.886+0000] {logging_mixin.py:190} INFO - [2026-08-20T11:04:08.885+0000] {override.py:1900} INFO - Created Permission View: can delete on DAG:example_trigger_controller_dag
[2026-08-20T11:04:08.897+0000] {logging_mixin.py:190} INFO - [2026-08-20T11:04:08.897+0000] {override.py:1900} INFO - Created Permission View: can create on DAG Run:example_trigger_controller_dag
[2026-08-20T11:04:08.904+0000] {logging_mixin.py:190} INFO - [2026-08-20T11:04:08.904+0000] {override.py:1900} INFO - Created Permission View: can read on DAG Run:example_trigger_controller_dag
[2026-08-20T11:04:08.913+0000] {logging_mixin.py:190} INFO - [2026-08-20T11:04:08.913+0000] {override.py:1900} INFO - Created Permission View: menu access on DAG Run:example_trigger_controller_dag
[2026-08-20T11:04:08.923+0000] {logging_mixin.py:190} INFO - [2026-08-20T11:04:08.923+0000] {override.py:1900} INFO - Created Permission View: can delete on DAG Run:example_trigger_controller_dag
[2026-08-20T11:04:08.924+0000] {logging_mixin.py:190} INFO - [2026-08-20T11:04:08.923+0000] {dag.py:3239} INFO - Sync 1 DAGs
[2026-08-20T11:04:08.935+0000] {logging_mixin.py:190} INFO - [2026-08-20T11:04:08.935+0000] {dag.py:3262} INFO - Creating ORM DAG for example_trigger_controller_dag
[2026-08-20T11:04:08.947+0000] {logging_mixin.py:190} INFO - [2026-08-20T11:04:08.946+0000] {dag.py:4180} INFO - Setting next_dagrun for example_trigger_controller_dag to 2021-01-01 00:00:00+00:00, run_after=2021-01-01 00:00:00+00:00
[2026-08-20T11:04:08.970+0000] {processor.py:208} INFO - Processing /workspaces/lab-2/.venv/lib/python3.12/site-packages/airflow/example_dags/example_trigger_controller_dag.py took 0.204 seconds
[2026-08-20T11:05:11.351+0000] {processor.py:186} INFO - Started process (PID=25253) to work on /workspaces/lab-2/.venv/lib/python3.12/site-packages/airflow/example_dags/example_trigger_controller_dag.py
[2026-08-20T11:05:11.355+0000] {processor.py:914} INFO - Processing file /workspaces/lab-2/.venv/lib/python3.12/site-packages/airflow/example_dags/example_trigger_controller_dag.py for tasks to queue
[2026-08-20T11:05:11.358+0000] {logging_mixin.py:190} INFO - [2026-08-20T11:05:11.358+0000] {dagbag.py:588} INFO - Filling up the DagBag from /workspaces/lab-2/.venv/lib/python3.12/site-packages/airflow/example_dags/example_trigger_controller_dag.py
[2026-08-20T11:05:11.367+0000] {processor.py:925} INFO - DAG(s) 'example_trigger_controller_dag' retrieved from /workspaces/lab-2/.venv/lib/python3.12/site-packages/airflow/example_dags/example_trigger_controller_dag.py
[2026-08-20T11:05:11.382+0000] {logging_mixin.py:190} INFO - [2026-08-20T11:05:11.382+0000] {dag.py:3239} INFO - Sync 1 DAGs
[2026-08-20T11:05:11.397+0000] {logging_mixin.py:190} INFO - [2026-08-20T11:05:11.397+0000] {dag.py:4180} INFO - Setting next_dagrun for example_trigger_controller_dag to 2021-01-01 00:00:00+00:00, run_after=2021-01-01 00:00:00+00:00
[2026-08-20T11:05:11.415+0000] {processor.py:208} INFO - Processing /workspaces/lab-2/.venv/lib/python3.12/site-packages/airflow/example_dags/example_trigger_controller_dag.py took 0.070 seconds
[2026-08-20T11:06:04.490+0000] {processor.py:186} INFO - Started process (PID=26029) to work on /workspaces/lab-2/.venv/lib/python3.12/site-packages/airflow/example_dags/example_trigger_controller_dag.py
[2026-08-20T11:06:04.491+0000] {processor.py:914} INFO - Processing file /workspaces/lab-2/.venv/lib/python3.12/site-packages/airflow/example_dags/example_trigger_controller_dag.py for tasks to queue
[2026-08-20T11:06:04.493+0000] {logging_mixin.py:190} INFO - [2026-08-20T11:06:04.493+0000] {dagbag.py:588} INFO - Filling up the DagBag from /workspaces/lab-2/.venv/lib/python3.12/site-packages/airflow/example_dags/example_trigger_controller_dag.py
[2026-08-20T11:06:04.500+0000] {processor.py:925} INFO - DAG(s) 'example_trigger_controller_dag' retrieved from /workspaces/lab-2/.venv/lib/python3.12/site-packages/airflow/example_dags/example_trigger_controller_dag.py
[2026-08-20T11:06:04.513+0000] {logging_mixin.py:190} INFO - [2026-08-20T11:06:04.513+0000] {dag.py:3239} INFO - Sync 1 DAGs
[2026-08-20T11:06:04.529+0000] {logging_mixin.py:190} INFO - [2026-08-20T11:06:04.529+0000] {dag.py:4180} INFO - Setting next_dagrun for example_trigger_controller_dag to 2021-01-01 00:00:00+00:00, run_after=2021-01-01 00:00:00+00:00
[2026-08-20T11:06:04.546+0000] {processor.py:208} INFO - Processing /workspaces/lab-2/.venv/lib/python3.12/site-packages/airflow/example_dags/example_trigger_controller_dag.py took 0.061 seconds
[2026-08-20T11:06:52.983+0000] {processor.py:186} INFO - Started process (PID=26757) to work on /workspaces/lab-2/.venv/lib/python3.12/site-packages/airflow/example_dags/example_trigger_controller_dag.py
[2026-08-20T11:06:52.984+0000] {processor.py:914} INFO - Processing file /workspaces/lab-2/.venv/lib/python3.12/site-packages/airflow/example_dags/example_trigger_controller_dag.py for tasks to queue
[2026-08-20T11:06:52.986+0000] {logging_mixin.py:190} INFO - [2026-08-20T11:06:52.986+0000] {dagbag.py:588} INFO - Filling up the DagBag from /workspaces/lab-2/.venv/lib/python3.12/site-packages/airflow/example_dags/example_trigger_controller_dag.py
[2026-08-20T11:06:52.992+0000] {processor.py:925} INFO - DAG(s) 'example_trigger_controller_dag' retrieved from /workspaces/lab-2/.venv/lib/python3.12/site-packages/airflow/example_dags/example_trigger_controller_dag.py
[2026-08-20T11:06:53.007+0000] {logging_mixin.py:190} INFO - [2026-08-20T11:06:53.007+0000] {dag.py:3239} INFO - Sync 1 DAGs
[2026-08-20T11:06:53.024+0000] {logging_mixin.py:190} INFO - [2026-08-20T11:06:53.024+0000] {dag.py:4180} INFO - Setting next_dagrun for example_trigger_controller_dag to 2021-01-01 00:00:00+00:00, run_after=2021-01-01 00:00:00+00:00
[2026-08-20T11:06:53.042+0000] {processor.py:208} INFO - Processing /workspaces/lab-2/.venv/lib/python3.12/site-packages/airflow/example_dags/example_trigger_controller_dag.py took 0.064 seconds
[2026-08-20T11:07:48.646+0000] {processor.py:186} INFO - Started process (PID=27429) to work on /workspaces/lab-2/.venv/lib/python3.12/site-packages/airflow/example_dags/example_trigger_controller_dag.py
[2026-08-20T11:07:48.647+0000] {processor.py:914} INFO - Processing file /workspaces/lab-2/.venv/lib/python3.12/site-packages/airflow/example_dags/example_trigger_controller_dag.py for tasks to queue
[2026-08-20T11:07:48.650+0000] {logging_mixin.py:190} INFO - [2026-08-20T11:07:48.650+0000] {dagbag.py:588} INFO - Filling up the DagBag from /workspaces/lab-2/.venv/lib/python3.12/site-packages/airflow/example_dags/example_trigger_controller_dag.py
[2026-08-20T11:07:48.659+0000] {processor.py:925} INFO - DAG(s) 'example_trigger_controller_dag' retrieved from /workspaces/lab-2/.venv/lib/python3.12/site-packages/airflow/example_dags/example_trigger_controller_dag.py
[2026-08-20T11:07:48.674+0000] {logging_mixin.py:190} INFO - [2026-08-20T11:07:48.674+0000] {dag.py:3239} INFO - Sync 1 DAGs
[2026-08-20T11:07:48.693+0000] {logging_mixin.py:190} INFO - [2026-08-20T11:07:48.693+0000] {dag.py:4180} INFO - Setting next_dagrun for example_trigger_controller_dag to 2021-01-01 00:00:00+00:00, run_after=2021-01-01 00:00:00+00:00
[2026-08-20T11:07:48.710+0000] {processor.py:208} INFO - Processing /workspaces/lab-2/.venv/lib/python3.12/site-packages/airflow/example_dags/example_trigger_controller_dag.py took 0.070 seconds
[2026-08-20T11:08:44.238+0000] {processor.py:186} INFO - Started process (PID=28711) to work on /workspaces/lab-2/.venv/lib/python3.12/site-packages/airflow/example_dags/example_trigger_controller_dag.py
[2026-08-20T11:08:44.239+0000] {processor.py:914} INFO - Processing file /workspaces/lab-2/.venv/lib/python3.12/site-packages/airflow/example_dags/example_trigger_controller_dag.py for tasks to queue
[2026-08-20T11:08:44.241+0000] {logging_mixin.py:190} INFO - [2026-08-20T11:08:44.241+0000] {dagbag.py:588} INFO - Filling up the DagBag from /workspaces/lab-2/.venv/lib/python3.12/site-packages/airflow/example_dags/example_trigger_controller_dag.py
[2026-08-20T11:08:44.247+0000] {processor.py:925} INFO - DAG(s) 'example_trigger_controller_dag' retrieved from /workspaces/lab-2/.venv/lib/python3.12/site-packages/airflow/example_dags/example_trigger_controller_dag.py
[2026-08-20T11:08:44.261+0000] {logging_mixin.py:190} INFO - [2026-08-20T11:08:44.260+0000] {dag.py:3239} INFO - Sync 1 DAGs
[2026-08-20T11:08:44.276+0000] {logging_mixin.py:190} INFO - [2026-08-20T11:08:44.276+0000] {dag.py:4180} INFO - Setting next_dagrun for example_trigger_controller_dag to 2021-01-01 00:00:00+00:00, run_after=2021-01-01 00:00:00+00:00
[2026-08-20T11:08:44.294+0000] {processor.py:208} INFO - Processing /workspaces/lab-2/.venv/lib/python3.12/site-packages/airflow/example_dags/example_trigger_controller_dag.py took 0.061 seconds
[2026-08-20T11:09:37.988+0000] {processor.py:186} INFO - Started process (PID=29508) to work on /workspaces/lab-2/.venv/lib/python3.12/site-packages/airflow/example_dags/example_trigger_controller_dag.py
[2026-08-20T11:09:37.989+0000] {processor.py:914} INFO - Processing file /workspaces/lab-2/.venv/lib/python3.12/site-packages/airflow/example_dags/example_trigger_controller_dag.py for tasks to queue
[2026-08-20T11:09:37.992+0000] {logging_mixin.py:190} INFO - [2026-08-20T11:09:37.991+0000] {dagbag.py:588} INFO - Filling up the DagBag from /workspaces/lab-2/.venv/lib/python3.12/site-packages/airflow/example_dags/example_trigger_controller_dag.py
[2026-08-20T11:09:37.998+0000] {processor.py:925} INFO - DAG(s) 'example_trigger_controller_dag' retrieved from /workspaces/lab-2/.venv/lib/python3.12/site-packages/airflow/example_dags/example_trigger_controller_dag.py
[2026-08-20T11:09:38.012+0000] {logging_mixin.py:190} INFO - [2026-08-20T11:09:38.011+0000] {dag.py:3239} INFO - Sync 1 DAGs
[2026-08-20T11:09:38.028+0000] {logging_mixin.py:190} INFO - [2026-08-20T11:09:38.028+0000] {dag.py:4180} INFO - Setting next_dagrun for example_trigger_controller_dag to 2021-01-01 00:00:00+00:00, run_after=2021-01-01 00:00:00+00:00
[2026-08-20T11:09:38.048+0000] {processor.py:208} INFO - Processing /workspaces/lab-2/.venv/lib/python3.12/site-packages/airflow/example_dags/example_trigger_controller_dag.py took 0.064 seconds
[2026-08-20T11:10:30.224+0000] {processor.py:186} INFO - Started process (PID=30521) to work on /workspaces/lab-2/.venv/lib/python3.12/site-packages/airflow/example_dags/example_trigger_controller_dag.py
[2026-08-20T11:10:30.225+0000] {processor.py:914} INFO - Processing file /workspaces/lab-2/.venv/lib/python3.12/site-packages/airflow/example_dags/example_trigger_controller_dag.py for tasks to queue
[2026-08-20T11:10:30.227+0000] {logging_mixin.py:190} INFO - [2026-08-20T11:10:30.227+0000] {dagbag.py:588} INFO - Filling up the DagBag from /workspaces/lab-2/.venv/lib/python3.12/site-packages/airflow/example_dags/example_trigger_controller_dag.py
[2026-08-20T11:10:30.233+0000] {processor.py:925} INFO - DAG(s) 'example_trigger_controller_dag' retrieved from /workspaces/lab-2/.venv/lib/python3.12/site-packages/airflow/example_dags/example_trigger_controller_dag.py
[2026-08-20T11:10:30.247+0000] {logging_mixin.py:190} INFO - [2026-08-20T11:10:30.247+0000] {dag.py:3239} INFO - Sync 1 DAGs
[2026-08-20T11:10:30.262+0000] {logging_mixin.py:190} INFO - [2026-08-20T11:10:30.262+0000] {dag.py:4180} INFO - Setting next_dagrun for example_trigger_controller_dag to 2021-01-01 00:00:00+00:00, run_after=2021-01-01 00:00:00+00:00
[2026-08-20T11:10:30.283+0000] {processor.py:208} INFO - Processing /workspaces/lab-2/.venv/lib/python3.12/site-packages/airflow/example_dags/example_trigger_controller_dag.py took 0.064 seconds
[2026-08-20T11:11:20.441+0000] {processor.py:186} INFO - Started process (PID=31341) to work on /workspaces/lab-2/.venv/lib/python3.12/site-packages/airflow/example_dags/example_trigger_controller_dag.py
[2026-08-20T11:11:20.442+0000] {processor.py:914} INFO - Processing file /workspaces/lab-2/.venv/lib/python3.12/site-packages/airflow/example_dags/example_trigger_controller_dag.py for tasks to queue
[2026-08-20T11:11:20.444+0000] {logging_mixin.py:190} INFO - [2026-08-20T11:11:20.444+0000] {dagbag.py:588} INFO - Filling up the DagBag from /workspaces/lab-2/.venv/lib/python3.12/site-packages/airflow/example_dags/example_trigger_controller_dag.py
[2026-08-20T11:11:20.450+0000] {processor.py:925} INFO - DAG(s) 'example_trigger_controller_dag' retrieved from /workspaces/lab-2/.venv/lib/python3.12/site-packages/airflow/example_dags/example_trigger_controller_dag.py
[2026-08-20T11:11:20.463+0000] {logging_mixin.py:190} INFO - [2026-08-20T11:11:20.463+0000] {dag.py:3239} INFO - Sync 1 DAGs
[2026-08-20T11:11:20.478+0000] {logging_mixin.py:190} INFO - [2026-08-20T11:11:20.478+0000] {dag.py:4180} INFO - Setting next_dagrun for example_trigger_controller_dag to 2021-01-01 00:00:00+00:00, run_after=2021-01-01 00:00:00+00:00
[2026-08-20T11:11:20.496+0000] {processor.py:208} INFO - Processing /workspaces/lab-2/.venv/lib/python3.12/site-packages/airflow/example_dags/example_trigger_controller_dag.py took 0.060 seconds
[2026-08-20T11:11:29.391+0000] {processor.py:186} INFO - Started process (PID=31559) to work on /workspaces/lab-2/.venv/lib/python3.12/site-packages/airflow/example_dags/example_trigger_controller_dag.py
[2026-08-20T11:11:29.392+0000] {processor.py:914} INFO - Processing file /workspaces/lab-2/.venv/lib/python3.12/site-packages/airflow/example_dags/example_trigger_controller_dag.py for tasks to queue
[2026-08-20T11:11:29.394+0000] {logging_mixin.py:190} INFO - [2026-08-20T11:11:29.393+0000] {dagbag.py:588} INFO - Filling up the DagBag from /workspaces/lab-2/.venv/lib/python3.12/site-packages/airflow/example_dags/example_trigger_controller_dag.py
[2026-08-20T11:11:29.399+0000] {processor.py:925} INFO - DAG(s) 'example_trigger_controller_dag' retrieved from /workspaces/lab-2/.venv/lib/python3.12/site-packages/airflow/example_dags/example_trigger_controller_dag.py
[2026-08-20T11:11:29.414+0000] {logging_mixin.py:190} INFO - [2026-08-20T11:11:29.414+0000] {dag.py:3239} INFO - Sync 1 DAGs
[2026-08-20T11:11:29.430+0000] {logging_mixin.py:190} INFO - [2026-08-20T11:11:29.430+0000] {dag.py:4180} INFO - Setting next_dagrun for example_trigger_controller_dag to 2021-01-01 00:00:00+00:00, run_after=2021-01-01 00:00:00+00:00
[2026-08-20T11:11:29.449+0000] {processor.py:208} INFO - Processing /workspaces/lab-2/.venv/lib/python3.12/site-packages/airflow/example_dags/example_trigger_controller_dag.py took 0.063 seconds
[2026-08-20T11:12:12.709+0000] {processor.py:186} INFO - Started process (PID=32665) to work on /workspaces/lab-2/.venv/lib/python3.12/site-packages/airflow/example_dags/example_trigger_controller_dag.py
[2026-08-20T11:12:12.709+0000] {processor.py:914} INFO - Processing file /workspaces/lab-2/.venv/lib/python3.12/site-packages/airflow/example_dags/example_trigger_controller_dag.py for tasks to queue
[2026-08-20T11:12:12.712+0000] {logging_mixin.py:190} INFO - [2026-08-20T11:12:12.711+0000] {dagbag.py:588} INFO - Filling up the DagBag from /workspaces/lab-2/.venv/lib/python3.12/site-packages/airflow/example_dags/example_trigger_controller_dag.py
[2026-08-20T11:12:12.718+0000] {processor.py:925} INFO - DAG(s) 'example_trigger_controller_dag' retrieved from /workspaces/lab-2/.venv/lib/python3.12/site-packages/airflow/example_dags/example_trigger_controller_dag.py
[2026-08-20T11:12:12.731+0000] {logging_mixin.py:190} INFO - [2026-08-20T11:12:12.730+0000] {dag.py:3239} INFO - Sync 1 DAGs
[2026-08-20T11:12:12.746+0000] {logging_mixin.py:190} INFO - [2026-08-20T11:12:12.745+0000] {dag.py:4180} INFO - Setting next_dagrun for example_trigger_controller_dag to 2021-01-01 00:00:00+00:00, run_after=2021-01-01 00:00:00+00:00
[2026-08-20T11:12:12.762+0000] {processor.py:208} INFO - Processing /workspaces/lab-2/.venv/lib/python3.12/site-packages/airflow/example_dags/example_trigger_controller_dag.py took 0.060 seconds
[2026-08-20T11:12:25.232+0000] {processor.py:186} INFO - Started process (PID=32846) to work on /workspaces/lab-2/.venv/lib/python3.12/site-packages/airflow/example_dags/example_trigger_controller_dag.py
[2026-08-20T11:12:25.233+0000] {processor.py:914} INFO - Processing file /workspaces/lab-2/.venv/lib/python3.12/site-packages/airflow/example_dags/example_trigger_controller_dag.py for tasks to queue
[2026-08-20T11:12:25.237+0000] {logging_mixin.py:190} INFO - [2026-08-20T11:12:25.237+0000] {dagbag.py:588} INFO - Filling up the DagBag from /workspaces/lab-2/.venv/lib/python3.12/site-packages/airflow/example_dags/example_trigger_controller_dag.py
[2026-08-20T11:12:25.250+0000] {processor.py:925} INFO - DAG(s) 'example_trigger_controller_dag' retrieved from /workspaces/lab-2/.venv/lib/python3.12/site-packages/airflow/example_dags/example_trigger_controller_dag.py
[2026-08-20T11:12:25.277+0000] {logging_mixin.py:190} INFO - [2026-08-20T11:12:25.277+0000] {dag.py:3239} INFO - Sync 1 DAGs
[2026-08-20T11:12:25.310+0000] {logging_mixin.py:190} INFO - [2026-08-20T11:12:25.309+0000] {dag.py:4180} INFO - Setting next_dagrun for example_trigger_controller_dag to 2021-01-01 00:00:00+00:00, run_after=2021-01-01 00:00:00+00:00
[2026-08-20T11:12:25.343+0000] {processor.py:208} INFO - Processing /workspaces/lab-2/.venv/lib/python3.12/site-packages/airflow/example_dags/example_trigger_controller_dag.py took 0.119 seconds
[2026-08-20T11:13:09.204+0000] {processor.py:186} INFO - Started process (PID=33480) to work on /workspaces/lab-2/.venv/lib/python3.12/site-packages/airflow/example_dags/example_trigger_controller_dag.py
[2026-08-20T11:13:09.205+0000] {processor.py:914} INFO - Processing file /workspaces/lab-2/.venv/lib/python3.12/site-packages/airflow/example_dags/example_trigger_controller_dag.py for tasks to queue
[2026-08-20T11:13:09.207+0000] {logging_mixin.py:190} INFO - [2026-08-20T11:13:09.207+0000] {dagbag.py:588} INFO - Filling up the DagBag from /workspaces/lab-2/.venv/lib/python3.12/site-packages/airflow/example_dags/example_trigger_controller_dag.py
[2026-08-20T11:13:09.214+0000] {processor.py:925} INFO - DAG(s) 'example_trigger_controller_dag' retrieved from /workspaces/lab-2/.venv/lib/python3.12/site-packages/airflow/example_dags/example_trigger_controller_dag.py
[2026-08-20T11:13:09.301+0000] {logging_mixin.py:190} INFO - [2026-08-20T11:13:09.301+0000] {dag.py:3239} INFO - Sync 1 DAGs
[2026-08-20T11:13:09.316+0000] {logging_mixin.py:190} INFO - [2026-08-20T11:13:09.316+0000] {dag.py:4180} INFO - Setting next_dagrun for example_trigger_controller_dag to 2021-01-01 00:00:00+00:00, run_after=2021-01-01 00:00:00+00:00
[2026-08-20T11:13:09.335+0000] {processor.py:208} INFO - Processing /workspaces/lab-2/.venv/lib/python3.12/site-packages/airflow/example_dags/example_trigger_controller_dag.py took 0.135 seconds
[2026-08-20T11:13:18.668+0000] {processor.py:186} INFO - Started process (PID=33722) to work on /workspaces/lab-2/.venv/lib/python3.12/site-packages/airflow/example_dags/example_trigger_controller_dag.py
[2026-08-20T11:13:18.668+0000] {processor.py:914} INFO - Processing file /workspaces/lab-2/.venv/lib/python3.12/site-packages/airflow/example_dags/example_trigger_controller_dag.py for tasks to queue
[2026-08-20T11:13:18.671+0000] {logging_mixin.py:190} INFO - [2026-08-20T11:13:18.670+0000] {dagbag.py:588} INFO - Filling up the DagBag from /workspaces/lab-2/.venv/lib/python3.12/site-packages/airflow/example_dags/example_trigger_controller_dag.py
[2026-08-20T11:13:18.676+0000] {processor.py:925} INFO - DAG(s) 'example_trigger_controller_dag' retrieved from /workspaces/lab-2/.venv/lib/python3.12/site-packages/airflow/example_dags/example_trigger_controller_dag.py
[2026-08-20T11:13:18.686+0000] {logging_mixin.py:190} INFO - [2026-08-20T11:13:18.686+0000] {dag.py:3239} INFO - Sync 1 DAGs
[2026-08-20T11:13:18.703+0000] {logging_mixin.py:190} INFO - [2026-08-20T11:13:18.703+0000] {dag.py:4180} INFO - Setting next_dagrun for example_trigger_controller_dag to 2021-01-01 00:00:00+00:00, run_after=2021-01-01 00:00:00+00:00
[2026-08-20T11:13:18.721+0000] {processor.py:208} INFO - Processing /workspaces/lab-2/.venv/lib/python3.12/site-packages/airflow/example_dags/example_trigger_controller_dag.py took 0.058 seconds
[2026-08-20T11:14:10.478+0000] {processor.py:186} INFO - Started process (PID=34889) to work on /workspaces/lab-2/.venv/lib/python3.12/site-packages/airflow/example_dags/example_trigger_controller_dag.py
[2026-08-20T11:14:10.479+0000] {processor.py:914} INFO - Processing file /workspaces/lab-2/.venv/lib/python3.12/site-packages/airflow/example_dags/example_trigger_controller_dag.py for tasks to queue
[2026-08-20T11:14:10.481+0000] {logging_mixin.py:190} INFO - [2026-08-20T11:14:10.481+0000] {dagbag.py:588} INFO - Filling up the DagBag from /workspaces/lab-2/.venv/lib/python3.12/site-packages/airflow/example_dags/example_trigger_controller_dag.py
[2026-08-20T11:14:10.489+0000] {processor.py:925} INFO - DAG(s) 'example_trigger_controller_dag' retrieved from /workspaces/lab-2/.venv/lib/python3.12/site-packages/airflow/example_dags/example_trigger_controller_dag.py
[2026-08-20T11:14:10.504+0000] {logging_mixin.py:190} INFO - [2026-08-20T11:14:10.503+0000] {dag.py:3239} INFO - Sync 1 DAGs
[2026-08-20T11:14:10.519+0000] {logging_mixin.py:190} INFO - [2026-08-20T11:14:10.518+0000] {dag.py:4180} INFO - Setting next_dagrun for example_trigger_controller_dag to 2021-01-01 00:00:00+00:00, run_after=2021-01-01 00:00:00+00:00
[2026-08-20T11:14:10.536+0000] {processor.py:208} INFO - Processing /workspaces/lab-2/.venv/lib/python3.12/site-packages/airflow/example_dags/example_trigger_controller_dag.py took 0.063 seconds
[2026-08-20T11:14:14.604+0000] {processor.py:186} INFO - Started process (PID=34954) to work on /workspaces/lab-2/.venv/lib/python3.12/site-packages/airflow/example_dags/example_trigger_controller_dag.py
[2026-08-20T11:14:14.604+0000] {processor.py:914} INFO - Processing file /workspaces/lab-2/.venv/lib/python3.12/site-packages/airflow/example_dags/example_trigger_controller_dag.py for tasks to queue
[2026-08-20T11:14:14.607+0000] {logging_mixin.py:190} INFO - [2026-08-20T11:14:14.607+0000] {dagbag.py:588} INFO - Filling up the DagBag from /workspaces/lab-2/.venv/lib/python3.12/site-packages/airflow/example_dags/example_trigger_controller_dag.py
[2026-08-20T11:14:14.616+0000] {processor.py:925} INFO - DAG(s) 'example_trigger_controller_dag' retrieved from /workspaces/lab-2/.venv/lib/python3.12/site-packages/airflow/example_dags/example_trigger_controller_dag.py
[2026-08-20T11:14:14.634+0000] {logging_mixin.py:190} INFO - [2026-08-20T11:14:14.634+0000] {dag.py:3239} INFO - Sync 1 DAGs
[2026-08-20T11:14:14.671+0000] {logging_mixin.py:190} INFO - [2026-08-20T11:14:14.671+0000] {dag.py:4180} INFO - Setting next_dagrun for example_trigger_controller_dag to 2021-01-01 00:00:00+00:00, run_after=2021-01-01 00:00:00+00:00
[2026-08-20T11:14:14.719+0000] {processor.py:208} INFO - Processing /workspaces/lab-2/.venv/lib/python3.12/site-packages/airflow/example_dags/example_trigger_controller_dag.py took 0.122 seconds
