[2026-08-20T11:04:33.797+0000] {processor.py:186} INFO - Started process (PID=24679) to work on /workspaces/lab-2/.venv/lib/python3.12/site-packages/airflow/example_dags/example_inlet_event_extra.py
[2026-08-20T11:04:33.797+0000] {processor.py:914} INFO - Processing file /workspaces/lab-2/.venv/lib/python3.12/site-packages/airflow/example_dags/example_inlet_event_extra.py for tasks to queue
[2026-08-20T11:04:33.799+0000] {logging_mixin.py:190} INFO - [2026-08-20T11:04:33.799+0000] {dagbag.py:588} INFO - Filling up the DagBag from /workspaces/lab-2/.venv/lib/python3.12/site-packages/airflow/example_dags/example_inlet_event_extra.py
[2026-08-20T11:04:33.810+0000] {processor.py:925} INFO - DAG(s) 'read_dataset_event', 'read_dataset_event_from_classic' retrieved from /workspaces/lab-2/.venv/lib/python3.12/site-packages/airflow/example_dags/example_inlet_event_extra.py
[2026-08-20T11:04:33.899+0000] {logging_mixin.py:190} INFO - [2026-08-20T11:04:33.898+0000] {override.py:1900} INFO - Created Permission View: can edit on DAG:read_dataset_event
[2026-08-20T11:04:33.908+0000] {logging_mixin.py:190} INFO - [2026-08-20T11:04:33.908+0000] {override.py:1900} INFO - Created Permission View: can read on DAG:read_dataset_event
[2026-08-20T11:04:33.915+0000] {logging_mixin.py:190} INFO - [2026-08-20T11:04:33.915+0000] {override.py:1900} INFO - Created Permission View: can delete on DAG:read_dataset_event
[2026-08-20T11:04:33.926+0000] {logging_mixin.py:190} INFO - [2026-08-20T11:04:33.926+0000] {override.py:1900} INFO - Created Permission View: can create on DAG Run:read_dataset_event
[2026-08-20T11:04:33.933+0000] {logging_mixin.py:190} INFO - [2026-08-20T11:04:33.933+0000] {override.py:1900} INFO - Created Permission View: can read on DAG Run:read_dataset_event
[2026-08-20T11:04:33.941+0000] {logging_mixin.py:190} INFO - [2026-08-20T11:04:33.941+0000] {override.py:1900} INFO - Created Permission View: menu access on DAG Run:read_dataset_event
[2026-08-20T11:04:33.950+0000] {logging_mixin.py:190} INFO - [2026-08-20T11:04:33.950+0000] {override.py:1900} INFO - Created Permission View: can delete on DAG Run:read_dataset_event
[2026-08-20T11:04:33.971+0000] {logging_mixin.py:190} INFO - [2026-08-20T11:04:33.971+0000] {override.py:1900} INFO - Created Permission View: can edit on DAG:read_dataset_event_from_classic
[2026-08-20T11:04:33.981+0000] {logging_mixin.py:190} INFO - [2026-08-20T11:04:33.980+0000] {override.py:1900} INFO - Created Permission View: can read on DAG:read_dataset_event_from_classic
[2026-08-20T11:04:33.990+0000] {logging_mixin.py:190} INFO - [2026-08-20T11:04:33.990+0000] {override.py:1900} INFO - Created Permission View: can delete on DAG:read_dataset_event_from_classic
[2026-08-20T11:04:34.004+0000] {logging_mixin.py:190} INFO - [2026-08-20T11:04:34.004+0000] {override.py:1900} INFO - Created Permission View: can create on DAG Run:read_dataset_event_from_classic
[2026-08-20T11:04:34.015+0000] {logging_mixin.py:190} INFO - [2026-08-20T11:04:34.015+0000] {override.py:1900} INFO - Created Permission View: can read on DAG Run:read_dataset_event_from_classic
[2026-08-20T11:04:34.024+0000] {logging_mixin.py:190} INFO - [2026-08-20T11:04:34.024+0000] {override.py:1900} INFO - Created Permission View: menu access on DAG Run:read_dataset_event_from_classic
[2026-08-20T11:04:34.033+0000] {logging_mixin.py:190} INFO - [2026-08-20T11:04:34.033+0000] {override.py:1900} INFO - Created Permission View: can delete on DAG Run:read_dataset_event_from_classic
[2026-08-20T11:04:34.033+0000] {logging_mixin.py:190} INFO - [2026-08-20T11:04:34.033+0000] {dag.py:3239} INFO - Sync 2 DAGs
[2026-08-20T11:04:34.045+0000] {logging_mixin.py:190} INFO - [2026-08-20T11:04:34.045+0000] {dag.py:3262} INFO - Creating ORM DAG for read_dataset_event
[2026-08-20T11:04:34.046+0000] {logging_mixin.py:190} INFO - [2026-08-20T11:04:34.046+0000] {dag.py:3262} INFO - Creating ORM DAG for read_dataset_event_from_classic
[2026-08-20T11:04:34.054+0000] {logging_mixin.py:190} INFO - [2026-08-20T11:04:34.054+0000] {dag.py:4180} INFO - Setting next_dagrun for read_dataset_event to 2026-08-19 00:00:00+00:00, run_after=2026-08-20 00:00:00+00:00
[2026-08-20T11:04:34.056+0000] {logging_mixin.py:190} INFO - [2026-08-20T11:04:34.056+0000] {dag.py:4180} INFO - Setting next_dagrun for read_dataset_event_from_classic to 2026-08-19 00:00:00+00:00, run_after=2026-08-20 00:00:00+00:00
[2026-08-20T11:04:34.075+0000] {processor.py:208} INFO - Processing /workspaces/lab-2/.venv/lib/python3.12/site-packages/airflow/example_dags/example_inlet_event_extra.py took 0.283 seconds
[2026-08-20T11:05:36.139+0000] {processor.py:186} INFO - Started process (PID=25563) to work on /workspaces/lab-2/.venv/lib/python3.12/site-packages/airflow/example_dags/example_inlet_event_extra.py
[2026-08-20T11:05:36.140+0000] {processor.py:914} INFO - Processing file /workspaces/lab-2/.venv/lib/python3.12/site-packages/airflow/example_dags/example_inlet_event_extra.py for tasks to queue
[2026-08-20T11:05:36.143+0000] {logging_mixin.py:190} INFO - [2026-08-20T11:05:36.142+0000] {dagbag.py:588} INFO - Filling up the DagBag from /workspaces/lab-2/.venv/lib/python3.12/site-packages/airflow/example_dags/example_inlet_event_extra.py
[2026-08-20T11:05:36.156+0000] {processor.py:925} INFO - DAG(s) 'read_dataset_event', 'read_dataset_event_from_classic' retrieved from /workspaces/lab-2/.venv/lib/python3.12/site-packages/airflow/example_dags/example_inlet_event_extra.py
[2026-08-20T11:05:36.171+0000] {logging_mixin.py:190} INFO - [2026-08-20T11:05:36.171+0000] {dag.py:3239} INFO - Sync 2 DAGs
[2026-08-20T11:05:36.190+0000] {logging_mixin.py:190} INFO - [2026-08-20T11:05:36.190+0000] {dag.py:4180} INFO - Setting next_dagrun for read_dataset_event to 2026-08-19 00:00:00+00:00, run_after=2026-08-20 00:00:00+00:00
[2026-08-20T11:05:36.194+0000] {logging_mixin.py:190} INFO - [2026-08-20T11:05:36.194+0000] {dag.py:4180} INFO - Setting next_dagrun for read_dataset_event_from_classic to 2026-08-19 00:00:00+00:00, run_after=2026-08-20 00:00:00+00:00
[2026-08-20T11:05:36.222+0000] {processor.py:208} INFO - Processing /workspaces/lab-2/.venv/lib/python3.12/site-packages/airflow/example_dags/example_inlet_event_extra.py took 0.091 seconds
[2026-08-20T11:07:14.816+0000] {processor.py:186} INFO - Started process (PID=27111) to work on /workspaces/lab-2/.venv/lib/python3.12/site-packages/airflow/example_dags/example_inlet_event_extra.py
[2026-08-20T11:07:14.817+0000] {processor.py:914} INFO - Processing file /workspaces/lab-2/.venv/lib/python3.12/site-packages/airflow/example_dags/example_inlet_event_extra.py for tasks to queue
[2026-08-20T11:07:14.820+0000] {logging_mixin.py:190} INFO - [2026-08-20T11:07:14.819+0000] {dagbag.py:588} INFO - Filling up the DagBag from /workspaces/lab-2/.venv/lib/python3.12/site-packages/airflow/example_dags/example_inlet_event_extra.py
[2026-08-20T11:07:14.830+0000] {processor.py:925} INFO - DAG(s) 'read_dataset_event_from_classic', 'read_dataset_event' retrieved from /workspaces/lab-2/.venv/lib/python3.12/site-packages/airflow/example_dags/example_inlet_event_extra.py
[2026-08-20T11:07:14.847+0000] {logging_mixin.py:190} INFO - [2026-08-20T11:07:14.846+0000] {dag.py:3239} INFO - Sync 2 DAGs
[2026-08-20T11:07:14.864+0000] {logging_mixin.py:190} INFO - [2026-08-20T11:07:14.864+0000] {dag.py:4180} INFO - Setting next_dagrun for read_dataset_event to 2026-08-19 00:00:00+00:00, run_after=2026-08-20 00:00:00+00:00
[2026-08-20T11:07:14.868+0000] {logging_mixin.py:190} INFO - [2026-08-20T11:07:14.868+0000] {dag.py:4180} INFO - Setting next_dagrun for read_dataset_event_from_classic to 2026-08-19 00:00:00+00:00, run_after=2026-08-20 00:00:00+00:00
[2026-08-20T11:07:14.883+0000] {processor.py:208} INFO - Processing /workspaces/lab-2/.venv/lib/python3.12/site-packages/airflow/example_dags/example_inlet_event_extra.py took 0.071 seconds
[2026-08-20T11:08:13.162+0000] {processor.py:186} INFO - Started process (PID=28273) to work on /workspaces/lab-2/.venv/lib/python3.12/site-packages/airflow/example_dags/example_inlet_event_extra.py
[2026-08-20T11:08:13.163+0000] {processor.py:914} INFO - Processing file /workspaces/lab-2/.venv/lib/python3.12/site-packages/airflow/example_dags/example_inlet_event_extra.py for tasks to queue
[2026-08-20T11:08:13.166+0000] {logging_mixin.py:190} INFO - [2026-08-20T11:08:13.165+0000] {dagbag.py:588} INFO - Filling up the DagBag from /workspaces/lab-2/.venv/lib/python3.12/site-packages/airflow/example_dags/example_inlet_event_extra.py
[2026-08-20T11:08:13.186+0000] {processor.py:925} INFO - DAG(s) 'read_dataset_event', 'read_dataset_event_from_classic' retrieved from /workspaces/lab-2/.venv/lib/python3.12/site-packages/airflow/example_dags/example_inlet_event_extra.py
[2026-08-20T11:08:13.225+0000] {logging_mixin.py:190} INFO - [2026-08-20T11:08:13.225+0000] {dag.py:3239} INFO - Sync 2 DAGs
[2026-08-20T11:08:13.252+0000] {logging_mixin.py:190} INFO - [2026-08-20T11:08:13.252+0000] {dag.py:4180} INFO - Setting next_dagrun for read_dataset_event to 2026-08-19 00:00:00+00:00, run_after=2026-08-20 00:00:00+00:00
[2026-08-20T11:08:13.257+0000] {logging_mixin.py:190} INFO - [2026-08-20T11:08:13.257+0000] {dag.py:4180} INFO - Setting next_dagrun for read_dataset_event_from_classic to 2026-08-19 00:00:00+00:00, run_after=2026-08-20 00:00:00+00:00
[2026-08-20T11:08:13.297+0000] {processor.py:208} INFO - Processing /workspaces/lab-2/.venv/lib/python3.12/site-packages/airflow/example_dags/example_inlet_event_extra.py took 0.142 seconds
[2026-08-20T11:09:08.837+0000] {processor.py:186} INFO - Started process (PID=29092) to work on /workspaces/lab-2/.venv/lib/python3.12/site-packages/airflow/example_dags/example_inlet_event_extra.py
[2026-08-20T11:09:08.837+0000] {processor.py:914} INFO - Processing file /workspaces/lab-2/.venv/lib/python3.12/site-packages/airflow/example_dags/example_inlet_event_extra.py for tasks to queue
[2026-08-20T11:09:08.839+0000] {logging_mixin.py:190} INFO - [2026-08-20T11:09:08.839+0000] {dagbag.py:588} INFO - Filling up the DagBag from /workspaces/lab-2/.venv/lib/python3.12/site-packages/airflow/example_dags/example_inlet_event_extra.py
[2026-08-20T11:09:08.855+0000] {processor.py:925} INFO - DAG(s) 'read_dataset_event_from_classic', 'read_dataset_event' retrieved from /workspaces/lab-2/.venv/lib/python3.12/site-packages/airflow/example_dags/example_inlet_event_extra.py
[2026-08-20T11:09:08.875+0000] {logging_mixin.py:190} INFO - [2026-08-20T11:09:08.874+0000] {dag.py:3239} INFO - Sync 2 DAGs
[2026-08-20T11:09:08.901+0000] {logging_mixin.py:190} INFO - [2026-08-20T11:09:08.900+0000] {dag.py:4180} INFO - Setting next_dagrun for read_dataset_event to 2026-08-19 00:00:00+00:00, run_after=2026-08-20 00:00:00+00:00
[2026-08-20T11:09:08.905+0000] {logging_mixin.py:190} INFO - [2026-08-20T11:09:08.905+0000] {dag.py:4180} INFO - Setting next_dagrun for read_dataset_event_from_classic to 2026-08-19 00:00:00+00:00, run_after=2026-08-20 00:00:00+00:00
[2026-08-20T11:09:08.935+0000] {processor.py:208} INFO - Processing /workspaces/lab-2/.venv/lib/python3.12/site-packages/airflow/example_dags/example_inlet_event_extra.py took 0.103 seconds
[2026-08-20T11:10:01.926+0000] {processor.py:186} INFO - Started process (PID=30004) to work on /workspaces/lab-2/.venv/lib/python3.12/site-packages/airflow/example_dags/example_inlet_event_extra.py
[2026-08-20T11:10:01.927+0000] {processor.py:914} INFO - Processing file /workspaces/lab-2/.venv/lib/python3.12/site-packages/airflow/example_dags/example_inlet_event_extra.py for tasks to queue
[2026-08-20T11:10:01.929+0000] {logging_mixin.py:190} INFO - [2026-08-20T11:10:01.928+0000] {dagbag.py:588} INFO - Filling up the DagBag from /workspaces/lab-2/.venv/lib/python3.12/site-packages/airflow/example_dags/example_inlet_event_extra.py
[2026-08-20T11:10:01.940+0000] {processor.py:925} INFO - DAG(s) 'read_dataset_event_from_classic', 'read_dataset_event' retrieved from /workspaces/lab-2/.venv/lib/python3.12/site-packages/airflow/example_dags/example_inlet_event_extra.py
[2026-08-20T11:10:01.959+0000] {logging_mixin.py:190} INFO - [2026-08-20T11:10:01.959+0000] {dag.py:3239} INFO - Sync 2 DAGs
[2026-08-20T11:10:01.977+0000] {logging_mixin.py:190} INFO - [2026-08-20T11:10:01.977+0000] {dag.py:4180} INFO - Setting next_dagrun for read_dataset_event to 2026-08-19 00:00:00+00:00, run_after=2026-08-20 00:00:00+00:00
[2026-08-20T11:10:01.981+0000] {logging_mixin.py:190} INFO - [2026-08-20T11:10:01.981+0000] {dag.py:4180} INFO - Setting next_dagrun for read_dataset_event_from_classic to 2026-08-19 00:00:00+00:00, run_after=2026-08-20 00:00:00+00:00
[2026-08-20T11:10:02.002+0000] {processor.py:208} INFO - Processing /workspaces/lab-2/.venv/lib/python3.12/site-packages/airflow/example_dags/example_inlet_event_extra.py took 0.081 seconds
[2026-08-20T11:10:55.613+0000] {processor.py:186} INFO - Started process (PID=30890) to work on /workspaces/lab-2/.venv/lib/python3.12/site-packages/airflow/example_dags/example_inlet_event_extra.py
[2026-08-20T11:10:55.614+0000] {processor.py:914} INFO - Processing file /workspaces/lab-2/.venv/lib/python3.12/site-packages/airflow/example_dags/example_inlet_event_extra.py for tasks to queue
[2026-08-20T11:10:55.617+0000] {logging_mixin.py:190} INFO - [2026-08-20T11:10:55.617+0000] {dagbag.py:588} INFO - Filling up the DagBag from /workspaces/lab-2/.venv/lib/python3.12/site-packages/airflow/example_dags/example_inlet_event_extra.py
[2026-08-20T11:10:55.633+0000] {processor.py:925} INFO - DAG(s) 'read_dataset_event_from_classic', 'read_dataset_event' retrieved from /workspaces/lab-2/.venv/lib/python3.12/site-packages/airflow/example_dags/example_inlet_event_extra.py
[2026-08-20T11:10:55.654+0000] {logging_mixin.py:190} INFO - [2026-08-20T11:10:55.654+0000] {dag.py:3239} INFO - Sync 2 DAGs
[2026-08-20T11:10:55.680+0000] {logging_mixin.py:190} INFO - [2026-08-20T11:10:55.680+0000] {dag.py:4180} INFO - Setting next_dagrun for read_dataset_event to 2026-08-19 00:00:00+00:00, run_after=2026-08-20 00:00:00+00:00
[2026-08-20T11:10:55.685+0000] {logging_mixin.py:190} INFO - [2026-08-20T11:10:55.685+0000] {dag.py:4180} INFO - Setting next_dagrun for read_dataset_event_from_classic to 2026-08-19 00:00:00+00:00, run_after=2026-08-20 00:00:00+00:00
[2026-08-20T11:10:55.709+0000] {processor.py:208} INFO - Processing /workspaces/lab-2/.venv/lib/python3.12/site-packages/airflow/example_dags/example_inlet_event_extra.py took 0.104 seconds
[2026-08-20T11:11:47.794+0000] {processor.py:186} INFO - Started process (PID=31846) to work on /workspaces/lab-2/.venv/lib/python3.12/site-packages/airflow/example_dags/example_inlet_event_extra.py
[2026-08-20T11:11:47.795+0000] {processor.py:914} INFO - Processing file /workspaces/lab-2/.venv/lib/python3.12/site-packages/airflow/example_dags/example_inlet_event_extra.py for tasks to queue
[2026-08-20T11:11:47.796+0000] {logging_mixin.py:190} INFO - [2026-08-20T11:11:47.796+0000] {dagbag.py:588} INFO - Filling up the DagBag from /workspaces/lab-2/.venv/lib/python3.12/site-packages/airflow/example_dags/example_inlet_event_extra.py
[2026-08-20T11:11:47.807+0000] {processor.py:925} INFO - DAG(s) 'read_dataset_event', 'read_dataset_event_from_classic' retrieved from /workspaces/lab-2/.venv/lib/python3.12/site-packages/airflow/example_dags/example_inlet_event_extra.py
[2026-08-20T11:11:47.822+0000] {logging_mixin.py:190} INFO - [2026-08-20T11:11:47.821+0000] {dag.py:3239} INFO - Sync 2 DAGs
[2026-08-20T11:11:47.839+0000] {logging_mixin.py:190} INFO - [2026-08-20T11:11:47.839+0000] {dag.py:4180} INFO - Setting next_dagrun for read_dataset_event to 2026-08-19 00:00:00+00:00, run_after=2026-08-20 00:00:00+00:00
[2026-08-20T11:11:47.843+0000] {logging_mixin.py:190} INFO - [2026-08-20T11:11:47.843+0000] {dag.py:4180} INFO - Setting next_dagrun for read_dataset_event_from_classic to 2026-08-19 00:00:00+00:00, run_after=2026-08-20 00:00:00+00:00
[2026-08-20T11:11:47.859+0000] {processor.py:208} INFO - Processing /workspaces/lab-2/.venv/lib/python3.12/site-packages/airflow/example_dags/example_inlet_event_extra.py took 0.070 seconds
[2026-08-20T11:11:51.133+0000] {processor.py:186} INFO - Started process (PID=31867) to work on /workspaces/lab-2/.venv/lib/python3.12/site-packages/airflow/example_dags/example_inlet_event_extra.py
[2026-08-20T11:11:51.134+0000] {processor.py:914} INFO - Processing file /workspaces/lab-2/.venv/lib/python3.12/site-packages/airflow/example_dags/example_inlet_event_extra.py for tasks to queue
[2026-08-20T11:11:51.136+0000] {logging_mixin.py:190} INFO - [2026-08-20T11:11:51.136+0000] {dagbag.py:588} INFO - Filling up the DagBag from /workspaces/lab-2/.venv/lib/python3.12/site-packages/airflow/example_dags/example_inlet_event_extra.py
[2026-08-20T11:11:51.147+0000] {processor.py:925} INFO - DAG(s) 'read_dataset_event', 'read_dataset_event_from_classic' retrieved from /workspaces/lab-2/.venv/lib/python3.12/site-packages/airflow/example_dags/example_inlet_event_extra.py
[2026-08-20T11:11:51.163+0000] {logging_mixin.py:190} INFO - [2026-08-20T11:11:51.163+0000] {dag.py:3239} INFO - Sync 2 DAGs
[2026-08-20T11:11:51.182+0000] {logging_mixin.py:190} INFO - [2026-08-20T11:11:51.182+0000] {dag.py:4180} INFO - Setting next_dagrun for read_dataset_event to 2026-08-19 00:00:00+00:00, run_after=2026-08-20 00:00:00+00:00
[2026-08-20T11:11:51.185+0000] {logging_mixin.py:190} INFO - [2026-08-20T11:11:51.185+0000] {dag.py:4180} INFO - Setting next_dagrun for read_dataset_event_from_classic to 2026-08-19 00:00:00+00:00, run_after=2026-08-20 00:00:00+00:00
[2026-08-20T11:11:51.214+0000] {processor.py:208} INFO - Processing /workspaces/lab-2/.venv/lib/python3.12/site-packages/airflow/example_dags/example_inlet_event_extra.py took 0.085 seconds
[2026-08-20T11:12:42.039+0000] {processor.py:186} INFO - Started process (PID=33055) to work on /workspaces/lab-2/.venv/lib/python3.12/site-packages/airflow/example_dags/example_inlet_event_extra.py
[2026-08-20T11:12:42.040+0000] {processor.py:914} INFO - Processing file /workspaces/lab-2/.venv/lib/python3.12/site-packages/airflow/example_dags/example_inlet_event_extra.py for tasks to queue
[2026-08-20T11:12:42.042+0000] {logging_mixin.py:190} INFO - [2026-08-20T11:12:42.042+0000] {dagbag.py:588} INFO - Filling up the DagBag from /workspaces/lab-2/.venv/lib/python3.12/site-packages/airflow/example_dags/example_inlet_event_extra.py
[2026-08-20T11:12:42.054+0000] {processor.py:925} INFO - DAG(s) 'read_dataset_event_from_classic', 'read_dataset_event' retrieved from /workspaces/lab-2/.venv/lib/python3.12/site-packages/airflow/example_dags/example_inlet_event_extra.py
[2026-08-20T11:12:42.068+0000] {logging_mixin.py:190} INFO - [2026-08-20T11:12:42.068+0000] {dag.py:3239} INFO - Sync 2 DAGs
[2026-08-20T11:12:42.085+0000] {logging_mixin.py:190} INFO - [2026-08-20T11:12:42.085+0000] {dag.py:4180} INFO - Setting next_dagrun for read_dataset_event to 2026-08-19 00:00:00+00:00, run_after=2026-08-20 00:00:00+00:00
[2026-08-20T11:12:42.089+0000] {logging_mixin.py:190} INFO - [2026-08-20T11:12:42.088+0000] {dag.py:4180} INFO - Setting next_dagrun for read_dataset_event_from_classic to 2026-08-19 00:00:00+00:00, run_after=2026-08-20 00:00:00+00:00
[2026-08-20T11:12:42.114+0000] {processor.py:208} INFO - Processing /workspaces/lab-2/.venv/lib/python3.12/site-packages/airflow/example_dags/example_inlet_event_extra.py took 0.080 seconds
[2026-08-20T11:12:47.112+0000] {processor.py:186} INFO - Started process (PID=33153) to work on /workspaces/lab-2/.venv/lib/python3.12/site-packages/airflow/example_dags/example_inlet_event_extra.py
[2026-08-20T11:12:47.113+0000] {processor.py:914} INFO - Processing file /workspaces/lab-2/.venv/lib/python3.12/site-packages/airflow/example_dags/example_inlet_event_extra.py for tasks to queue
[2026-08-20T11:12:47.115+0000] {logging_mixin.py:190} INFO - [2026-08-20T11:12:47.115+0000] {dagbag.py:588} INFO - Filling up the DagBag from /workspaces/lab-2/.venv/lib/python3.12/site-packages/airflow/example_dags/example_inlet_event_extra.py
[2026-08-20T11:12:47.133+0000] {processor.py:925} INFO - DAG(s) 'read_dataset_event_from_classic', 'read_dataset_event' retrieved from /workspaces/lab-2/.venv/lib/python3.12/site-packages/airflow/example_dags/example_inlet_event_extra.py
[2026-08-20T11:12:47.153+0000] {logging_mixin.py:190} INFO - [2026-08-20T11:12:47.153+0000] {dag.py:3239} INFO - Sync 2 DAGs
[2026-08-20T11:12:47.179+0000] {logging_mixin.py:190} INFO - [2026-08-20T11:12:47.178+0000] {dag.py:4180} INFO - Setting next_dagrun for read_dataset_event to 2026-08-19 00:00:00+00:00, run_after=2026-08-20 00:00:00+00:00
[2026-08-20T11:12:47.184+0000] {logging_mixin.py:190} INFO - [2026-08-20T11:12:47.184+0000] {dag.py:4180} INFO - Setting next_dagrun for read_dataset_event_from_classic to 2026-08-19 00:00:00+00:00, run_after=2026-08-20 00:00:00+00:00
[2026-08-20T11:12:47.208+0000] {processor.py:208} INFO - Processing /workspaces/lab-2/.venv/lib/python3.12/site-packages/airflow/example_dags/example_inlet_event_extra.py took 0.103 seconds
[2026-08-20T11:13:43.115+0000] {processor.py:186} INFO - Started process (PID=34561) to work on /workspaces/lab-2/.venv/lib/python3.12/site-packages/airflow/example_dags/example_inlet_event_extra.py
[2026-08-20T11:13:43.116+0000] {processor.py:914} INFO - Processing file /workspaces/lab-2/.venv/lib/python3.12/site-packages/airflow/example_dags/example_inlet_event_extra.py for tasks to queue
[2026-08-20T11:13:43.118+0000] {logging_mixin.py:190} INFO - [2026-08-20T11:13:43.118+0000] {dagbag.py:588} INFO - Filling up the DagBag from /workspaces/lab-2/.venv/lib/python3.12/site-packages/airflow/example_dags/example_inlet_event_extra.py
[2026-08-20T11:13:43.129+0000] {processor.py:925} INFO - DAG(s) 'read_dataset_event', 'read_dataset_event_from_classic' retrieved from /workspaces/lab-2/.venv/lib/python3.12/site-packages/airflow/example_dags/example_inlet_event_extra.py
[2026-08-20T11:13:43.223+0000] {logging_mixin.py:190} INFO - [2026-08-20T11:13:43.223+0000] {dag.py:3239} INFO - Sync 2 DAGs
[2026-08-20T11:13:43.238+0000] {logging_mixin.py:190} INFO - [2026-08-20T11:13:43.238+0000] {dag.py:4180} INFO - Setting next_dagrun for read_dataset_event to 2026-08-19 00:00:00+00:00, run_after=2026-08-20 00:00:00+00:00
[2026-08-20T11:13:43.245+0000] {logging_mixin.py:190} INFO - [2026-08-20T11:13:43.245+0000] {dag.py:4180} INFO - Setting next_dagrun for read_dataset_event_from_classic to 2026-08-19 00:00:00+00:00, run_after=2026-08-20 00:00:00+00:00
[2026-08-20T11:13:43.266+0000] {processor.py:208} INFO - Processing /workspaces/lab-2/.venv/lib/python3.12/site-packages/airflow/example_dags/example_inlet_event_extra.py took 0.156 seconds
[2026-08-20T11:13:46.802+0000] {processor.py:186} INFO - Started process (PID=34590) to work on /workspaces/lab-2/.venv/lib/python3.12/site-packages/airflow/example_dags/example_inlet_event_extra.py
[2026-08-20T11:13:46.803+0000] {processor.py:914} INFO - Processing file /workspaces/lab-2/.venv/lib/python3.12/site-packages/airflow/example_dags/example_inlet_event_extra.py for tasks to queue
[2026-08-20T11:13:46.808+0000] {logging_mixin.py:190} INFO - [2026-08-20T11:13:46.805+0000] {dagbag.py:588} INFO - Filling up the DagBag from /workspaces/lab-2/.venv/lib/python3.12/site-packages/airflow/example_dags/example_inlet_event_extra.py
[2026-08-20T11:13:46.865+0000] {processor.py:925} INFO - DAG(s) 'read_dataset_event_from_classic', 'read_dataset_event' retrieved from /workspaces/lab-2/.venv/lib/python3.12/site-packages/airflow/example_dags/example_inlet_event_extra.py
[2026-08-20T11:13:46.896+0000] {logging_mixin.py:190} INFO - [2026-08-20T11:13:46.896+0000] {dag.py:3239} INFO - Sync 2 DAGs
[2026-08-20T11:13:46.944+0000] {logging_mixin.py:190} INFO - [2026-08-20T11:13:46.944+0000] {dag.py:4180} INFO - Setting next_dagrun for read_dataset_event to 2026-08-19 00:00:00+00:00, run_after=2026-08-20 00:00:00+00:00
[2026-08-20T11:13:46.958+0000] {logging_mixin.py:190} INFO - [2026-08-20T11:13:46.958+0000] {dag.py:4180} INFO - Setting next_dagrun for read_dataset_event_from_classic to 2026-08-19 00:00:00+00:00, run_after=2026-08-20 00:00:00+00:00
[2026-08-20T11:13:46.995+0000] {processor.py:208} INFO - Processing /workspaces/lab-2/.venv/lib/python3.12/site-packages/airflow/example_dags/example_inlet_event_extra.py took 0.204 seconds
[2026-08-20T11:14:44.846+0000] {processor.py:186} INFO - Started process (PID=35646) to work on /workspaces/lab-2/.venv/lib/python3.12/site-packages/airflow/example_dags/example_inlet_event_extra.py
[2026-08-20T11:14:44.851+0000] {processor.py:914} INFO - Processing file /workspaces/lab-2/.venv/lib/python3.12/site-packages/airflow/example_dags/example_inlet_event_extra.py for tasks to queue
[2026-08-20T11:14:44.869+0000] {logging_mixin.py:190} INFO - [2026-08-20T11:14:44.866+0000] {dagbag.py:588} INFO - Filling up the DagBag from /workspaces/lab-2/.venv/lib/python3.12/site-packages/airflow/example_dags/example_inlet_event_extra.py
[2026-08-20T11:14:44.905+0000] {processor.py:925} INFO - DAG(s) 'read_dataset_event_from_classic', 'read_dataset_event' retrieved from /workspaces/lab-2/.venv/lib/python3.12/site-packages/airflow/example_dags/example_inlet_event_extra.py
[2026-08-20T11:14:44.948+0000] {logging_mixin.py:190} INFO - [2026-08-20T11:14:44.948+0000] {dag.py:3239} INFO - Sync 2 DAGs
[2026-08-20T11:14:44.975+0000] {logging_mixin.py:190} INFO - [2026-08-20T11:14:44.975+0000] {dag.py:4180} INFO - Setting next_dagrun for read_dataset_event to 2026-08-19 00:00:00+00:00, run_after=2026-08-20 00:00:00+00:00
[2026-08-20T11:14:44.980+0000] {logging_mixin.py:190} INFO - [2026-08-20T11:14:44.980+0000] {dag.py:4180} INFO - Setting next_dagrun for read_dataset_event_from_classic to 2026-08-19 00:00:00+00:00, run_after=2026-08-20 00:00:00+00:00
[2026-08-20T11:14:45.005+0000] {processor.py:208} INFO - Processing /workspaces/lab-2/.venv/lib/python3.12/site-packages/airflow/example_dags/example_inlet_event_extra.py took 0.176 seconds
