[2026-08-20T11:04:03.497+0000] {processor.py:186} INFO - Started process (PID=24270) to work on /workspaces/lab-2/.venv/lib/python3.12/site-packages/airflow/example_dags/example_trigger_target_dag.py
[2026-08-20T11:04:03.498+0000] {processor.py:914} INFO - Processing file /workspaces/lab-2/.venv/lib/python3.12/site-packages/airflow/example_dags/example_trigger_target_dag.py for tasks to queue
[2026-08-20T11:04:03.500+0000] {logging_mixin.py:190} INFO - [2026-08-20T11:04:03.500+0000] {dagbag.py:588} INFO - Filling up the DagBag from /workspaces/lab-2/.venv/lib/python3.12/site-packages/airflow/example_dags/example_trigger_target_dag.py
[2026-08-20T11:04:03.507+0000] {processor.py:925} INFO - DAG(s) 'example_trigger_target_dag' retrieved from /workspaces/lab-2/.venv/lib/python3.12/site-packages/airflow/example_dags/example_trigger_target_dag.py
[2026-08-20T11:04:03.599+0000] {logging_mixin.py:190} INFO - [2026-08-20T11:04:03.598+0000] {override.py:1900} INFO - Created Permission View: can edit on DAG:example_trigger_target_dag
[2026-08-20T11:04:03.608+0000] {logging_mixin.py:190} INFO - [2026-08-20T11:04:03.608+0000] {override.py:1900} INFO - Created Permission View: can read on DAG:example_trigger_target_dag
[2026-08-20T11:04:03.616+0000] {logging_mixin.py:190} INFO - [2026-08-20T11:04:03.616+0000] {override.py:1900} INFO - Created Permission View: can delete on DAG:example_trigger_target_dag
[2026-08-20T11:04:03.627+0000] {logging_mixin.py:190} INFO - [2026-08-20T11:04:03.627+0000] {override.py:1900} INFO - Created Permission View: can create on DAG Run:example_trigger_target_dag
[2026-08-20T11:04:03.635+0000] {logging_mixin.py:190} INFO - [2026-08-20T11:04:03.635+0000] {override.py:1900} INFO - Created Permission View: can read on DAG Run:example_trigger_target_dag
[2026-08-20T11:04:03.642+0000] {logging_mixin.py:190} INFO - [2026-08-20T11:04:03.642+0000] {override.py:1900} INFO - Created Permission View: menu access on DAG Run:example_trigger_target_dag
[2026-08-20T11:04:03.649+0000] {logging_mixin.py:190} INFO - [2026-08-20T11:04:03.648+0000] {override.py:1900} INFO - Created Permission View: can delete on DAG Run:example_trigger_target_dag
[2026-08-20T11:04:03.649+0000] {logging_mixin.py:190} INFO - [2026-08-20T11:04:03.649+0000] {dag.py:3239} INFO - Sync 1 DAGs
[2026-08-20T11:04:03.658+0000] {logging_mixin.py:190} INFO - [2026-08-20T11:04:03.658+0000] {dag.py:3262} INFO - Creating ORM DAG for example_trigger_target_dag
[2026-08-20T11:04:03.658+0000] {logging_mixin.py:190} INFO - [2026-08-20T11:04:03.658+0000] {dag.py:4180} INFO - Setting next_dagrun for example_trigger_target_dag to None, run_after=None
[2026-08-20T11:04:03.678+0000] {processor.py:208} INFO - Processing /workspaces/lab-2/.venv/lib/python3.12/site-packages/airflow/example_dags/example_trigger_target_dag.py took 0.185 seconds
[2026-08-20T11:05:05.847+0000] {processor.py:186} INFO - Started process (PID=25203) to work on /workspaces/lab-2/.venv/lib/python3.12/site-packages/airflow/example_dags/example_trigger_target_dag.py
[2026-08-20T11:05:05.848+0000] {processor.py:914} INFO - Processing file /workspaces/lab-2/.venv/lib/python3.12/site-packages/airflow/example_dags/example_trigger_target_dag.py for tasks to queue
[2026-08-20T11:05:05.849+0000] {logging_mixin.py:190} INFO - [2026-08-20T11:05:05.849+0000] {dagbag.py:588} INFO - Filling up the DagBag from /workspaces/lab-2/.venv/lib/python3.12/site-packages/airflow/example_dags/example_trigger_target_dag.py
[2026-08-20T11:05:05.856+0000] {processor.py:925} INFO - DAG(s) 'example_trigger_target_dag' retrieved from /workspaces/lab-2/.venv/lib/python3.12/site-packages/airflow/example_dags/example_trigger_target_dag.py
[2026-08-20T11:05:05.870+0000] {logging_mixin.py:190} INFO - [2026-08-20T11:05:05.870+0000] {dag.py:3239} INFO - Sync 1 DAGs
[2026-08-20T11:05:05.880+0000] {logging_mixin.py:190} INFO - [2026-08-20T11:05:05.880+0000] {dag.py:4180} INFO - Setting next_dagrun for example_trigger_target_dag to None, run_after=None
[2026-08-20T11:05:05.899+0000] {processor.py:208} INFO - Processing /workspaces/lab-2/.venv/lib/python3.12/site-packages/airflow/example_dags/example_trigger_target_dag.py took 0.057 seconds
[2026-08-20T11:06:00.489+0000] {processor.py:186} INFO - Started process (PID=25967) to work on /workspaces/lab-2/.venv/lib/python3.12/site-packages/airflow/example_dags/example_trigger_target_dag.py
[2026-08-20T11:06:00.490+0000] {processor.py:914} INFO - Processing file /workspaces/lab-2/.venv/lib/python3.12/site-packages/airflow/example_dags/example_trigger_target_dag.py for tasks to queue
[2026-08-20T11:06:00.492+0000] {logging_mixin.py:190} INFO - [2026-08-20T11:06:00.492+0000] {dagbag.py:588} INFO - Filling up the DagBag from /workspaces/lab-2/.venv/lib/python3.12/site-packages/airflow/example_dags/example_trigger_target_dag.py
[2026-08-20T11:06:00.499+0000] {processor.py:925} INFO - DAG(s) 'example_trigger_target_dag' retrieved from /workspaces/lab-2/.venv/lib/python3.12/site-packages/airflow/example_dags/example_trigger_target_dag.py
[2026-08-20T11:06:00.512+0000] {logging_mixin.py:190} INFO - [2026-08-20T11:06:00.511+0000] {dag.py:3239} INFO - Sync 1 DAGs
[2026-08-20T11:06:00.522+0000] {logging_mixin.py:190} INFO - [2026-08-20T11:06:00.521+0000] {dag.py:4180} INFO - Setting next_dagrun for example_trigger_target_dag to None, run_after=None
[2026-08-20T11:06:00.539+0000] {processor.py:208} INFO - Processing /workspaces/lab-2/.venv/lib/python3.12/site-packages/airflow/example_dags/example_trigger_target_dag.py took 0.054 seconds
[2026-08-20T11:06:48.978+0000] {processor.py:186} INFO - Started process (PID=26675) to work on /workspaces/lab-2/.venv/lib/python3.12/site-packages/airflow/example_dags/example_trigger_target_dag.py
[2026-08-20T11:06:48.979+0000] {processor.py:914} INFO - Processing file /workspaces/lab-2/.venv/lib/python3.12/site-packages/airflow/example_dags/example_trigger_target_dag.py for tasks to queue
[2026-08-20T11:06:48.984+0000] {logging_mixin.py:190} INFO - [2026-08-20T11:06:48.983+0000] {dagbag.py:588} INFO - Filling up the DagBag from /workspaces/lab-2/.venv/lib/python3.12/site-packages/airflow/example_dags/example_trigger_target_dag.py
[2026-08-20T11:06:48.990+0000] {processor.py:925} INFO - DAG(s) 'example_trigger_target_dag' retrieved from /workspaces/lab-2/.venv/lib/python3.12/site-packages/airflow/example_dags/example_trigger_target_dag.py
[2026-08-20T11:06:49.008+0000] {logging_mixin.py:190} INFO - [2026-08-20T11:06:49.008+0000] {dag.py:3239} INFO - Sync 1 DAGs
[2026-08-20T11:06:49.018+0000] {logging_mixin.py:190} INFO - [2026-08-20T11:06:49.018+0000] {dag.py:4180} INFO - Setting next_dagrun for example_trigger_target_dag to None, run_after=None
[2026-08-20T11:06:49.036+0000] {processor.py:208} INFO - Processing /workspaces/lab-2/.venv/lib/python3.12/site-packages/airflow/example_dags/example_trigger_target_dag.py took 0.062 seconds
[2026-08-20T11:07:44.084+0000] {processor.py:186} INFO - Started process (PID=27401) to work on /workspaces/lab-2/.venv/lib/python3.12/site-packages/airflow/example_dags/example_trigger_target_dag.py
[2026-08-20T11:07:44.085+0000] {processor.py:914} INFO - Processing file /workspaces/lab-2/.venv/lib/python3.12/site-packages/airflow/example_dags/example_trigger_target_dag.py for tasks to queue
[2026-08-20T11:07:44.086+0000] {logging_mixin.py:190} INFO - [2026-08-20T11:07:44.086+0000] {dagbag.py:588} INFO - Filling up the DagBag from /workspaces/lab-2/.venv/lib/python3.12/site-packages/airflow/example_dags/example_trigger_target_dag.py
[2026-08-20T11:07:44.094+0000] {processor.py:925} INFO - DAG(s) 'example_trigger_target_dag' retrieved from /workspaces/lab-2/.venv/lib/python3.12/site-packages/airflow/example_dags/example_trigger_target_dag.py
[2026-08-20T11:07:44.107+0000] {logging_mixin.py:190} INFO - [2026-08-20T11:07:44.107+0000] {dag.py:3239} INFO - Sync 1 DAGs
[2026-08-20T11:07:44.117+0000] {logging_mixin.py:190} INFO - [2026-08-20T11:07:44.117+0000] {dag.py:4180} INFO - Setting next_dagrun for example_trigger_target_dag to None, run_after=None
[2026-08-20T11:07:44.135+0000] {processor.py:208} INFO - Processing /workspaces/lab-2/.venv/lib/python3.12/site-packages/airflow/example_dags/example_trigger_target_dag.py took 0.056 seconds
[2026-08-20T11:08:39.243+0000] {processor.py:186} INFO - Started process (PID=28611) to work on /workspaces/lab-2/.venv/lib/python3.12/site-packages/airflow/example_dags/example_trigger_target_dag.py
[2026-08-20T11:08:39.244+0000] {processor.py:914} INFO - Processing file /workspaces/lab-2/.venv/lib/python3.12/site-packages/airflow/example_dags/example_trigger_target_dag.py for tasks to queue
[2026-08-20T11:08:39.247+0000] {logging_mixin.py:190} INFO - [2026-08-20T11:08:39.246+0000] {dagbag.py:588} INFO - Filling up the DagBag from /workspaces/lab-2/.venv/lib/python3.12/site-packages/airflow/example_dags/example_trigger_target_dag.py
[2026-08-20T11:08:39.255+0000] {processor.py:925} INFO - DAG(s) 'example_trigger_target_dag' retrieved from /workspaces/lab-2/.venv/lib/python3.12/site-packages/airflow/example_dags/example_trigger_target_dag.py
[2026-08-20T11:08:39.269+0000] {logging_mixin.py:190} INFO - [2026-08-20T11:08:39.268+0000] {dag.py:3239} INFO - Sync 1 DAGs
[2026-08-20T11:08:39.280+0000] {logging_mixin.py:190} INFO - [2026-08-20T11:08:39.279+0000] {dag.py:4180} INFO - Setting next_dagrun for example_trigger_target_dag to None, run_after=None
[2026-08-20T11:08:39.297+0000] {processor.py:208} INFO - Processing /workspaces/lab-2/.venv/lib/python3.12/site-packages/airflow/example_dags/example_trigger_target_dag.py took 0.060 seconds
[2026-08-20T11:09:32.609+0000] {processor.py:186} INFO - Started process (PID=29481) to work on /workspaces/lab-2/.venv/lib/python3.12/site-packages/airflow/example_dags/example_trigger_target_dag.py
[2026-08-20T11:09:32.610+0000] {processor.py:914} INFO - Processing file /workspaces/lab-2/.venv/lib/python3.12/site-packages/airflow/example_dags/example_trigger_target_dag.py for tasks to queue
[2026-08-20T11:09:32.612+0000] {logging_mixin.py:190} INFO - [2026-08-20T11:09:32.612+0000] {dagbag.py:588} INFO - Filling up the DagBag from /workspaces/lab-2/.venv/lib/python3.12/site-packages/airflow/example_dags/example_trigger_target_dag.py
[2026-08-20T11:09:32.622+0000] {processor.py:925} INFO - DAG(s) 'example_trigger_target_dag' retrieved from /workspaces/lab-2/.venv/lib/python3.12/site-packages/airflow/example_dags/example_trigger_target_dag.py
[2026-08-20T11:09:32.639+0000] {logging_mixin.py:190} INFO - [2026-08-20T11:09:32.639+0000] {dag.py:3239} INFO - Sync 1 DAGs
[2026-08-20T11:09:32.649+0000] {logging_mixin.py:190} INFO - [2026-08-20T11:09:32.649+0000] {dag.py:4180} INFO - Setting next_dagrun for example_trigger_target_dag to None, run_after=None
[2026-08-20T11:09:32.668+0000] {processor.py:208} INFO - Processing /workspaces/lab-2/.venv/lib/python3.12/site-packages/airflow/example_dags/example_trigger_target_dag.py took 0.063 seconds
[2026-08-20T11:10:25.362+0000] {processor.py:186} INFO - Started process (PID=30433) to work on /workspaces/lab-2/.venv/lib/python3.12/site-packages/airflow/example_dags/example_trigger_target_dag.py
[2026-08-20T11:10:25.363+0000] {processor.py:914} INFO - Processing file /workspaces/lab-2/.venv/lib/python3.12/site-packages/airflow/example_dags/example_trigger_target_dag.py for tasks to queue
[2026-08-20T11:10:25.365+0000] {logging_mixin.py:190} INFO - [2026-08-20T11:10:25.364+0000] {dagbag.py:588} INFO - Filling up the DagBag from /workspaces/lab-2/.venv/lib/python3.12/site-packages/airflow/example_dags/example_trigger_target_dag.py
[2026-08-20T11:10:25.372+0000] {processor.py:925} INFO - DAG(s) 'example_trigger_target_dag' retrieved from /workspaces/lab-2/.venv/lib/python3.12/site-packages/airflow/example_dags/example_trigger_target_dag.py
[2026-08-20T11:10:25.384+0000] {logging_mixin.py:190} INFO - [2026-08-20T11:10:25.384+0000] {dag.py:3239} INFO - Sync 1 DAGs
[2026-08-20T11:10:25.394+0000] {logging_mixin.py:190} INFO - [2026-08-20T11:10:25.394+0000] {dag.py:4180} INFO - Setting next_dagrun for example_trigger_target_dag to None, run_after=None
[2026-08-20T11:10:25.412+0000] {processor.py:208} INFO - Processing /workspaces/lab-2/.venv/lib/python3.12/site-packages/airflow/example_dags/example_trigger_target_dag.py took 0.054 seconds
[2026-08-20T11:11:14.470+0000] {processor.py:186} INFO - Started process (PID=31165) to work on /workspaces/lab-2/.venv/lib/python3.12/site-packages/airflow/example_dags/example_trigger_target_dag.py
[2026-08-20T11:11:14.471+0000] {processor.py:914} INFO - Processing file /workspaces/lab-2/.venv/lib/python3.12/site-packages/airflow/example_dags/example_trigger_target_dag.py for tasks to queue
[2026-08-20T11:11:14.474+0000] {logging_mixin.py:190} INFO - [2026-08-20T11:11:14.474+0000] {dagbag.py:588} INFO - Filling up the DagBag from /workspaces/lab-2/.venv/lib/python3.12/site-packages/airflow/example_dags/example_trigger_target_dag.py
[2026-08-20T11:11:14.484+0000] {processor.py:925} INFO - DAG(s) 'example_trigger_target_dag' retrieved from /workspaces/lab-2/.venv/lib/python3.12/site-packages/airflow/example_dags/example_trigger_target_dag.py
[2026-08-20T11:11:14.503+0000] {logging_mixin.py:190} INFO - [2026-08-20T11:11:14.503+0000] {dag.py:3239} INFO - Sync 1 DAGs
[2026-08-20T11:11:14.519+0000] {logging_mixin.py:190} INFO - [2026-08-20T11:11:14.518+0000] {dag.py:4180} INFO - Setting next_dagrun for example_trigger_target_dag to None, run_after=None
[2026-08-20T11:11:14.555+0000] {processor.py:208} INFO - Processing /workspaces/lab-2/.venv/lib/python3.12/site-packages/airflow/example_dags/example_trigger_target_dag.py took 0.091 seconds
[2026-08-20T11:11:25.360+0000] {processor.py:186} INFO - Started process (PID=31493) to work on /workspaces/lab-2/.venv/lib/python3.12/site-packages/airflow/example_dags/example_trigger_target_dag.py
[2026-08-20T11:11:25.360+0000] {processor.py:914} INFO - Processing file /workspaces/lab-2/.venv/lib/python3.12/site-packages/airflow/example_dags/example_trigger_target_dag.py for tasks to queue
[2026-08-20T11:11:25.366+0000] {logging_mixin.py:190} INFO - [2026-08-20T11:11:25.365+0000] {dagbag.py:588} INFO - Filling up the DagBag from /workspaces/lab-2/.venv/lib/python3.12/site-packages/airflow/example_dags/example_trigger_target_dag.py
[2026-08-20T11:11:25.372+0000] {processor.py:925} INFO - DAG(s) 'example_trigger_target_dag' retrieved from /workspaces/lab-2/.venv/lib/python3.12/site-packages/airflow/example_dags/example_trigger_target_dag.py
[2026-08-20T11:11:25.390+0000] {logging_mixin.py:190} INFO - [2026-08-20T11:11:25.390+0000] {dag.py:3239} INFO - Sync 1 DAGs
[2026-08-20T11:11:25.400+0000] {logging_mixin.py:190} INFO - [2026-08-20T11:11:25.400+0000] {dag.py:4180} INFO - Setting next_dagrun for example_trigger_target_dag to None, run_after=None
[2026-08-20T11:11:25.417+0000] {processor.py:208} INFO - Processing /workspaces/lab-2/.venv/lib/python3.12/site-packages/airflow/example_dags/example_trigger_target_dag.py took 0.063 seconds
[2026-08-20T11:12:07.927+0000] {processor.py:186} INFO - Started process (PID=32565) to work on /workspaces/lab-2/.venv/lib/python3.12/site-packages/airflow/example_dags/example_trigger_target_dag.py
[2026-08-20T11:12:07.928+0000] {processor.py:914} INFO - Processing file /workspaces/lab-2/.venv/lib/python3.12/site-packages/airflow/example_dags/example_trigger_target_dag.py for tasks to queue
[2026-08-20T11:12:07.930+0000] {logging_mixin.py:190} INFO - [2026-08-20T11:12:07.930+0000] {dagbag.py:588} INFO - Filling up the DagBag from /workspaces/lab-2/.venv/lib/python3.12/site-packages/airflow/example_dags/example_trigger_target_dag.py
[2026-08-20T11:12:07.937+0000] {processor.py:925} INFO - DAG(s) 'example_trigger_target_dag' retrieved from /workspaces/lab-2/.venv/lib/python3.12/site-packages/airflow/example_dags/example_trigger_target_dag.py
[2026-08-20T11:12:07.950+0000] {logging_mixin.py:190} INFO - [2026-08-20T11:12:07.949+0000] {dag.py:3239} INFO - Sync 1 DAGs
[2026-08-20T11:12:07.959+0000] {logging_mixin.py:190} INFO - [2026-08-20T11:12:07.959+0000] {dag.py:4180} INFO - Setting next_dagrun for example_trigger_target_dag to None, run_after=None
[2026-08-20T11:12:07.976+0000] {processor.py:208} INFO - Processing /workspaces/lab-2/.venv/lib/python3.12/site-packages/airflow/example_dags/example_trigger_target_dag.py took 0.054 seconds
[2026-08-20T11:12:20.202+0000] {processor.py:186} INFO - Started process (PID=32801) to work on /workspaces/lab-2/.venv/lib/python3.12/site-packages/airflow/example_dags/example_trigger_target_dag.py
[2026-08-20T11:12:20.203+0000] {processor.py:914} INFO - Processing file /workspaces/lab-2/.venv/lib/python3.12/site-packages/airflow/example_dags/example_trigger_target_dag.py for tasks to queue
[2026-08-20T11:12:20.205+0000] {logging_mixin.py:190} INFO - [2026-08-20T11:12:20.204+0000] {dagbag.py:588} INFO - Filling up the DagBag from /workspaces/lab-2/.venv/lib/python3.12/site-packages/airflow/example_dags/example_trigger_target_dag.py
[2026-08-20T11:12:20.212+0000] {processor.py:925} INFO - DAG(s) 'example_trigger_target_dag' retrieved from /workspaces/lab-2/.venv/lib/python3.12/site-packages/airflow/example_dags/example_trigger_target_dag.py
[2026-08-20T11:12:20.225+0000] {logging_mixin.py:190} INFO - [2026-08-20T11:12:20.225+0000] {dag.py:3239} INFO - Sync 1 DAGs
[2026-08-20T11:12:20.237+0000] {logging_mixin.py:190} INFO - [2026-08-20T11:12:20.237+0000] {dag.py:4180} INFO - Setting next_dagrun for example_trigger_target_dag to None, run_after=None
[2026-08-20T11:12:20.257+0000] {processor.py:208} INFO - Processing /workspaces/lab-2/.venv/lib/python3.12/site-packages/airflow/example_dags/example_trigger_target_dag.py took 0.061 seconds
[2026-08-20T11:13:02.768+0000] {processor.py:186} INFO - Started process (PID=33378) to work on /workspaces/lab-2/.venv/lib/python3.12/site-packages/airflow/example_dags/example_trigger_target_dag.py
[2026-08-20T11:13:02.771+0000] {processor.py:914} INFO - Processing file /workspaces/lab-2/.venv/lib/python3.12/site-packages/airflow/example_dags/example_trigger_target_dag.py for tasks to queue
[2026-08-20T11:13:02.778+0000] {logging_mixin.py:190} INFO - [2026-08-20T11:13:02.776+0000] {dagbag.py:588} INFO - Filling up the DagBag from /workspaces/lab-2/.venv/lib/python3.12/site-packages/airflow/example_dags/example_trigger_target_dag.py
[2026-08-20T11:13:02.799+0000] {processor.py:925} INFO - DAG(s) 'example_trigger_target_dag' retrieved from /workspaces/lab-2/.venv/lib/python3.12/site-packages/airflow/example_dags/example_trigger_target_dag.py
[2026-08-20T11:13:03.023+0000] {logging_mixin.py:190} INFO - [2026-08-20T11:13:03.022+0000] {dag.py:3239} INFO - Sync 1 DAGs
[2026-08-20T11:13:03.038+0000] {logging_mixin.py:190} INFO - [2026-08-20T11:13:03.038+0000] {dag.py:4180} INFO - Setting next_dagrun for example_trigger_target_dag to None, run_after=None
[2026-08-20T11:13:03.064+0000] {processor.py:208} INFO - Processing /workspaces/lab-2/.venv/lib/python3.12/site-packages/airflow/example_dags/example_trigger_target_dag.py took 0.308 seconds
[2026-08-20T11:13:14.355+0000] {processor.py:186} INFO - Started process (PID=33584) to work on /workspaces/lab-2/.venv/lib/python3.12/site-packages/airflow/example_dags/example_trigger_target_dag.py
[2026-08-20T11:13:14.356+0000] {processor.py:914} INFO - Processing file /workspaces/lab-2/.venv/lib/python3.12/site-packages/airflow/example_dags/example_trigger_target_dag.py for tasks to queue
[2026-08-20T11:13:14.359+0000] {logging_mixin.py:190} INFO - [2026-08-20T11:13:14.358+0000] {dagbag.py:588} INFO - Filling up the DagBag from /workspaces/lab-2/.venv/lib/python3.12/site-packages/airflow/example_dags/example_trigger_target_dag.py
[2026-08-20T11:13:14.369+0000] {processor.py:925} INFO - DAG(s) 'example_trigger_target_dag' retrieved from /workspaces/lab-2/.venv/lib/python3.12/site-packages/airflow/example_dags/example_trigger_target_dag.py
[2026-08-20T11:13:14.380+0000] {logging_mixin.py:190} INFO - [2026-08-20T11:13:14.379+0000] {dag.py:3239} INFO - Sync 1 DAGs
[2026-08-20T11:13:14.396+0000] {logging_mixin.py:190} INFO - [2026-08-20T11:13:14.396+0000] {dag.py:4180} INFO - Setting next_dagrun for example_trigger_target_dag to None, run_after=None
[2026-08-20T11:13:14.419+0000] {processor.py:208} INFO - Processing /workspaces/lab-2/.venv/lib/python3.12/site-packages/airflow/example_dags/example_trigger_target_dag.py took 0.071 seconds
[2026-08-20T11:14:05.467+0000] {processor.py:186} INFO - Started process (PID=34829) to work on /workspaces/lab-2/.venv/lib/python3.12/site-packages/airflow/example_dags/example_trigger_target_dag.py
[2026-08-20T11:14:05.467+0000] {processor.py:914} INFO - Processing file /workspaces/lab-2/.venv/lib/python3.12/site-packages/airflow/example_dags/example_trigger_target_dag.py for tasks to queue
[2026-08-20T11:14:05.469+0000] {logging_mixin.py:190} INFO - [2026-08-20T11:14:05.469+0000] {dagbag.py:588} INFO - Filling up the DagBag from /workspaces/lab-2/.venv/lib/python3.12/site-packages/airflow/example_dags/example_trigger_target_dag.py
[2026-08-20T11:14:05.476+0000] {processor.py:925} INFO - DAG(s) 'example_trigger_target_dag' retrieved from /workspaces/lab-2/.venv/lib/python3.12/site-packages/airflow/example_dags/example_trigger_target_dag.py
[2026-08-20T11:14:05.491+0000] {logging_mixin.py:190} INFO - [2026-08-20T11:14:05.491+0000] {dag.py:3239} INFO - Sync 1 DAGs
[2026-08-20T11:14:05.504+0000] {logging_mixin.py:190} INFO - [2026-08-20T11:14:05.504+0000] {dag.py:4180} INFO - Setting next_dagrun for example_trigger_target_dag to None, run_after=None
[2026-08-20T11:14:05.527+0000] {processor.py:208} INFO - Processing /workspaces/lab-2/.venv/lib/python3.12/site-packages/airflow/example_dags/example_trigger_target_dag.py took 0.065 seconds
[2026-08-20T11:14:09.513+0000] {processor.py:186} INFO - Started process (PID=34881) to work on /workspaces/lab-2/.venv/lib/python3.12/site-packages/airflow/example_dags/example_trigger_target_dag.py
[2026-08-20T11:14:09.513+0000] {processor.py:914} INFO - Processing file /workspaces/lab-2/.venv/lib/python3.12/site-packages/airflow/example_dags/example_trigger_target_dag.py for tasks to queue
[2026-08-20T11:14:09.515+0000] {logging_mixin.py:190} INFO - [2026-08-20T11:14:09.515+0000] {dagbag.py:588} INFO - Filling up the DagBag from /workspaces/lab-2/.venv/lib/python3.12/site-packages/airflow/example_dags/example_trigger_target_dag.py
[2026-08-20T11:14:09.522+0000] {processor.py:925} INFO - DAG(s) 'example_trigger_target_dag' retrieved from /workspaces/lab-2/.venv/lib/python3.12/site-packages/airflow/example_dags/example_trigger_target_dag.py
[2026-08-20T11:14:09.535+0000] {logging_mixin.py:190} INFO - [2026-08-20T11:14:09.535+0000] {dag.py:3239} INFO - Sync 1 DAGs
[2026-08-20T11:14:09.546+0000] {logging_mixin.py:190} INFO - [2026-08-20T11:14:09.546+0000] {dag.py:4180} INFO - Setting next_dagrun for example_trigger_target_dag to None, run_after=None
[2026-08-20T11:14:09.568+0000] {processor.py:208} INFO - Processing /workspaces/lab-2/.venv/lib/python3.12/site-packages/airflow/example_dags/example_trigger_target_dag.py took 0.060 seconds
