[2026-08-20T11:04:38.758+0000] {processor.py:186} INFO - Started process (PID=24790) to work on /workspaces/lab-2/.venv/lib/python3.12/site-packages/airflow/example_dags/example_external_task_marker_dag.py
[2026-08-20T11:04:38.759+0000] {processor.py:914} INFO - Processing file /workspaces/lab-2/.venv/lib/python3.12/site-packages/airflow/example_dags/example_external_task_marker_dag.py for tasks to queue
[2026-08-20T11:04:38.761+0000] {logging_mixin.py:190} INFO - [2026-08-20T11:04:38.760+0000] {dagbag.py:588} INFO - Filling up the DagBag from /workspaces/lab-2/.venv/lib/python3.12/site-packages/airflow/example_dags/example_external_task_marker_dag.py
[2026-08-20T11:04:38.768+0000] {processor.py:925} INFO - DAG(s) 'example_external_task_marker_parent', 'example_external_task_marker_child' retrieved from /workspaces/lab-2/.venv/lib/python3.12/site-packages/airflow/example_dags/example_external_task_marker_dag.py
[2026-08-20T11:04:38.861+0000] {logging_mixin.py:190} INFO - [2026-08-20T11:04:38.861+0000] {override.py:1900} INFO - Created Permission View: can edit on DAG:example_external_task_marker_parent
[2026-08-20T11:04:38.871+0000] {logging_mixin.py:190} INFO - [2026-08-20T11:04:38.871+0000] {override.py:1900} INFO - Created Permission View: can read on DAG:example_external_task_marker_parent
[2026-08-20T11:04:38.878+0000] {logging_mixin.py:190} INFO - [2026-08-20T11:04:38.878+0000] {override.py:1900} INFO - Created Permission View: can delete on DAG:example_external_task_marker_parent
[2026-08-20T11:04:38.890+0000] {logging_mixin.py:190} INFO - [2026-08-20T11:04:38.890+0000] {override.py:1900} INFO - Created Permission View: can create on DAG Run:example_external_task_marker_parent
[2026-08-20T11:04:38.897+0000] {logging_mixin.py:190} INFO - [2026-08-20T11:04:38.897+0000] {override.py:1900} INFO - Created Permission View: can read on DAG Run:example_external_task_marker_parent
[2026-08-20T11:04:38.904+0000] {logging_mixin.py:190} INFO - [2026-08-20T11:04:38.904+0000] {override.py:1900} INFO - Created Permission View: menu access on DAG Run:example_external_task_marker_parent
[2026-08-20T11:04:38.911+0000] {logging_mixin.py:190} INFO - [2026-08-20T11:04:38.911+0000] {override.py:1900} INFO - Created Permission View: can delete on DAG Run:example_external_task_marker_parent
[2026-08-20T11:04:38.928+0000] {logging_mixin.py:190} INFO - [2026-08-20T11:04:38.928+0000] {override.py:1900} INFO - Created Permission View: can edit on DAG:example_external_task_marker_child
[2026-08-20T11:04:38.935+0000] {logging_mixin.py:190} INFO - [2026-08-20T11:04:38.935+0000] {override.py:1900} INFO - Created Permission View: can read on DAG:example_external_task_marker_child
[2026-08-20T11:04:38.941+0000] {logging_mixin.py:190} INFO - [2026-08-20T11:04:38.941+0000] {override.py:1900} INFO - Created Permission View: can delete on DAG:example_external_task_marker_child
[2026-08-20T11:04:38.953+0000] {logging_mixin.py:190} INFO - [2026-08-20T11:04:38.953+0000] {override.py:1900} INFO - Created Permission View: can create on DAG Run:example_external_task_marker_child
[2026-08-20T11:04:38.960+0000] {logging_mixin.py:190} INFO - [2026-08-20T11:04:38.960+0000] {override.py:1900} INFO - Created Permission View: can read on DAG Run:example_external_task_marker_child
[2026-08-20T11:04:38.967+0000] {logging_mixin.py:190} INFO - [2026-08-20T11:04:38.967+0000] {override.py:1900} INFO - Created Permission View: menu access on DAG Run:example_external_task_marker_child
[2026-08-20T11:04:38.974+0000] {logging_mixin.py:190} INFO - [2026-08-20T11:04:38.974+0000] {override.py:1900} INFO - Created Permission View: can delete on DAG Run:example_external_task_marker_child
[2026-08-20T11:04:38.974+0000] {logging_mixin.py:190} INFO - [2026-08-20T11:04:38.974+0000] {dag.py:3239} INFO - Sync 2 DAGs
[2026-08-20T11:04:38.985+0000] {logging_mixin.py:190} INFO - [2026-08-20T11:04:38.985+0000] {dag.py:3262} INFO - Creating ORM DAG for example_external_task_marker_parent
[2026-08-20T11:04:38.986+0000] {logging_mixin.py:190} INFO - [2026-08-20T11:04:38.985+0000] {dag.py:3262} INFO - Creating ORM DAG for example_external_task_marker_child
[2026-08-20T11:04:38.986+0000] {logging_mixin.py:190} INFO - [2026-08-20T11:04:38.986+0000] {dag.py:4180} INFO - Setting next_dagrun for example_external_task_marker_child to None, run_after=None
[2026-08-20T11:04:38.986+0000] {logging_mixin.py:190} INFO - [2026-08-20T11:04:38.986+0000] {dag.py:4180} INFO - Setting next_dagrun for example_external_task_marker_parent to None, run_after=None
[2026-08-20T11:04:39.003+0000] {processor.py:208} INFO - Processing /workspaces/lab-2/.venv/lib/python3.12/site-packages/airflow/example_dags/example_external_task_marker_dag.py took 0.250 seconds
[2026-08-20T11:05:39.928+0000] {processor.py:186} INFO - Started process (PID=25623) to work on /workspaces/lab-2/.venv/lib/python3.12/site-packages/airflow/example_dags/example_external_task_marker_dag.py
[2026-08-20T11:05:39.928+0000] {processor.py:914} INFO - Processing file /workspaces/lab-2/.venv/lib/python3.12/site-packages/airflow/example_dags/example_external_task_marker_dag.py for tasks to queue
[2026-08-20T11:05:39.930+0000] {logging_mixin.py:190} INFO - [2026-08-20T11:05:39.930+0000] {dagbag.py:588} INFO - Filling up the DagBag from /workspaces/lab-2/.venv/lib/python3.12/site-packages/airflow/example_dags/example_external_task_marker_dag.py
[2026-08-20T11:05:39.937+0000] {processor.py:925} INFO - DAG(s) 'example_external_task_marker_parent', 'example_external_task_marker_child' retrieved from /workspaces/lab-2/.venv/lib/python3.12/site-packages/airflow/example_dags/example_external_task_marker_dag.py
[2026-08-20T11:05:39.953+0000] {logging_mixin.py:190} INFO - [2026-08-20T11:05:39.952+0000] {dag.py:3239} INFO - Sync 2 DAGs
[2026-08-20T11:05:39.962+0000] {logging_mixin.py:190} INFO - [2026-08-20T11:05:39.962+0000] {dag.py:4180} INFO - Setting next_dagrun for example_external_task_marker_child to None, run_after=None
[2026-08-20T11:05:39.965+0000] {logging_mixin.py:190} INFO - [2026-08-20T11:05:39.965+0000] {dag.py:4180} INFO - Setting next_dagrun for example_external_task_marker_parent to None, run_after=None
[2026-08-20T11:05:39.980+0000] {processor.py:208} INFO - Processing /workspaces/lab-2/.venv/lib/python3.12/site-packages/airflow/example_dags/example_external_task_marker_dag.py took 0.057 seconds
[2026-08-20T11:07:18.818+0000] {processor.py:186} INFO - Started process (PID=27137) to work on /workspaces/lab-2/.venv/lib/python3.12/site-packages/airflow/example_dags/example_external_task_marker_dag.py
[2026-08-20T11:07:18.819+0000] {processor.py:914} INFO - Processing file /workspaces/lab-2/.venv/lib/python3.12/site-packages/airflow/example_dags/example_external_task_marker_dag.py for tasks to queue
[2026-08-20T11:07:18.821+0000] {logging_mixin.py:190} INFO - [2026-08-20T11:07:18.821+0000] {dagbag.py:588} INFO - Filling up the DagBag from /workspaces/lab-2/.venv/lib/python3.12/site-packages/airflow/example_dags/example_external_task_marker_dag.py
[2026-08-20T11:07:18.828+0000] {processor.py:925} INFO - DAG(s) 'example_external_task_marker_parent', 'example_external_task_marker_child' retrieved from /workspaces/lab-2/.venv/lib/python3.12/site-packages/airflow/example_dags/example_external_task_marker_dag.py
[2026-08-20T11:07:18.849+0000] {logging_mixin.py:190} INFO - [2026-08-20T11:07:18.849+0000] {dag.py:3239} INFO - Sync 2 DAGs
[2026-08-20T11:07:18.868+0000] {logging_mixin.py:190} INFO - [2026-08-20T11:07:18.868+0000] {dag.py:4180} INFO - Setting next_dagrun for example_external_task_marker_child to None, run_after=None
[2026-08-20T11:07:18.872+0000] {logging_mixin.py:190} INFO - [2026-08-20T11:07:18.872+0000] {dag.py:4180} INFO - Setting next_dagrun for example_external_task_marker_parent to None, run_after=None
[2026-08-20T11:07:18.893+0000] {processor.py:208} INFO - Processing /workspaces/lab-2/.venv/lib/python3.12/site-packages/airflow/example_dags/example_external_task_marker_dag.py took 0.079 seconds
[2026-08-20T11:08:17.064+0000] {processor.py:186} INFO - Started process (PID=28335) to work on /workspaces/lab-2/.venv/lib/python3.12/site-packages/airflow/example_dags/example_external_task_marker_dag.py
[2026-08-20T11:08:17.066+0000] {processor.py:914} INFO - Processing file /workspaces/lab-2/.venv/lib/python3.12/site-packages/airflow/example_dags/example_external_task_marker_dag.py for tasks to queue
[2026-08-20T11:08:17.068+0000] {logging_mixin.py:190} INFO - [2026-08-20T11:08:17.068+0000] {dagbag.py:588} INFO - Filling up the DagBag from /workspaces/lab-2/.venv/lib/python3.12/site-packages/airflow/example_dags/example_external_task_marker_dag.py
[2026-08-20T11:08:17.078+0000] {processor.py:925} INFO - DAG(s) 'example_external_task_marker_parent', 'example_external_task_marker_child' retrieved from /workspaces/lab-2/.venv/lib/python3.12/site-packages/airflow/example_dags/example_external_task_marker_dag.py
[2026-08-20T11:08:17.099+0000] {logging_mixin.py:190} INFO - [2026-08-20T11:08:17.099+0000] {dag.py:3239} INFO - Sync 2 DAGs
[2026-08-20T11:08:17.114+0000] {logging_mixin.py:190} INFO - [2026-08-20T11:08:17.114+0000] {dag.py:4180} INFO - Setting next_dagrun for example_external_task_marker_child to None, run_after=None
[2026-08-20T11:08:17.117+0000] {logging_mixin.py:190} INFO - [2026-08-20T11:08:17.117+0000] {dag.py:4180} INFO - Setting next_dagrun for example_external_task_marker_parent to None, run_after=None
[2026-08-20T11:08:17.134+0000] {processor.py:208} INFO - Processing /workspaces/lab-2/.venv/lib/python3.12/site-packages/airflow/example_dags/example_external_task_marker_dag.py took 0.076 seconds
[2026-08-20T11:09:12.470+0000] {processor.py:186} INFO - Started process (PID=29178) to work on /workspaces/lab-2/.venv/lib/python3.12/site-packages/airflow/example_dags/example_external_task_marker_dag.py
[2026-08-20T11:09:12.470+0000] {processor.py:914} INFO - Processing file /workspaces/lab-2/.venv/lib/python3.12/site-packages/airflow/example_dags/example_external_task_marker_dag.py for tasks to queue
[2026-08-20T11:09:12.472+0000] {logging_mixin.py:190} INFO - [2026-08-20T11:09:12.472+0000] {dagbag.py:588} INFO - Filling up the DagBag from /workspaces/lab-2/.venv/lib/python3.12/site-packages/airflow/example_dags/example_external_task_marker_dag.py
[2026-08-20T11:09:12.479+0000] {processor.py:925} INFO - DAG(s) 'example_external_task_marker_parent', 'example_external_task_marker_child' retrieved from /workspaces/lab-2/.venv/lib/python3.12/site-packages/airflow/example_dags/example_external_task_marker_dag.py
[2026-08-20T11:09:12.494+0000] {logging_mixin.py:190} INFO - [2026-08-20T11:09:12.494+0000] {dag.py:3239} INFO - Sync 2 DAGs
[2026-08-20T11:09:12.504+0000] {logging_mixin.py:190} INFO - [2026-08-20T11:09:12.504+0000] {dag.py:4180} INFO - Setting next_dagrun for example_external_task_marker_child to None, run_after=None
[2026-08-20T11:09:12.507+0000] {logging_mixin.py:190} INFO - [2026-08-20T11:09:12.507+0000] {dag.py:4180} INFO - Setting next_dagrun for example_external_task_marker_parent to None, run_after=None
[2026-08-20T11:09:12.522+0000] {processor.py:208} INFO - Processing /workspaces/lab-2/.venv/lib/python3.12/site-packages/airflow/example_dags/example_external_task_marker_dag.py took 0.057 seconds
[2026-08-20T11:10:05.642+0000] {processor.py:186} INFO - Started process (PID=30074) to work on /workspaces/lab-2/.venv/lib/python3.12/site-packages/airflow/example_dags/example_external_task_marker_dag.py
[2026-08-20T11:10:05.643+0000] {processor.py:914} INFO - Processing file /workspaces/lab-2/.venv/lib/python3.12/site-packages/airflow/example_dags/example_external_task_marker_dag.py for tasks to queue
[2026-08-20T11:10:05.645+0000] {logging_mixin.py:190} INFO - [2026-08-20T11:10:05.644+0000] {dagbag.py:588} INFO - Filling up the DagBag from /workspaces/lab-2/.venv/lib/python3.12/site-packages/airflow/example_dags/example_external_task_marker_dag.py
[2026-08-20T11:10:05.654+0000] {processor.py:925} INFO - DAG(s) 'example_external_task_marker_child', 'example_external_task_marker_parent' retrieved from /workspaces/lab-2/.venv/lib/python3.12/site-packages/airflow/example_dags/example_external_task_marker_dag.py
[2026-08-20T11:10:05.684+0000] {logging_mixin.py:190} INFO - [2026-08-20T11:10:05.683+0000] {dag.py:3239} INFO - Sync 2 DAGs
[2026-08-20T11:10:05.707+0000] {logging_mixin.py:190} INFO - [2026-08-20T11:10:05.705+0000] {dag.py:4180} INFO - Setting next_dagrun for example_external_task_marker_child to None, run_after=None
[2026-08-20T11:10:05.714+0000] {logging_mixin.py:190} INFO - [2026-08-20T11:10:05.714+0000] {dag.py:4180} INFO - Setting next_dagrun for example_external_task_marker_parent to None, run_after=None
[2026-08-20T11:10:05.741+0000] {processor.py:208} INFO - Processing /workspaces/lab-2/.venv/lib/python3.12/site-packages/airflow/example_dags/example_external_task_marker_dag.py took 0.105 seconds
[2026-08-20T11:10:59.432+0000] {processor.py:186} INFO - Started process (PID=30931) to work on /workspaces/lab-2/.venv/lib/python3.12/site-packages/airflow/example_dags/example_external_task_marker_dag.py
[2026-08-20T11:10:59.433+0000] {processor.py:914} INFO - Processing file /workspaces/lab-2/.venv/lib/python3.12/site-packages/airflow/example_dags/example_external_task_marker_dag.py for tasks to queue
[2026-08-20T11:10:59.436+0000] {logging_mixin.py:190} INFO - [2026-08-20T11:10:59.435+0000] {dagbag.py:588} INFO - Filling up the DagBag from /workspaces/lab-2/.venv/lib/python3.12/site-packages/airflow/example_dags/example_external_task_marker_dag.py
[2026-08-20T11:10:59.446+0000] {processor.py:925} INFO - DAG(s) 'example_external_task_marker_child', 'example_external_task_marker_parent' retrieved from /workspaces/lab-2/.venv/lib/python3.12/site-packages/airflow/example_dags/example_external_task_marker_dag.py
[2026-08-20T11:10:59.468+0000] {logging_mixin.py:190} INFO - [2026-08-20T11:10:59.468+0000] {dag.py:3239} INFO - Sync 2 DAGs
[2026-08-20T11:10:59.484+0000] {logging_mixin.py:190} INFO - [2026-08-20T11:10:59.484+0000] {dag.py:4180} INFO - Setting next_dagrun for example_external_task_marker_child to None, run_after=None
[2026-08-20T11:10:59.489+0000] {logging_mixin.py:190} INFO - [2026-08-20T11:10:59.488+0000] {dag.py:4180} INFO - Setting next_dagrun for example_external_task_marker_parent to None, run_after=None
[2026-08-20T11:10:59.608+0000] {processor.py:208} INFO - Processing /workspaces/lab-2/.venv/lib/python3.12/site-packages/airflow/example_dags/example_external_task_marker_dag.py took 0.183 seconds
[2026-08-20T11:11:52.394+0000] {processor.py:186} INFO - Started process (PID=31878) to work on /workspaces/lab-2/.venv/lib/python3.12/site-packages/airflow/example_dags/example_external_task_marker_dag.py
[2026-08-20T11:11:52.395+0000] {processor.py:914} INFO - Processing file /workspaces/lab-2/.venv/lib/python3.12/site-packages/airflow/example_dags/example_external_task_marker_dag.py for tasks to queue
[2026-08-20T11:11:52.397+0000] {logging_mixin.py:190} INFO - [2026-08-20T11:11:52.396+0000] {dagbag.py:588} INFO - Filling up the DagBag from /workspaces/lab-2/.venv/lib/python3.12/site-packages/airflow/example_dags/example_external_task_marker_dag.py
[2026-08-20T11:11:52.405+0000] {processor.py:925} INFO - DAG(s) 'example_external_task_marker_parent', 'example_external_task_marker_child' retrieved from /workspaces/lab-2/.venv/lib/python3.12/site-packages/airflow/example_dags/example_external_task_marker_dag.py
[2026-08-20T11:11:52.420+0000] {logging_mixin.py:190} INFO - [2026-08-20T11:11:52.420+0000] {dag.py:3239} INFO - Sync 2 DAGs
[2026-08-20T11:11:52.430+0000] {logging_mixin.py:190} INFO - [2026-08-20T11:11:52.430+0000] {dag.py:4180} INFO - Setting next_dagrun for example_external_task_marker_child to None, run_after=None
[2026-08-20T11:11:52.433+0000] {logging_mixin.py:190} INFO - [2026-08-20T11:11:52.433+0000] {dag.py:4180} INFO - Setting next_dagrun for example_external_task_marker_parent to None, run_after=None
[2026-08-20T11:11:52.449+0000] {processor.py:208} INFO - Processing /workspaces/lab-2/.venv/lib/python3.12/site-packages/airflow/example_dags/example_external_task_marker_dag.py took 0.060 seconds
[2026-08-20T11:11:55.280+0000] {processor.py:186} INFO - Started process (PID=32342) to work on /workspaces/lab-2/.venv/lib/python3.12/site-packages/airflow/example_dags/example_external_task_marker_dag.py
[2026-08-20T11:11:55.280+0000] {processor.py:914} INFO - Processing file /workspaces/lab-2/.venv/lib/python3.12/site-packages/airflow/example_dags/example_external_task_marker_dag.py for tasks to queue
[2026-08-20T11:11:55.283+0000] {logging_mixin.py:190} INFO - [2026-08-20T11:11:55.283+0000] {dagbag.py:588} INFO - Filling up the DagBag from /workspaces/lab-2/.venv/lib/python3.12/site-packages/airflow/example_dags/example_external_task_marker_dag.py
[2026-08-20T11:11:55.290+0000] {processor.py:925} INFO - DAG(s) 'example_external_task_marker_parent', 'example_external_task_marker_child' retrieved from /workspaces/lab-2/.venv/lib/python3.12/site-packages/airflow/example_dags/example_external_task_marker_dag.py
[2026-08-20T11:11:55.308+0000] {logging_mixin.py:190} INFO - [2026-08-20T11:11:55.308+0000] {dag.py:3239} INFO - Sync 2 DAGs
[2026-08-20T11:11:55.323+0000] {logging_mixin.py:190} INFO - [2026-08-20T11:11:55.323+0000] {dag.py:4180} INFO - Setting next_dagrun for example_external_task_marker_child to None, run_after=None
[2026-08-20T11:11:55.327+0000] {logging_mixin.py:190} INFO - [2026-08-20T11:11:55.326+0000] {dag.py:4180} INFO - Setting next_dagrun for example_external_task_marker_parent to None, run_after=None
[2026-08-20T11:11:55.349+0000] {processor.py:208} INFO - Processing /workspaces/lab-2/.venv/lib/python3.12/site-packages/airflow/example_dags/example_external_task_marker_dag.py took 0.074 seconds
[2026-08-20T11:12:45.839+0000] {processor.py:186} INFO - Started process (PID=33139) to work on /workspaces/lab-2/.venv/lib/python3.12/site-packages/airflow/example_dags/example_external_task_marker_dag.py
[2026-08-20T11:12:45.840+0000] {processor.py:914} INFO - Processing file /workspaces/lab-2/.venv/lib/python3.12/site-packages/airflow/example_dags/example_external_task_marker_dag.py for tasks to queue
[2026-08-20T11:12:45.844+0000] {logging_mixin.py:190} INFO - [2026-08-20T11:12:45.843+0000] {dagbag.py:588} INFO - Filling up the DagBag from /workspaces/lab-2/.venv/lib/python3.12/site-packages/airflow/example_dags/example_external_task_marker_dag.py
[2026-08-20T11:12:45.857+0000] {processor.py:925} INFO - DAG(s) 'example_external_task_marker_child', 'example_external_task_marker_parent' retrieved from /workspaces/lab-2/.venv/lib/python3.12/site-packages/airflow/example_dags/example_external_task_marker_dag.py
[2026-08-20T11:12:45.882+0000] {logging_mixin.py:190} INFO - [2026-08-20T11:12:45.881+0000] {dag.py:3239} INFO - Sync 2 DAGs
[2026-08-20T11:12:45.903+0000] {logging_mixin.py:190} INFO - [2026-08-20T11:12:45.903+0000] {dag.py:4180} INFO - Setting next_dagrun for example_external_task_marker_child to None, run_after=None
[2026-08-20T11:12:45.909+0000] {logging_mixin.py:190} INFO - [2026-08-20T11:12:45.908+0000] {dag.py:4180} INFO - Setting next_dagrun for example_external_task_marker_parent to None, run_after=None
[2026-08-20T11:12:45.935+0000] {processor.py:208} INFO - Processing /workspaces/lab-2/.venv/lib/python3.12/site-packages/airflow/example_dags/example_external_task_marker_dag.py took 0.105 seconds
[2026-08-20T11:12:51.104+0000] {processor.py:186} INFO - Started process (PID=33229) to work on /workspaces/lab-2/.venv/lib/python3.12/site-packages/airflow/example_dags/example_external_task_marker_dag.py
[2026-08-20T11:12:51.105+0000] {processor.py:914} INFO - Processing file /workspaces/lab-2/.venv/lib/python3.12/site-packages/airflow/example_dags/example_external_task_marker_dag.py for tasks to queue
[2026-08-20T11:12:51.107+0000] {logging_mixin.py:190} INFO - [2026-08-20T11:12:51.106+0000] {dagbag.py:588} INFO - Filling up the DagBag from /workspaces/lab-2/.venv/lib/python3.12/site-packages/airflow/example_dags/example_external_task_marker_dag.py
[2026-08-20T11:12:51.114+0000] {processor.py:925} INFO - DAG(s) 'example_external_task_marker_child', 'example_external_task_marker_parent' retrieved from /workspaces/lab-2/.venv/lib/python3.12/site-packages/airflow/example_dags/example_external_task_marker_dag.py
[2026-08-20T11:12:51.130+0000] {logging_mixin.py:190} INFO - [2026-08-20T11:12:51.129+0000] {dag.py:3239} INFO - Sync 2 DAGs
[2026-08-20T11:12:51.140+0000] {logging_mixin.py:190} INFO - [2026-08-20T11:12:51.140+0000] {dag.py:4180} INFO - Setting next_dagrun for example_external_task_marker_child to None, run_after=None
[2026-08-20T11:12:51.143+0000] {logging_mixin.py:190} INFO - [2026-08-20T11:12:51.142+0000] {dag.py:4180} INFO - Setting next_dagrun for example_external_task_marker_parent to None, run_after=None
[2026-08-20T11:12:51.177+0000] {processor.py:208} INFO - Processing /workspaces/lab-2/.venv/lib/python3.12/site-packages/airflow/example_dags/example_external_task_marker_dag.py took 0.077 seconds
[2026-08-20T11:13:47.295+0000] {processor.py:186} INFO - Started process (PID=34608) to work on /workspaces/lab-2/.venv/lib/python3.12/site-packages/airflow/example_dags/example_external_task_marker_dag.py
[2026-08-20T11:13:47.296+0000] {processor.py:914} INFO - Processing file /workspaces/lab-2/.venv/lib/python3.12/site-packages/airflow/example_dags/example_external_task_marker_dag.py for tasks to queue
[2026-08-20T11:13:47.299+0000] {logging_mixin.py:190} INFO - [2026-08-20T11:13:47.298+0000] {dagbag.py:588} INFO - Filling up the DagBag from /workspaces/lab-2/.venv/lib/python3.12/site-packages/airflow/example_dags/example_external_task_marker_dag.py
[2026-08-20T11:13:47.309+0000] {processor.py:925} INFO - DAG(s) 'example_external_task_marker_child', 'example_external_task_marker_parent' retrieved from /workspaces/lab-2/.venv/lib/python3.12/site-packages/airflow/example_dags/example_external_task_marker_dag.py
[2026-08-20T11:13:47.503+0000] {logging_mixin.py:190} INFO - [2026-08-20T11:13:47.503+0000] {dag.py:3239} INFO - Sync 2 DAGs
[2026-08-20T11:13:47.522+0000] {logging_mixin.py:190} INFO - [2026-08-20T11:13:47.521+0000] {dag.py:4180} INFO - Setting next_dagrun for example_external_task_marker_child to None, run_after=None
[2026-08-20T11:13:47.532+0000] {logging_mixin.py:190} INFO - [2026-08-20T11:13:47.529+0000] {dag.py:4180} INFO - Setting next_dagrun for example_external_task_marker_parent to None, run_after=None
[2026-08-20T11:13:47.598+0000] {processor.py:208} INFO - Processing /workspaces/lab-2/.venv/lib/python3.12/site-packages/airflow/example_dags/example_external_task_marker_dag.py took 0.307 seconds
[2026-08-20T11:13:51.229+0000] {processor.py:186} INFO - Started process (PID=34661) to work on /workspaces/lab-2/.venv/lib/python3.12/site-packages/airflow/example_dags/example_external_task_marker_dag.py
[2026-08-20T11:13:51.232+0000] {processor.py:914} INFO - Processing file /workspaces/lab-2/.venv/lib/python3.12/site-packages/airflow/example_dags/example_external_task_marker_dag.py for tasks to queue
[2026-08-20T11:13:51.235+0000] {logging_mixin.py:190} INFO - [2026-08-20T11:13:51.234+0000] {dagbag.py:588} INFO - Filling up the DagBag from /workspaces/lab-2/.venv/lib/python3.12/site-packages/airflow/example_dags/example_external_task_marker_dag.py
[2026-08-20T11:13:51.244+0000] {processor.py:925} INFO - DAG(s) 'example_external_task_marker_parent', 'example_external_task_marker_child' retrieved from /workspaces/lab-2/.venv/lib/python3.12/site-packages/airflow/example_dags/example_external_task_marker_dag.py
[2026-08-20T11:13:51.255+0000] {logging_mixin.py:190} INFO - [2026-08-20T11:13:51.254+0000] {dag.py:3239} INFO - Sync 2 DAGs
[2026-08-20T11:13:51.266+0000] {logging_mixin.py:190} INFO - [2026-08-20T11:13:51.266+0000] {dag.py:4180} INFO - Setting next_dagrun for example_external_task_marker_child to None, run_after=None
[2026-08-20T11:13:51.268+0000] {logging_mixin.py:190} INFO - [2026-08-20T11:13:51.268+0000] {dag.py:4180} INFO - Setting next_dagrun for example_external_task_marker_parent to None, run_after=None
[2026-08-20T11:13:51.285+0000] {processor.py:208} INFO - Processing /workspaces/lab-2/.venv/lib/python3.12/site-packages/airflow/example_dags/example_external_task_marker_dag.py took 0.063 seconds
[2026-08-20T11:14:48.770+0000] {processor.py:186} INFO - Started process (PID=35786) to work on /workspaces/lab-2/.venv/lib/python3.12/site-packages/airflow/example_dags/example_external_task_marker_dag.py
[2026-08-20T11:14:48.773+0000] {processor.py:914} INFO - Processing file /workspaces/lab-2/.venv/lib/python3.12/site-packages/airflow/example_dags/example_external_task_marker_dag.py for tasks to queue
[2026-08-20T11:14:48.775+0000] {logging_mixin.py:190} INFO - [2026-08-20T11:14:48.775+0000] {dagbag.py:588} INFO - Filling up the DagBag from /workspaces/lab-2/.venv/lib/python3.12/site-packages/airflow/example_dags/example_external_task_marker_dag.py
[2026-08-20T11:14:48.785+0000] {processor.py:925} INFO - DAG(s) 'example_external_task_marker_parent', 'example_external_task_marker_child' retrieved from /workspaces/lab-2/.venv/lib/python3.12/site-packages/airflow/example_dags/example_external_task_marker_dag.py
[2026-08-20T11:14:48.808+0000] {logging_mixin.py:190} INFO - [2026-08-20T11:14:48.807+0000] {dag.py:3239} INFO - Sync 2 DAGs
[2026-08-20T11:14:48.822+0000] {logging_mixin.py:190} INFO - [2026-08-20T11:14:48.822+0000] {dag.py:4180} INFO - Setting next_dagrun for example_external_task_marker_child to None, run_after=None
[2026-08-20T11:14:48.826+0000] {logging_mixin.py:190} INFO - [2026-08-20T11:14:48.826+0000] {dag.py:4180} INFO - Setting next_dagrun for example_external_task_marker_parent to None, run_after=None
[2026-08-20T11:14:48.846+0000] {processor.py:208} INFO - Processing /workspaces/lab-2/.venv/lib/python3.12/site-packages/airflow/example_dags/example_external_task_marker_dag.py took 0.083 seconds
