[2026-08-20T11:04:15.367+0000] {processor.py:186} INFO - Started process (PID=24403) to work on /workspaces/lab-2/.venv/lib/python3.12/site-packages/airflow/example_dags/example_short_circuit_decorator.py
[2026-08-20T11:04:15.368+0000] {processor.py:914} INFO - Processing file /workspaces/lab-2/.venv/lib/python3.12/site-packages/airflow/example_dags/example_short_circuit_decorator.py for tasks to queue
[2026-08-20T11:04:15.371+0000] {logging_mixin.py:190} INFO - [2026-08-20T11:04:15.370+0000] {dagbag.py:588} INFO - Filling up the DagBag from /workspaces/lab-2/.venv/lib/python3.12/site-packages/airflow/example_dags/example_short_circuit_decorator.py
[2026-08-20T11:04:15.384+0000] {processor.py:925} INFO - DAG(s) 'example_short_circuit_decorator' retrieved from /workspaces/lab-2/.venv/lib/python3.12/site-packages/airflow/example_dags/example_short_circuit_decorator.py
[2026-08-20T11:04:15.530+0000] {logging_mixin.py:190} INFO - [2026-08-20T11:04:15.529+0000] {override.py:1900} INFO - Created Permission View: can edit on DAG:example_short_circuit_decorator
[2026-08-20T11:04:15.540+0000] {logging_mixin.py:190} INFO - [2026-08-20T11:04:15.540+0000] {override.py:1900} INFO - Created Permission View: can read on DAG:example_short_circuit_decorator
[2026-08-20T11:04:15.548+0000] {logging_mixin.py:190} INFO - [2026-08-20T11:04:15.548+0000] {override.py:1900} INFO - Created Permission View: can delete on DAG:example_short_circuit_decorator
[2026-08-20T11:04:15.559+0000] {logging_mixin.py:190} INFO - [2026-08-20T11:04:15.559+0000] {override.py:1900} INFO - Created Permission View: can create on DAG Run:example_short_circuit_decorator
[2026-08-20T11:04:15.567+0000] {logging_mixin.py:190} INFO - [2026-08-20T11:04:15.567+0000] {override.py:1900} INFO - Created Permission View: can read on DAG Run:example_short_circuit_decorator
[2026-08-20T11:04:15.574+0000] {logging_mixin.py:190} INFO - [2026-08-20T11:04:15.574+0000] {override.py:1900} INFO - Created Permission View: menu access on DAG Run:example_short_circuit_decorator
[2026-08-20T11:04:15.581+0000] {logging_mixin.py:190} INFO - [2026-08-20T11:04:15.581+0000] {override.py:1900} INFO - Created Permission View: can delete on DAG Run:example_short_circuit_decorator
[2026-08-20T11:04:15.581+0000] {logging_mixin.py:190} INFO - [2026-08-20T11:04:15.581+0000] {dag.py:3239} INFO - Sync 1 DAGs
[2026-08-20T11:04:15.591+0000] {logging_mixin.py:190} INFO - [2026-08-20T11:04:15.591+0000] {dag.py:3262} INFO - Creating ORM DAG for example_short_circuit_decorator
[2026-08-20T11:04:15.592+0000] {logging_mixin.py:190} INFO - [2026-08-20T11:04:15.592+0000] {dag.py:4180} INFO - Setting next_dagrun for example_short_circuit_decorator to None, run_after=None
[2026-08-20T11:04:15.608+0000] {processor.py:208} INFO - Processing /workspaces/lab-2/.venv/lib/python3.12/site-packages/airflow/example_dags/example_short_circuit_decorator.py took 0.249 seconds
[2026-08-20T11:05:17.760+0000] {processor.py:186} INFO - Started process (PID=25310) to work on /workspaces/lab-2/.venv/lib/python3.12/site-packages/airflow/example_dags/example_short_circuit_decorator.py
[2026-08-20T11:05:17.761+0000] {processor.py:914} INFO - Processing file /workspaces/lab-2/.venv/lib/python3.12/site-packages/airflow/example_dags/example_short_circuit_decorator.py for tasks to queue
[2026-08-20T11:05:17.763+0000] {logging_mixin.py:190} INFO - [2026-08-20T11:05:17.763+0000] {dagbag.py:588} INFO - Filling up the DagBag from /workspaces/lab-2/.venv/lib/python3.12/site-packages/airflow/example_dags/example_short_circuit_decorator.py
[2026-08-20T11:05:17.772+0000] {processor.py:925} INFO - DAG(s) 'example_short_circuit_decorator' retrieved from /workspaces/lab-2/.venv/lib/python3.12/site-packages/airflow/example_dags/example_short_circuit_decorator.py
[2026-08-20T11:05:17.787+0000] {logging_mixin.py:190} INFO - [2026-08-20T11:05:17.787+0000] {dag.py:3239} INFO - Sync 1 DAGs
[2026-08-20T11:05:17.797+0000] {logging_mixin.py:190} INFO - [2026-08-20T11:05:17.797+0000] {dag.py:4180} INFO - Setting next_dagrun for example_short_circuit_decorator to None, run_after=None
[2026-08-20T11:05:17.814+0000] {processor.py:208} INFO - Processing /workspaces/lab-2/.venv/lib/python3.12/site-packages/airflow/example_dags/example_short_circuit_decorator.py took 0.058 seconds
[2026-08-20T11:06:10.792+0000] {processor.py:186} INFO - Started process (PID=26081) to work on /workspaces/lab-2/.venv/lib/python3.12/site-packages/airflow/example_dags/example_short_circuit_decorator.py
[2026-08-20T11:06:10.793+0000] {processor.py:914} INFO - Processing file /workspaces/lab-2/.venv/lib/python3.12/site-packages/airflow/example_dags/example_short_circuit_decorator.py for tasks to queue
[2026-08-20T11:06:10.795+0000] {logging_mixin.py:190} INFO - [2026-08-20T11:06:10.794+0000] {dagbag.py:588} INFO - Filling up the DagBag from /workspaces/lab-2/.venv/lib/python3.12/site-packages/airflow/example_dags/example_short_circuit_decorator.py
[2026-08-20T11:06:10.803+0000] {processor.py:925} INFO - DAG(s) 'example_short_circuit_decorator' retrieved from /workspaces/lab-2/.venv/lib/python3.12/site-packages/airflow/example_dags/example_short_circuit_decorator.py
[2026-08-20T11:06:10.819+0000] {logging_mixin.py:190} INFO - [2026-08-20T11:06:10.819+0000] {dag.py:3239} INFO - Sync 1 DAGs
[2026-08-20T11:06:10.829+0000] {logging_mixin.py:190} INFO - [2026-08-20T11:06:10.829+0000] {dag.py:4180} INFO - Setting next_dagrun for example_short_circuit_decorator to None, run_after=None
[2026-08-20T11:06:10.846+0000] {processor.py:208} INFO - Processing /workspaces/lab-2/.venv/lib/python3.12/site-packages/airflow/example_dags/example_short_circuit_decorator.py took 0.058 seconds
[2026-08-20T11:06:58.136+0000] {processor.py:186} INFO - Started process (PID=26854) to work on /workspaces/lab-2/.venv/lib/python3.12/site-packages/airflow/example_dags/example_short_circuit_decorator.py
[2026-08-20T11:06:58.137+0000] {processor.py:914} INFO - Processing file /workspaces/lab-2/.venv/lib/python3.12/site-packages/airflow/example_dags/example_short_circuit_decorator.py for tasks to queue
[2026-08-20T11:06:58.139+0000] {logging_mixin.py:190} INFO - [2026-08-20T11:06:58.139+0000] {dagbag.py:588} INFO - Filling up the DagBag from /workspaces/lab-2/.venv/lib/python3.12/site-packages/airflow/example_dags/example_short_circuit_decorator.py
[2026-08-20T11:06:58.147+0000] {processor.py:925} INFO - DAG(s) 'example_short_circuit_decorator' retrieved from /workspaces/lab-2/.venv/lib/python3.12/site-packages/airflow/example_dags/example_short_circuit_decorator.py
[2026-08-20T11:06:58.167+0000] {logging_mixin.py:190} INFO - [2026-08-20T11:06:58.167+0000] {dag.py:3239} INFO - Sync 1 DAGs
[2026-08-20T11:06:58.178+0000] {logging_mixin.py:190} INFO - [2026-08-20T11:06:58.177+0000] {dag.py:4180} INFO - Setting next_dagrun for example_short_circuit_decorator to None, run_after=None
[2026-08-20T11:06:58.196+0000] {processor.py:208} INFO - Processing /workspaces/lab-2/.venv/lib/python3.12/site-packages/airflow/example_dags/example_short_circuit_decorator.py took 0.064 seconds
[2026-08-20T11:07:54.644+0000] {processor.py:186} INFO - Started process (PID=27544) to work on /workspaces/lab-2/.venv/lib/python3.12/site-packages/airflow/example_dags/example_short_circuit_decorator.py
[2026-08-20T11:07:54.645+0000] {processor.py:914} INFO - Processing file /workspaces/lab-2/.venv/lib/python3.12/site-packages/airflow/example_dags/example_short_circuit_decorator.py for tasks to queue
[2026-08-20T11:07:54.647+0000] {logging_mixin.py:190} INFO - [2026-08-20T11:07:54.647+0000] {dagbag.py:588} INFO - Filling up the DagBag from /workspaces/lab-2/.venv/lib/python3.12/site-packages/airflow/example_dags/example_short_circuit_decorator.py
[2026-08-20T11:07:54.658+0000] {processor.py:925} INFO - DAG(s) 'example_short_circuit_decorator' retrieved from /workspaces/lab-2/.venv/lib/python3.12/site-packages/airflow/example_dags/example_short_circuit_decorator.py
[2026-08-20T11:07:54.674+0000] {logging_mixin.py:190} INFO - [2026-08-20T11:07:54.674+0000] {dag.py:3239} INFO - Sync 1 DAGs
[2026-08-20T11:07:54.684+0000] {logging_mixin.py:190} INFO - [2026-08-20T11:07:54.684+0000] {dag.py:4180} INFO - Setting next_dagrun for example_short_circuit_decorator to None, run_after=None
[2026-08-20T11:07:54.702+0000] {processor.py:208} INFO - Processing /workspaces/lab-2/.venv/lib/python3.12/site-packages/airflow/example_dags/example_short_circuit_decorator.py took 0.062 seconds
[2026-08-20T11:08:49.744+0000] {processor.py:186} INFO - Started process (PID=28747) to work on /workspaces/lab-2/.venv/lib/python3.12/site-packages/airflow/example_dags/example_short_circuit_decorator.py
[2026-08-20T11:08:49.745+0000] {processor.py:914} INFO - Processing file /workspaces/lab-2/.venv/lib/python3.12/site-packages/airflow/example_dags/example_short_circuit_decorator.py for tasks to queue
[2026-08-20T11:08:49.747+0000] {logging_mixin.py:190} INFO - [2026-08-20T11:08:49.746+0000] {dagbag.py:588} INFO - Filling up the DagBag from /workspaces/lab-2/.venv/lib/python3.12/site-packages/airflow/example_dags/example_short_circuit_decorator.py
[2026-08-20T11:08:49.756+0000] {processor.py:925} INFO - DAG(s) 'example_short_circuit_decorator' retrieved from /workspaces/lab-2/.venv/lib/python3.12/site-packages/airflow/example_dags/example_short_circuit_decorator.py
[2026-08-20T11:08:49.771+0000] {logging_mixin.py:190} INFO - [2026-08-20T11:08:49.771+0000] {dag.py:3239} INFO - Sync 1 DAGs
[2026-08-20T11:08:49.781+0000] {logging_mixin.py:190} INFO - [2026-08-20T11:08:49.781+0000] {dag.py:4180} INFO - Setting next_dagrun for example_short_circuit_decorator to None, run_after=None
[2026-08-20T11:08:49.798+0000] {processor.py:208} INFO - Processing /workspaces/lab-2/.venv/lib/python3.12/site-packages/airflow/example_dags/example_short_circuit_decorator.py took 0.058 seconds
[2026-08-20T11:09:43.921+0000] {processor.py:186} INFO - Started process (PID=29671) to work on /workspaces/lab-2/.venv/lib/python3.12/site-packages/airflow/example_dags/example_short_circuit_decorator.py
[2026-08-20T11:09:43.923+0000] {processor.py:914} INFO - Processing file /workspaces/lab-2/.venv/lib/python3.12/site-packages/airflow/example_dags/example_short_circuit_decorator.py for tasks to queue
[2026-08-20T11:09:43.925+0000] {logging_mixin.py:190} INFO - [2026-08-20T11:09:43.925+0000] {dagbag.py:588} INFO - Filling up the DagBag from /workspaces/lab-2/.venv/lib/python3.12/site-packages/airflow/example_dags/example_short_circuit_decorator.py
[2026-08-20T11:09:43.937+0000] {processor.py:925} INFO - DAG(s) 'example_short_circuit_decorator' retrieved from /workspaces/lab-2/.venv/lib/python3.12/site-packages/airflow/example_dags/example_short_circuit_decorator.py
[2026-08-20T11:09:43.954+0000] {logging_mixin.py:190} INFO - [2026-08-20T11:09:43.953+0000] {dag.py:3239} INFO - Sync 1 DAGs
[2026-08-20T11:09:43.964+0000] {logging_mixin.py:190} INFO - [2026-08-20T11:09:43.964+0000] {dag.py:4180} INFO - Setting next_dagrun for example_short_circuit_decorator to None, run_after=None
[2026-08-20T11:09:43.999+0000] {processor.py:208} INFO - Processing /workspaces/lab-2/.venv/lib/python3.12/site-packages/airflow/example_dags/example_short_circuit_decorator.py took 0.084 seconds
[2026-08-20T11:10:36.523+0000] {processor.py:186} INFO - Started process (PID=30603) to work on /workspaces/lab-2/.venv/lib/python3.12/site-packages/airflow/example_dags/example_short_circuit_decorator.py
[2026-08-20T11:10:36.524+0000] {processor.py:914} INFO - Processing file /workspaces/lab-2/.venv/lib/python3.12/site-packages/airflow/example_dags/example_short_circuit_decorator.py for tasks to queue
[2026-08-20T11:10:36.527+0000] {logging_mixin.py:190} INFO - [2026-08-20T11:10:36.526+0000] {dagbag.py:588} INFO - Filling up the DagBag from /workspaces/lab-2/.venv/lib/python3.12/site-packages/airflow/example_dags/example_short_circuit_decorator.py
[2026-08-20T11:10:36.535+0000] {processor.py:925} INFO - DAG(s) 'example_short_circuit_decorator' retrieved from /workspaces/lab-2/.venv/lib/python3.12/site-packages/airflow/example_dags/example_short_circuit_decorator.py
[2026-08-20T11:10:36.554+0000] {logging_mixin.py:190} INFO - [2026-08-20T11:10:36.554+0000] {dag.py:3239} INFO - Sync 1 DAGs
[2026-08-20T11:10:36.570+0000] {logging_mixin.py:190} INFO - [2026-08-20T11:10:36.569+0000] {dag.py:4180} INFO - Setting next_dagrun for example_short_circuit_decorator to None, run_after=None
[2026-08-20T11:10:36.593+0000] {processor.py:208} INFO - Processing /workspaces/lab-2/.venv/lib/python3.12/site-packages/airflow/example_dags/example_short_circuit_decorator.py took 0.076 seconds
[2026-08-20T11:11:32.359+0000] {processor.py:186} INFO - Started process (PID=31576) to work on /workspaces/lab-2/.venv/lib/python3.12/site-packages/airflow/example_dags/example_short_circuit_decorator.py
[2026-08-20T11:11:32.360+0000] {processor.py:914} INFO - Processing file /workspaces/lab-2/.venv/lib/python3.12/site-packages/airflow/example_dags/example_short_circuit_decorator.py for tasks to queue
[2026-08-20T11:11:32.362+0000] {logging_mixin.py:190} INFO - [2026-08-20T11:11:32.362+0000] {dagbag.py:588} INFO - Filling up the DagBag from /workspaces/lab-2/.venv/lib/python3.12/site-packages/airflow/example_dags/example_short_circuit_decorator.py
[2026-08-20T11:11:32.371+0000] {processor.py:925} INFO - DAG(s) 'example_short_circuit_decorator' retrieved from /workspaces/lab-2/.venv/lib/python3.12/site-packages/airflow/example_dags/example_short_circuit_decorator.py
[2026-08-20T11:11:32.388+0000] {logging_mixin.py:190} INFO - [2026-08-20T11:11:32.388+0000] {dag.py:3239} INFO - Sync 1 DAGs
[2026-08-20T11:11:32.398+0000] {logging_mixin.py:190} INFO - [2026-08-20T11:11:32.398+0000] {dag.py:4180} INFO - Setting next_dagrun for example_short_circuit_decorator to None, run_after=None
[2026-08-20T11:11:32.416+0000] {processor.py:208} INFO - Processing /workspaces/lab-2/.venv/lib/python3.12/site-packages/airflow/example_dags/example_short_circuit_decorator.py took 0.062 seconds
[2026-08-20T11:11:34.534+0000] {processor.py:186} INFO - Started process (PID=31613) to work on /workspaces/lab-2/.venv/lib/python3.12/site-packages/airflow/example_dags/example_short_circuit_decorator.py
[2026-08-20T11:11:34.535+0000] {processor.py:914} INFO - Processing file /workspaces/lab-2/.venv/lib/python3.12/site-packages/airflow/example_dags/example_short_circuit_decorator.py for tasks to queue
[2026-08-20T11:11:34.537+0000] {logging_mixin.py:190} INFO - [2026-08-20T11:11:34.536+0000] {dagbag.py:588} INFO - Filling up the DagBag from /workspaces/lab-2/.venv/lib/python3.12/site-packages/airflow/example_dags/example_short_circuit_decorator.py
[2026-08-20T11:11:34.545+0000] {processor.py:925} INFO - DAG(s) 'example_short_circuit_decorator' retrieved from /workspaces/lab-2/.venv/lib/python3.12/site-packages/airflow/example_dags/example_short_circuit_decorator.py
[2026-08-20T11:11:34.564+0000] {logging_mixin.py:190} INFO - [2026-08-20T11:11:34.564+0000] {dag.py:3239} INFO - Sync 1 DAGs
[2026-08-20T11:11:34.574+0000] {logging_mixin.py:190} INFO - [2026-08-20T11:11:34.573+0000] {dag.py:4180} INFO - Setting next_dagrun for example_short_circuit_decorator to None, run_after=None
[2026-08-20T11:11:34.592+0000] {processor.py:208} INFO - Processing /workspaces/lab-2/.venv/lib/python3.12/site-packages/airflow/example_dags/example_short_circuit_decorator.py took 0.062 seconds
[2026-08-20T11:12:26.384+0000] {processor.py:186} INFO - Started process (PID=32860) to work on /workspaces/lab-2/.venv/lib/python3.12/site-packages/airflow/example_dags/example_short_circuit_decorator.py
[2026-08-20T11:12:26.385+0000] {processor.py:914} INFO - Processing file /workspaces/lab-2/.venv/lib/python3.12/site-packages/airflow/example_dags/example_short_circuit_decorator.py for tasks to queue
[2026-08-20T11:12:26.387+0000] {logging_mixin.py:190} INFO - [2026-08-20T11:12:26.387+0000] {dagbag.py:588} INFO - Filling up the DagBag from /workspaces/lab-2/.venv/lib/python3.12/site-packages/airflow/example_dags/example_short_circuit_decorator.py
[2026-08-20T11:12:26.395+0000] {processor.py:925} INFO - DAG(s) 'example_short_circuit_decorator' retrieved from /workspaces/lab-2/.venv/lib/python3.12/site-packages/airflow/example_dags/example_short_circuit_decorator.py
[2026-08-20T11:12:26.411+0000] {logging_mixin.py:190} INFO - [2026-08-20T11:12:26.410+0000] {dag.py:3239} INFO - Sync 1 DAGs
[2026-08-20T11:12:26.420+0000] {logging_mixin.py:190} INFO - [2026-08-20T11:12:26.420+0000] {dag.py:4180} INFO - Setting next_dagrun for example_short_circuit_decorator to None, run_after=None
[2026-08-20T11:12:26.441+0000] {processor.py:208} INFO - Processing /workspaces/lab-2/.venv/lib/python3.12/site-packages/airflow/example_dags/example_short_circuit_decorator.py took 0.061 seconds
[2026-08-20T11:12:31.618+0000] {processor.py:186} INFO - Started process (PID=32900) to work on /workspaces/lab-2/.venv/lib/python3.12/site-packages/airflow/example_dags/example_short_circuit_decorator.py
[2026-08-20T11:12:31.618+0000] {processor.py:914} INFO - Processing file /workspaces/lab-2/.venv/lib/python3.12/site-packages/airflow/example_dags/example_short_circuit_decorator.py for tasks to queue
[2026-08-20T11:12:31.620+0000] {logging_mixin.py:190} INFO - [2026-08-20T11:12:31.620+0000] {dagbag.py:588} INFO - Filling up the DagBag from /workspaces/lab-2/.venv/lib/python3.12/site-packages/airflow/example_dags/example_short_circuit_decorator.py
[2026-08-20T11:12:31.628+0000] {processor.py:925} INFO - DAG(s) 'example_short_circuit_decorator' retrieved from /workspaces/lab-2/.venv/lib/python3.12/site-packages/airflow/example_dags/example_short_circuit_decorator.py
[2026-08-20T11:12:31.647+0000] {logging_mixin.py:190} INFO - [2026-08-20T11:12:31.647+0000] {dag.py:3239} INFO - Sync 1 DAGs
[2026-08-20T11:12:31.657+0000] {logging_mixin.py:190} INFO - [2026-08-20T11:12:31.657+0000] {dag.py:4180} INFO - Setting next_dagrun for example_short_circuit_decorator to None, run_after=None
[2026-08-20T11:12:31.675+0000] {processor.py:208} INFO - Processing /workspaces/lab-2/.venv/lib/python3.12/site-packages/airflow/example_dags/example_short_circuit_decorator.py took 0.062 seconds
[2026-08-20T11:13:24.558+0000] {processor.py:186} INFO - Started process (PID=33831) to work on /workspaces/lab-2/.venv/lib/python3.12/site-packages/airflow/example_dags/example_short_circuit_decorator.py
[2026-08-20T11:13:24.559+0000] {processor.py:914} INFO - Processing file /workspaces/lab-2/.venv/lib/python3.12/site-packages/airflow/example_dags/example_short_circuit_decorator.py for tasks to queue
[2026-08-20T11:13:24.561+0000] {logging_mixin.py:190} INFO - [2026-08-20T11:13:24.560+0000] {dagbag.py:588} INFO - Filling up the DagBag from /workspaces/lab-2/.venv/lib/python3.12/site-packages/airflow/example_dags/example_short_circuit_decorator.py
[2026-08-20T11:13:24.570+0000] {processor.py:925} INFO - DAG(s) 'example_short_circuit_decorator' retrieved from /workspaces/lab-2/.venv/lib/python3.12/site-packages/airflow/example_dags/example_short_circuit_decorator.py
[2026-08-20T11:13:24.675+0000] {logging_mixin.py:190} INFO - [2026-08-20T11:13:24.674+0000] {dag.py:3239} INFO - Sync 1 DAGs
[2026-08-20T11:13:24.685+0000] {logging_mixin.py:190} INFO - [2026-08-20T11:13:24.685+0000] {dag.py:4180} INFO - Setting next_dagrun for example_short_circuit_decorator to None, run_after=None
[2026-08-20T11:13:24.705+0000] {processor.py:208} INFO - Processing /workspaces/lab-2/.venv/lib/python3.12/site-packages/airflow/example_dags/example_short_circuit_decorator.py took 0.152 seconds
[2026-08-20T11:13:24.954+0000] {processor.py:186} INFO - Started process (PID=33832) to work on /workspaces/lab-2/.venv/lib/python3.12/site-packages/airflow/example_dags/example_short_circuit_decorator.py
[2026-08-20T11:13:24.954+0000] {processor.py:914} INFO - Processing file /workspaces/lab-2/.venv/lib/python3.12/site-packages/airflow/example_dags/example_short_circuit_decorator.py for tasks to queue
[2026-08-20T11:13:24.956+0000] {logging_mixin.py:190} INFO - [2026-08-20T11:13:24.956+0000] {dagbag.py:588} INFO - Filling up the DagBag from /workspaces/lab-2/.venv/lib/python3.12/site-packages/airflow/example_dags/example_short_circuit_decorator.py
[2026-08-20T11:13:24.965+0000] {processor.py:925} INFO - DAG(s) 'example_short_circuit_decorator' retrieved from /workspaces/lab-2/.venv/lib/python3.12/site-packages/airflow/example_dags/example_short_circuit_decorator.py
[2026-08-20T11:13:24.972+0000] {logging_mixin.py:190} INFO - [2026-08-20T11:13:24.972+0000] {dag.py:3239} INFO - Sync 1 DAGs
[2026-08-20T11:13:24.984+0000] {logging_mixin.py:190} INFO - [2026-08-20T11:13:24.983+0000] {dag.py:4180} INFO - Setting next_dagrun for example_short_circuit_decorator to None, run_after=None
[2026-08-20T11:13:25.002+0000] {processor.py:208} INFO - Processing /workspaces/lab-2/.venv/lib/python3.12/site-packages/airflow/example_dags/example_short_circuit_decorator.py took 0.053 seconds
[2026-08-20T11:14:16.759+0000] {processor.py:186} INFO - Started process (PID=34966) to work on /workspaces/lab-2/.venv/lib/python3.12/site-packages/airflow/example_dags/example_short_circuit_decorator.py
[2026-08-20T11:14:16.760+0000] {processor.py:914} INFO - Processing file /workspaces/lab-2/.venv/lib/python3.12/site-packages/airflow/example_dags/example_short_circuit_decorator.py for tasks to queue
[2026-08-20T11:14:16.762+0000] {logging_mixin.py:190} INFO - [2026-08-20T11:14:16.761+0000] {dagbag.py:588} INFO - Filling up the DagBag from /workspaces/lab-2/.venv/lib/python3.12/site-packages/airflow/example_dags/example_short_circuit_decorator.py
[2026-08-20T11:14:16.770+0000] {processor.py:925} INFO - DAG(s) 'example_short_circuit_decorator' retrieved from /workspaces/lab-2/.venv/lib/python3.12/site-packages/airflow/example_dags/example_short_circuit_decorator.py
[2026-08-20T11:14:16.786+0000] {logging_mixin.py:190} INFO - [2026-08-20T11:14:16.786+0000] {dag.py:3239} INFO - Sync 1 DAGs
[2026-08-20T11:14:16.796+0000] {logging_mixin.py:190} INFO - [2026-08-20T11:14:16.796+0000] {dag.py:4180} INFO - Setting next_dagrun for example_short_circuit_decorator to None, run_after=None
[2026-08-20T11:14:16.814+0000] {processor.py:208} INFO - Processing /workspaces/lab-2/.venv/lib/python3.12/site-packages/airflow/example_dags/example_short_circuit_decorator.py took 0.059 seconds
[2026-08-20T11:14:19.867+0000] {processor.py:186} INFO - Started process (PID=35056) to work on /workspaces/lab-2/.venv/lib/python3.12/site-packages/airflow/example_dags/example_short_circuit_decorator.py
[2026-08-20T11:14:19.868+0000] {processor.py:914} INFO - Processing file /workspaces/lab-2/.venv/lib/python3.12/site-packages/airflow/example_dags/example_short_circuit_decorator.py for tasks to queue
[2026-08-20T11:14:19.870+0000] {logging_mixin.py:190} INFO - [2026-08-20T11:14:19.870+0000] {dagbag.py:588} INFO - Filling up the DagBag from /workspaces/lab-2/.venv/lib/python3.12/site-packages/airflow/example_dags/example_short_circuit_decorator.py
[2026-08-20T11:14:19.884+0000] {processor.py:925} INFO - DAG(s) 'example_short_circuit_decorator' retrieved from /workspaces/lab-2/.venv/lib/python3.12/site-packages/airflow/example_dags/example_short_circuit_decorator.py
[2026-08-20T11:14:19.910+0000] {logging_mixin.py:190} INFO - [2026-08-20T11:14:19.910+0000] {dag.py:3239} INFO - Sync 1 DAGs
[2026-08-20T11:14:19.927+0000] {logging_mixin.py:190} INFO - [2026-08-20T11:14:19.927+0000] {dag.py:4180} INFO - Setting next_dagrun for example_short_circuit_decorator to None, run_after=None
[2026-08-20T11:14:19.950+0000] {processor.py:208} INFO - Processing /workspaces/lab-2/.venv/lib/python3.12/site-packages/airflow/example_dags/example_short_circuit_decorator.py took 0.090 seconds
