[2026-08-20T11:04:19.183+0000] {processor.py:186} INFO - Started process (PID=24433) to work on /workspaces/lab-2/.venv/lib/python3.12/site-packages/airflow/example_dags/example_sensors.py
[2026-08-20T11:04:19.184+0000] {processor.py:914} INFO - Processing file /workspaces/lab-2/.venv/lib/python3.12/site-packages/airflow/example_dags/example_sensors.py for tasks to queue
[2026-08-20T11:04:19.186+0000] {logging_mixin.py:190} INFO - [2026-08-20T11:04:19.185+0000] {dagbag.py:588} INFO - Filling up the DagBag from /workspaces/lab-2/.venv/lib/python3.12/site-packages/airflow/example_dags/example_sensors.py
[2026-08-20T11:04:19.195+0000] {processor.py:925} INFO - DAG(s) 'example_sensors' retrieved from /workspaces/lab-2/.venv/lib/python3.12/site-packages/airflow/example_dags/example_sensors.py
[2026-08-20T11:04:19.348+0000] {logging_mixin.py:190} INFO - [2026-08-20T11:04:19.348+0000] {override.py:1900} INFO - Created Permission View: can edit on DAG:example_sensors
[2026-08-20T11:04:19.358+0000] {logging_mixin.py:190} INFO - [2026-08-20T11:04:19.358+0000] {override.py:1900} INFO - Created Permission View: can read on DAG:example_sensors
[2026-08-20T11:04:19.365+0000] {logging_mixin.py:190} INFO - [2026-08-20T11:04:19.365+0000] {override.py:1900} INFO - Created Permission View: can delete on DAG:example_sensors
[2026-08-20T11:04:19.377+0000] {logging_mixin.py:190} INFO - [2026-08-20T11:04:19.377+0000] {override.py:1900} INFO - Created Permission View: can create on DAG Run:example_sensors
[2026-08-20T11:04:19.384+0000] {logging_mixin.py:190} INFO - [2026-08-20T11:04:19.384+0000] {override.py:1900} INFO - Created Permission View: can read on DAG Run:example_sensors
[2026-08-20T11:04:19.391+0000] {logging_mixin.py:190} INFO - [2026-08-20T11:04:19.391+0000] {override.py:1900} INFO - Created Permission View: menu access on DAG Run:example_sensors
[2026-08-20T11:04:19.400+0000] {logging_mixin.py:190} INFO - [2026-08-20T11:04:19.400+0000] {override.py:1900} INFO - Created Permission View: can delete on DAG Run:example_sensors
[2026-08-20T11:04:19.400+0000] {logging_mixin.py:190} INFO - [2026-08-20T11:04:19.400+0000] {dag.py:3239} INFO - Sync 1 DAGs
[2026-08-20T11:04:19.410+0000] {logging_mixin.py:190} INFO - [2026-08-20T11:04:19.410+0000] {dag.py:3262} INFO - Creating ORM DAG for example_sensors
[2026-08-20T11:04:19.411+0000] {logging_mixin.py:190} INFO - [2026-08-20T11:04:19.410+0000] {dag.py:4180} INFO - Setting next_dagrun for example_sensors to None, run_after=None
[2026-08-20T11:04:19.447+0000] {processor.py:208} INFO - Processing /workspaces/lab-2/.venv/lib/python3.12/site-packages/airflow/example_dags/example_sensors.py took 0.268 seconds
[2026-08-20T11:05:20.506+0000] {processor.py:186} INFO - Started process (PID=25328) to work on /workspaces/lab-2/.venv/lib/python3.12/site-packages/airflow/example_dags/example_sensors.py
[2026-08-20T11:05:20.506+0000] {processor.py:914} INFO - Processing file /workspaces/lab-2/.venv/lib/python3.12/site-packages/airflow/example_dags/example_sensors.py for tasks to queue
[2026-08-20T11:05:20.508+0000] {logging_mixin.py:190} INFO - [2026-08-20T11:05:20.508+0000] {dagbag.py:588} INFO - Filling up the DagBag from /workspaces/lab-2/.venv/lib/python3.12/site-packages/airflow/example_dags/example_sensors.py
[2026-08-20T11:05:20.517+0000] {processor.py:925} INFO - DAG(s) 'example_sensors' retrieved from /workspaces/lab-2/.venv/lib/python3.12/site-packages/airflow/example_dags/example_sensors.py
[2026-08-20T11:05:20.535+0000] {logging_mixin.py:190} INFO - [2026-08-20T11:05:20.535+0000] {dag.py:3239} INFO - Sync 1 DAGs
[2026-08-20T11:05:20.544+0000] {logging_mixin.py:190} INFO - [2026-08-20T11:05:20.544+0000] {dag.py:4180} INFO - Setting next_dagrun for example_sensors to None, run_after=None
[2026-08-20T11:05:20.562+0000] {processor.py:208} INFO - Processing /workspaces/lab-2/.venv/lib/python3.12/site-packages/airflow/example_dags/example_sensors.py took 0.063 seconds
[2026-08-20T11:06:13.321+0000] {processor.py:186} INFO - Started process (PID=26100) to work on /workspaces/lab-2/.venv/lib/python3.12/site-packages/airflow/example_dags/example_sensors.py
[2026-08-20T11:06:13.322+0000] {processor.py:914} INFO - Processing file /workspaces/lab-2/.venv/lib/python3.12/site-packages/airflow/example_dags/example_sensors.py for tasks to queue
[2026-08-20T11:06:13.324+0000] {logging_mixin.py:190} INFO - [2026-08-20T11:06:13.323+0000] {dagbag.py:588} INFO - Filling up the DagBag from /workspaces/lab-2/.venv/lib/python3.12/site-packages/airflow/example_dags/example_sensors.py
[2026-08-20T11:06:13.333+0000] {processor.py:925} INFO - DAG(s) 'example_sensors' retrieved from /workspaces/lab-2/.venv/lib/python3.12/site-packages/airflow/example_dags/example_sensors.py
[2026-08-20T11:06:13.351+0000] {logging_mixin.py:190} INFO - [2026-08-20T11:06:13.351+0000] {dag.py:3239} INFO - Sync 1 DAGs
[2026-08-20T11:06:13.360+0000] {logging_mixin.py:190} INFO - [2026-08-20T11:06:13.360+0000] {dag.py:4180} INFO - Setting next_dagrun for example_sensors to None, run_after=None
[2026-08-20T11:06:13.377+0000] {processor.py:208} INFO - Processing /workspaces/lab-2/.venv/lib/python3.12/site-packages/airflow/example_dags/example_sensors.py took 0.060 seconds
[2026-08-20T11:07:01.562+0000] {processor.py:186} INFO - Started process (PID=26950) to work on /workspaces/lab-2/.venv/lib/python3.12/site-packages/airflow/example_dags/example_sensors.py
[2026-08-20T11:07:01.563+0000] {processor.py:914} INFO - Processing file /workspaces/lab-2/.venv/lib/python3.12/site-packages/airflow/example_dags/example_sensors.py for tasks to queue
[2026-08-20T11:07:01.565+0000] {logging_mixin.py:190} INFO - [2026-08-20T11:07:01.565+0000] {dagbag.py:588} INFO - Filling up the DagBag from /workspaces/lab-2/.venv/lib/python3.12/site-packages/airflow/example_dags/example_sensors.py
[2026-08-20T11:07:01.574+0000] {processor.py:925} INFO - DAG(s) 'example_sensors' retrieved from /workspaces/lab-2/.venv/lib/python3.12/site-packages/airflow/example_dags/example_sensors.py
[2026-08-20T11:07:01.594+0000] {logging_mixin.py:190} INFO - [2026-08-20T11:07:01.593+0000] {dag.py:3239} INFO - Sync 1 DAGs
[2026-08-20T11:07:01.603+0000] {logging_mixin.py:190} INFO - [2026-08-20T11:07:01.603+0000] {dag.py:4180} INFO - Setting next_dagrun for example_sensors to None, run_after=None
[2026-08-20T11:07:01.621+0000] {processor.py:208} INFO - Processing /workspaces/lab-2/.venv/lib/python3.12/site-packages/airflow/example_dags/example_sensors.py took 0.063 seconds
[2026-08-20T11:07:57.215+0000] {processor.py:186} INFO - Started process (PID=27838) to work on /workspaces/lab-2/.venv/lib/python3.12/site-packages/airflow/example_dags/example_sensors.py
[2026-08-20T11:07:57.218+0000] {processor.py:914} INFO - Processing file /workspaces/lab-2/.venv/lib/python3.12/site-packages/airflow/example_dags/example_sensors.py for tasks to queue
[2026-08-20T11:07:57.221+0000] {logging_mixin.py:190} INFO - [2026-08-20T11:07:57.220+0000] {dagbag.py:588} INFO - Filling up the DagBag from /workspaces/lab-2/.venv/lib/python3.12/site-packages/airflow/example_dags/example_sensors.py
[2026-08-20T11:07:57.235+0000] {processor.py:925} INFO - DAG(s) 'example_sensors' retrieved from /workspaces/lab-2/.venv/lib/python3.12/site-packages/airflow/example_dags/example_sensors.py
[2026-08-20T11:07:57.262+0000] {logging_mixin.py:190} INFO - [2026-08-20T11:07:57.262+0000] {dag.py:3239} INFO - Sync 1 DAGs
[2026-08-20T11:07:57.276+0000] {logging_mixin.py:190} INFO - [2026-08-20T11:07:57.276+0000] {dag.py:4180} INFO - Setting next_dagrun for example_sensors to None, run_after=None
[2026-08-20T11:07:57.307+0000] {processor.py:208} INFO - Processing /workspaces/lab-2/.venv/lib/python3.12/site-packages/airflow/example_dags/example_sensors.py took 0.098 seconds
[2026-08-20T11:08:52.243+0000] {processor.py:186} INFO - Started process (PID=28778) to work on /workspaces/lab-2/.venv/lib/python3.12/site-packages/airflow/example_dags/example_sensors.py
[2026-08-20T11:08:52.244+0000] {processor.py:914} INFO - Processing file /workspaces/lab-2/.venv/lib/python3.12/site-packages/airflow/example_dags/example_sensors.py for tasks to queue
[2026-08-20T11:08:52.246+0000] {logging_mixin.py:190} INFO - [2026-08-20T11:08:52.245+0000] {dagbag.py:588} INFO - Filling up the DagBag from /workspaces/lab-2/.venv/lib/python3.12/site-packages/airflow/example_dags/example_sensors.py
[2026-08-20T11:08:52.255+0000] {processor.py:925} INFO - DAG(s) 'example_sensors' retrieved from /workspaces/lab-2/.venv/lib/python3.12/site-packages/airflow/example_dags/example_sensors.py
[2026-08-20T11:08:52.272+0000] {logging_mixin.py:190} INFO - [2026-08-20T11:08:52.272+0000] {dag.py:3239} INFO - Sync 1 DAGs
[2026-08-20T11:08:52.285+0000] {logging_mixin.py:190} INFO - [2026-08-20T11:08:52.285+0000] {dag.py:4180} INFO - Setting next_dagrun for example_sensors to None, run_after=None
[2026-08-20T11:08:52.305+0000] {processor.py:208} INFO - Processing /workspaces/lab-2/.venv/lib/python3.12/site-packages/airflow/example_dags/example_sensors.py took 0.067 seconds
[2026-08-20T11:09:47.407+0000] {processor.py:186} INFO - Started process (PID=29729) to work on /workspaces/lab-2/.venv/lib/python3.12/site-packages/airflow/example_dags/example_sensors.py
[2026-08-20T11:09:47.408+0000] {processor.py:914} INFO - Processing file /workspaces/lab-2/.venv/lib/python3.12/site-packages/airflow/example_dags/example_sensors.py for tasks to queue
[2026-08-20T11:09:47.411+0000] {logging_mixin.py:190} INFO - [2026-08-20T11:09:47.411+0000] {dagbag.py:588} INFO - Filling up the DagBag from /workspaces/lab-2/.venv/lib/python3.12/site-packages/airflow/example_dags/example_sensors.py
[2026-08-20T11:09:47.422+0000] {processor.py:925} INFO - DAG(s) 'example_sensors' retrieved from /workspaces/lab-2/.venv/lib/python3.12/site-packages/airflow/example_dags/example_sensors.py
[2026-08-20T11:09:47.441+0000] {logging_mixin.py:190} INFO - [2026-08-20T11:09:47.441+0000] {dag.py:3239} INFO - Sync 1 DAGs
[2026-08-20T11:09:47.451+0000] {logging_mixin.py:190} INFO - [2026-08-20T11:09:47.451+0000] {dag.py:4180} INFO - Setting next_dagrun for example_sensors to None, run_after=None
[2026-08-20T11:09:47.470+0000] {processor.py:208} INFO - Processing /workspaces/lab-2/.venv/lib/python3.12/site-packages/airflow/example_dags/example_sensors.py took 0.069 seconds
[2026-08-20T11:10:41.343+0000] {processor.py:186} INFO - Started process (PID=30698) to work on /workspaces/lab-2/.venv/lib/python3.12/site-packages/airflow/example_dags/example_sensors.py
[2026-08-20T11:10:41.344+0000] {processor.py:914} INFO - Processing file /workspaces/lab-2/.venv/lib/python3.12/site-packages/airflow/example_dags/example_sensors.py for tasks to queue
[2026-08-20T11:10:41.346+0000] {logging_mixin.py:190} INFO - [2026-08-20T11:10:41.346+0000] {dagbag.py:588} INFO - Filling up the DagBag from /workspaces/lab-2/.venv/lib/python3.12/site-packages/airflow/example_dags/example_sensors.py
[2026-08-20T11:10:41.355+0000] {processor.py:925} INFO - DAG(s) 'example_sensors' retrieved from /workspaces/lab-2/.venv/lib/python3.12/site-packages/airflow/example_dags/example_sensors.py
[2026-08-20T11:10:41.373+0000] {logging_mixin.py:190} INFO - [2026-08-20T11:10:41.373+0000] {dag.py:3239} INFO - Sync 1 DAGs
[2026-08-20T11:10:41.382+0000] {logging_mixin.py:190} INFO - [2026-08-20T11:10:41.382+0000] {dag.py:4180} INFO - Setting next_dagrun for example_sensors to None, run_after=None
[2026-08-20T11:10:41.400+0000] {processor.py:208} INFO - Processing /workspaces/lab-2/.venv/lib/python3.12/site-packages/airflow/example_dags/example_sensors.py took 0.062 seconds
[2026-08-20T11:11:35.799+0000] {processor.py:186} INFO - Started process (PID=31623) to work on /workspaces/lab-2/.venv/lib/python3.12/site-packages/airflow/example_dags/example_sensors.py
[2026-08-20T11:11:35.802+0000] {processor.py:914} INFO - Processing file /workspaces/lab-2/.venv/lib/python3.12/site-packages/airflow/example_dags/example_sensors.py for tasks to queue
[2026-08-20T11:11:35.805+0000] {logging_mixin.py:190} INFO - [2026-08-20T11:11:35.804+0000] {dagbag.py:588} INFO - Filling up the DagBag from /workspaces/lab-2/.venv/lib/python3.12/site-packages/airflow/example_dags/example_sensors.py
[2026-08-20T11:11:35.817+0000] {processor.py:925} INFO - DAG(s) 'example_sensors' retrieved from /workspaces/lab-2/.venv/lib/python3.12/site-packages/airflow/example_dags/example_sensors.py
[2026-08-20T11:11:35.836+0000] {logging_mixin.py:190} INFO - [2026-08-20T11:11:35.835+0000] {dag.py:3239} INFO - Sync 1 DAGs
[2026-08-20T11:11:35.845+0000] {logging_mixin.py:190} INFO - [2026-08-20T11:11:35.845+0000] {dag.py:4180} INFO - Setting next_dagrun for example_sensors to None, run_after=None
[2026-08-20T11:11:35.865+0000] {processor.py:208} INFO - Processing /workspaces/lab-2/.venv/lib/python3.12/site-packages/airflow/example_dags/example_sensors.py took 0.075 seconds
[2026-08-20T11:11:37.998+0000] {processor.py:186} INFO - Started process (PID=31637) to work on /workspaces/lab-2/.venv/lib/python3.12/site-packages/airflow/example_dags/example_sensors.py
[2026-08-20T11:11:37.998+0000] {processor.py:914} INFO - Processing file /workspaces/lab-2/.venv/lib/python3.12/site-packages/airflow/example_dags/example_sensors.py for tasks to queue
[2026-08-20T11:11:38.000+0000] {logging_mixin.py:190} INFO - [2026-08-20T11:11:38.000+0000] {dagbag.py:588} INFO - Filling up the DagBag from /workspaces/lab-2/.venv/lib/python3.12/site-packages/airflow/example_dags/example_sensors.py
[2026-08-20T11:11:38.015+0000] {processor.py:925} INFO - DAG(s) 'example_sensors' retrieved from /workspaces/lab-2/.venv/lib/python3.12/site-packages/airflow/example_dags/example_sensors.py
[2026-08-20T11:11:38.038+0000] {logging_mixin.py:190} INFO - [2026-08-20T11:11:38.038+0000] {dag.py:3239} INFO - Sync 1 DAGs
[2026-08-20T11:11:38.049+0000] {logging_mixin.py:190} INFO - [2026-08-20T11:11:38.049+0000] {dag.py:4180} INFO - Setting next_dagrun for example_sensors to None, run_after=None
[2026-08-20T11:11:38.067+0000] {processor.py:208} INFO - Processing /workspaces/lab-2/.venv/lib/python3.12/site-packages/airflow/example_dags/example_sensors.py took 0.074 seconds
[2026-08-20T11:12:29.112+0000] {processor.py:186} INFO - Started process (PID=32887) to work on /workspaces/lab-2/.venv/lib/python3.12/site-packages/airflow/example_dags/example_sensors.py
[2026-08-20T11:12:29.113+0000] {processor.py:914} INFO - Processing file /workspaces/lab-2/.venv/lib/python3.12/site-packages/airflow/example_dags/example_sensors.py for tasks to queue
[2026-08-20T11:12:29.114+0000] {logging_mixin.py:190} INFO - [2026-08-20T11:12:29.114+0000] {dagbag.py:588} INFO - Filling up the DagBag from /workspaces/lab-2/.venv/lib/python3.12/site-packages/airflow/example_dags/example_sensors.py
[2026-08-20T11:12:29.123+0000] {processor.py:925} INFO - DAG(s) 'example_sensors' retrieved from /workspaces/lab-2/.venv/lib/python3.12/site-packages/airflow/example_dags/example_sensors.py
[2026-08-20T11:12:29.141+0000] {logging_mixin.py:190} INFO - [2026-08-20T11:12:29.141+0000] {dag.py:3239} INFO - Sync 1 DAGs
[2026-08-20T11:12:29.150+0000] {logging_mixin.py:190} INFO - [2026-08-20T11:12:29.150+0000] {dag.py:4180} INFO - Setting next_dagrun for example_sensors to None, run_after=None
[2026-08-20T11:12:29.169+0000] {processor.py:208} INFO - Processing /workspaces/lab-2/.venv/lib/python3.12/site-packages/airflow/example_dags/example_sensors.py took 0.063 seconds
[2026-08-20T11:12:34.199+0000] {processor.py:186} INFO - Started process (PID=32916) to work on /workspaces/lab-2/.venv/lib/python3.12/site-packages/airflow/example_dags/example_sensors.py
[2026-08-20T11:12:34.200+0000] {processor.py:914} INFO - Processing file /workspaces/lab-2/.venv/lib/python3.12/site-packages/airflow/example_dags/example_sensors.py for tasks to queue
[2026-08-20T11:12:34.202+0000] {logging_mixin.py:190} INFO - [2026-08-20T11:12:34.202+0000] {dagbag.py:588} INFO - Filling up the DagBag from /workspaces/lab-2/.venv/lib/python3.12/site-packages/airflow/example_dags/example_sensors.py
[2026-08-20T11:12:34.216+0000] {processor.py:925} INFO - DAG(s) 'example_sensors' retrieved from /workspaces/lab-2/.venv/lib/python3.12/site-packages/airflow/example_dags/example_sensors.py
[2026-08-20T11:12:34.244+0000] {logging_mixin.py:190} INFO - [2026-08-20T11:12:34.244+0000] {dag.py:3239} INFO - Sync 1 DAGs
[2026-08-20T11:12:34.259+0000] {logging_mixin.py:190} INFO - [2026-08-20T11:12:34.259+0000] {dag.py:4180} INFO - Setting next_dagrun for example_sensors to None, run_after=None
[2026-08-20T11:12:34.283+0000] {processor.py:208} INFO - Processing /workspaces/lab-2/.venv/lib/python3.12/site-packages/airflow/example_dags/example_sensors.py took 0.091 seconds
[2026-08-20T11:13:27.544+0000] {processor.py:186} INFO - Started process (PID=33864) to work on /workspaces/lab-2/.venv/lib/python3.12/site-packages/airflow/example_dags/example_sensors.py
[2026-08-20T11:13:27.545+0000] {processor.py:914} INFO - Processing file /workspaces/lab-2/.venv/lib/python3.12/site-packages/airflow/example_dags/example_sensors.py for tasks to queue
[2026-08-20T11:13:27.547+0000] {logging_mixin.py:190} INFO - [2026-08-20T11:13:27.546+0000] {dagbag.py:588} INFO - Filling up the DagBag from /workspaces/lab-2/.venv/lib/python3.12/site-packages/airflow/example_dags/example_sensors.py
[2026-08-20T11:13:27.557+0000] {processor.py:925} INFO - DAG(s) 'example_sensors' retrieved from /workspaces/lab-2/.venv/lib/python3.12/site-packages/airflow/example_dags/example_sensors.py
[2026-08-20T11:13:27.678+0000] {logging_mixin.py:190} INFO - [2026-08-20T11:13:27.678+0000] {dag.py:3239} INFO - Sync 1 DAGs
[2026-08-20T11:13:27.695+0000] {logging_mixin.py:190} INFO - [2026-08-20T11:13:27.695+0000] {dag.py:4180} INFO - Setting next_dagrun for example_sensors to None, run_after=None
[2026-08-20T11:13:27.728+0000] {processor.py:208} INFO - Processing /workspaces/lab-2/.venv/lib/python3.12/site-packages/airflow/example_dags/example_sensors.py took 0.189 seconds
[2026-08-20T11:13:31.881+0000] {processor.py:186} INFO - Started process (PID=33895) to work on /workspaces/lab-2/.venv/lib/python3.12/site-packages/airflow/example_dags/example_sensors.py
[2026-08-20T11:13:31.881+0000] {processor.py:914} INFO - Processing file /workspaces/lab-2/.venv/lib/python3.12/site-packages/airflow/example_dags/example_sensors.py for tasks to queue
[2026-08-20T11:13:31.883+0000] {logging_mixin.py:190} INFO - [2026-08-20T11:13:31.883+0000] {dagbag.py:588} INFO - Filling up the DagBag from /workspaces/lab-2/.venv/lib/python3.12/site-packages/airflow/example_dags/example_sensors.py
[2026-08-20T11:13:31.894+0000] {processor.py:925} INFO - DAG(s) 'example_sensors' retrieved from /workspaces/lab-2/.venv/lib/python3.12/site-packages/airflow/example_dags/example_sensors.py
[2026-08-20T11:13:31.902+0000] {logging_mixin.py:190} INFO - [2026-08-20T11:13:31.902+0000] {dag.py:3239} INFO - Sync 1 DAGs
[2026-08-20T11:13:31.912+0000] {logging_mixin.py:190} INFO - [2026-08-20T11:13:31.912+0000] {dag.py:4180} INFO - Setting next_dagrun for example_sensors to None, run_after=None
[2026-08-20T11:13:31.930+0000] {processor.py:208} INFO - Processing /workspaces/lab-2/.venv/lib/python3.12/site-packages/airflow/example_dags/example_sensors.py took 0.055 seconds
[2026-08-20T11:14:26.898+0000] {processor.py:186} INFO - Started process (PID=35118) to work on /workspaces/lab-2/.venv/lib/python3.12/site-packages/airflow/example_dags/example_sensors.py
[2026-08-20T11:14:26.898+0000] {processor.py:914} INFO - Processing file /workspaces/lab-2/.venv/lib/python3.12/site-packages/airflow/example_dags/example_sensors.py for tasks to queue
[2026-08-20T11:14:26.900+0000] {logging_mixin.py:190} INFO - [2026-08-20T11:14:26.900+0000] {dagbag.py:588} INFO - Filling up the DagBag from /workspaces/lab-2/.venv/lib/python3.12/site-packages/airflow/example_dags/example_sensors.py
[2026-08-20T11:14:26.909+0000] {processor.py:925} INFO - DAG(s) 'example_sensors' retrieved from /workspaces/lab-2/.venv/lib/python3.12/site-packages/airflow/example_dags/example_sensors.py
[2026-08-20T11:14:26.927+0000] {logging_mixin.py:190} INFO - [2026-08-20T11:14:26.926+0000] {dag.py:3239} INFO - Sync 1 DAGs
[2026-08-20T11:14:26.936+0000] {logging_mixin.py:190} INFO - [2026-08-20T11:14:26.936+0000] {dag.py:4180} INFO - Setting next_dagrun for example_sensors to None, run_after=None
[2026-08-20T11:14:26.954+0000] {processor.py:208} INFO - Processing /workspaces/lab-2/.venv/lib/python3.12/site-packages/airflow/example_dags/example_sensors.py took 0.061 seconds
[2026-08-20T11:14:28.496+0000] {processor.py:186} INFO - Started process (PID=35135) to work on /workspaces/lab-2/.venv/lib/python3.12/site-packages/airflow/example_dags/example_sensors.py
[2026-08-20T11:14:28.497+0000] {processor.py:914} INFO - Processing file /workspaces/lab-2/.venv/lib/python3.12/site-packages/airflow/example_dags/example_sensors.py for tasks to queue
[2026-08-20T11:14:28.499+0000] {logging_mixin.py:190} INFO - [2026-08-20T11:14:28.498+0000] {dagbag.py:588} INFO - Filling up the DagBag from /workspaces/lab-2/.venv/lib/python3.12/site-packages/airflow/example_dags/example_sensors.py
[2026-08-20T11:14:28.508+0000] {processor.py:925} INFO - DAG(s) 'example_sensors' retrieved from /workspaces/lab-2/.venv/lib/python3.12/site-packages/airflow/example_dags/example_sensors.py
[2026-08-20T11:14:28.545+0000] {logging_mixin.py:190} INFO - [2026-08-20T11:14:28.545+0000] {dag.py:3239} INFO - Sync 1 DAGs
[2026-08-20T11:14:28.555+0000] {logging_mixin.py:190} INFO - [2026-08-20T11:14:28.555+0000] {dag.py:4180} INFO - Setting next_dagrun for example_sensors to None, run_after=None
[2026-08-20T11:14:28.576+0000] {processor.py:208} INFO - Processing /workspaces/lab-2/.venv/lib/python3.12/site-packages/airflow/example_dags/example_sensors.py took 0.087 seconds
