[2026-08-20T11:04:54.966+0000] {processor.py:186} INFO - Started process (PID=25025) to work on /workspaces/lab-2/.venv/lib/python3.12/site-packages/airflow/example_dags/example_bash_decorator.py
[2026-08-20T11:04:54.967+0000] {processor.py:914} INFO - Processing file /workspaces/lab-2/.venv/lib/python3.12/site-packages/airflow/example_dags/example_bash_decorator.py for tasks to queue
[2026-08-20T11:04:54.969+0000] {logging_mixin.py:190} INFO - [2026-08-20T11:04:54.969+0000] {dagbag.py:588} INFO - Filling up the DagBag from /workspaces/lab-2/.venv/lib/python3.12/site-packages/airflow/example_dags/example_bash_decorator.py
[2026-08-20T11:04:54.981+0000] {processor.py:925} INFO - DAG(s) 'example_bash_decorator' retrieved from /workspaces/lab-2/.venv/lib/python3.12/site-packages/airflow/example_dags/example_bash_decorator.py
[2026-08-20T11:04:55.091+0000] {logging_mixin.py:190} INFO - [2026-08-20T11:04:55.090+0000] {override.py:1900} INFO - Created Permission View: can edit on DAG:example_bash_decorator
[2026-08-20T11:04:55.109+0000] {logging_mixin.py:190} INFO - [2026-08-20T11:04:55.109+0000] {override.py:1900} INFO - Created Permission View: can read on DAG:example_bash_decorator
[2026-08-20T11:04:55.134+0000] {logging_mixin.py:190} INFO - [2026-08-20T11:04:55.134+0000] {override.py:1900} INFO - Created Permission View: can delete on DAG:example_bash_decorator
[2026-08-20T11:04:55.146+0000] {logging_mixin.py:190} INFO - [2026-08-20T11:04:55.146+0000] {override.py:1900} INFO - Created Permission View: can create on DAG Run:example_bash_decorator
[2026-08-20T11:04:55.156+0000] {logging_mixin.py:190} INFO - [2026-08-20T11:04:55.155+0000] {override.py:1900} INFO - Created Permission View: can read on DAG Run:example_bash_decorator
[2026-08-20T11:04:55.163+0000] {logging_mixin.py:190} INFO - [2026-08-20T11:04:55.163+0000] {override.py:1900} INFO - Created Permission View: menu access on DAG Run:example_bash_decorator
[2026-08-20T11:04:55.173+0000] {logging_mixin.py:190} INFO - [2026-08-20T11:04:55.172+0000] {override.py:1900} INFO - Created Permission View: can delete on DAG Run:example_bash_decorator
[2026-08-20T11:04:55.173+0000] {logging_mixin.py:190} INFO - [2026-08-20T11:04:55.173+0000] {dag.py:3239} INFO - Sync 1 DAGs
[2026-08-20T11:04:55.183+0000] {logging_mixin.py:190} INFO - [2026-08-20T11:04:55.183+0000] {dag.py:3262} INFO - Creating ORM DAG for example_bash_decorator
[2026-08-20T11:04:55.184+0000] {logging_mixin.py:190} INFO - [2026-08-20T11:04:55.183+0000] {dag.py:4180} INFO - Setting next_dagrun for example_bash_decorator to None, run_after=None
[2026-08-20T11:04:55.199+0000] {processor.py:208} INFO - Processing /workspaces/lab-2/.venv/lib/python3.12/site-packages/airflow/example_dags/example_bash_decorator.py took 0.237 seconds
[2026-08-20T11:05:51.279+0000] {processor.py:186} INFO - Started process (PID=25808) to work on /workspaces/lab-2/.venv/lib/python3.12/site-packages/airflow/example_dags/example_bash_decorator.py
[2026-08-20T11:05:51.279+0000] {processor.py:914} INFO - Processing file /workspaces/lab-2/.venv/lib/python3.12/site-packages/airflow/example_dags/example_bash_decorator.py for tasks to queue
[2026-08-20T11:05:51.281+0000] {logging_mixin.py:190} INFO - [2026-08-20T11:05:51.281+0000] {dagbag.py:588} INFO - Filling up the DagBag from /workspaces/lab-2/.venv/lib/python3.12/site-packages/airflow/example_dags/example_bash_decorator.py
[2026-08-20T11:05:51.293+0000] {processor.py:925} INFO - DAG(s) 'example_bash_decorator' retrieved from /workspaces/lab-2/.venv/lib/python3.12/site-packages/airflow/example_dags/example_bash_decorator.py
[2026-08-20T11:05:51.309+0000] {logging_mixin.py:190} INFO - [2026-08-20T11:05:51.309+0000] {dag.py:3239} INFO - Sync 1 DAGs
[2026-08-20T11:05:51.319+0000] {logging_mixin.py:190} INFO - [2026-08-20T11:05:51.319+0000] {dag.py:4180} INFO - Setting next_dagrun for example_bash_decorator to None, run_after=None
[2026-08-20T11:05:51.337+0000] {processor.py:208} INFO - Processing /workspaces/lab-2/.venv/lib/python3.12/site-packages/airflow/example_dags/example_bash_decorator.py took 0.064 seconds
[2026-08-20T11:07:32.758+0000] {processor.py:186} INFO - Started process (PID=27253) to work on /workspaces/lab-2/.venv/lib/python3.12/site-packages/airflow/example_dags/example_bash_decorator.py
[2026-08-20T11:07:32.759+0000] {processor.py:914} INFO - Processing file /workspaces/lab-2/.venv/lib/python3.12/site-packages/airflow/example_dags/example_bash_decorator.py for tasks to queue
[2026-08-20T11:07:32.762+0000] {logging_mixin.py:190} INFO - [2026-08-20T11:07:32.762+0000] {dagbag.py:588} INFO - Filling up the DagBag from /workspaces/lab-2/.venv/lib/python3.12/site-packages/airflow/example_dags/example_bash_decorator.py
[2026-08-20T11:07:32.775+0000] {processor.py:925} INFO - DAG(s) 'example_bash_decorator' retrieved from /workspaces/lab-2/.venv/lib/python3.12/site-packages/airflow/example_dags/example_bash_decorator.py
[2026-08-20T11:07:32.858+0000] {logging_mixin.py:190} INFO - [2026-08-20T11:07:32.858+0000] {dag.py:3239} INFO - Sync 1 DAGs
[2026-08-20T11:07:32.867+0000] {logging_mixin.py:190} INFO - [2026-08-20T11:07:32.867+0000] {dag.py:4180} INFO - Setting next_dagrun for example_bash_decorator to None, run_after=None
[2026-08-20T11:07:32.885+0000] {processor.py:208} INFO - Processing /workspaces/lab-2/.venv/lib/python3.12/site-packages/airflow/example_dags/example_bash_decorator.py took 0.132 seconds
[2026-08-20T11:08:56.764+0000] {processor.py:186} INFO - Started process (PID=28840) to work on /workspaces/lab-2/.venv/lib/python3.12/site-packages/airflow/example_dags/example_bash_decorator.py
[2026-08-20T11:08:56.764+0000] {processor.py:914} INFO - Processing file /workspaces/lab-2/.venv/lib/python3.12/site-packages/airflow/example_dags/example_bash_decorator.py for tasks to queue
[2026-08-20T11:08:56.766+0000] {logging_mixin.py:190} INFO - [2026-08-20T11:08:56.766+0000] {dagbag.py:588} INFO - Filling up the DagBag from /workspaces/lab-2/.venv/lib/python3.12/site-packages/airflow/example_dags/example_bash_decorator.py
[2026-08-20T11:08:56.778+0000] {processor.py:925} INFO - DAG(s) 'example_bash_decorator' retrieved from /workspaces/lab-2/.venv/lib/python3.12/site-packages/airflow/example_dags/example_bash_decorator.py
[2026-08-20T11:08:56.794+0000] {logging_mixin.py:190} INFO - [2026-08-20T11:08:56.794+0000] {dag.py:3239} INFO - Sync 1 DAGs
[2026-08-20T11:08:56.804+0000] {logging_mixin.py:190} INFO - [2026-08-20T11:08:56.803+0000] {dag.py:4180} INFO - Setting next_dagrun for example_bash_decorator to None, run_after=None
[2026-08-20T11:08:56.822+0000] {processor.py:208} INFO - Processing /workspaces/lab-2/.venv/lib/python3.12/site-packages/airflow/example_dags/example_bash_decorator.py took 0.063 seconds
[2026-08-20T11:10:14.366+0000] {processor.py:186} INFO - Started process (PID=30248) to work on /workspaces/lab-2/.venv/lib/python3.12/site-packages/airflow/example_dags/example_bash_decorator.py
[2026-08-20T11:10:14.367+0000] {processor.py:914} INFO - Processing file /workspaces/lab-2/.venv/lib/python3.12/site-packages/airflow/example_dags/example_bash_decorator.py for tasks to queue
[2026-08-20T11:10:14.369+0000] {logging_mixin.py:190} INFO - [2026-08-20T11:10:14.368+0000] {dagbag.py:588} INFO - Filling up the DagBag from /workspaces/lab-2/.venv/lib/python3.12/site-packages/airflow/example_dags/example_bash_decorator.py
[2026-08-20T11:10:14.381+0000] {processor.py:925} INFO - DAG(s) 'example_bash_decorator' retrieved from /workspaces/lab-2/.venv/lib/python3.12/site-packages/airflow/example_dags/example_bash_decorator.py
[2026-08-20T11:10:14.397+0000] {logging_mixin.py:190} INFO - [2026-08-20T11:10:14.397+0000] {dag.py:3239} INFO - Sync 1 DAGs
[2026-08-20T11:10:14.407+0000] {logging_mixin.py:190} INFO - [2026-08-20T11:10:14.407+0000] {dag.py:4180} INFO - Setting next_dagrun for example_bash_decorator to None, run_after=None
[2026-08-20T11:10:14.427+0000] {processor.py:208} INFO - Processing /workspaces/lab-2/.venv/lib/python3.12/site-packages/airflow/example_dags/example_bash_decorator.py took 0.068 seconds
[2026-08-20T11:11:29.510+0000] {processor.py:186} INFO - Started process (PID=31560) to work on /workspaces/lab-2/.venv/lib/python3.12/site-packages/airflow/example_dags/example_bash_decorator.py
[2026-08-20T11:11:29.511+0000] {processor.py:914} INFO - Processing file /workspaces/lab-2/.venv/lib/python3.12/site-packages/airflow/example_dags/example_bash_decorator.py for tasks to queue
[2026-08-20T11:11:29.513+0000] {logging_mixin.py:190} INFO - [2026-08-20T11:11:29.512+0000] {dagbag.py:588} INFO - Filling up the DagBag from /workspaces/lab-2/.venv/lib/python3.12/site-packages/airflow/example_dags/example_bash_decorator.py
[2026-08-20T11:11:29.526+0000] {processor.py:925} INFO - DAG(s) 'example_bash_decorator' retrieved from /workspaces/lab-2/.venv/lib/python3.12/site-packages/airflow/example_dags/example_bash_decorator.py
[2026-08-20T11:11:29.543+0000] {logging_mixin.py:190} INFO - [2026-08-20T11:11:29.543+0000] {dag.py:3239} INFO - Sync 1 DAGs
[2026-08-20T11:11:29.553+0000] {logging_mixin.py:190} INFO - [2026-08-20T11:11:29.553+0000] {dag.py:4180} INFO - Setting next_dagrun for example_bash_decorator to None, run_after=None
[2026-08-20T11:11:29.573+0000] {processor.py:208} INFO - Processing /workspaces/lab-2/.venv/lib/python3.12/site-packages/airflow/example_dags/example_bash_decorator.py took 0.068 seconds
[2026-08-20T11:12:09.508+0000] {processor.py:186} INFO - Started process (PID=32611) to work on /workspaces/lab-2/.venv/lib/python3.12/site-packages/airflow/example_dags/example_bash_decorator.py
[2026-08-20T11:12:09.509+0000] {processor.py:914} INFO - Processing file /workspaces/lab-2/.venv/lib/python3.12/site-packages/airflow/example_dags/example_bash_decorator.py for tasks to queue
[2026-08-20T11:12:09.511+0000] {logging_mixin.py:190} INFO - [2026-08-20T11:12:09.511+0000] {dagbag.py:588} INFO - Filling up the DagBag from /workspaces/lab-2/.venv/lib/python3.12/site-packages/airflow/example_dags/example_bash_decorator.py
[2026-08-20T11:12:09.524+0000] {processor.py:925} INFO - DAG(s) 'example_bash_decorator' retrieved from /workspaces/lab-2/.venv/lib/python3.12/site-packages/airflow/example_dags/example_bash_decorator.py
[2026-08-20T11:12:09.607+0000] {logging_mixin.py:190} INFO - [2026-08-20T11:12:09.607+0000] {dag.py:3239} INFO - Sync 1 DAGs
[2026-08-20T11:12:09.615+0000] {logging_mixin.py:190} INFO - [2026-08-20T11:12:09.615+0000] {dag.py:4180} INFO - Setting next_dagrun for example_bash_decorator to None, run_after=None
[2026-08-20T11:12:09.634+0000] {processor.py:208} INFO - Processing /workspaces/lab-2/.venv/lib/python3.12/site-packages/airflow/example_dags/example_bash_decorator.py took 0.131 seconds
[2026-08-20T11:12:49.558+0000] {processor.py:186} INFO - Started process (PID=33199) to work on /workspaces/lab-2/.venv/lib/python3.12/site-packages/airflow/example_dags/example_bash_decorator.py
[2026-08-20T11:12:49.559+0000] {processor.py:914} INFO - Processing file /workspaces/lab-2/.venv/lib/python3.12/site-packages/airflow/example_dags/example_bash_decorator.py for tasks to queue
[2026-08-20T11:12:49.561+0000] {logging_mixin.py:190} INFO - [2026-08-20T11:12:49.560+0000] {dagbag.py:588} INFO - Filling up the DagBag from /workspaces/lab-2/.venv/lib/python3.12/site-packages/airflow/example_dags/example_bash_decorator.py
[2026-08-20T11:12:49.573+0000] {processor.py:925} INFO - DAG(s) 'example_bash_decorator' retrieved from /workspaces/lab-2/.venv/lib/python3.12/site-packages/airflow/example_dags/example_bash_decorator.py
[2026-08-20T11:12:49.666+0000] {logging_mixin.py:190} INFO - [2026-08-20T11:12:49.665+0000] {dag.py:3239} INFO - Sync 1 DAGs
[2026-08-20T11:12:49.678+0000] {logging_mixin.py:190} INFO - [2026-08-20T11:12:49.678+0000] {dag.py:4180} INFO - Setting next_dagrun for example_bash_decorator to None, run_after=None
[2026-08-20T11:12:49.697+0000] {processor.py:208} INFO - Processing /workspaces/lab-2/.venv/lib/python3.12/site-packages/airflow/example_dags/example_bash_decorator.py took 0.143 seconds
[2026-08-20T11:13:29.499+0000] {processor.py:186} INFO - Started process (PID=33877) to work on /workspaces/lab-2/.venv/lib/python3.12/site-packages/airflow/example_dags/example_bash_decorator.py
[2026-08-20T11:13:29.499+0000] {processor.py:914} INFO - Processing file /workspaces/lab-2/.venv/lib/python3.12/site-packages/airflow/example_dags/example_bash_decorator.py for tasks to queue
[2026-08-20T11:13:29.501+0000] {logging_mixin.py:190} INFO - [2026-08-20T11:13:29.501+0000] {dagbag.py:588} INFO - Filling up the DagBag from /workspaces/lab-2/.venv/lib/python3.12/site-packages/airflow/example_dags/example_bash_decorator.py
[2026-08-20T11:13:29.517+0000] {processor.py:925} INFO - DAG(s) 'example_bash_decorator' retrieved from /workspaces/lab-2/.venv/lib/python3.12/site-packages/airflow/example_dags/example_bash_decorator.py
[2026-08-20T11:13:29.603+0000] {logging_mixin.py:190} INFO - [2026-08-20T11:13:29.603+0000] {dag.py:3239} INFO - Sync 1 DAGs
[2026-08-20T11:13:29.611+0000] {logging_mixin.py:190} INFO - [2026-08-20T11:13:29.611+0000] {dag.py:4180} INFO - Setting next_dagrun for example_bash_decorator to None, run_after=None
[2026-08-20T11:13:29.630+0000] {processor.py:208} INFO - Processing /workspaces/lab-2/.venv/lib/python3.12/site-packages/airflow/example_dags/example_bash_decorator.py took 0.136 seconds
[2026-08-20T11:13:54.994+0000] {processor.py:186} INFO - Started process (PID=34700) to work on /workspaces/lab-2/.venv/lib/python3.12/site-packages/airflow/example_dags/example_bash_decorator.py
[2026-08-20T11:13:54.995+0000] {processor.py:914} INFO - Processing file /workspaces/lab-2/.venv/lib/python3.12/site-packages/airflow/example_dags/example_bash_decorator.py for tasks to queue
[2026-08-20T11:13:54.996+0000] {logging_mixin.py:190} INFO - [2026-08-20T11:13:54.996+0000] {dagbag.py:588} INFO - Filling up the DagBag from /workspaces/lab-2/.venv/lib/python3.12/site-packages/airflow/example_dags/example_bash_decorator.py
[2026-08-20T11:13:55.011+0000] {processor.py:925} INFO - DAG(s) 'example_bash_decorator' retrieved from /workspaces/lab-2/.venv/lib/python3.12/site-packages/airflow/example_dags/example_bash_decorator.py
[2026-08-20T11:13:55.019+0000] {logging_mixin.py:190} INFO - [2026-08-20T11:13:55.019+0000] {dag.py:3239} INFO - Sync 1 DAGs
[2026-08-20T11:13:55.032+0000] {logging_mixin.py:190} INFO - [2026-08-20T11:13:55.031+0000] {dag.py:4180} INFO - Setting next_dagrun for example_bash_decorator to None, run_after=None
[2026-08-20T11:13:55.059+0000] {processor.py:208} INFO - Processing /workspaces/lab-2/.venv/lib/python3.12/site-packages/airflow/example_dags/example_bash_decorator.py took 0.070 seconds
[2026-08-20T11:16:18.603+0000] {processor.py:186} INFO - Started process (PID=38944) to work on /workspaces/lab-2/.venv/lib/python3.12/site-packages/airflow/example_dags/example_bash_decorator.py
[2026-08-20T11:16:18.609+0000] {processor.py:914} INFO - Processing file /workspaces/lab-2/.venv/lib/python3.12/site-packages/airflow/example_dags/example_bash_decorator.py for tasks to queue
[2026-08-20T11:16:18.613+0000] {logging_mixin.py:190} INFO - [2026-08-20T11:16:18.612+0000] {dagbag.py:588} INFO - Filling up the DagBag from /workspaces/lab-2/.venv/lib/python3.12/site-packages/airflow/example_dags/example_bash_decorator.py
[2026-08-20T11:16:18.667+0000] {processor.py:925} INFO - DAG(s) 'example_bash_decorator' retrieved from /workspaces/lab-2/.venv/lib/python3.12/site-packages/airflow/example_dags/example_bash_decorator.py
[2026-08-20T11:16:18.934+0000] {logging_mixin.py:190} INFO - [2026-08-20T11:16:18.934+0000] {dag.py:3239} INFO - Sync 1 DAGs
[2026-08-20T11:16:18.951+0000] {logging_mixin.py:190} INFO - [2026-08-20T11:16:18.951+0000] {dag.py:4180} INFO - Setting next_dagrun for example_bash_decorator to None, run_after=None
[2026-08-20T11:16:19.009+0000] {processor.py:208} INFO - Processing /workspaces/lab-2/.venv/lib/python3.12/site-packages/airflow/example_dags/example_bash_decorator.py took 0.435 seconds
