[2026-08-20T11:04:30.498+0000] {processor.py:186} INFO - Started process (PID=24640) to work on /workspaces/lab-2/.venv/lib/python3.12/site-packages/airflow/example_dags/example_latest_only.py
[2026-08-20T11:04:30.499+0000] {processor.py:914} INFO - Processing file /workspaces/lab-2/.venv/lib/python3.12/site-packages/airflow/example_dags/example_latest_only.py for tasks to queue
[2026-08-20T11:04:30.501+0000] {logging_mixin.py:190} INFO - [2026-08-20T11:04:30.501+0000] {dagbag.py:588} INFO - Filling up the DagBag from /workspaces/lab-2/.venv/lib/python3.12/site-packages/airflow/example_dags/example_latest_only.py
[2026-08-20T11:04:30.507+0000] {processor.py:925} INFO - DAG(s) 'latest_only' retrieved from /workspaces/lab-2/.venv/lib/python3.12/site-packages/airflow/example_dags/example_latest_only.py
[2026-08-20T11:04:30.626+0000] {logging_mixin.py:190} INFO - [2026-08-20T11:04:30.626+0000] {override.py:1900} INFO - Created Permission View: can edit on DAG:latest_only
[2026-08-20T11:04:30.636+0000] {logging_mixin.py:190} INFO - [2026-08-20T11:04:30.636+0000] {override.py:1900} INFO - Created Permission View: can read on DAG:latest_only
[2026-08-20T11:04:30.643+0000] {logging_mixin.py:190} INFO - [2026-08-20T11:04:30.642+0000] {override.py:1900} INFO - Created Permission View: can delete on DAG:latest_only
[2026-08-20T11:04:30.654+0000] {logging_mixin.py:190} INFO - [2026-08-20T11:04:30.653+0000] {override.py:1900} INFO - Created Permission View: can create on DAG Run:latest_only
[2026-08-20T11:04:30.661+0000] {logging_mixin.py:190} INFO - [2026-08-20T11:04:30.661+0000] {override.py:1900} INFO - Created Permission View: can read on DAG Run:latest_only
[2026-08-20T11:04:30.668+0000] {logging_mixin.py:190} INFO - [2026-08-20T11:04:30.667+0000] {override.py:1900} INFO - Created Permission View: menu access on DAG Run:latest_only
[2026-08-20T11:04:30.675+0000] {logging_mixin.py:190} INFO - [2026-08-20T11:04:30.675+0000] {override.py:1900} INFO - Created Permission View: can delete on DAG Run:latest_only
[2026-08-20T11:04:30.675+0000] {logging_mixin.py:190} INFO - [2026-08-20T11:04:30.675+0000] {dag.py:3239} INFO - Sync 1 DAGs
[2026-08-20T11:04:30.686+0000] {logging_mixin.py:190} INFO - [2026-08-20T11:04:30.685+0000] {dag.py:3262} INFO - Creating ORM DAG for latest_only
[2026-08-20T11:04:30.692+0000] {logging_mixin.py:190} INFO - [2026-08-20T11:04:30.692+0000] {dag.py:4180} INFO - Setting next_dagrun for latest_only to 2026-08-20 04:00:00+00:00, run_after=2026-08-20 08:00:00+00:00
[2026-08-20T11:04:30.710+0000] {processor.py:208} INFO - Processing /workspaces/lab-2/.venv/lib/python3.12/site-packages/airflow/example_dags/example_latest_only.py took 0.216 seconds
[2026-08-20T11:05:33.640+0000] {processor.py:186} INFO - Started process (PID=25482) to work on /workspaces/lab-2/.venv/lib/python3.12/site-packages/airflow/example_dags/example_latest_only.py
[2026-08-20T11:05:33.641+0000] {processor.py:914} INFO - Processing file /workspaces/lab-2/.venv/lib/python3.12/site-packages/airflow/example_dags/example_latest_only.py for tasks to queue
[2026-08-20T11:05:33.642+0000] {logging_mixin.py:190} INFO - [2026-08-20T11:05:33.642+0000] {dagbag.py:588} INFO - Filling up the DagBag from /workspaces/lab-2/.venv/lib/python3.12/site-packages/airflow/example_dags/example_latest_only.py
[2026-08-20T11:05:33.648+0000] {processor.py:925} INFO - DAG(s) 'latest_only' retrieved from /workspaces/lab-2/.venv/lib/python3.12/site-packages/airflow/example_dags/example_latest_only.py
[2026-08-20T11:05:33.661+0000] {logging_mixin.py:190} INFO - [2026-08-20T11:05:33.661+0000] {dag.py:3239} INFO - Sync 1 DAGs
[2026-08-20T11:05:33.677+0000] {logging_mixin.py:190} INFO - [2026-08-20T11:05:33.676+0000] {dag.py:4180} INFO - Setting next_dagrun for latest_only to 2026-08-20 04:00:00+00:00, run_after=2026-08-20 08:00:00+00:00
[2026-08-20T11:05:33.693+0000] {processor.py:208} INFO - Processing /workspaces/lab-2/.venv/lib/python3.12/site-packages/airflow/example_dags/example_latest_only.py took 0.058 seconds
[2026-08-20T11:07:11.945+0000] {processor.py:186} INFO - Started process (PID=27093) to work on /workspaces/lab-2/.venv/lib/python3.12/site-packages/airflow/example_dags/example_latest_only.py
[2026-08-20T11:07:11.946+0000] {processor.py:914} INFO - Processing file /workspaces/lab-2/.venv/lib/python3.12/site-packages/airflow/example_dags/example_latest_only.py for tasks to queue
[2026-08-20T11:07:11.948+0000] {logging_mixin.py:190} INFO - [2026-08-20T11:07:11.947+0000] {dagbag.py:588} INFO - Filling up the DagBag from /workspaces/lab-2/.venv/lib/python3.12/site-packages/airflow/example_dags/example_latest_only.py
[2026-08-20T11:07:11.954+0000] {processor.py:925} INFO - DAG(s) 'latest_only' retrieved from /workspaces/lab-2/.venv/lib/python3.12/site-packages/airflow/example_dags/example_latest_only.py
[2026-08-20T11:07:11.969+0000] {logging_mixin.py:190} INFO - [2026-08-20T11:07:11.969+0000] {dag.py:3239} INFO - Sync 1 DAGs
[2026-08-20T11:07:11.985+0000] {logging_mixin.py:190} INFO - [2026-08-20T11:07:11.985+0000] {dag.py:4180} INFO - Setting next_dagrun for latest_only to 2026-08-20 04:00:00+00:00, run_after=2026-08-20 08:00:00+00:00
[2026-08-20T11:07:12.003+0000] {processor.py:208} INFO - Processing /workspaces/lab-2/.venv/lib/python3.12/site-packages/airflow/example_dags/example_latest_only.py took 0.062 seconds
[2026-08-20T11:08:10.121+0000] {processor.py:186} INFO - Started process (PID=28250) to work on /workspaces/lab-2/.venv/lib/python3.12/site-packages/airflow/example_dags/example_latest_only.py
[2026-08-20T11:08:10.124+0000] {processor.py:914} INFO - Processing file /workspaces/lab-2/.venv/lib/python3.12/site-packages/airflow/example_dags/example_latest_only.py for tasks to queue
[2026-08-20T11:08:10.129+0000] {logging_mixin.py:190} INFO - [2026-08-20T11:08:10.129+0000] {dagbag.py:588} INFO - Filling up the DagBag from /workspaces/lab-2/.venv/lib/python3.12/site-packages/airflow/example_dags/example_latest_only.py
[2026-08-20T11:08:10.150+0000] {processor.py:925} INFO - DAG(s) 'latest_only' retrieved from /workspaces/lab-2/.venv/lib/python3.12/site-packages/airflow/example_dags/example_latest_only.py
[2026-08-20T11:08:10.188+0000] {logging_mixin.py:190} INFO - [2026-08-20T11:08:10.188+0000] {dag.py:3239} INFO - Sync 1 DAGs
[2026-08-20T11:08:10.211+0000] {logging_mixin.py:190} INFO - [2026-08-20T11:08:10.211+0000] {dag.py:4180} INFO - Setting next_dagrun for latest_only to 2026-08-20 04:00:00+00:00, run_after=2026-08-20 08:00:00+00:00
[2026-08-20T11:08:10.245+0000] {processor.py:208} INFO - Processing /workspaces/lab-2/.venv/lib/python3.12/site-packages/airflow/example_dags/example_latest_only.py took 0.131 seconds
[2026-08-20T11:09:06.077+0000] {processor.py:186} INFO - Started process (PID=29043) to work on /workspaces/lab-2/.venv/lib/python3.12/site-packages/airflow/example_dags/example_latest_only.py
[2026-08-20T11:09:06.078+0000] {processor.py:914} INFO - Processing file /workspaces/lab-2/.venv/lib/python3.12/site-packages/airflow/example_dags/example_latest_only.py for tasks to queue
[2026-08-20T11:09:06.080+0000] {logging_mixin.py:190} INFO - [2026-08-20T11:09:06.079+0000] {dagbag.py:588} INFO - Filling up the DagBag from /workspaces/lab-2/.venv/lib/python3.12/site-packages/airflow/example_dags/example_latest_only.py
[2026-08-20T11:09:06.086+0000] {processor.py:925} INFO - DAG(s) 'latest_only' retrieved from /workspaces/lab-2/.venv/lib/python3.12/site-packages/airflow/example_dags/example_latest_only.py
[2026-08-20T11:09:06.100+0000] {logging_mixin.py:190} INFO - [2026-08-20T11:09:06.100+0000] {dag.py:3239} INFO - Sync 1 DAGs
[2026-08-20T11:09:06.116+0000] {logging_mixin.py:190} INFO - [2026-08-20T11:09:06.116+0000] {dag.py:4180} INFO - Setting next_dagrun for latest_only to 2026-08-20 04:00:00+00:00, run_after=2026-08-20 08:00:00+00:00
[2026-08-20T11:09:06.134+0000] {processor.py:208} INFO - Processing /workspaces/lab-2/.venv/lib/python3.12/site-packages/airflow/example_dags/example_latest_only.py took 0.062 seconds
[2026-08-20T11:09:59.330+0000] {processor.py:186} INFO - Started process (PID=29967) to work on /workspaces/lab-2/.venv/lib/python3.12/site-packages/airflow/example_dags/example_latest_only.py
[2026-08-20T11:09:59.331+0000] {processor.py:914} INFO - Processing file /workspaces/lab-2/.venv/lib/python3.12/site-packages/airflow/example_dags/example_latest_only.py for tasks to queue
[2026-08-20T11:09:59.333+0000] {logging_mixin.py:190} INFO - [2026-08-20T11:09:59.333+0000] {dagbag.py:588} INFO - Filling up the DagBag from /workspaces/lab-2/.venv/lib/python3.12/site-packages/airflow/example_dags/example_latest_only.py
[2026-08-20T11:09:59.342+0000] {processor.py:925} INFO - DAG(s) 'latest_only' retrieved from /workspaces/lab-2/.venv/lib/python3.12/site-packages/airflow/example_dags/example_latest_only.py
[2026-08-20T11:09:59.362+0000] {logging_mixin.py:190} INFO - [2026-08-20T11:09:59.361+0000] {dag.py:3239} INFO - Sync 1 DAGs
[2026-08-20T11:09:59.386+0000] {logging_mixin.py:190} INFO - [2026-08-20T11:09:59.386+0000] {dag.py:4180} INFO - Setting next_dagrun for latest_only to 2026-08-20 04:00:00+00:00, run_after=2026-08-20 08:00:00+00:00
[2026-08-20T11:09:59.407+0000] {processor.py:208} INFO - Processing /workspaces/lab-2/.venv/lib/python3.12/site-packages/airflow/example_dags/example_latest_only.py took 0.084 seconds
[2026-08-20T11:10:52.629+0000] {processor.py:186} INFO - Started process (PID=30815) to work on /workspaces/lab-2/.venv/lib/python3.12/site-packages/airflow/example_dags/example_latest_only.py
[2026-08-20T11:10:52.630+0000] {processor.py:914} INFO - Processing file /workspaces/lab-2/.venv/lib/python3.12/site-packages/airflow/example_dags/example_latest_only.py for tasks to queue
[2026-08-20T11:10:52.632+0000] {logging_mixin.py:190} INFO - [2026-08-20T11:10:52.632+0000] {dagbag.py:588} INFO - Filling up the DagBag from /workspaces/lab-2/.venv/lib/python3.12/site-packages/airflow/example_dags/example_latest_only.py
[2026-08-20T11:10:52.638+0000] {processor.py:925} INFO - DAG(s) 'latest_only' retrieved from /workspaces/lab-2/.venv/lib/python3.12/site-packages/airflow/example_dags/example_latest_only.py
[2026-08-20T11:10:52.651+0000] {logging_mixin.py:190} INFO - [2026-08-20T11:10:52.651+0000] {dag.py:3239} INFO - Sync 1 DAGs
[2026-08-20T11:10:52.668+0000] {logging_mixin.py:190} INFO - [2026-08-20T11:10:52.667+0000] {dag.py:4180} INFO - Setting next_dagrun for latest_only to 2026-08-20 04:00:00+00:00, run_after=2026-08-20 08:00:00+00:00
[2026-08-20T11:10:52.686+0000] {processor.py:208} INFO - Processing /workspaces/lab-2/.venv/lib/python3.12/site-packages/airflow/example_dags/example_latest_only.py took 0.061 seconds
[2026-08-20T11:11:44.933+0000] {processor.py:186} INFO - Started process (PID=31792) to work on /workspaces/lab-2/.venv/lib/python3.12/site-packages/airflow/example_dags/example_latest_only.py
[2026-08-20T11:11:44.934+0000] {processor.py:914} INFO - Processing file /workspaces/lab-2/.venv/lib/python3.12/site-packages/airflow/example_dags/example_latest_only.py for tasks to queue
[2026-08-20T11:11:44.936+0000] {logging_mixin.py:190} INFO - [2026-08-20T11:11:44.936+0000] {dagbag.py:588} INFO - Filling up the DagBag from /workspaces/lab-2/.venv/lib/python3.12/site-packages/airflow/example_dags/example_latest_only.py
[2026-08-20T11:11:44.945+0000] {processor.py:925} INFO - DAG(s) 'latest_only' retrieved from /workspaces/lab-2/.venv/lib/python3.12/site-packages/airflow/example_dags/example_latest_only.py
[2026-08-20T11:11:44.961+0000] {logging_mixin.py:190} INFO - [2026-08-20T11:11:44.961+0000] {dag.py:3239} INFO - Sync 1 DAGs
[2026-08-20T11:11:44.977+0000] {logging_mixin.py:190} INFO - [2026-08-20T11:11:44.977+0000] {dag.py:4180} INFO - Setting next_dagrun for latest_only to 2026-08-20 04:00:00+00:00, run_after=2026-08-20 08:00:00+00:00
[2026-08-20T11:11:44.996+0000] {processor.py:208} INFO - Processing /workspaces/lab-2/.venv/lib/python3.12/site-packages/airflow/example_dags/example_latest_only.py took 0.068 seconds
[2026-08-20T11:11:48.367+0000] {processor.py:186} INFO - Started process (PID=31848) to work on /workspaces/lab-2/.venv/lib/python3.12/site-packages/airflow/example_dags/example_latest_only.py
[2026-08-20T11:11:48.367+0000] {processor.py:914} INFO - Processing file /workspaces/lab-2/.venv/lib/python3.12/site-packages/airflow/example_dags/example_latest_only.py for tasks to queue
[2026-08-20T11:11:48.369+0000] {logging_mixin.py:190} INFO - [2026-08-20T11:11:48.369+0000] {dagbag.py:588} INFO - Filling up the DagBag from /workspaces/lab-2/.venv/lib/python3.12/site-packages/airflow/example_dags/example_latest_only.py
[2026-08-20T11:11:48.375+0000] {processor.py:925} INFO - DAG(s) 'latest_only' retrieved from /workspaces/lab-2/.venv/lib/python3.12/site-packages/airflow/example_dags/example_latest_only.py
[2026-08-20T11:11:48.390+0000] {logging_mixin.py:190} INFO - [2026-08-20T11:11:48.390+0000] {dag.py:3239} INFO - Sync 1 DAGs
[2026-08-20T11:11:48.410+0000] {logging_mixin.py:190} INFO - [2026-08-20T11:11:48.410+0000] {dag.py:4180} INFO - Setting next_dagrun for latest_only to 2026-08-20 04:00:00+00:00, run_after=2026-08-20 08:00:00+00:00
[2026-08-20T11:11:48.427+0000] {processor.py:208} INFO - Processing /workspaces/lab-2/.venv/lib/python3.12/site-packages/airflow/example_dags/example_latest_only.py took 0.065 seconds
[2026-08-20T11:12:39.434+0000] {processor.py:186} INFO - Started process (PID=32991) to work on /workspaces/lab-2/.venv/lib/python3.12/site-packages/airflow/example_dags/example_latest_only.py
[2026-08-20T11:12:39.437+0000] {processor.py:914} INFO - Processing file /workspaces/lab-2/.venv/lib/python3.12/site-packages/airflow/example_dags/example_latest_only.py for tasks to queue
[2026-08-20T11:12:39.441+0000] {logging_mixin.py:190} INFO - [2026-08-20T11:12:39.441+0000] {dagbag.py:588} INFO - Filling up the DagBag from /workspaces/lab-2/.venv/lib/python3.12/site-packages/airflow/example_dags/example_latest_only.py
[2026-08-20T11:12:39.458+0000] {processor.py:925} INFO - DAG(s) 'latest_only' retrieved from /workspaces/lab-2/.venv/lib/python3.12/site-packages/airflow/example_dags/example_latest_only.py
[2026-08-20T11:12:39.478+0000] {logging_mixin.py:190} INFO - [2026-08-20T11:12:39.478+0000] {dag.py:3239} INFO - Sync 1 DAGs
[2026-08-20T11:12:39.494+0000] {logging_mixin.py:190} INFO - [2026-08-20T11:12:39.494+0000] {dag.py:4180} INFO - Setting next_dagrun for latest_only to 2026-08-20 04:00:00+00:00, run_after=2026-08-20 08:00:00+00:00
[2026-08-20T11:12:39.520+0000] {processor.py:208} INFO - Processing /workspaces/lab-2/.venv/lib/python3.12/site-packages/airflow/example_dags/example_latest_only.py took 0.103 seconds
[2026-08-20T11:12:44.366+0000] {processor.py:186} INFO - Started process (PID=33102) to work on /workspaces/lab-2/.venv/lib/python3.12/site-packages/airflow/example_dags/example_latest_only.py
[2026-08-20T11:12:44.367+0000] {processor.py:914} INFO - Processing file /workspaces/lab-2/.venv/lib/python3.12/site-packages/airflow/example_dags/example_latest_only.py for tasks to queue
[2026-08-20T11:12:44.369+0000] {logging_mixin.py:190} INFO - [2026-08-20T11:12:44.369+0000] {dagbag.py:588} INFO - Filling up the DagBag from /workspaces/lab-2/.venv/lib/python3.12/site-packages/airflow/example_dags/example_latest_only.py
[2026-08-20T11:12:44.378+0000] {processor.py:925} INFO - DAG(s) 'latest_only' retrieved from /workspaces/lab-2/.venv/lib/python3.12/site-packages/airflow/example_dags/example_latest_only.py
[2026-08-20T11:12:44.397+0000] {logging_mixin.py:190} INFO - [2026-08-20T11:12:44.396+0000] {dag.py:3239} INFO - Sync 1 DAGs
[2026-08-20T11:12:44.413+0000] {logging_mixin.py:190} INFO - [2026-08-20T11:12:44.413+0000] {dag.py:4180} INFO - Setting next_dagrun for latest_only to 2026-08-20 04:00:00+00:00, run_after=2026-08-20 08:00:00+00:00
[2026-08-20T11:12:44.440+0000] {processor.py:208} INFO - Processing /workspaces/lab-2/.venv/lib/python3.12/site-packages/airflow/example_dags/example_latest_only.py took 0.081 seconds
[2026-08-20T11:13:39.726+0000] {processor.py:186} INFO - Started process (PID=34471) to work on /workspaces/lab-2/.venv/lib/python3.12/site-packages/airflow/example_dags/example_latest_only.py
[2026-08-20T11:13:39.729+0000] {processor.py:914} INFO - Processing file /workspaces/lab-2/.venv/lib/python3.12/site-packages/airflow/example_dags/example_latest_only.py for tasks to queue
[2026-08-20T11:13:39.733+0000] {logging_mixin.py:190} INFO - [2026-08-20T11:13:39.733+0000] {dagbag.py:588} INFO - Filling up the DagBag from /workspaces/lab-2/.venv/lib/python3.12/site-packages/airflow/example_dags/example_latest_only.py
[2026-08-20T11:13:39.750+0000] {processor.py:925} INFO - DAG(s) 'latest_only' retrieved from /workspaces/lab-2/.venv/lib/python3.12/site-packages/airflow/example_dags/example_latest_only.py
[2026-08-20T11:13:39.928+0000] {logging_mixin.py:190} INFO - [2026-08-20T11:13:39.926+0000] {dag.py:3239} INFO - Sync 1 DAGs
[2026-08-20T11:13:39.973+0000] {logging_mixin.py:190} INFO - [2026-08-20T11:13:39.970+0000] {dag.py:4180} INFO - Setting next_dagrun for latest_only to 2026-08-20 04:00:00+00:00, run_after=2026-08-20 08:00:00+00:00
[2026-08-20T11:13:40.002+0000] {processor.py:208} INFO - Processing /workspaces/lab-2/.venv/lib/python3.12/site-packages/airflow/example_dags/example_latest_only.py took 0.291 seconds
[2026-08-20T11:13:43.657+0000] {processor.py:186} INFO - Started process (PID=34567) to work on /workspaces/lab-2/.venv/lib/python3.12/site-packages/airflow/example_dags/example_latest_only.py
[2026-08-20T11:13:43.657+0000] {processor.py:914} INFO - Processing file /workspaces/lab-2/.venv/lib/python3.12/site-packages/airflow/example_dags/example_latest_only.py for tasks to queue
[2026-08-20T11:13:43.659+0000] {logging_mixin.py:190} INFO - [2026-08-20T11:13:43.659+0000] {dagbag.py:588} INFO - Filling up the DagBag from /workspaces/lab-2/.venv/lib/python3.12/site-packages/airflow/example_dags/example_latest_only.py
[2026-08-20T11:13:43.665+0000] {processor.py:925} INFO - DAG(s) 'latest_only' retrieved from /workspaces/lab-2/.venv/lib/python3.12/site-packages/airflow/example_dags/example_latest_only.py
[2026-08-20T11:13:43.673+0000] {logging_mixin.py:190} INFO - [2026-08-20T11:13:43.673+0000] {dag.py:3239} INFO - Sync 1 DAGs
[2026-08-20T11:13:43.692+0000] {logging_mixin.py:190} INFO - [2026-08-20T11:13:43.692+0000] {dag.py:4180} INFO - Setting next_dagrun for latest_only to 2026-08-20 04:00:00+00:00, run_after=2026-08-20 08:00:00+00:00
[2026-08-20T11:13:43.710+0000] {processor.py:208} INFO - Processing /workspaces/lab-2/.venv/lib/python3.12/site-packages/airflow/example_dags/example_latest_only.py took 0.059 seconds
[2026-08-20T11:14:41.123+0000] {processor.py:186} INFO - Started process (PID=35556) to work on /workspaces/lab-2/.venv/lib/python3.12/site-packages/airflow/example_dags/example_latest_only.py
[2026-08-20T11:14:41.124+0000] {processor.py:914} INFO - Processing file /workspaces/lab-2/.venv/lib/python3.12/site-packages/airflow/example_dags/example_latest_only.py for tasks to queue
[2026-08-20T11:14:41.126+0000] {logging_mixin.py:190} INFO - [2026-08-20T11:14:41.126+0000] {dagbag.py:588} INFO - Filling up the DagBag from /workspaces/lab-2/.venv/lib/python3.12/site-packages/airflow/example_dags/example_latest_only.py
[2026-08-20T11:14:41.135+0000] {processor.py:925} INFO - DAG(s) 'latest_only' retrieved from /workspaces/lab-2/.venv/lib/python3.12/site-packages/airflow/example_dags/example_latest_only.py
[2026-08-20T11:14:41.157+0000] {logging_mixin.py:190} INFO - [2026-08-20T11:14:41.157+0000] {dag.py:3239} INFO - Sync 1 DAGs
[2026-08-20T11:14:41.183+0000] {logging_mixin.py:190} INFO - [2026-08-20T11:14:41.183+0000] {dag.py:4180} INFO - Setting next_dagrun for latest_only to 2026-08-20 04:00:00+00:00, run_after=2026-08-20 08:00:00+00:00
[2026-08-20T11:14:41.216+0000] {processor.py:208} INFO - Processing /workspaces/lab-2/.venv/lib/python3.12/site-packages/airflow/example_dags/example_latest_only.py took 0.100 seconds
[2026-08-20T11:14:54.207+0000] {processor.py:186} INFO - Started process (PID=36004) to work on /workspaces/lab-2/.venv/lib/python3.12/site-packages/airflow/example_dags/example_latest_only.py
[2026-08-20T11:14:54.208+0000] {processor.py:914} INFO - Processing file /workspaces/lab-2/.venv/lib/python3.12/site-packages/airflow/example_dags/example_latest_only.py for tasks to queue
[2026-08-20T11:14:54.211+0000] {logging_mixin.py:190} INFO - [2026-08-20T11:14:54.210+0000] {dagbag.py:588} INFO - Filling up the DagBag from /workspaces/lab-2/.venv/lib/python3.12/site-packages/airflow/example_dags/example_latest_only.py
[2026-08-20T11:14:54.224+0000] {processor.py:925} INFO - DAG(s) 'latest_only' retrieved from /workspaces/lab-2/.venv/lib/python3.12/site-packages/airflow/example_dags/example_latest_only.py
[2026-08-20T11:14:54.242+0000] {logging_mixin.py:190} INFO - [2026-08-20T11:14:54.242+0000] {dag.py:3239} INFO - Sync 1 DAGs
[2026-08-20T11:14:54.270+0000] {logging_mixin.py:190} INFO - [2026-08-20T11:14:54.270+0000] {dag.py:4180} INFO - Setting next_dagrun for latest_only to 2026-08-20 04:00:00+00:00, run_after=2026-08-20 08:00:00+00:00
[2026-08-20T11:14:54.292+0000] {processor.py:208} INFO - Processing /workspaces/lab-2/.venv/lib/python3.12/site-packages/airflow/example_dags/example_latest_only.py took 0.094 seconds
