[2026-08-20T11:04:25.962+0000] {processor.py:186} INFO - Started process (PID=24555) to work on /workspaces/lab-2/.venv/lib/python3.12/site-packages/airflow/example_dags/example_latest_only_with_trigger.py
[2026-08-20T11:04:25.963+0000] {processor.py:914} INFO - Processing file /workspaces/lab-2/.venv/lib/python3.12/site-packages/airflow/example_dags/example_latest_only_with_trigger.py for tasks to queue
[2026-08-20T11:04:25.965+0000] {logging_mixin.py:190} INFO - [2026-08-20T11:04:25.964+0000] {dagbag.py:588} INFO - Filling up the DagBag from /workspaces/lab-2/.venv/lib/python3.12/site-packages/airflow/example_dags/example_latest_only_with_trigger.py
[2026-08-20T11:04:25.971+0000] {processor.py:925} INFO - DAG(s) 'latest_only_with_trigger' retrieved from /workspaces/lab-2/.venv/lib/python3.12/site-packages/airflow/example_dags/example_latest_only_with_trigger.py
[2026-08-20T11:04:26.062+0000] {logging_mixin.py:190} INFO - [2026-08-20T11:04:26.061+0000] {override.py:1900} INFO - Created Permission View: can edit on DAG:latest_only_with_trigger
[2026-08-20T11:04:26.074+0000] {logging_mixin.py:190} INFO - [2026-08-20T11:04:26.074+0000] {override.py:1900} INFO - Created Permission View: can read on DAG:latest_only_with_trigger
[2026-08-20T11:04:26.083+0000] {logging_mixin.py:190} INFO - [2026-08-20T11:04:26.083+0000] {override.py:1900} INFO - Created Permission View: can delete on DAG:latest_only_with_trigger
[2026-08-20T11:04:26.096+0000] {logging_mixin.py:190} INFO - [2026-08-20T11:04:26.096+0000] {override.py:1900} INFO - Created Permission View: can create on DAG Run:latest_only_with_trigger
[2026-08-20T11:04:26.103+0000] {logging_mixin.py:190} INFO - [2026-08-20T11:04:26.103+0000] {override.py:1900} INFO - Created Permission View: can read on DAG Run:latest_only_with_trigger
[2026-08-20T11:04:26.110+0000] {logging_mixin.py:190} INFO - [2026-08-20T11:04:26.110+0000] {override.py:1900} INFO - Created Permission View: menu access on DAG Run:latest_only_with_trigger
[2026-08-20T11:04:26.117+0000] {logging_mixin.py:190} INFO - [2026-08-20T11:04:26.117+0000] {override.py:1900} INFO - Created Permission View: can delete on DAG Run:latest_only_with_trigger
[2026-08-20T11:04:26.117+0000] {logging_mixin.py:190} INFO - [2026-08-20T11:04:26.117+0000] {dag.py:3239} INFO - Sync 1 DAGs
[2026-08-20T11:04:26.126+0000] {logging_mixin.py:190} INFO - [2026-08-20T11:04:26.126+0000] {dag.py:3262} INFO - Creating ORM DAG for latest_only_with_trigger
[2026-08-20T11:04:26.134+0000] {logging_mixin.py:190} INFO - [2026-08-20T11:04:26.134+0000] {dag.py:4180} INFO - Setting next_dagrun for latest_only_with_trigger to 2026-08-20 04:00:00+00:00, run_after=2026-08-20 08:00:00+00:00
[2026-08-20T11:04:26.150+0000] {processor.py:208} INFO - Processing /workspaces/lab-2/.venv/lib/python3.12/site-packages/airflow/example_dags/example_latest_only_with_trigger.py took 0.192 seconds
[2026-08-20T11:05:26.780+0000] {processor.py:186} INFO - Started process (PID=25372) to work on /workspaces/lab-2/.venv/lib/python3.12/site-packages/airflow/example_dags/example_latest_only_with_trigger.py
[2026-08-20T11:05:26.781+0000] {processor.py:914} INFO - Processing file /workspaces/lab-2/.venv/lib/python3.12/site-packages/airflow/example_dags/example_latest_only_with_trigger.py for tasks to queue
[2026-08-20T11:05:26.783+0000] {logging_mixin.py:190} INFO - [2026-08-20T11:05:26.783+0000] {dagbag.py:588} INFO - Filling up the DagBag from /workspaces/lab-2/.venv/lib/python3.12/site-packages/airflow/example_dags/example_latest_only_with_trigger.py
[2026-08-20T11:05:26.796+0000] {processor.py:925} INFO - DAG(s) 'latest_only_with_trigger' retrieved from /workspaces/lab-2/.venv/lib/python3.12/site-packages/airflow/example_dags/example_latest_only_with_trigger.py
[2026-08-20T11:05:26.819+0000] {logging_mixin.py:190} INFO - [2026-08-20T11:05:26.818+0000] {dag.py:3239} INFO - Sync 1 DAGs
[2026-08-20T11:05:26.847+0000] {logging_mixin.py:190} INFO - [2026-08-20T11:05:26.847+0000] {dag.py:4180} INFO - Setting next_dagrun for latest_only_with_trigger to 2026-08-20 04:00:00+00:00, run_after=2026-08-20 08:00:00+00:00
[2026-08-20T11:05:26.874+0000] {processor.py:208} INFO - Processing /workspaces/lab-2/.venv/lib/python3.12/site-packages/airflow/example_dags/example_latest_only_with_trigger.py took 0.101 seconds
[2026-08-20T11:06:22.321+0000] {processor.py:186} INFO - Started process (PID=26173) to work on /workspaces/lab-2/.venv/lib/python3.12/site-packages/airflow/example_dags/example_latest_only_with_trigger.py
[2026-08-20T11:06:22.322+0000] {processor.py:914} INFO - Processing file /workspaces/lab-2/.venv/lib/python3.12/site-packages/airflow/example_dags/example_latest_only_with_trigger.py for tasks to queue
[2026-08-20T11:06:22.324+0000] {logging_mixin.py:190} INFO - [2026-08-20T11:06:22.323+0000] {dagbag.py:588} INFO - Filling up the DagBag from /workspaces/lab-2/.venv/lib/python3.12/site-packages/airflow/example_dags/example_latest_only_with_trigger.py
[2026-08-20T11:06:22.330+0000] {processor.py:925} INFO - DAG(s) 'latest_only_with_trigger' retrieved from /workspaces/lab-2/.venv/lib/python3.12/site-packages/airflow/example_dags/example_latest_only_with_trigger.py
[2026-08-20T11:06:22.345+0000] {logging_mixin.py:190} INFO - [2026-08-20T11:06:22.344+0000] {dag.py:3239} INFO - Sync 1 DAGs
[2026-08-20T11:06:22.364+0000] {logging_mixin.py:190} INFO - [2026-08-20T11:06:22.364+0000] {dag.py:4180} INFO - Setting next_dagrun for latest_only_with_trigger to 2026-08-20 04:00:00+00:00, run_after=2026-08-20 08:00:00+00:00
[2026-08-20T11:06:22.384+0000] {processor.py:208} INFO - Processing /workspaces/lab-2/.venv/lib/python3.12/site-packages/airflow/example_dags/example_latest_only_with_trigger.py took 0.068 seconds
[2026-08-20T11:07:08.119+0000] {processor.py:186} INFO - Started process (PID=27050) to work on /workspaces/lab-2/.venv/lib/python3.12/site-packages/airflow/example_dags/example_latest_only_with_trigger.py
[2026-08-20T11:07:08.119+0000] {processor.py:914} INFO - Processing file /workspaces/lab-2/.venv/lib/python3.12/site-packages/airflow/example_dags/example_latest_only_with_trigger.py for tasks to queue
[2026-08-20T11:07:08.121+0000] {logging_mixin.py:190} INFO - [2026-08-20T11:07:08.121+0000] {dagbag.py:588} INFO - Filling up the DagBag from /workspaces/lab-2/.venv/lib/python3.12/site-packages/airflow/example_dags/example_latest_only_with_trigger.py
[2026-08-20T11:07:08.128+0000] {processor.py:925} INFO - DAG(s) 'latest_only_with_trigger' retrieved from /workspaces/lab-2/.venv/lib/python3.12/site-packages/airflow/example_dags/example_latest_only_with_trigger.py
[2026-08-20T11:07:08.144+0000] {logging_mixin.py:190} INFO - [2026-08-20T11:07:08.144+0000] {dag.py:3239} INFO - Sync 1 DAGs
[2026-08-20T11:07:08.162+0000] {logging_mixin.py:190} INFO - [2026-08-20T11:07:08.161+0000] {dag.py:4180} INFO - Setting next_dagrun for latest_only_with_trigger to 2026-08-20 04:00:00+00:00, run_after=2026-08-20 08:00:00+00:00
[2026-08-20T11:07:08.181+0000] {processor.py:208} INFO - Processing /workspaces/lab-2/.venv/lib/python3.12/site-packages/airflow/example_dags/example_latest_only_with_trigger.py took 0.068 seconds
[2026-08-20T11:08:05.311+0000] {processor.py:186} INFO - Started process (PID=28169) to work on /workspaces/lab-2/.venv/lib/python3.12/site-packages/airflow/example_dags/example_latest_only_with_trigger.py
[2026-08-20T11:08:05.314+0000] {processor.py:914} INFO - Processing file /workspaces/lab-2/.venv/lib/python3.12/site-packages/airflow/example_dags/example_latest_only_with_trigger.py for tasks to queue
[2026-08-20T11:08:05.320+0000] {logging_mixin.py:190} INFO - [2026-08-20T11:08:05.320+0000] {dagbag.py:588} INFO - Filling up the DagBag from /workspaces/lab-2/.venv/lib/python3.12/site-packages/airflow/example_dags/example_latest_only_with_trigger.py
[2026-08-20T11:08:05.334+0000] {processor.py:925} INFO - DAG(s) 'latest_only_with_trigger' retrieved from /workspaces/lab-2/.venv/lib/python3.12/site-packages/airflow/example_dags/example_latest_only_with_trigger.py
[2026-08-20T11:08:05.354+0000] {logging_mixin.py:190} INFO - [2026-08-20T11:08:05.353+0000] {dag.py:3239} INFO - Sync 1 DAGs
[2026-08-20T11:08:05.377+0000] {logging_mixin.py:190} INFO - [2026-08-20T11:08:05.377+0000] {dag.py:4180} INFO - Setting next_dagrun for latest_only_with_trigger to 2026-08-20 04:00:00+00:00, run_after=2026-08-20 08:00:00+00:00
[2026-08-20T11:08:05.425+0000] {processor.py:208} INFO - Processing /workspaces/lab-2/.venv/lib/python3.12/site-packages/airflow/example_dags/example_latest_only_with_trigger.py took 0.141 seconds
[2026-08-20T11:09:02.194+0000] {processor.py:186} INFO - Started process (PID=28990) to work on /workspaces/lab-2/.venv/lib/python3.12/site-packages/airflow/example_dags/example_latest_only_with_trigger.py
[2026-08-20T11:09:02.195+0000] {processor.py:914} INFO - Processing file /workspaces/lab-2/.venv/lib/python3.12/site-packages/airflow/example_dags/example_latest_only_with_trigger.py for tasks to queue
[2026-08-20T11:09:02.197+0000] {logging_mixin.py:190} INFO - [2026-08-20T11:09:02.197+0000] {dagbag.py:588} INFO - Filling up the DagBag from /workspaces/lab-2/.venv/lib/python3.12/site-packages/airflow/example_dags/example_latest_only_with_trigger.py
[2026-08-20T11:09:02.206+0000] {processor.py:925} INFO - DAG(s) 'latest_only_with_trigger' retrieved from /workspaces/lab-2/.venv/lib/python3.12/site-packages/airflow/example_dags/example_latest_only_with_trigger.py
[2026-08-20T11:09:02.226+0000] {logging_mixin.py:190} INFO - [2026-08-20T11:09:02.226+0000] {dag.py:3239} INFO - Sync 1 DAGs
[2026-08-20T11:09:02.251+0000] {logging_mixin.py:190} INFO - [2026-08-20T11:09:02.250+0000] {dag.py:4180} INFO - Setting next_dagrun for latest_only_with_trigger to 2026-08-20 04:00:00+00:00, run_after=2026-08-20 08:00:00+00:00
[2026-08-20T11:09:02.275+0000] {processor.py:208} INFO - Processing /workspaces/lab-2/.venv/lib/python3.12/site-packages/airflow/example_dags/example_latest_only_with_trigger.py took 0.088 seconds
[2026-08-20T11:09:55.061+0000] {processor.py:186} INFO - Started process (PID=29921) to work on /workspaces/lab-2/.venv/lib/python3.12/site-packages/airflow/example_dags/example_latest_only_with_trigger.py
[2026-08-20T11:09:55.062+0000] {processor.py:914} INFO - Processing file /workspaces/lab-2/.venv/lib/python3.12/site-packages/airflow/example_dags/example_latest_only_with_trigger.py for tasks to queue
[2026-08-20T11:09:55.064+0000] {logging_mixin.py:190} INFO - [2026-08-20T11:09:55.064+0000] {dagbag.py:588} INFO - Filling up the DagBag from /workspaces/lab-2/.venv/lib/python3.12/site-packages/airflow/example_dags/example_latest_only_with_trigger.py
[2026-08-20T11:09:55.073+0000] {processor.py:925} INFO - DAG(s) 'latest_only_with_trigger' retrieved from /workspaces/lab-2/.venv/lib/python3.12/site-packages/airflow/example_dags/example_latest_only_with_trigger.py
[2026-08-20T11:09:55.094+0000] {logging_mixin.py:190} INFO - [2026-08-20T11:09:55.093+0000] {dag.py:3239} INFO - Sync 1 DAGs
[2026-08-20T11:09:55.110+0000] {logging_mixin.py:190} INFO - [2026-08-20T11:09:55.110+0000] {dag.py:4180} INFO - Setting next_dagrun for latest_only_with_trigger to 2026-08-20 04:00:00+00:00, run_after=2026-08-20 08:00:00+00:00
[2026-08-20T11:09:55.128+0000] {processor.py:208} INFO - Processing /workspaces/lab-2/.venv/lib/python3.12/site-packages/airflow/example_dags/example_latest_only_with_trigger.py took 0.073 seconds
[2026-08-20T11:10:49.019+0000] {processor.py:186} INFO - Started process (PID=30792) to work on /workspaces/lab-2/.venv/lib/python3.12/site-packages/airflow/example_dags/example_latest_only_with_trigger.py
[2026-08-20T11:10:49.020+0000] {processor.py:914} INFO - Processing file /workspaces/lab-2/.venv/lib/python3.12/site-packages/airflow/example_dags/example_latest_only_with_trigger.py for tasks to queue
[2026-08-20T11:10:49.023+0000] {logging_mixin.py:190} INFO - [2026-08-20T11:10:49.022+0000] {dagbag.py:588} INFO - Filling up the DagBag from /workspaces/lab-2/.venv/lib/python3.12/site-packages/airflow/example_dags/example_latest_only_with_trigger.py
[2026-08-20T11:10:49.032+0000] {processor.py:925} INFO - DAG(s) 'latest_only_with_trigger' retrieved from /workspaces/lab-2/.venv/lib/python3.12/site-packages/airflow/example_dags/example_latest_only_with_trigger.py
[2026-08-20T11:10:49.052+0000] {logging_mixin.py:190} INFO - [2026-08-20T11:10:49.052+0000] {dag.py:3239} INFO - Sync 1 DAGs
[2026-08-20T11:10:49.068+0000] {logging_mixin.py:190} INFO - [2026-08-20T11:10:49.068+0000] {dag.py:4180} INFO - Setting next_dagrun for latest_only_with_trigger to 2026-08-20 04:00:00+00:00, run_after=2026-08-20 08:00:00+00:00
[2026-08-20T11:10:49.085+0000] {processor.py:208} INFO - Processing /workspaces/lab-2/.venv/lib/python3.12/site-packages/airflow/example_dags/example_latest_only_with_trigger.py took 0.072 seconds
[2026-08-20T11:11:41.310+0000] {processor.py:186} INFO - Started process (PID=31725) to work on /workspaces/lab-2/.venv/lib/python3.12/site-packages/airflow/example_dags/example_latest_only_with_trigger.py
[2026-08-20T11:11:41.311+0000] {processor.py:914} INFO - Processing file /workspaces/lab-2/.venv/lib/python3.12/site-packages/airflow/example_dags/example_latest_only_with_trigger.py for tasks to queue
[2026-08-20T11:11:41.313+0000] {logging_mixin.py:190} INFO - [2026-08-20T11:11:41.312+0000] {dagbag.py:588} INFO - Filling up the DagBag from /workspaces/lab-2/.venv/lib/python3.12/site-packages/airflow/example_dags/example_latest_only_with_trigger.py
[2026-08-20T11:11:41.319+0000] {processor.py:925} INFO - DAG(s) 'latest_only_with_trigger' retrieved from /workspaces/lab-2/.venv/lib/python3.12/site-packages/airflow/example_dags/example_latest_only_with_trigger.py
[2026-08-20T11:11:41.333+0000] {logging_mixin.py:190} INFO - [2026-08-20T11:11:41.333+0000] {dag.py:3239} INFO - Sync 1 DAGs
[2026-08-20T11:11:41.349+0000] {logging_mixin.py:190} INFO - [2026-08-20T11:11:41.349+0000] {dag.py:4180} INFO - Setting next_dagrun for latest_only_with_trigger to 2026-08-20 04:00:00+00:00, run_after=2026-08-20 08:00:00+00:00
[2026-08-20T11:11:41.367+0000] {processor.py:208} INFO - Processing /workspaces/lab-2/.venv/lib/python3.12/site-packages/airflow/example_dags/example_latest_only_with_trigger.py took 0.062 seconds
[2026-08-20T11:11:43.680+0000] {processor.py:186} INFO - Started process (PID=31739) to work on /workspaces/lab-2/.venv/lib/python3.12/site-packages/airflow/example_dags/example_latest_only_with_trigger.py
[2026-08-20T11:11:43.680+0000] {processor.py:914} INFO - Processing file /workspaces/lab-2/.venv/lib/python3.12/site-packages/airflow/example_dags/example_latest_only_with_trigger.py for tasks to queue
[2026-08-20T11:11:43.683+0000] {logging_mixin.py:190} INFO - [2026-08-20T11:11:43.682+0000] {dagbag.py:588} INFO - Filling up the DagBag from /workspaces/lab-2/.venv/lib/python3.12/site-packages/airflow/example_dags/example_latest_only_with_trigger.py
[2026-08-20T11:11:43.689+0000] {processor.py:925} INFO - DAG(s) 'latest_only_with_trigger' retrieved from /workspaces/lab-2/.venv/lib/python3.12/site-packages/airflow/example_dags/example_latest_only_with_trigger.py
[2026-08-20T11:11:43.705+0000] {logging_mixin.py:190} INFO - [2026-08-20T11:11:43.705+0000] {dag.py:3239} INFO - Sync 1 DAGs
[2026-08-20T11:11:43.721+0000] {logging_mixin.py:190} INFO - [2026-08-20T11:11:43.721+0000] {dag.py:4180} INFO - Setting next_dagrun for latest_only_with_trigger to 2026-08-20 04:00:00+00:00, run_after=2026-08-20 08:00:00+00:00
[2026-08-20T11:11:43.739+0000] {processor.py:208} INFO - Processing /workspaces/lab-2/.venv/lib/python3.12/site-packages/airflow/example_dags/example_latest_only_with_trigger.py took 0.064 seconds
[2026-08-20T11:12:36.678+0000] {processor.py:186} INFO - Started process (PID=32952) to work on /workspaces/lab-2/.venv/lib/python3.12/site-packages/airflow/example_dags/example_latest_only_with_trigger.py
[2026-08-20T11:12:36.679+0000] {processor.py:914} INFO - Processing file /workspaces/lab-2/.venv/lib/python3.12/site-packages/airflow/example_dags/example_latest_only_with_trigger.py for tasks to queue
[2026-08-20T11:12:36.680+0000] {logging_mixin.py:190} INFO - [2026-08-20T11:12:36.680+0000] {dagbag.py:588} INFO - Filling up the DagBag from /workspaces/lab-2/.venv/lib/python3.12/site-packages/airflow/example_dags/example_latest_only_with_trigger.py
[2026-08-20T11:12:36.687+0000] {processor.py:925} INFO - DAG(s) 'latest_only_with_trigger' retrieved from /workspaces/lab-2/.venv/lib/python3.12/site-packages/airflow/example_dags/example_latest_only_with_trigger.py
[2026-08-20T11:12:36.700+0000] {logging_mixin.py:190} INFO - [2026-08-20T11:12:36.700+0000] {dag.py:3239} INFO - Sync 1 DAGs
[2026-08-20T11:12:36.716+0000] {logging_mixin.py:190} INFO - [2026-08-20T11:12:36.716+0000] {dag.py:4180} INFO - Setting next_dagrun for latest_only_with_trigger to 2026-08-20 04:00:00+00:00, run_after=2026-08-20 08:00:00+00:00
[2026-08-20T11:12:36.734+0000] {processor.py:208} INFO - Processing /workspaces/lab-2/.venv/lib/python3.12/site-packages/airflow/example_dags/example_latest_only_with_trigger.py took 0.061 seconds
[2026-08-20T11:12:40.783+0000] {processor.py:186} INFO - Started process (PID=33044) to work on /workspaces/lab-2/.venv/lib/python3.12/site-packages/airflow/example_dags/example_latest_only_with_trigger.py
[2026-08-20T11:12:40.784+0000] {processor.py:914} INFO - Processing file /workspaces/lab-2/.venv/lib/python3.12/site-packages/airflow/example_dags/example_latest_only_with_trigger.py for tasks to queue
[2026-08-20T11:12:40.786+0000] {logging_mixin.py:190} INFO - [2026-08-20T11:12:40.786+0000] {dagbag.py:588} INFO - Filling up the DagBag from /workspaces/lab-2/.venv/lib/python3.12/site-packages/airflow/example_dags/example_latest_only_with_trigger.py
[2026-08-20T11:12:40.793+0000] {processor.py:925} INFO - DAG(s) 'latest_only_with_trigger' retrieved from /workspaces/lab-2/.venv/lib/python3.12/site-packages/airflow/example_dags/example_latest_only_with_trigger.py
[2026-08-20T11:12:40.809+0000] {logging_mixin.py:190} INFO - [2026-08-20T11:12:40.808+0000] {dag.py:3239} INFO - Sync 1 DAGs
[2026-08-20T11:12:40.825+0000] {logging_mixin.py:190} INFO - [2026-08-20T11:12:40.825+0000] {dag.py:4180} INFO - Setting next_dagrun for latest_only_with_trigger to 2026-08-20 04:00:00+00:00, run_after=2026-08-20 08:00:00+00:00
[2026-08-20T11:12:40.846+0000] {processor.py:208} INFO - Processing /workspaces/lab-2/.venv/lib/python3.12/site-packages/airflow/example_dags/example_latest_only_with_trigger.py took 0.070 seconds
[2026-08-20T11:13:34.799+0000] {processor.py:186} INFO - Started process (PID=33915) to work on /workspaces/lab-2/.venv/lib/python3.12/site-packages/airflow/example_dags/example_latest_only_with_trigger.py
[2026-08-20T11:13:34.800+0000] {processor.py:914} INFO - Processing file /workspaces/lab-2/.venv/lib/python3.12/site-packages/airflow/example_dags/example_latest_only_with_trigger.py for tasks to queue
[2026-08-20T11:13:34.801+0000] {logging_mixin.py:190} INFO - [2026-08-20T11:13:34.801+0000] {dagbag.py:588} INFO - Filling up the DagBag from /workspaces/lab-2/.venv/lib/python3.12/site-packages/airflow/example_dags/example_latest_only_with_trigger.py
[2026-08-20T11:13:34.808+0000] {processor.py:925} INFO - DAG(s) 'latest_only_with_trigger' retrieved from /workspaces/lab-2/.venv/lib/python3.12/site-packages/airflow/example_dags/example_latest_only_with_trigger.py
[2026-08-20T11:13:34.923+0000] {logging_mixin.py:190} INFO - [2026-08-20T11:13:34.923+0000] {dag.py:3239} INFO - Sync 1 DAGs
[2026-08-20T11:13:34.966+0000] {logging_mixin.py:190} INFO - [2026-08-20T11:13:34.966+0000] {dag.py:4180} INFO - Setting next_dagrun for latest_only_with_trigger to 2026-08-20 04:00:00+00:00, run_after=2026-08-20 08:00:00+00:00
[2026-08-20T11:13:35.006+0000] {processor.py:208} INFO - Processing /workspaces/lab-2/.venv/lib/python3.12/site-packages/airflow/example_dags/example_latest_only_with_trigger.py took 0.212 seconds
[2026-08-20T11:13:39.665+0000] {processor.py:186} INFO - Started process (PID=34470) to work on /workspaces/lab-2/.venv/lib/python3.12/site-packages/airflow/example_dags/example_latest_only_with_trigger.py
[2026-08-20T11:13:39.666+0000] {processor.py:914} INFO - Processing file /workspaces/lab-2/.venv/lib/python3.12/site-packages/airflow/example_dags/example_latest_only_with_trigger.py for tasks to queue
[2026-08-20T11:13:39.668+0000] {logging_mixin.py:190} INFO - [2026-08-20T11:13:39.668+0000] {dagbag.py:588} INFO - Filling up the DagBag from /workspaces/lab-2/.venv/lib/python3.12/site-packages/airflow/example_dags/example_latest_only_with_trigger.py
[2026-08-20T11:13:39.683+0000] {processor.py:925} INFO - DAG(s) 'latest_only_with_trigger' retrieved from /workspaces/lab-2/.venv/lib/python3.12/site-packages/airflow/example_dags/example_latest_only_with_trigger.py
[2026-08-20T11:13:39.702+0000] {logging_mixin.py:190} INFO - [2026-08-20T11:13:39.702+0000] {dag.py:3239} INFO - Sync 1 DAGs
[2026-08-20T11:13:39.755+0000] {logging_mixin.py:190} INFO - [2026-08-20T11:13:39.755+0000] {dag.py:4180} INFO - Setting next_dagrun for latest_only_with_trigger to 2026-08-20 04:00:00+00:00, run_after=2026-08-20 08:00:00+00:00
[2026-08-20T11:13:39.798+0000] {processor.py:208} INFO - Processing /workspaces/lab-2/.venv/lib/python3.12/site-packages/airflow/example_dags/example_latest_only_with_trigger.py took 0.141 seconds
[2026-08-20T11:14:36.329+0000] {processor.py:186} INFO - Started process (PID=35387) to work on /workspaces/lab-2/.venv/lib/python3.12/site-packages/airflow/example_dags/example_latest_only_with_trigger.py
[2026-08-20T11:14:36.330+0000] {processor.py:914} INFO - Processing file /workspaces/lab-2/.venv/lib/python3.12/site-packages/airflow/example_dags/example_latest_only_with_trigger.py for tasks to queue
[2026-08-20T11:14:36.332+0000] {logging_mixin.py:190} INFO - [2026-08-20T11:14:36.332+0000] {dagbag.py:588} INFO - Filling up the DagBag from /workspaces/lab-2/.venv/lib/python3.12/site-packages/airflow/example_dags/example_latest_only_with_trigger.py
[2026-08-20T11:14:36.343+0000] {processor.py:925} INFO - DAG(s) 'latest_only_with_trigger' retrieved from /workspaces/lab-2/.venv/lib/python3.12/site-packages/airflow/example_dags/example_latest_only_with_trigger.py
[2026-08-20T11:14:36.359+0000] {logging_mixin.py:190} INFO - [2026-08-20T11:14:36.359+0000] {dag.py:3239} INFO - Sync 1 DAGs
[2026-08-20T11:14:36.377+0000] {logging_mixin.py:190} INFO - [2026-08-20T11:14:36.377+0000] {dag.py:4180} INFO - Setting next_dagrun for latest_only_with_trigger to 2026-08-20 04:00:00+00:00, run_after=2026-08-20 08:00:00+00:00
[2026-08-20T11:14:36.394+0000] {processor.py:208} INFO - Processing /workspaces/lab-2/.venv/lib/python3.12/site-packages/airflow/example_dags/example_latest_only_with_trigger.py took 0.072 seconds
[2026-08-20T11:14:44.739+0000] {processor.py:186} INFO - Started process (PID=35645) to work on /workspaces/lab-2/.venv/lib/python3.12/site-packages/airflow/example_dags/example_latest_only_with_trigger.py
[2026-08-20T11:14:44.740+0000] {processor.py:914} INFO - Processing file /workspaces/lab-2/.venv/lib/python3.12/site-packages/airflow/example_dags/example_latest_only_with_trigger.py for tasks to queue
[2026-08-20T11:14:44.742+0000] {logging_mixin.py:190} INFO - [2026-08-20T11:14:44.742+0000] {dagbag.py:588} INFO - Filling up the DagBag from /workspaces/lab-2/.venv/lib/python3.12/site-packages/airflow/example_dags/example_latest_only_with_trigger.py
[2026-08-20T11:14:44.751+0000] {processor.py:925} INFO - DAG(s) 'latest_only_with_trigger' retrieved from /workspaces/lab-2/.venv/lib/python3.12/site-packages/airflow/example_dags/example_latest_only_with_trigger.py
[2026-08-20T11:14:44.828+0000] {logging_mixin.py:190} INFO - [2026-08-20T11:14:44.828+0000] {dag.py:3239} INFO - Sync 1 DAGs
[2026-08-20T11:14:44.900+0000] {logging_mixin.py:190} INFO - [2026-08-20T11:14:44.900+0000] {dag.py:4180} INFO - Setting next_dagrun for latest_only_with_trigger to 2026-08-20 04:00:00+00:00, run_after=2026-08-20 08:00:00+00:00
[2026-08-20T11:14:44.935+0000] {processor.py:208} INFO - Processing /workspaces/lab-2/.venv/lib/python3.12/site-packages/airflow/example_dags/example_latest_only_with_trigger.py took 0.209 seconds
