[2026-08-20T11:04:25.047+0000] {processor.py:186} INFO - Started process (PID=24529) to work on /workspaces/lab-2/.venv/lib/python3.12/site-packages/airflow/example_dags/example_sensor_decorator.py
[2026-08-20T11:04:25.048+0000] {processor.py:914} INFO - Processing file /workspaces/lab-2/.venv/lib/python3.12/site-packages/airflow/example_dags/example_sensor_decorator.py for tasks to queue
[2026-08-20T11:04:25.051+0000] {logging_mixin.py:190} INFO - [2026-08-20T11:04:25.050+0000] {dagbag.py:588} INFO - Filling up the DagBag from /workspaces/lab-2/.venv/lib/python3.12/site-packages/airflow/example_dags/example_sensor_decorator.py
[2026-08-20T11:04:25.062+0000] {processor.py:925} INFO - DAG(s) 'example_sensor_decorator' retrieved from /workspaces/lab-2/.venv/lib/python3.12/site-packages/airflow/example_dags/example_sensor_decorator.py
[2026-08-20T11:04:25.279+0000] {logging_mixin.py:190} INFO - [2026-08-20T11:04:25.278+0000] {override.py:1900} INFO - Created Permission View: can edit on DAG:example_sensor_decorator
[2026-08-20T11:04:25.291+0000] {logging_mixin.py:190} INFO - [2026-08-20T11:04:25.290+0000] {override.py:1900} INFO - Created Permission View: can read on DAG:example_sensor_decorator
[2026-08-20T11:04:25.299+0000] {logging_mixin.py:190} INFO - [2026-08-20T11:04:25.298+0000] {override.py:1900} INFO - Created Permission View: can delete on DAG:example_sensor_decorator
[2026-08-20T11:04:25.312+0000] {logging_mixin.py:190} INFO - [2026-08-20T11:04:25.311+0000] {override.py:1900} INFO - Created Permission View: can create on DAG Run:example_sensor_decorator
[2026-08-20T11:04:25.319+0000] {logging_mixin.py:190} INFO - [2026-08-20T11:04:25.319+0000] {override.py:1900} INFO - Created Permission View: can read on DAG Run:example_sensor_decorator
[2026-08-20T11:04:25.327+0000] {logging_mixin.py:190} INFO - [2026-08-20T11:04:25.327+0000] {override.py:1900} INFO - Created Permission View: menu access on DAG Run:example_sensor_decorator
[2026-08-20T11:04:25.335+0000] {logging_mixin.py:190} INFO - [2026-08-20T11:04:25.334+0000] {override.py:1900} INFO - Created Permission View: can delete on DAG Run:example_sensor_decorator
[2026-08-20T11:04:25.335+0000] {logging_mixin.py:190} INFO - [2026-08-20T11:04:25.335+0000] {dag.py:3239} INFO - Sync 1 DAGs
[2026-08-20T11:04:25.349+0000] {logging_mixin.py:190} INFO - [2026-08-20T11:04:25.348+0000] {dag.py:3262} INFO - Creating ORM DAG for example_sensor_decorator
[2026-08-20T11:04:25.349+0000] {logging_mixin.py:190} INFO - [2026-08-20T11:04:25.349+0000] {dag.py:4180} INFO - Setting next_dagrun for example_sensor_decorator to None, run_after=None
[2026-08-20T11:04:25.370+0000] {processor.py:208} INFO - Processing /workspaces/lab-2/.venv/lib/python3.12/site-packages/airflow/example_dags/example_sensor_decorator.py took 0.333 seconds
[2026-08-20T11:05:25.633+0000] {processor.py:186} INFO - Started process (PID=25357) to work on /workspaces/lab-2/.venv/lib/python3.12/site-packages/airflow/example_dags/example_sensor_decorator.py
[2026-08-20T11:05:25.634+0000] {processor.py:914} INFO - Processing file /workspaces/lab-2/.venv/lib/python3.12/site-packages/airflow/example_dags/example_sensor_decorator.py for tasks to queue
[2026-08-20T11:05:25.636+0000] {logging_mixin.py:190} INFO - [2026-08-20T11:05:25.635+0000] {dagbag.py:588} INFO - Filling up the DagBag from /workspaces/lab-2/.venv/lib/python3.12/site-packages/airflow/example_dags/example_sensor_decorator.py
[2026-08-20T11:05:25.642+0000] {processor.py:925} INFO - DAG(s) 'example_sensor_decorator' retrieved from /workspaces/lab-2/.venv/lib/python3.12/site-packages/airflow/example_dags/example_sensor_decorator.py
[2026-08-20T11:05:25.656+0000] {logging_mixin.py:190} INFO - [2026-08-20T11:05:25.656+0000] {dag.py:3239} INFO - Sync 1 DAGs
[2026-08-20T11:05:25.665+0000] {logging_mixin.py:190} INFO - [2026-08-20T11:05:25.665+0000] {dag.py:4180} INFO - Setting next_dagrun for example_sensor_decorator to None, run_after=None
[2026-08-20T11:05:25.682+0000] {processor.py:208} INFO - Processing /workspaces/lab-2/.venv/lib/python3.12/site-packages/airflow/example_dags/example_sensor_decorator.py took 0.054 seconds
[2026-08-20T11:06:21.555+0000] {processor.py:186} INFO - Started process (PID=26171) to work on /workspaces/lab-2/.venv/lib/python3.12/site-packages/airflow/example_dags/example_sensor_decorator.py
[2026-08-20T11:06:21.555+0000] {processor.py:914} INFO - Processing file /workspaces/lab-2/.venv/lib/python3.12/site-packages/airflow/example_dags/example_sensor_decorator.py for tasks to queue
[2026-08-20T11:06:21.557+0000] {logging_mixin.py:190} INFO - [2026-08-20T11:06:21.557+0000] {dagbag.py:588} INFO - Filling up the DagBag from /workspaces/lab-2/.venv/lib/python3.12/site-packages/airflow/example_dags/example_sensor_decorator.py
[2026-08-20T11:06:21.564+0000] {processor.py:925} INFO - DAG(s) 'example_sensor_decorator' retrieved from /workspaces/lab-2/.venv/lib/python3.12/site-packages/airflow/example_dags/example_sensor_decorator.py
[2026-08-20T11:06:21.577+0000] {logging_mixin.py:190} INFO - [2026-08-20T11:06:21.577+0000] {dag.py:3239} INFO - Sync 1 DAGs
[2026-08-20T11:06:21.587+0000] {logging_mixin.py:190} INFO - [2026-08-20T11:06:21.587+0000] {dag.py:4180} INFO - Setting next_dagrun for example_sensor_decorator to None, run_after=None
[2026-08-20T11:06:21.604+0000] {processor.py:208} INFO - Processing /workspaces/lab-2/.venv/lib/python3.12/site-packages/airflow/example_dags/example_sensor_decorator.py took 0.056 seconds
[2026-08-20T11:07:07.967+0000] {processor.py:186} INFO - Started process (PID=27049) to work on /workspaces/lab-2/.venv/lib/python3.12/site-packages/airflow/example_dags/example_sensor_decorator.py
[2026-08-20T11:07:07.968+0000] {processor.py:914} INFO - Processing file /workspaces/lab-2/.venv/lib/python3.12/site-packages/airflow/example_dags/example_sensor_decorator.py for tasks to queue
[2026-08-20T11:07:07.969+0000] {logging_mixin.py:190} INFO - [2026-08-20T11:07:07.969+0000] {dagbag.py:588} INFO - Filling up the DagBag from /workspaces/lab-2/.venv/lib/python3.12/site-packages/airflow/example_dags/example_sensor_decorator.py
[2026-08-20T11:07:07.976+0000] {processor.py:925} INFO - DAG(s) 'example_sensor_decorator' retrieved from /workspaces/lab-2/.venv/lib/python3.12/site-packages/airflow/example_dags/example_sensor_decorator.py
[2026-08-20T11:07:07.991+0000] {logging_mixin.py:190} INFO - [2026-08-20T11:07:07.991+0000] {dag.py:3239} INFO - Sync 1 DAGs
[2026-08-20T11:07:08.001+0000] {logging_mixin.py:190} INFO - [2026-08-20T11:07:08.001+0000] {dag.py:4180} INFO - Setting next_dagrun for example_sensor_decorator to None, run_after=None
[2026-08-20T11:07:08.022+0000] {processor.py:208} INFO - Processing /workspaces/lab-2/.venv/lib/python3.12/site-packages/airflow/example_dags/example_sensor_decorator.py took 0.059 seconds
[2026-08-20T11:08:03.837+0000] {processor.py:186} INFO - Started process (PID=28144) to work on /workspaces/lab-2/.venv/lib/python3.12/site-packages/airflow/example_dags/example_sensor_decorator.py
[2026-08-20T11:08:03.840+0000] {processor.py:914} INFO - Processing file /workspaces/lab-2/.venv/lib/python3.12/site-packages/airflow/example_dags/example_sensor_decorator.py for tasks to queue
[2026-08-20T11:08:03.856+0000] {logging_mixin.py:190} INFO - [2026-08-20T11:08:03.849+0000] {dagbag.py:588} INFO - Filling up the DagBag from /workspaces/lab-2/.venv/lib/python3.12/site-packages/airflow/example_dags/example_sensor_decorator.py
[2026-08-20T11:08:03.881+0000] {processor.py:925} INFO - DAG(s) 'example_sensor_decorator' retrieved from /workspaces/lab-2/.venv/lib/python3.12/site-packages/airflow/example_dags/example_sensor_decorator.py
[2026-08-20T11:08:03.940+0000] {logging_mixin.py:190} INFO - [2026-08-20T11:08:03.939+0000] {dag.py:3239} INFO - Sync 1 DAGs
[2026-08-20T11:08:03.982+0000] {logging_mixin.py:190} INFO - [2026-08-20T11:08:03.982+0000] {dag.py:4180} INFO - Setting next_dagrun for example_sensor_decorator to None, run_after=None
[2026-08-20T11:08:04.077+0000] {processor.py:208} INFO - Processing /workspaces/lab-2/.venv/lib/python3.12/site-packages/airflow/example_dags/example_sensor_decorator.py took 0.247 seconds
[2026-08-20T11:09:01.051+0000] {processor.py:186} INFO - Started process (PID=28932) to work on /workspaces/lab-2/.venv/lib/python3.12/site-packages/airflow/example_dags/example_sensor_decorator.py
[2026-08-20T11:09:01.052+0000] {processor.py:914} INFO - Processing file /workspaces/lab-2/.venv/lib/python3.12/site-packages/airflow/example_dags/example_sensor_decorator.py for tasks to queue
[2026-08-20T11:09:01.054+0000] {logging_mixin.py:190} INFO - [2026-08-20T11:09:01.054+0000] {dagbag.py:588} INFO - Filling up the DagBag from /workspaces/lab-2/.venv/lib/python3.12/site-packages/airflow/example_dags/example_sensor_decorator.py
[2026-08-20T11:09:01.062+0000] {processor.py:925} INFO - DAG(s) 'example_sensor_decorator' retrieved from /workspaces/lab-2/.venv/lib/python3.12/site-packages/airflow/example_dags/example_sensor_decorator.py
[2026-08-20T11:09:01.076+0000] {logging_mixin.py:190} INFO - [2026-08-20T11:09:01.075+0000] {dag.py:3239} INFO - Sync 1 DAGs
[2026-08-20T11:09:01.085+0000] {logging_mixin.py:190} INFO - [2026-08-20T11:09:01.085+0000] {dag.py:4180} INFO - Setting next_dagrun for example_sensor_decorator to None, run_after=None
[2026-08-20T11:09:01.103+0000] {processor.py:208} INFO - Processing /workspaces/lab-2/.venv/lib/python3.12/site-packages/airflow/example_dags/example_sensor_decorator.py took 0.058 seconds
[2026-08-20T11:09:54.164+0000] {processor.py:186} INFO - Started process (PID=29878) to work on /workspaces/lab-2/.venv/lib/python3.12/site-packages/airflow/example_dags/example_sensor_decorator.py
[2026-08-20T11:09:54.165+0000] {processor.py:914} INFO - Processing file /workspaces/lab-2/.venv/lib/python3.12/site-packages/airflow/example_dags/example_sensor_decorator.py for tasks to queue
[2026-08-20T11:09:54.167+0000] {logging_mixin.py:190} INFO - [2026-08-20T11:09:54.167+0000] {dagbag.py:588} INFO - Filling up the DagBag from /workspaces/lab-2/.venv/lib/python3.12/site-packages/airflow/example_dags/example_sensor_decorator.py
[2026-08-20T11:09:54.176+0000] {processor.py:925} INFO - DAG(s) 'example_sensor_decorator' retrieved from /workspaces/lab-2/.venv/lib/python3.12/site-packages/airflow/example_dags/example_sensor_decorator.py
[2026-08-20T11:09:54.193+0000] {logging_mixin.py:190} INFO - [2026-08-20T11:09:54.193+0000] {dag.py:3239} INFO - Sync 1 DAGs
[2026-08-20T11:09:54.205+0000] {logging_mixin.py:190} INFO - [2026-08-20T11:09:54.205+0000] {dag.py:4180} INFO - Setting next_dagrun for example_sensor_decorator to None, run_after=None
[2026-08-20T11:09:54.226+0000] {processor.py:208} INFO - Processing /workspaces/lab-2/.venv/lib/python3.12/site-packages/airflow/example_dags/example_sensor_decorator.py took 0.068 seconds
[2026-08-20T11:10:47.871+0000] {processor.py:186} INFO - Started process (PID=30787) to work on /workspaces/lab-2/.venv/lib/python3.12/site-packages/airflow/example_dags/example_sensor_decorator.py
[2026-08-20T11:10:47.872+0000] {processor.py:914} INFO - Processing file /workspaces/lab-2/.venv/lib/python3.12/site-packages/airflow/example_dags/example_sensor_decorator.py for tasks to queue
[2026-08-20T11:10:47.873+0000] {logging_mixin.py:190} INFO - [2026-08-20T11:10:47.873+0000] {dagbag.py:588} INFO - Filling up the DagBag from /workspaces/lab-2/.venv/lib/python3.12/site-packages/airflow/example_dags/example_sensor_decorator.py
[2026-08-20T11:10:47.880+0000] {processor.py:925} INFO - DAG(s) 'example_sensor_decorator' retrieved from /workspaces/lab-2/.venv/lib/python3.12/site-packages/airflow/example_dags/example_sensor_decorator.py
[2026-08-20T11:10:47.893+0000] {logging_mixin.py:190} INFO - [2026-08-20T11:10:47.893+0000] {dag.py:3239} INFO - Sync 1 DAGs
[2026-08-20T11:10:47.903+0000] {logging_mixin.py:190} INFO - [2026-08-20T11:10:47.903+0000] {dag.py:4180} INFO - Setting next_dagrun for example_sensor_decorator to None, run_after=None
[2026-08-20T11:10:47.927+0000] {processor.py:208} INFO - Processing /workspaces/lab-2/.venv/lib/python3.12/site-packages/airflow/example_dags/example_sensor_decorator.py took 0.061 seconds
[2026-08-20T11:11:40.579+0000] {processor.py:186} INFO - Started process (PID=31716) to work on /workspaces/lab-2/.venv/lib/python3.12/site-packages/airflow/example_dags/example_sensor_decorator.py
[2026-08-20T11:11:40.579+0000] {processor.py:914} INFO - Processing file /workspaces/lab-2/.venv/lib/python3.12/site-packages/airflow/example_dags/example_sensor_decorator.py for tasks to queue
[2026-08-20T11:11:40.581+0000] {logging_mixin.py:190} INFO - [2026-08-20T11:11:40.581+0000] {dagbag.py:588} INFO - Filling up the DagBag from /workspaces/lab-2/.venv/lib/python3.12/site-packages/airflow/example_dags/example_sensor_decorator.py
[2026-08-20T11:11:40.588+0000] {processor.py:925} INFO - DAG(s) 'example_sensor_decorator' retrieved from /workspaces/lab-2/.venv/lib/python3.12/site-packages/airflow/example_dags/example_sensor_decorator.py
[2026-08-20T11:11:40.601+0000] {logging_mixin.py:190} INFO - [2026-08-20T11:11:40.601+0000] {dag.py:3239} INFO - Sync 1 DAGs
[2026-08-20T11:11:40.612+0000] {logging_mixin.py:190} INFO - [2026-08-20T11:11:40.611+0000] {dag.py:4180} INFO - Setting next_dagrun for example_sensor_decorator to None, run_after=None
[2026-08-20T11:11:40.629+0000] {processor.py:208} INFO - Processing /workspaces/lab-2/.venv/lib/python3.12/site-packages/airflow/example_dags/example_sensor_decorator.py took 0.055 seconds
[2026-08-20T11:11:43.372+0000] {processor.py:186} INFO - Started process (PID=31736) to work on /workspaces/lab-2/.venv/lib/python3.12/site-packages/airflow/example_dags/example_sensor_decorator.py
[2026-08-20T11:11:43.374+0000] {processor.py:914} INFO - Processing file /workspaces/lab-2/.venv/lib/python3.12/site-packages/airflow/example_dags/example_sensor_decorator.py for tasks to queue
[2026-08-20T11:11:43.377+0000] {logging_mixin.py:190} INFO - [2026-08-20T11:11:43.376+0000] {dagbag.py:588} INFO - Filling up the DagBag from /workspaces/lab-2/.venv/lib/python3.12/site-packages/airflow/example_dags/example_sensor_decorator.py
[2026-08-20T11:11:43.384+0000] {processor.py:925} INFO - DAG(s) 'example_sensor_decorator' retrieved from /workspaces/lab-2/.venv/lib/python3.12/site-packages/airflow/example_dags/example_sensor_decorator.py
[2026-08-20T11:11:43.400+0000] {logging_mixin.py:190} INFO - [2026-08-20T11:11:43.400+0000] {dag.py:3239} INFO - Sync 1 DAGs
[2026-08-20T11:11:43.411+0000] {logging_mixin.py:190} INFO - [2026-08-20T11:11:43.410+0000] {dag.py:4180} INFO - Setting next_dagrun for example_sensor_decorator to None, run_after=None
[2026-08-20T11:11:43.430+0000] {processor.py:208} INFO - Processing /workspaces/lab-2/.venv/lib/python3.12/site-packages/airflow/example_dags/example_sensor_decorator.py took 0.065 seconds
[2026-08-20T11:12:35.438+0000] {processor.py:186} INFO - Started process (PID=32931) to work on /workspaces/lab-2/.venv/lib/python3.12/site-packages/airflow/example_dags/example_sensor_decorator.py
[2026-08-20T11:12:35.440+0000] {processor.py:914} INFO - Processing file /workspaces/lab-2/.venv/lib/python3.12/site-packages/airflow/example_dags/example_sensor_decorator.py for tasks to queue
[2026-08-20T11:12:35.445+0000] {logging_mixin.py:190} INFO - [2026-08-20T11:12:35.444+0000] {dagbag.py:588} INFO - Filling up the DagBag from /workspaces/lab-2/.venv/lib/python3.12/site-packages/airflow/example_dags/example_sensor_decorator.py
[2026-08-20T11:12:35.456+0000] {processor.py:925} INFO - DAG(s) 'example_sensor_decorator' retrieved from /workspaces/lab-2/.venv/lib/python3.12/site-packages/airflow/example_dags/example_sensor_decorator.py
[2026-08-20T11:12:35.482+0000] {logging_mixin.py:190} INFO - [2026-08-20T11:12:35.482+0000] {dag.py:3239} INFO - Sync 1 DAGs
[2026-08-20T11:12:35.499+0000] {logging_mixin.py:190} INFO - [2026-08-20T11:12:35.499+0000] {dag.py:4180} INFO - Setting next_dagrun for example_sensor_decorator to None, run_after=None
[2026-08-20T11:12:35.528+0000] {processor.py:208} INFO - Processing /workspaces/lab-2/.venv/lib/python3.12/site-packages/airflow/example_dags/example_sensor_decorator.py took 0.106 seconds
[2026-08-20T11:12:40.192+0000] {processor.py:186} INFO - Started process (PID=33007) to work on /workspaces/lab-2/.venv/lib/python3.12/site-packages/airflow/example_dags/example_sensor_decorator.py
[2026-08-20T11:12:40.193+0000] {processor.py:914} INFO - Processing file /workspaces/lab-2/.venv/lib/python3.12/site-packages/airflow/example_dags/example_sensor_decorator.py for tasks to queue
[2026-08-20T11:12:40.195+0000] {logging_mixin.py:190} INFO - [2026-08-20T11:12:40.195+0000] {dagbag.py:588} INFO - Filling up the DagBag from /workspaces/lab-2/.venv/lib/python3.12/site-packages/airflow/example_dags/example_sensor_decorator.py
[2026-08-20T11:12:40.202+0000] {processor.py:925} INFO - DAG(s) 'example_sensor_decorator' retrieved from /workspaces/lab-2/.venv/lib/python3.12/site-packages/airflow/example_dags/example_sensor_decorator.py
[2026-08-20T11:12:40.218+0000] {logging_mixin.py:190} INFO - [2026-08-20T11:12:40.218+0000] {dag.py:3239} INFO - Sync 1 DAGs
[2026-08-20T11:12:40.232+0000] {logging_mixin.py:190} INFO - [2026-08-20T11:12:40.232+0000] {dag.py:4180} INFO - Setting next_dagrun for example_sensor_decorator to None, run_after=None
[2026-08-20T11:12:40.271+0000] {processor.py:208} INFO - Processing /workspaces/lab-2/.venv/lib/python3.12/site-packages/airflow/example_dags/example_sensor_decorator.py took 0.083 seconds
[2026-08-20T11:13:34.056+0000] {processor.py:186} INFO - Started process (PID=33909) to work on /workspaces/lab-2/.venv/lib/python3.12/site-packages/airflow/example_dags/example_sensor_decorator.py
[2026-08-20T11:13:34.057+0000] {processor.py:914} INFO - Processing file /workspaces/lab-2/.venv/lib/python3.12/site-packages/airflow/example_dags/example_sensor_decorator.py for tasks to queue
[2026-08-20T11:13:34.060+0000] {logging_mixin.py:190} INFO - [2026-08-20T11:13:34.059+0000] {dagbag.py:588} INFO - Filling up the DagBag from /workspaces/lab-2/.venv/lib/python3.12/site-packages/airflow/example_dags/example_sensor_decorator.py
[2026-08-20T11:13:34.071+0000] {processor.py:925} INFO - DAG(s) 'example_sensor_decorator' retrieved from /workspaces/lab-2/.venv/lib/python3.12/site-packages/airflow/example_dags/example_sensor_decorator.py
[2026-08-20T11:13:34.290+0000] {logging_mixin.py:190} INFO - [2026-08-20T11:13:34.289+0000] {dag.py:3239} INFO - Sync 1 DAGs
[2026-08-20T11:13:34.302+0000] {logging_mixin.py:190} INFO - [2026-08-20T11:13:34.302+0000] {dag.py:4180} INFO - Setting next_dagrun for example_sensor_decorator to None, run_after=None
[2026-08-20T11:13:34.325+0000] {processor.py:208} INFO - Processing /workspaces/lab-2/.venv/lib/python3.12/site-packages/airflow/example_dags/example_sensor_decorator.py took 0.275 seconds
[2026-08-20T11:13:38.149+0000] {processor.py:186} INFO - Started process (PID=34425) to work on /workspaces/lab-2/.venv/lib/python3.12/site-packages/airflow/example_dags/example_sensor_decorator.py
[2026-08-20T11:13:38.150+0000] {processor.py:914} INFO - Processing file /workspaces/lab-2/.venv/lib/python3.12/site-packages/airflow/example_dags/example_sensor_decorator.py for tasks to queue
[2026-08-20T11:13:38.155+0000] {logging_mixin.py:190} INFO - [2026-08-20T11:13:38.154+0000] {dagbag.py:588} INFO - Filling up the DagBag from /workspaces/lab-2/.venv/lib/python3.12/site-packages/airflow/example_dags/example_sensor_decorator.py
[2026-08-20T11:13:38.174+0000] {processor.py:925} INFO - DAG(s) 'example_sensor_decorator' retrieved from /workspaces/lab-2/.venv/lib/python3.12/site-packages/airflow/example_dags/example_sensor_decorator.py
[2026-08-20T11:13:38.212+0000] {logging_mixin.py:190} INFO - [2026-08-20T11:13:38.211+0000] {dag.py:3239} INFO - Sync 1 DAGs
[2026-08-20T11:13:38.273+0000] {logging_mixin.py:190} INFO - [2026-08-20T11:13:38.273+0000] {dag.py:4180} INFO - Setting next_dagrun for example_sensor_decorator to None, run_after=None
[2026-08-20T11:13:38.441+0000] {processor.py:208} INFO - Processing /workspaces/lab-2/.venv/lib/python3.12/site-packages/airflow/example_dags/example_sensor_decorator.py took 0.307 seconds
[2026-08-20T11:14:35.960+0000] {processor.py:186} INFO - Started process (PID=35386) to work on /workspaces/lab-2/.venv/lib/python3.12/site-packages/airflow/example_dags/example_sensor_decorator.py
[2026-08-20T11:14:35.961+0000] {processor.py:914} INFO - Processing file /workspaces/lab-2/.venv/lib/python3.12/site-packages/airflow/example_dags/example_sensor_decorator.py for tasks to queue
[2026-08-20T11:14:35.962+0000] {logging_mixin.py:190} INFO - [2026-08-20T11:14:35.962+0000] {dagbag.py:588} INFO - Filling up the DagBag from /workspaces/lab-2/.venv/lib/python3.12/site-packages/airflow/example_dags/example_sensor_decorator.py
[2026-08-20T11:14:35.969+0000] {processor.py:925} INFO - DAG(s) 'example_sensor_decorator' retrieved from /workspaces/lab-2/.venv/lib/python3.12/site-packages/airflow/example_dags/example_sensor_decorator.py
[2026-08-20T11:14:35.982+0000] {logging_mixin.py:190} INFO - [2026-08-20T11:14:35.982+0000] {dag.py:3239} INFO - Sync 1 DAGs
[2026-08-20T11:14:35.996+0000] {logging_mixin.py:190} INFO - [2026-08-20T11:14:35.996+0000] {dag.py:4180} INFO - Setting next_dagrun for example_sensor_decorator to None, run_after=None
[2026-08-20T11:14:36.015+0000] {processor.py:208} INFO - Processing /workspaces/lab-2/.venv/lib/python3.12/site-packages/airflow/example_dags/example_sensor_decorator.py took 0.060 seconds
[2026-08-20T11:14:43.573+0000] {processor.py:186} INFO - Started process (PID=35610) to work on /workspaces/lab-2/.venv/lib/python3.12/site-packages/airflow/example_dags/example_sensor_decorator.py
[2026-08-20T11:14:43.574+0000] {processor.py:914} INFO - Processing file /workspaces/lab-2/.venv/lib/python3.12/site-packages/airflow/example_dags/example_sensor_decorator.py for tasks to queue
[2026-08-20T11:14:43.576+0000] {logging_mixin.py:190} INFO - [2026-08-20T11:14:43.575+0000] {dagbag.py:588} INFO - Filling up the DagBag from /workspaces/lab-2/.venv/lib/python3.12/site-packages/airflow/example_dags/example_sensor_decorator.py
[2026-08-20T11:14:43.583+0000] {processor.py:925} INFO - DAG(s) 'example_sensor_decorator' retrieved from /workspaces/lab-2/.venv/lib/python3.12/site-packages/airflow/example_dags/example_sensor_decorator.py
[2026-08-20T11:14:43.596+0000] {logging_mixin.py:190} INFO - [2026-08-20T11:14:43.595+0000] {dag.py:3239} INFO - Sync 1 DAGs
[2026-08-20T11:14:43.607+0000] {logging_mixin.py:190} INFO - [2026-08-20T11:14:43.607+0000] {dag.py:4180} INFO - Setting next_dagrun for example_sensor_decorator to None, run_after=None
[2026-08-20T11:14:43.631+0000] {processor.py:208} INFO - Processing /workspaces/lab-2/.venv/lib/python3.12/site-packages/airflow/example_dags/example_sensor_decorator.py took 0.062 seconds
