[2026-08-20T11:04:53.626+0000] {processor.py:186} INFO - Started process (PID=24991) to work on /workspaces/lab-2/.venv/lib/python3.12/site-packages/airflow/example_dags/example_branch_labels.py
[2026-08-20T11:04:53.627+0000] {processor.py:914} INFO - Processing file /workspaces/lab-2/.venv/lib/python3.12/site-packages/airflow/example_dags/example_branch_labels.py for tasks to queue
[2026-08-20T11:04:53.628+0000] {logging_mixin.py:190} INFO - [2026-08-20T11:04:53.628+0000] {dagbag.py:588} INFO - Filling up the DagBag from /workspaces/lab-2/.venv/lib/python3.12/site-packages/airflow/example_dags/example_branch_labels.py
[2026-08-20T11:04:53.637+0000] {processor.py:925} INFO - DAG(s) 'example_branch_labels' retrieved from /workspaces/lab-2/.venv/lib/python3.12/site-packages/airflow/example_dags/example_branch_labels.py
[2026-08-20T11:04:53.725+0000] {logging_mixin.py:190} INFO - [2026-08-20T11:04:53.725+0000] {override.py:1900} INFO - Created Permission View: can edit on DAG:example_branch_labels
[2026-08-20T11:04:53.736+0000] {logging_mixin.py:190} INFO - [2026-08-20T11:04:53.736+0000] {override.py:1900} INFO - Created Permission View: can read on DAG:example_branch_labels
[2026-08-20T11:04:53.744+0000] {logging_mixin.py:190} INFO - [2026-08-20T11:04:53.743+0000] {override.py:1900} INFO - Created Permission View: can delete on DAG:example_branch_labels
[2026-08-20T11:04:53.754+0000] {logging_mixin.py:190} INFO - [2026-08-20T11:04:53.754+0000] {override.py:1900} INFO - Created Permission View: can create on DAG Run:example_branch_labels
[2026-08-20T11:04:53.761+0000] {logging_mixin.py:190} INFO - [2026-08-20T11:04:53.761+0000] {override.py:1900} INFO - Created Permission View: can read on DAG Run:example_branch_labels
[2026-08-20T11:04:53.778+0000] {logging_mixin.py:190} INFO - [2026-08-20T11:04:53.778+0000] {override.py:1900} INFO - Created Permission View: menu access on DAG Run:example_branch_labels
[2026-08-20T11:04:53.797+0000] {logging_mixin.py:190} INFO - [2026-08-20T11:04:53.797+0000] {override.py:1900} INFO - Created Permission View: can delete on DAG Run:example_branch_labels
[2026-08-20T11:04:53.797+0000] {logging_mixin.py:190} INFO - [2026-08-20T11:04:53.797+0000] {dag.py:3239} INFO - Sync 1 DAGs
[2026-08-20T11:04:53.818+0000] {logging_mixin.py:190} INFO - [2026-08-20T11:04:53.818+0000] {dag.py:3262} INFO - Creating ORM DAG for example_branch_labels
[2026-08-20T11:04:53.833+0000] {logging_mixin.py:190} INFO - [2026-08-20T11:04:53.833+0000] {dag.py:4180} INFO - Setting next_dagrun for example_branch_labels to 2026-08-19 00:00:00+00:00, run_after=2026-08-20 00:00:00+00:00
[2026-08-20T11:04:53.849+0000] {processor.py:208} INFO - Processing /workspaces/lab-2/.venv/lib/python3.12/site-packages/airflow/example_dags/example_branch_labels.py took 0.228 seconds
[2026-08-20T11:05:51.050+0000] {processor.py:186} INFO - Started process (PID=25807) to work on /workspaces/lab-2/.venv/lib/python3.12/site-packages/airflow/example_dags/example_branch_labels.py
[2026-08-20T11:05:51.051+0000] {processor.py:914} INFO - Processing file /workspaces/lab-2/.venv/lib/python3.12/site-packages/airflow/example_dags/example_branch_labels.py for tasks to queue
[2026-08-20T11:05:51.053+0000] {logging_mixin.py:190} INFO - [2026-08-20T11:05:51.053+0000] {dagbag.py:588} INFO - Filling up the DagBag from /workspaces/lab-2/.venv/lib/python3.12/site-packages/airflow/example_dags/example_branch_labels.py
[2026-08-20T11:05:51.061+0000] {processor.py:925} INFO - DAG(s) 'example_branch_labels' retrieved from /workspaces/lab-2/.venv/lib/python3.12/site-packages/airflow/example_dags/example_branch_labels.py
[2026-08-20T11:05:51.076+0000] {logging_mixin.py:190} INFO - [2026-08-20T11:05:51.076+0000] {dag.py:3239} INFO - Sync 1 DAGs
[2026-08-20T11:05:51.093+0000] {logging_mixin.py:190} INFO - [2026-08-20T11:05:51.092+0000] {dag.py:4180} INFO - Setting next_dagrun for example_branch_labels to 2026-08-19 00:00:00+00:00, run_after=2026-08-20 00:00:00+00:00
[2026-08-20T11:05:51.109+0000] {processor.py:208} INFO - Processing /workspaces/lab-2/.venv/lib/python3.12/site-packages/airflow/example_dags/example_branch_labels.py took 0.063 seconds
[2026-08-20T11:07:31.624+0000] {processor.py:186} INFO - Started process (PID=27250) to work on /workspaces/lab-2/.venv/lib/python3.12/site-packages/airflow/example_dags/example_branch_labels.py
[2026-08-20T11:07:31.625+0000] {processor.py:914} INFO - Processing file /workspaces/lab-2/.venv/lib/python3.12/site-packages/airflow/example_dags/example_branch_labels.py for tasks to queue
[2026-08-20T11:07:31.627+0000] {logging_mixin.py:190} INFO - [2026-08-20T11:07:31.626+0000] {dagbag.py:588} INFO - Filling up the DagBag from /workspaces/lab-2/.venv/lib/python3.12/site-packages/airflow/example_dags/example_branch_labels.py
[2026-08-20T11:07:31.636+0000] {processor.py:925} INFO - DAG(s) 'example_branch_labels' retrieved from /workspaces/lab-2/.venv/lib/python3.12/site-packages/airflow/example_dags/example_branch_labels.py
[2026-08-20T11:07:31.653+0000] {logging_mixin.py:190} INFO - [2026-08-20T11:07:31.652+0000] {dag.py:3239} INFO - Sync 1 DAGs
[2026-08-20T11:07:31.669+0000] {logging_mixin.py:190} INFO - [2026-08-20T11:07:31.669+0000] {dag.py:4180} INFO - Setting next_dagrun for example_branch_labels to 2026-08-19 00:00:00+00:00, run_after=2026-08-20 00:00:00+00:00
[2026-08-20T11:07:31.687+0000] {processor.py:208} INFO - Processing /workspaces/lab-2/.venv/lib/python3.12/site-packages/airflow/example_dags/example_branch_labels.py took 0.070 seconds
[2026-08-20T11:08:55.628+0000] {processor.py:186} INFO - Started process (PID=28806) to work on /workspaces/lab-2/.venv/lib/python3.12/site-packages/airflow/example_dags/example_branch_labels.py
[2026-08-20T11:08:55.629+0000] {processor.py:914} INFO - Processing file /workspaces/lab-2/.venv/lib/python3.12/site-packages/airflow/example_dags/example_branch_labels.py for tasks to queue
[2026-08-20T11:08:55.630+0000] {logging_mixin.py:190} INFO - [2026-08-20T11:08:55.630+0000] {dagbag.py:588} INFO - Filling up the DagBag from /workspaces/lab-2/.venv/lib/python3.12/site-packages/airflow/example_dags/example_branch_labels.py
[2026-08-20T11:08:55.639+0000] {processor.py:925} INFO - DAG(s) 'example_branch_labels' retrieved from /workspaces/lab-2/.venv/lib/python3.12/site-packages/airflow/example_dags/example_branch_labels.py
[2026-08-20T11:08:55.653+0000] {logging_mixin.py:190} INFO - [2026-08-20T11:08:55.652+0000] {dag.py:3239} INFO - Sync 1 DAGs
[2026-08-20T11:08:55.669+0000] {logging_mixin.py:190} INFO - [2026-08-20T11:08:55.669+0000] {dag.py:4180} INFO - Setting next_dagrun for example_branch_labels to 2026-08-19 00:00:00+00:00, run_after=2026-08-20 00:00:00+00:00
[2026-08-20T11:08:55.686+0000] {processor.py:208} INFO - Processing /workspaces/lab-2/.venv/lib/python3.12/site-packages/airflow/example_dags/example_branch_labels.py took 0.062 seconds
[2026-08-20T11:10:13.211+0000] {processor.py:186} INFO - Started process (PID=30220) to work on /workspaces/lab-2/.venv/lib/python3.12/site-packages/airflow/example_dags/example_branch_labels.py
[2026-08-20T11:10:13.212+0000] {processor.py:914} INFO - Processing file /workspaces/lab-2/.venv/lib/python3.12/site-packages/airflow/example_dags/example_branch_labels.py for tasks to queue
[2026-08-20T11:10:13.214+0000] {logging_mixin.py:190} INFO - [2026-08-20T11:10:13.214+0000] {dagbag.py:588} INFO - Filling up the DagBag from /workspaces/lab-2/.venv/lib/python3.12/site-packages/airflow/example_dags/example_branch_labels.py
[2026-08-20T11:10:13.222+0000] {processor.py:925} INFO - DAG(s) 'example_branch_labels' retrieved from /workspaces/lab-2/.venv/lib/python3.12/site-packages/airflow/example_dags/example_branch_labels.py
[2026-08-20T11:10:13.237+0000] {logging_mixin.py:190} INFO - [2026-08-20T11:10:13.236+0000] {dag.py:3239} INFO - Sync 1 DAGs
[2026-08-20T11:10:13.253+0000] {logging_mixin.py:190} INFO - [2026-08-20T11:10:13.252+0000] {dag.py:4180} INFO - Setting next_dagrun for example_branch_labels to 2026-08-19 00:00:00+00:00, run_after=2026-08-20 00:00:00+00:00
[2026-08-20T11:10:13.271+0000] {processor.py:208} INFO - Processing /workspaces/lab-2/.venv/lib/python3.12/site-packages/airflow/example_dags/example_branch_labels.py took 0.064 seconds
[2026-08-20T11:11:28.376+0000] {processor.py:186} INFO - Started process (PID=31545) to work on /workspaces/lab-2/.venv/lib/python3.12/site-packages/airflow/example_dags/example_branch_labels.py
[2026-08-20T11:11:28.377+0000] {processor.py:914} INFO - Processing file /workspaces/lab-2/.venv/lib/python3.12/site-packages/airflow/example_dags/example_branch_labels.py for tasks to queue
[2026-08-20T11:11:28.379+0000] {logging_mixin.py:190} INFO - [2026-08-20T11:11:28.379+0000] {dagbag.py:588} INFO - Filling up the DagBag from /workspaces/lab-2/.venv/lib/python3.12/site-packages/airflow/example_dags/example_branch_labels.py
[2026-08-20T11:11:28.393+0000] {processor.py:925} INFO - DAG(s) 'example_branch_labels' retrieved from /workspaces/lab-2/.venv/lib/python3.12/site-packages/airflow/example_dags/example_branch_labels.py
[2026-08-20T11:11:28.408+0000] {logging_mixin.py:190} INFO - [2026-08-20T11:11:28.408+0000] {dag.py:3239} INFO - Sync 1 DAGs
[2026-08-20T11:11:28.426+0000] {logging_mixin.py:190} INFO - [2026-08-20T11:11:28.426+0000] {dag.py:4180} INFO - Setting next_dagrun for example_branch_labels to 2026-08-19 00:00:00+00:00, run_after=2026-08-20 00:00:00+00:00
[2026-08-20T11:11:28.443+0000] {processor.py:208} INFO - Processing /workspaces/lab-2/.venv/lib/python3.12/site-packages/airflow/example_dags/example_branch_labels.py took 0.076 seconds
[2026-08-20T11:12:08.265+0000] {processor.py:186} INFO - Started process (PID=32568) to work on /workspaces/lab-2/.venv/lib/python3.12/site-packages/airflow/example_dags/example_branch_labels.py
[2026-08-20T11:12:08.269+0000] {processor.py:914} INFO - Processing file /workspaces/lab-2/.venv/lib/python3.12/site-packages/airflow/example_dags/example_branch_labels.py for tasks to queue
[2026-08-20T11:12:08.271+0000] {logging_mixin.py:190} INFO - [2026-08-20T11:12:08.271+0000] {dagbag.py:588} INFO - Filling up the DagBag from /workspaces/lab-2/.venv/lib/python3.12/site-packages/airflow/example_dags/example_branch_labels.py
[2026-08-20T11:12:08.290+0000] {processor.py:925} INFO - DAG(s) 'example_branch_labels' retrieved from /workspaces/lab-2/.venv/lib/python3.12/site-packages/airflow/example_dags/example_branch_labels.py
[2026-08-20T11:12:08.320+0000] {logging_mixin.py:190} INFO - [2026-08-20T11:12:08.320+0000] {dag.py:3239} INFO - Sync 1 DAGs
[2026-08-20T11:12:08.344+0000] {logging_mixin.py:190} INFO - [2026-08-20T11:12:08.344+0000] {dag.py:4180} INFO - Setting next_dagrun for example_branch_labels to 2026-08-19 00:00:00+00:00, run_after=2026-08-20 00:00:00+00:00
[2026-08-20T11:12:08.363+0000] {processor.py:208} INFO - Processing /workspaces/lab-2/.venv/lib/python3.12/site-packages/airflow/example_dags/example_branch_labels.py took 0.113 seconds
[2026-08-20T11:12:48.421+0000] {processor.py:186} INFO - Started process (PID=33162) to work on /workspaces/lab-2/.venv/lib/python3.12/site-packages/airflow/example_dags/example_branch_labels.py
[2026-08-20T11:12:48.422+0000] {processor.py:914} INFO - Processing file /workspaces/lab-2/.venv/lib/python3.12/site-packages/airflow/example_dags/example_branch_labels.py for tasks to queue
[2026-08-20T11:12:48.424+0000] {logging_mixin.py:190} INFO - [2026-08-20T11:12:48.423+0000] {dagbag.py:588} INFO - Filling up the DagBag from /workspaces/lab-2/.venv/lib/python3.12/site-packages/airflow/example_dags/example_branch_labels.py
[2026-08-20T11:12:48.433+0000] {processor.py:925} INFO - DAG(s) 'example_branch_labels' retrieved from /workspaces/lab-2/.venv/lib/python3.12/site-packages/airflow/example_dags/example_branch_labels.py
[2026-08-20T11:12:48.451+0000] {logging_mixin.py:190} INFO - [2026-08-20T11:12:48.451+0000] {dag.py:3239} INFO - Sync 1 DAGs
[2026-08-20T11:12:48.470+0000] {logging_mixin.py:190} INFO - [2026-08-20T11:12:48.470+0000] {dag.py:4180} INFO - Setting next_dagrun for example_branch_labels to 2026-08-19 00:00:00+00:00, run_after=2026-08-20 00:00:00+00:00
[2026-08-20T11:12:48.488+0000] {processor.py:208} INFO - Processing /workspaces/lab-2/.venv/lib/python3.12/site-packages/airflow/example_dags/example_branch_labels.py took 0.071 seconds
[2026-08-20T11:13:28.957+0000] {processor.py:186} INFO - Started process (PID=33874) to work on /workspaces/lab-2/.venv/lib/python3.12/site-packages/airflow/example_dags/example_branch_labels.py
[2026-08-20T11:13:28.958+0000] {processor.py:914} INFO - Processing file /workspaces/lab-2/.venv/lib/python3.12/site-packages/airflow/example_dags/example_branch_labels.py for tasks to queue
[2026-08-20T11:13:28.960+0000] {logging_mixin.py:190} INFO - [2026-08-20T11:13:28.959+0000] {dagbag.py:588} INFO - Filling up the DagBag from /workspaces/lab-2/.venv/lib/python3.12/site-packages/airflow/example_dags/example_branch_labels.py
[2026-08-20T11:13:28.968+0000] {processor.py:925} INFO - DAG(s) 'example_branch_labels' retrieved from /workspaces/lab-2/.venv/lib/python3.12/site-packages/airflow/example_dags/example_branch_labels.py
[2026-08-20T11:13:29.090+0000] {logging_mixin.py:190} INFO - [2026-08-20T11:13:29.089+0000] {dag.py:3239} INFO - Sync 1 DAGs
[2026-08-20T11:13:29.126+0000] {logging_mixin.py:190} INFO - [2026-08-20T11:13:29.126+0000] {dag.py:4180} INFO - Setting next_dagrun for example_branch_labels to 2026-08-19 00:00:00+00:00, run_after=2026-08-20 00:00:00+00:00
[2026-08-20T11:13:29.151+0000] {processor.py:208} INFO - Processing /workspaces/lab-2/.venv/lib/python3.12/site-packages/airflow/example_dags/example_branch_labels.py took 0.199 seconds
[2026-08-20T11:13:53.860+0000] {processor.py:186} INFO - Started process (PID=34697) to work on /workspaces/lab-2/.venv/lib/python3.12/site-packages/airflow/example_dags/example_branch_labels.py
[2026-08-20T11:13:53.861+0000] {processor.py:914} INFO - Processing file /workspaces/lab-2/.venv/lib/python3.12/site-packages/airflow/example_dags/example_branch_labels.py for tasks to queue
[2026-08-20T11:13:53.863+0000] {logging_mixin.py:190} INFO - [2026-08-20T11:13:53.862+0000] {dagbag.py:588} INFO - Filling up the DagBag from /workspaces/lab-2/.venv/lib/python3.12/site-packages/airflow/example_dags/example_branch_labels.py
[2026-08-20T11:13:53.872+0000] {processor.py:925} INFO - DAG(s) 'example_branch_labels' retrieved from /workspaces/lab-2/.venv/lib/python3.12/site-packages/airflow/example_dags/example_branch_labels.py
[2026-08-20T11:13:53.879+0000] {logging_mixin.py:190} INFO - [2026-08-20T11:13:53.879+0000] {dag.py:3239} INFO - Sync 1 DAGs
[2026-08-20T11:13:53.898+0000] {logging_mixin.py:190} INFO - [2026-08-20T11:13:53.897+0000] {dag.py:4180} INFO - Setting next_dagrun for example_branch_labels to 2026-08-19 00:00:00+00:00, run_after=2026-08-20 00:00:00+00:00
[2026-08-20T11:13:53.929+0000] {processor.py:208} INFO - Processing /workspaces/lab-2/.venv/lib/python3.12/site-packages/airflow/example_dags/example_branch_labels.py took 0.076 seconds
[2026-08-20T11:14:26.189+0000] {processor.py:186} INFO - Started process (PID=35110) to work on /workspaces/lab-2/.venv/lib/python3.12/site-packages/airflow/example_dags/example_branch_labels.py
[2026-08-20T11:14:26.190+0000] {processor.py:914} INFO - Processing file /workspaces/lab-2/.venv/lib/python3.12/site-packages/airflow/example_dags/example_branch_labels.py for tasks to queue
[2026-08-20T11:14:26.192+0000] {logging_mixin.py:190} INFO - [2026-08-20T11:14:26.192+0000] {dagbag.py:588} INFO - Filling up the DagBag from /workspaces/lab-2/.venv/lib/python3.12/site-packages/airflow/example_dags/example_branch_labels.py
[2026-08-20T11:14:26.200+0000] {processor.py:925} INFO - DAG(s) 'example_branch_labels' retrieved from /workspaces/lab-2/.venv/lib/python3.12/site-packages/airflow/example_dags/example_branch_labels.py
[2026-08-20T11:14:26.214+0000] {logging_mixin.py:190} INFO - [2026-08-20T11:14:26.214+0000] {dag.py:3239} INFO - Sync 1 DAGs
[2026-08-20T11:14:26.231+0000] {logging_mixin.py:190} INFO - [2026-08-20T11:14:26.230+0000] {dag.py:4180} INFO - Setting next_dagrun for example_branch_labels to 2026-08-19 00:00:00+00:00, run_after=2026-08-20 00:00:00+00:00
[2026-08-20T11:14:26.247+0000] {processor.py:208} INFO - Processing /workspaces/lab-2/.venv/lib/python3.12/site-packages/airflow/example_dags/example_branch_labels.py took 0.063 seconds
[2026-08-20T11:17:32.826+0000] {processor.py:186} INFO - Started process (PID=40834) to work on /workspaces/lab-2/.venv/lib/python3.12/site-packages/airflow/example_dags/example_branch_labels.py
[2026-08-20T11:17:32.833+0000] {processor.py:914} INFO - Processing file /workspaces/lab-2/.venv/lib/python3.12/site-packages/airflow/example_dags/example_branch_labels.py for tasks to queue
[2026-08-20T11:17:32.836+0000] {logging_mixin.py:190} INFO - [2026-08-20T11:17:32.835+0000] {dagbag.py:588} INFO - Filling up the DagBag from /workspaces/lab-2/.venv/lib/python3.12/site-packages/airflow/example_dags/example_branch_labels.py
[2026-08-20T11:17:32.847+0000] {processor.py:925} INFO - DAG(s) 'example_branch_labels' retrieved from /workspaces/lab-2/.venv/lib/python3.12/site-packages/airflow/example_dags/example_branch_labels.py
[2026-08-20T11:17:33.124+0000] {logging_mixin.py:190} INFO - [2026-08-20T11:17:33.123+0000] {dag.py:3239} INFO - Sync 1 DAGs
[2026-08-20T11:17:33.225+0000] {logging_mixin.py:190} INFO - [2026-08-20T11:17:33.225+0000] {dag.py:4180} INFO - Setting next_dagrun for example_branch_labels to 2026-08-20 00:00:00+00:00, run_after=2026-08-21 00:00:00+00:00
[2026-08-20T11:17:33.393+0000] {processor.py:208} INFO - Processing /workspaces/lab-2/.venv/lib/python3.12/site-packages/airflow/example_dags/example_branch_labels.py took 0.582 seconds
