[2026-08-20T11:04:27.213+0000] {processor.py:186} INFO - Started process (PID=24557) to work on /workspaces/lab-2/.venv/lib/python3.12/site-packages/airflow/example_dags/example_local_kubernetes_executor.py
[2026-08-20T11:04:27.214+0000] {processor.py:914} INFO - Processing file /workspaces/lab-2/.venv/lib/python3.12/site-packages/airflow/example_dags/example_local_kubernetes_executor.py for tasks to queue
[2026-08-20T11:04:27.215+0000] {logging_mixin.py:190} INFO - [2026-08-20T11:04:27.215+0000] {dagbag.py:588} INFO - Filling up the DagBag from /workspaces/lab-2/.venv/lib/python3.12/site-packages/airflow/example_dags/example_local_kubernetes_executor.py
[2026-08-20T11:04:27.218+0000] {logging_mixin.py:190} INFO - [2026-08-20T11:04:27.217+0000] {example_local_kubernetes_executor.py:40} WARNING - Could not import DAGs in example_local_kubernetes_executor.py
Traceback (most recent call last):
  File "/workspaces/lab-2/.venv/lib/python3.12/site-packages/airflow/example_dags/example_local_kubernetes_executor.py", line 38, in <module>
    from kubernetes.client import models as k8s
ModuleNotFoundError: No module named 'kubernetes'
[2026-08-20T11:04:27.218+0000] {logging_mixin.py:190} INFO - [2026-08-20T11:04:27.218+0000] {example_local_kubernetes_executor.py:41} WARNING - Install Kubernetes dependencies with: pip install apache-airflow[cncf.kubernetes]
[2026-08-20T11:04:27.219+0000] {processor.py:927} WARNING - No viable dags retrieved from /workspaces/lab-2/.venv/lib/python3.12/site-packages/airflow/example_dags/example_local_kubernetes_executor.py
[2026-08-20T11:04:27.228+0000] {processor.py:208} INFO - Processing /workspaces/lab-2/.venv/lib/python3.12/site-packages/airflow/example_dags/example_local_kubernetes_executor.py took 0.020 seconds
[2026-08-20T11:05:30.775+0000] {processor.py:186} INFO - Started process (PID=25469) to work on /workspaces/lab-2/.venv/lib/python3.12/site-packages/airflow/example_dags/example_local_kubernetes_executor.py
[2026-08-20T11:05:30.776+0000] {processor.py:914} INFO - Processing file /workspaces/lab-2/.venv/lib/python3.12/site-packages/airflow/example_dags/example_local_kubernetes_executor.py for tasks to queue
[2026-08-20T11:05:30.777+0000] {logging_mixin.py:190} INFO - [2026-08-20T11:05:30.777+0000] {dagbag.py:588} INFO - Filling up the DagBag from /workspaces/lab-2/.venv/lib/python3.12/site-packages/airflow/example_dags/example_local_kubernetes_executor.py
[2026-08-20T11:05:30.780+0000] {logging_mixin.py:190} INFO - [2026-08-20T11:05:30.779+0000] {example_local_kubernetes_executor.py:40} WARNING - Could not import DAGs in example_local_kubernetes_executor.py
Traceback (most recent call last):
  File "/workspaces/lab-2/.venv/lib/python3.12/site-packages/airflow/example_dags/example_local_kubernetes_executor.py", line 38, in <module>
    from kubernetes.client import models as k8s
ModuleNotFoundError: No module named 'kubernetes'
[2026-08-20T11:05:30.780+0000] {logging_mixin.py:190} INFO - [2026-08-20T11:05:30.780+0000] {example_local_kubernetes_executor.py:41} WARNING - Install Kubernetes dependencies with: pip install apache-airflow[cncf.kubernetes]
[2026-08-20T11:05:30.781+0000] {processor.py:927} WARNING - No viable dags retrieved from /workspaces/lab-2/.venv/lib/python3.12/site-packages/airflow/example_dags/example_local_kubernetes_executor.py
[2026-08-20T11:05:30.790+0000] {processor.py:208} INFO - Processing /workspaces/lab-2/.venv/lib/python3.12/site-packages/airflow/example_dags/example_local_kubernetes_executor.py took 0.020 seconds
[2026-08-20T11:06:23.460+0000] {processor.py:186} INFO - Started process (PID=26175) to work on /workspaces/lab-2/.venv/lib/python3.12/site-packages/airflow/example_dags/example_local_kubernetes_executor.py
[2026-08-20T11:06:23.461+0000] {processor.py:914} INFO - Processing file /workspaces/lab-2/.venv/lib/python3.12/site-packages/airflow/example_dags/example_local_kubernetes_executor.py for tasks to queue
[2026-08-20T11:06:23.462+0000] {logging_mixin.py:190} INFO - [2026-08-20T11:06:23.462+0000] {dagbag.py:588} INFO - Filling up the DagBag from /workspaces/lab-2/.venv/lib/python3.12/site-packages/airflow/example_dags/example_local_kubernetes_executor.py
[2026-08-20T11:06:23.465+0000] {logging_mixin.py:190} INFO - [2026-08-20T11:06:23.465+0000] {example_local_kubernetes_executor.py:40} WARNING - Could not import DAGs in example_local_kubernetes_executor.py
Traceback (most recent call last):
  File "/workspaces/lab-2/.venv/lib/python3.12/site-packages/airflow/example_dags/example_local_kubernetes_executor.py", line 38, in <module>
    from kubernetes.client import models as k8s
ModuleNotFoundError: No module named 'kubernetes'
[2026-08-20T11:06:23.465+0000] {logging_mixin.py:190} INFO - [2026-08-20T11:06:23.465+0000] {example_local_kubernetes_executor.py:41} WARNING - Install Kubernetes dependencies with: pip install apache-airflow[cncf.kubernetes]
[2026-08-20T11:06:23.466+0000] {processor.py:927} WARNING - No viable dags retrieved from /workspaces/lab-2/.venv/lib/python3.12/site-packages/airflow/example_dags/example_local_kubernetes_executor.py
[2026-08-20T11:06:23.476+0000] {processor.py:208} INFO - Processing /workspaces/lab-2/.venv/lib/python3.12/site-packages/airflow/example_dags/example_local_kubernetes_executor.py took 0.021 seconds
[2026-08-20T11:07:08.527+0000] {processor.py:186} INFO - Started process (PID=27058) to work on /workspaces/lab-2/.venv/lib/python3.12/site-packages/airflow/example_dags/example_local_kubernetes_executor.py
[2026-08-20T11:07:08.528+0000] {processor.py:914} INFO - Processing file /workspaces/lab-2/.venv/lib/python3.12/site-packages/airflow/example_dags/example_local_kubernetes_executor.py for tasks to queue
[2026-08-20T11:07:08.530+0000] {logging_mixin.py:190} INFO - [2026-08-20T11:07:08.529+0000] {dagbag.py:588} INFO - Filling up the DagBag from /workspaces/lab-2/.venv/lib/python3.12/site-packages/airflow/example_dags/example_local_kubernetes_executor.py
[2026-08-20T11:07:08.533+0000] {logging_mixin.py:190} INFO - [2026-08-20T11:07:08.532+0000] {example_local_kubernetes_executor.py:40} WARNING - Could not import DAGs in example_local_kubernetes_executor.py
Traceback (most recent call last):
  File "/workspaces/lab-2/.venv/lib/python3.12/site-packages/airflow/example_dags/example_local_kubernetes_executor.py", line 38, in <module>
    from kubernetes.client import models as k8s
ModuleNotFoundError: No module named 'kubernetes'
[2026-08-20T11:07:08.533+0000] {logging_mixin.py:190} INFO - [2026-08-20T11:07:08.533+0000] {example_local_kubernetes_executor.py:41} WARNING - Install Kubernetes dependencies with: pip install apache-airflow[cncf.kubernetes]
[2026-08-20T11:07:08.533+0000] {processor.py:927} WARNING - No viable dags retrieved from /workspaces/lab-2/.venv/lib/python3.12/site-packages/airflow/example_dags/example_local_kubernetes_executor.py
[2026-08-20T11:07:08.542+0000] {processor.py:208} INFO - Processing /workspaces/lab-2/.venv/lib/python3.12/site-packages/airflow/example_dags/example_local_kubernetes_executor.py took 0.020 seconds
[2026-08-20T11:08:06.626+0000] {processor.py:186} INFO - Started process (PID=28177) to work on /workspaces/lab-2/.venv/lib/python3.12/site-packages/airflow/example_dags/example_local_kubernetes_executor.py
[2026-08-20T11:08:06.629+0000] {processor.py:914} INFO - Processing file /workspaces/lab-2/.venv/lib/python3.12/site-packages/airflow/example_dags/example_local_kubernetes_executor.py for tasks to queue
[2026-08-20T11:08:06.633+0000] {logging_mixin.py:190} INFO - [2026-08-20T11:08:06.633+0000] {dagbag.py:588} INFO - Filling up the DagBag from /workspaces/lab-2/.venv/lib/python3.12/site-packages/airflow/example_dags/example_local_kubernetes_executor.py
[2026-08-20T11:08:06.654+0000] {logging_mixin.py:190} INFO - [2026-08-20T11:08:06.653+0000] {example_local_kubernetes_executor.py:40} WARNING - Could not import DAGs in example_local_kubernetes_executor.py
Traceback (most recent call last):
  File "/workspaces/lab-2/.venv/lib/python3.12/site-packages/airflow/example_dags/example_local_kubernetes_executor.py", line 38, in <module>
    from kubernetes.client import models as k8s
ModuleNotFoundError: No module named 'kubernetes'
[2026-08-20T11:08:06.656+0000] {logging_mixin.py:190} INFO - [2026-08-20T11:08:06.656+0000] {example_local_kubernetes_executor.py:41} WARNING - Install Kubernetes dependencies with: pip install apache-airflow[cncf.kubernetes]
[2026-08-20T11:08:06.656+0000] {processor.py:927} WARNING - No viable dags retrieved from /workspaces/lab-2/.venv/lib/python3.12/site-packages/airflow/example_dags/example_local_kubernetes_executor.py
[2026-08-20T11:08:06.699+0000] {processor.py:208} INFO - Processing /workspaces/lab-2/.venv/lib/python3.12/site-packages/airflow/example_dags/example_local_kubernetes_executor.py took 0.085 seconds
[2026-08-20T11:09:02.534+0000] {processor.py:186} INFO - Started process (PID=28992) to work on /workspaces/lab-2/.venv/lib/python3.12/site-packages/airflow/example_dags/example_local_kubernetes_executor.py
[2026-08-20T11:09:02.535+0000] {processor.py:914} INFO - Processing file /workspaces/lab-2/.venv/lib/python3.12/site-packages/airflow/example_dags/example_local_kubernetes_executor.py for tasks to queue
[2026-08-20T11:09:02.537+0000] {logging_mixin.py:190} INFO - [2026-08-20T11:09:02.536+0000] {dagbag.py:588} INFO - Filling up the DagBag from /workspaces/lab-2/.venv/lib/python3.12/site-packages/airflow/example_dags/example_local_kubernetes_executor.py
[2026-08-20T11:09:02.540+0000] {logging_mixin.py:190} INFO - [2026-08-20T11:09:02.539+0000] {example_local_kubernetes_executor.py:40} WARNING - Could not import DAGs in example_local_kubernetes_executor.py
Traceback (most recent call last):
  File "/workspaces/lab-2/.venv/lib/python3.12/site-packages/airflow/example_dags/example_local_kubernetes_executor.py", line 38, in <module>
    from kubernetes.client import models as k8s
ModuleNotFoundError: No module named 'kubernetes'
[2026-08-20T11:09:02.540+0000] {logging_mixin.py:190} INFO - [2026-08-20T11:09:02.540+0000] {example_local_kubernetes_executor.py:41} WARNING - Install Kubernetes dependencies with: pip install apache-airflow[cncf.kubernetes]
[2026-08-20T11:09:02.540+0000] {processor.py:927} WARNING - No viable dags retrieved from /workspaces/lab-2/.venv/lib/python3.12/site-packages/airflow/example_dags/example_local_kubernetes_executor.py
[2026-08-20T11:09:02.550+0000] {processor.py:208} INFO - Processing /workspaces/lab-2/.venv/lib/python3.12/site-packages/airflow/example_dags/example_local_kubernetes_executor.py took 0.021 seconds
[2026-08-20T11:09:56.195+0000] {processor.py:186} INFO - Started process (PID=29926) to work on /workspaces/lab-2/.venv/lib/python3.12/site-packages/airflow/example_dags/example_local_kubernetes_executor.py
[2026-08-20T11:09:56.196+0000] {processor.py:914} INFO - Processing file /workspaces/lab-2/.venv/lib/python3.12/site-packages/airflow/example_dags/example_local_kubernetes_executor.py for tasks to queue
[2026-08-20T11:09:56.198+0000] {logging_mixin.py:190} INFO - [2026-08-20T11:09:56.198+0000] {dagbag.py:588} INFO - Filling up the DagBag from /workspaces/lab-2/.venv/lib/python3.12/site-packages/airflow/example_dags/example_local_kubernetes_executor.py
[2026-08-20T11:09:56.201+0000] {logging_mixin.py:190} INFO - [2026-08-20T11:09:56.200+0000] {example_local_kubernetes_executor.py:40} WARNING - Could not import DAGs in example_local_kubernetes_executor.py
Traceback (most recent call last):
  File "/workspaces/lab-2/.venv/lib/python3.12/site-packages/airflow/example_dags/example_local_kubernetes_executor.py", line 38, in <module>
    from kubernetes.client import models as k8s
ModuleNotFoundError: No module named 'kubernetes'
[2026-08-20T11:09:56.201+0000] {logging_mixin.py:190} INFO - [2026-08-20T11:09:56.201+0000] {example_local_kubernetes_executor.py:41} WARNING - Install Kubernetes dependencies with: pip install apache-airflow[cncf.kubernetes]
[2026-08-20T11:09:56.201+0000] {processor.py:927} WARNING - No viable dags retrieved from /workspaces/lab-2/.venv/lib/python3.12/site-packages/airflow/example_dags/example_local_kubernetes_executor.py
[2026-08-20T11:09:56.211+0000] {processor.py:208} INFO - Processing /workspaces/lab-2/.venv/lib/python3.12/site-packages/airflow/example_dags/example_local_kubernetes_executor.py took 0.020 seconds
[2026-08-20T11:10:50.150+0000] {processor.py:186} INFO - Started process (PID=30803) to work on /workspaces/lab-2/.venv/lib/python3.12/site-packages/airflow/example_dags/example_local_kubernetes_executor.py
[2026-08-20T11:10:50.151+0000] {processor.py:914} INFO - Processing file /workspaces/lab-2/.venv/lib/python3.12/site-packages/airflow/example_dags/example_local_kubernetes_executor.py for tasks to queue
[2026-08-20T11:10:50.153+0000] {logging_mixin.py:190} INFO - [2026-08-20T11:10:50.152+0000] {dagbag.py:588} INFO - Filling up the DagBag from /workspaces/lab-2/.venv/lib/python3.12/site-packages/airflow/example_dags/example_local_kubernetes_executor.py
[2026-08-20T11:10:50.156+0000] {logging_mixin.py:190} INFO - [2026-08-20T11:10:50.155+0000] {example_local_kubernetes_executor.py:40} WARNING - Could not import DAGs in example_local_kubernetes_executor.py
Traceback (most recent call last):
  File "/workspaces/lab-2/.venv/lib/python3.12/site-packages/airflow/example_dags/example_local_kubernetes_executor.py", line 38, in <module>
    from kubernetes.client import models as k8s
ModuleNotFoundError: No module named 'kubernetes'
[2026-08-20T11:10:50.156+0000] {logging_mixin.py:190} INFO - [2026-08-20T11:10:50.156+0000] {example_local_kubernetes_executor.py:41} WARNING - Install Kubernetes dependencies with: pip install apache-airflow[cncf.kubernetes]
[2026-08-20T11:10:50.156+0000] {processor.py:927} WARNING - No viable dags retrieved from /workspaces/lab-2/.venv/lib/python3.12/site-packages/airflow/example_dags/example_local_kubernetes_executor.py
[2026-08-20T11:10:50.166+0000] {processor.py:208} INFO - Processing /workspaces/lab-2/.venv/lib/python3.12/site-packages/airflow/example_dags/example_local_kubernetes_executor.py took 0.020 seconds
[2026-08-20T11:11:42.350+0000] {processor.py:186} INFO - Started process (PID=31728) to work on /workspaces/lab-2/.venv/lib/python3.12/site-packages/airflow/example_dags/example_local_kubernetes_executor.py
[2026-08-20T11:11:42.350+0000] {processor.py:914} INFO - Processing file /workspaces/lab-2/.venv/lib/python3.12/site-packages/airflow/example_dags/example_local_kubernetes_executor.py for tasks to queue
[2026-08-20T11:11:42.352+0000] {logging_mixin.py:190} INFO - [2026-08-20T11:11:42.352+0000] {dagbag.py:588} INFO - Filling up the DagBag from /workspaces/lab-2/.venv/lib/python3.12/site-packages/airflow/example_dags/example_local_kubernetes_executor.py
[2026-08-20T11:11:42.355+0000] {logging_mixin.py:190} INFO - [2026-08-20T11:11:42.354+0000] {example_local_kubernetes_executor.py:40} WARNING - Could not import DAGs in example_local_kubernetes_executor.py
Traceback (most recent call last):
  File "/workspaces/lab-2/.venv/lib/python3.12/site-packages/airflow/example_dags/example_local_kubernetes_executor.py", line 38, in <module>
    from kubernetes.client import models as k8s
ModuleNotFoundError: No module named 'kubernetes'
[2026-08-20T11:11:42.355+0000] {logging_mixin.py:190} INFO - [2026-08-20T11:11:42.355+0000] {example_local_kubernetes_executor.py:41} WARNING - Install Kubernetes dependencies with: pip install apache-airflow[cncf.kubernetes]
[2026-08-20T11:11:42.356+0000] {processor.py:927} WARNING - No viable dags retrieved from /workspaces/lab-2/.venv/lib/python3.12/site-packages/airflow/example_dags/example_local_kubernetes_executor.py
[2026-08-20T11:11:42.366+0000] {processor.py:208} INFO - Processing /workspaces/lab-2/.venv/lib/python3.12/site-packages/airflow/example_dags/example_local_kubernetes_executor.py took 0.023 seconds
[2026-08-20T11:11:44.842+0000] {processor.py:186} INFO - Started process (PID=31785) to work on /workspaces/lab-2/.venv/lib/python3.12/site-packages/airflow/example_dags/example_local_kubernetes_executor.py
[2026-08-20T11:11:44.843+0000] {processor.py:914} INFO - Processing file /workspaces/lab-2/.venv/lib/python3.12/site-packages/airflow/example_dags/example_local_kubernetes_executor.py for tasks to queue
[2026-08-20T11:11:44.846+0000] {logging_mixin.py:190} INFO - [2026-08-20T11:11:44.846+0000] {dagbag.py:588} INFO - Filling up the DagBag from /workspaces/lab-2/.venv/lib/python3.12/site-packages/airflow/example_dags/example_local_kubernetes_executor.py
[2026-08-20T11:11:44.853+0000] {logging_mixin.py:190} INFO - [2026-08-20T11:11:44.852+0000] {example_local_kubernetes_executor.py:40} WARNING - Could not import DAGs in example_local_kubernetes_executor.py
Traceback (most recent call last):
  File "/workspaces/lab-2/.venv/lib/python3.12/site-packages/airflow/example_dags/example_local_kubernetes_executor.py", line 38, in <module>
    from kubernetes.client import models as k8s
ModuleNotFoundError: No module named 'kubernetes'
[2026-08-20T11:11:44.853+0000] {logging_mixin.py:190} INFO - [2026-08-20T11:11:44.853+0000] {example_local_kubernetes_executor.py:41} WARNING - Install Kubernetes dependencies with: pip install apache-airflow[cncf.kubernetes]
[2026-08-20T11:11:44.854+0000] {processor.py:927} WARNING - No viable dags retrieved from /workspaces/lab-2/.venv/lib/python3.12/site-packages/airflow/example_dags/example_local_kubernetes_executor.py
[2026-08-20T11:11:44.878+0000] {processor.py:208} INFO - Processing /workspaces/lab-2/.venv/lib/python3.12/site-packages/airflow/example_dags/example_local_kubernetes_executor.py took 0.043 seconds
[2026-08-20T11:12:37.834+0000] {processor.py:186} INFO - Started process (PID=32961) to work on /workspaces/lab-2/.venv/lib/python3.12/site-packages/airflow/example_dags/example_local_kubernetes_executor.py
[2026-08-20T11:12:37.835+0000] {processor.py:914} INFO - Processing file /workspaces/lab-2/.venv/lib/python3.12/site-packages/airflow/example_dags/example_local_kubernetes_executor.py for tasks to queue
[2026-08-20T11:12:37.837+0000] {logging_mixin.py:190} INFO - [2026-08-20T11:12:37.836+0000] {dagbag.py:588} INFO - Filling up the DagBag from /workspaces/lab-2/.venv/lib/python3.12/site-packages/airflow/example_dags/example_local_kubernetes_executor.py
[2026-08-20T11:12:37.840+0000] {logging_mixin.py:190} INFO - [2026-08-20T11:12:37.839+0000] {example_local_kubernetes_executor.py:40} WARNING - Could not import DAGs in example_local_kubernetes_executor.py
Traceback (most recent call last):
  File "/workspaces/lab-2/.venv/lib/python3.12/site-packages/airflow/example_dags/example_local_kubernetes_executor.py", line 38, in <module>
    from kubernetes.client import models as k8s
ModuleNotFoundError: No module named 'kubernetes'
[2026-08-20T11:12:37.840+0000] {logging_mixin.py:190} INFO - [2026-08-20T11:12:37.840+0000] {example_local_kubernetes_executor.py:41} WARNING - Install Kubernetes dependencies with: pip install apache-airflow[cncf.kubernetes]
[2026-08-20T11:12:37.840+0000] {processor.py:927} WARNING - No viable dags retrieved from /workspaces/lab-2/.venv/lib/python3.12/site-packages/airflow/example_dags/example_local_kubernetes_executor.py
[2026-08-20T11:12:37.850+0000] {processor.py:208} INFO - Processing /workspaces/lab-2/.venv/lib/python3.12/site-packages/airflow/example_dags/example_local_kubernetes_executor.py took 0.020 seconds
[2026-08-20T11:12:41.929+0000] {processor.py:186} INFO - Started process (PID=33053) to work on /workspaces/lab-2/.venv/lib/python3.12/site-packages/airflow/example_dags/example_local_kubernetes_executor.py
[2026-08-20T11:12:41.930+0000] {processor.py:914} INFO - Processing file /workspaces/lab-2/.venv/lib/python3.12/site-packages/airflow/example_dags/example_local_kubernetes_executor.py for tasks to queue
[2026-08-20T11:12:41.933+0000] {logging_mixin.py:190} INFO - [2026-08-20T11:12:41.932+0000] {dagbag.py:588} INFO - Filling up the DagBag from /workspaces/lab-2/.venv/lib/python3.12/site-packages/airflow/example_dags/example_local_kubernetes_executor.py
[2026-08-20T11:12:41.936+0000] {logging_mixin.py:190} INFO - [2026-08-20T11:12:41.935+0000] {example_local_kubernetes_executor.py:40} WARNING - Could not import DAGs in example_local_kubernetes_executor.py
Traceback (most recent call last):
  File "/workspaces/lab-2/.venv/lib/python3.12/site-packages/airflow/example_dags/example_local_kubernetes_executor.py", line 38, in <module>
    from kubernetes.client import models as k8s
ModuleNotFoundError: No module named 'kubernetes'
[2026-08-20T11:12:41.936+0000] {logging_mixin.py:190} INFO - [2026-08-20T11:12:41.936+0000] {example_local_kubernetes_executor.py:41} WARNING - Install Kubernetes dependencies with: pip install apache-airflow[cncf.kubernetes]
[2026-08-20T11:12:41.936+0000] {processor.py:927} WARNING - No viable dags retrieved from /workspaces/lab-2/.venv/lib/python3.12/site-packages/airflow/example_dags/example_local_kubernetes_executor.py
[2026-08-20T11:12:41.946+0000] {processor.py:208} INFO - Processing /workspaces/lab-2/.venv/lib/python3.12/site-packages/airflow/example_dags/example_local_kubernetes_executor.py took 0.023 seconds
[2026-08-20T11:13:36.184+0000] {processor.py:186} INFO - Started process (PID=34338) to work on /workspaces/lab-2/.venv/lib/python3.12/site-packages/airflow/example_dags/example_local_kubernetes_executor.py
[2026-08-20T11:13:36.185+0000] {processor.py:914} INFO - Processing file /workspaces/lab-2/.venv/lib/python3.12/site-packages/airflow/example_dags/example_local_kubernetes_executor.py for tasks to queue
[2026-08-20T11:13:36.188+0000] {logging_mixin.py:190} INFO - [2026-08-20T11:13:36.187+0000] {dagbag.py:588} INFO - Filling up the DagBag from /workspaces/lab-2/.venv/lib/python3.12/site-packages/airflow/example_dags/example_local_kubernetes_executor.py
[2026-08-20T11:13:36.191+0000] {logging_mixin.py:190} INFO - [2026-08-20T11:13:36.190+0000] {example_local_kubernetes_executor.py:40} WARNING - Could not import DAGs in example_local_kubernetes_executor.py
Traceback (most recent call last):
  File "/workspaces/lab-2/.venv/lib/python3.12/site-packages/airflow/example_dags/example_local_kubernetes_executor.py", line 38, in <module>
    from kubernetes.client import models as k8s
ModuleNotFoundError: No module named 'kubernetes'
[2026-08-20T11:13:36.192+0000] {logging_mixin.py:190} INFO - [2026-08-20T11:13:36.191+0000] {example_local_kubernetes_executor.py:41} WARNING - Install Kubernetes dependencies with: pip install apache-airflow[cncf.kubernetes]
[2026-08-20T11:13:36.192+0000] {processor.py:927} WARNING - No viable dags retrieved from /workspaces/lab-2/.venv/lib/python3.12/site-packages/airflow/example_dags/example_local_kubernetes_executor.py
[2026-08-20T11:13:36.212+0000] {processor.py:208} INFO - Processing /workspaces/lab-2/.venv/lib/python3.12/site-packages/airflow/example_dags/example_local_kubernetes_executor.py took 0.036 seconds
[2026-08-20T11:13:40.931+0000] {processor.py:186} INFO - Started process (PID=34522) to work on /workspaces/lab-2/.venv/lib/python3.12/site-packages/airflow/example_dags/example_local_kubernetes_executor.py
[2026-08-20T11:13:40.932+0000] {processor.py:914} INFO - Processing file /workspaces/lab-2/.venv/lib/python3.12/site-packages/airflow/example_dags/example_local_kubernetes_executor.py for tasks to queue
[2026-08-20T11:13:40.934+0000] {logging_mixin.py:190} INFO - [2026-08-20T11:13:40.933+0000] {dagbag.py:588} INFO - Filling up the DagBag from /workspaces/lab-2/.venv/lib/python3.12/site-packages/airflow/example_dags/example_local_kubernetes_executor.py
[2026-08-20T11:13:40.943+0000] {logging_mixin.py:190} INFO - [2026-08-20T11:13:40.939+0000] {example_local_kubernetes_executor.py:40} WARNING - Could not import DAGs in example_local_kubernetes_executor.py
Traceback (most recent call last):
  File "/workspaces/lab-2/.venv/lib/python3.12/site-packages/airflow/example_dags/example_local_kubernetes_executor.py", line 38, in <module>
    from kubernetes.client import models as k8s
ModuleNotFoundError: No module named 'kubernetes'
[2026-08-20T11:13:40.943+0000] {logging_mixin.py:190} INFO - [2026-08-20T11:13:40.943+0000] {example_local_kubernetes_executor.py:41} WARNING - Install Kubernetes dependencies with: pip install apache-airflow[cncf.kubernetes]
[2026-08-20T11:13:40.943+0000] {processor.py:927} WARNING - No viable dags retrieved from /workspaces/lab-2/.venv/lib/python3.12/site-packages/airflow/example_dags/example_local_kubernetes_executor.py
[2026-08-20T11:13:40.966+0000] {processor.py:208} INFO - Processing /workspaces/lab-2/.venv/lib/python3.12/site-packages/airflow/example_dags/example_local_kubernetes_executor.py took 0.041 seconds
[2026-08-20T11:14:37.481+0000] {processor.py:186} INFO - Started process (PID=35424) to work on /workspaces/lab-2/.venv/lib/python3.12/site-packages/airflow/example_dags/example_local_kubernetes_executor.py
[2026-08-20T11:14:37.482+0000] {processor.py:914} INFO - Processing file /workspaces/lab-2/.venv/lib/python3.12/site-packages/airflow/example_dags/example_local_kubernetes_executor.py for tasks to queue
[2026-08-20T11:14:37.484+0000] {logging_mixin.py:190} INFO - [2026-08-20T11:14:37.484+0000] {dagbag.py:588} INFO - Filling up the DagBag from /workspaces/lab-2/.venv/lib/python3.12/site-packages/airflow/example_dags/example_local_kubernetes_executor.py
[2026-08-20T11:14:37.487+0000] {logging_mixin.py:190} INFO - [2026-08-20T11:14:37.487+0000] {example_local_kubernetes_executor.py:40} WARNING - Could not import DAGs in example_local_kubernetes_executor.py
Traceback (most recent call last):
  File "/workspaces/lab-2/.venv/lib/python3.12/site-packages/airflow/example_dags/example_local_kubernetes_executor.py", line 38, in <module>
    from kubernetes.client import models as k8s
ModuleNotFoundError: No module named 'kubernetes'
[2026-08-20T11:14:37.488+0000] {logging_mixin.py:190} INFO - [2026-08-20T11:14:37.488+0000] {example_local_kubernetes_executor.py:41} WARNING - Install Kubernetes dependencies with: pip install apache-airflow[cncf.kubernetes]
[2026-08-20T11:14:37.488+0000] {processor.py:927} WARNING - No viable dags retrieved from /workspaces/lab-2/.venv/lib/python3.12/site-packages/airflow/example_dags/example_local_kubernetes_executor.py
[2026-08-20T11:14:37.504+0000] {processor.py:208} INFO - Processing /workspaces/lab-2/.venv/lib/python3.12/site-packages/airflow/example_dags/example_local_kubernetes_executor.py took 0.030 seconds
[2026-08-20T11:14:46.146+0000] {processor.py:186} INFO - Started process (PID=35724) to work on /workspaces/lab-2/.venv/lib/python3.12/site-packages/airflow/example_dags/example_local_kubernetes_executor.py
[2026-08-20T11:14:46.147+0000] {processor.py:914} INFO - Processing file /workspaces/lab-2/.venv/lib/python3.12/site-packages/airflow/example_dags/example_local_kubernetes_executor.py for tasks to queue
[2026-08-20T11:14:46.150+0000] {logging_mixin.py:190} INFO - [2026-08-20T11:14:46.149+0000] {dagbag.py:588} INFO - Filling up the DagBag from /workspaces/lab-2/.venv/lib/python3.12/site-packages/airflow/example_dags/example_local_kubernetes_executor.py
[2026-08-20T11:14:46.154+0000] {logging_mixin.py:190} INFO - [2026-08-20T11:14:46.153+0000] {example_local_kubernetes_executor.py:40} WARNING - Could not import DAGs in example_local_kubernetes_executor.py
Traceback (most recent call last):
  File "/workspaces/lab-2/.venv/lib/python3.12/site-packages/airflow/example_dags/example_local_kubernetes_executor.py", line 38, in <module>
    from kubernetes.client import models as k8s
ModuleNotFoundError: No module named 'kubernetes'
[2026-08-20T11:14:46.154+0000] {logging_mixin.py:190} INFO - [2026-08-20T11:14:46.154+0000] {example_local_kubernetes_executor.py:41} WARNING - Install Kubernetes dependencies with: pip install apache-airflow[cncf.kubernetes]
[2026-08-20T11:14:46.155+0000] {processor.py:927} WARNING - No viable dags retrieved from /workspaces/lab-2/.venv/lib/python3.12/site-packages/airflow/example_dags/example_local_kubernetes_executor.py
[2026-08-20T11:14:46.168+0000] {processor.py:208} INFO - Processing /workspaces/lab-2/.venv/lib/python3.12/site-packages/airflow/example_dags/example_local_kubernetes_executor.py took 0.028 seconds
