[2026-08-20T11:04:19.907+0000] {processor.py:186} INFO - Started process (PID=24441) to work on /workspaces/lab-2/.venv/lib/python3.12/site-packages/airflow/example_dags/example_skip_dag.py
[2026-08-20T11:04:19.908+0000] {processor.py:914} INFO - Processing file /workspaces/lab-2/.venv/lib/python3.12/site-packages/airflow/example_dags/example_skip_dag.py for tasks to queue
[2026-08-20T11:04:19.909+0000] {logging_mixin.py:190} INFO - [2026-08-20T11:04:19.909+0000] {dagbag.py:588} INFO - Filling up the DagBag from /workspaces/lab-2/.venv/lib/python3.12/site-packages/airflow/example_dags/example_skip_dag.py
[2026-08-20T11:04:19.917+0000] {processor.py:925} INFO - DAG(s) 'example_skip_dag' retrieved from /workspaces/lab-2/.venv/lib/python3.12/site-packages/airflow/example_dags/example_skip_dag.py
[2026-08-20T11:04:20.010+0000] {logging_mixin.py:190} INFO - [2026-08-20T11:04:20.009+0000] {override.py:1900} INFO - Created Permission View: can edit on DAG:example_skip_dag
[2026-08-20T11:04:20.020+0000] {logging_mixin.py:190} INFO - [2026-08-20T11:04:20.019+0000] {override.py:1900} INFO - Created Permission View: can read on DAG:example_skip_dag
[2026-08-20T11:04:20.027+0000] {logging_mixin.py:190} INFO - [2026-08-20T11:04:20.027+0000] {override.py:1900} INFO - Created Permission View: can delete on DAG:example_skip_dag
[2026-08-20T11:04:20.039+0000] {logging_mixin.py:190} INFO - [2026-08-20T11:04:20.039+0000] {override.py:1900} INFO - Created Permission View: can create on DAG Run:example_skip_dag
[2026-08-20T11:04:20.047+0000] {logging_mixin.py:190} INFO - [2026-08-20T11:04:20.046+0000] {override.py:1900} INFO - Created Permission View: can read on DAG Run:example_skip_dag
[2026-08-20T11:04:20.053+0000] {logging_mixin.py:190} INFO - [2026-08-20T11:04:20.053+0000] {override.py:1900} INFO - Created Permission View: menu access on DAG Run:example_skip_dag
[2026-08-20T11:04:20.060+0000] {logging_mixin.py:190} INFO - [2026-08-20T11:04:20.060+0000] {override.py:1900} INFO - Created Permission View: can delete on DAG Run:example_skip_dag
[2026-08-20T11:04:20.060+0000] {logging_mixin.py:190} INFO - [2026-08-20T11:04:20.060+0000] {dag.py:3239} INFO - Sync 1 DAGs
[2026-08-20T11:04:20.069+0000] {logging_mixin.py:190} INFO - [2026-08-20T11:04:20.069+0000] {dag.py:3262} INFO - Creating ORM DAG for example_skip_dag
[2026-08-20T11:04:20.077+0000] {logging_mixin.py:190} INFO - [2026-08-20T11:04:20.077+0000] {dag.py:4180} INFO - Setting next_dagrun for example_skip_dag to 2026-08-19 00:00:00+00:00, run_after=2026-08-20 00:00:00+00:00
[2026-08-20T11:04:20.095+0000] {processor.py:208} INFO - Processing /workspaces/lab-2/.venv/lib/python3.12/site-packages/airflow/example_dags/example_skip_dag.py took 0.193 seconds
[2026-08-20T11:05:20.985+0000] {processor.py:186} INFO - Started process (PID=25330) to work on /workspaces/lab-2/.venv/lib/python3.12/site-packages/airflow/example_dags/example_skip_dag.py
[2026-08-20T11:05:20.986+0000] {processor.py:914} INFO - Processing file /workspaces/lab-2/.venv/lib/python3.12/site-packages/airflow/example_dags/example_skip_dag.py for tasks to queue
[2026-08-20T11:05:20.988+0000] {logging_mixin.py:190} INFO - [2026-08-20T11:05:20.987+0000] {dagbag.py:588} INFO - Filling up the DagBag from /workspaces/lab-2/.venv/lib/python3.12/site-packages/airflow/example_dags/example_skip_dag.py
[2026-08-20T11:05:20.995+0000] {processor.py:925} INFO - DAG(s) 'example_skip_dag' retrieved from /workspaces/lab-2/.venv/lib/python3.12/site-packages/airflow/example_dags/example_skip_dag.py
[2026-08-20T11:05:21.009+0000] {logging_mixin.py:190} INFO - [2026-08-20T11:05:21.009+0000] {dag.py:3239} INFO - Sync 1 DAGs
[2026-08-20T11:05:21.025+0000] {logging_mixin.py:190} INFO - [2026-08-20T11:05:21.025+0000] {dag.py:4180} INFO - Setting next_dagrun for example_skip_dag to 2026-08-19 00:00:00+00:00, run_after=2026-08-20 00:00:00+00:00
[2026-08-20T11:05:21.043+0000] {processor.py:208} INFO - Processing /workspaces/lab-2/.venv/lib/python3.12/site-packages/airflow/example_dags/example_skip_dag.py took 0.063 seconds
[2026-08-20T11:06:14.458+0000] {processor.py:186} INFO - Started process (PID=26108) to work on /workspaces/lab-2/.venv/lib/python3.12/site-packages/airflow/example_dags/example_skip_dag.py
[2026-08-20T11:06:14.459+0000] {processor.py:914} INFO - Processing file /workspaces/lab-2/.venv/lib/python3.12/site-packages/airflow/example_dags/example_skip_dag.py for tasks to queue
[2026-08-20T11:06:14.461+0000] {logging_mixin.py:190} INFO - [2026-08-20T11:06:14.460+0000] {dagbag.py:588} INFO - Filling up the DagBag from /workspaces/lab-2/.venv/lib/python3.12/site-packages/airflow/example_dags/example_skip_dag.py
[2026-08-20T11:06:14.469+0000] {processor.py:925} INFO - DAG(s) 'example_skip_dag' retrieved from /workspaces/lab-2/.venv/lib/python3.12/site-packages/airflow/example_dags/example_skip_dag.py
[2026-08-20T11:06:14.496+0000] {logging_mixin.py:190} INFO - [2026-08-20T11:06:14.496+0000] {dag.py:3239} INFO - Sync 1 DAGs
[2026-08-20T11:06:14.524+0000] {logging_mixin.py:190} INFO - [2026-08-20T11:06:14.523+0000] {dag.py:4180} INFO - Setting next_dagrun for example_skip_dag to 2026-08-19 00:00:00+00:00, run_after=2026-08-20 00:00:00+00:00
[2026-08-20T11:06:14.549+0000] {processor.py:208} INFO - Processing /workspaces/lab-2/.venv/lib/python3.12/site-packages/airflow/example_dags/example_skip_dag.py took 0.096 seconds
[2026-08-20T11:07:02.709+0000] {processor.py:186} INFO - Started process (PID=26959) to work on /workspaces/lab-2/.venv/lib/python3.12/site-packages/airflow/example_dags/example_skip_dag.py
[2026-08-20T11:07:02.710+0000] {processor.py:914} INFO - Processing file /workspaces/lab-2/.venv/lib/python3.12/site-packages/airflow/example_dags/example_skip_dag.py for tasks to queue
[2026-08-20T11:07:02.711+0000] {logging_mixin.py:190} INFO - [2026-08-20T11:07:02.711+0000] {dagbag.py:588} INFO - Filling up the DagBag from /workspaces/lab-2/.venv/lib/python3.12/site-packages/airflow/example_dags/example_skip_dag.py
[2026-08-20T11:07:02.718+0000] {processor.py:925} INFO - DAG(s) 'example_skip_dag' retrieved from /workspaces/lab-2/.venv/lib/python3.12/site-packages/airflow/example_dags/example_skip_dag.py
[2026-08-20T11:07:02.736+0000] {logging_mixin.py:190} INFO - [2026-08-20T11:07:02.736+0000] {dag.py:3239} INFO - Sync 1 DAGs
[2026-08-20T11:07:02.758+0000] {logging_mixin.py:190} INFO - [2026-08-20T11:07:02.757+0000] {dag.py:4180} INFO - Setting next_dagrun for example_skip_dag to 2026-08-19 00:00:00+00:00, run_after=2026-08-20 00:00:00+00:00
[2026-08-20T11:07:02.776+0000] {processor.py:208} INFO - Processing /workspaces/lab-2/.venv/lib/python3.12/site-packages/airflow/example_dags/example_skip_dag.py took 0.075 seconds
[2026-08-20T11:07:58.366+0000] {processor.py:186} INFO - Started process (PID=28012) to work on /workspaces/lab-2/.venv/lib/python3.12/site-packages/airflow/example_dags/example_skip_dag.py
[2026-08-20T11:07:58.367+0000] {processor.py:914} INFO - Processing file /workspaces/lab-2/.venv/lib/python3.12/site-packages/airflow/example_dags/example_skip_dag.py for tasks to queue
[2026-08-20T11:07:58.369+0000] {logging_mixin.py:190} INFO - [2026-08-20T11:07:58.368+0000] {dagbag.py:588} INFO - Filling up the DagBag from /workspaces/lab-2/.venv/lib/python3.12/site-packages/airflow/example_dags/example_skip_dag.py
[2026-08-20T11:07:58.376+0000] {processor.py:925} INFO - DAG(s) 'example_skip_dag' retrieved from /workspaces/lab-2/.venv/lib/python3.12/site-packages/airflow/example_dags/example_skip_dag.py
[2026-08-20T11:07:58.390+0000] {logging_mixin.py:190} INFO - [2026-08-20T11:07:58.390+0000] {dag.py:3239} INFO - Sync 1 DAGs
[2026-08-20T11:07:58.406+0000] {logging_mixin.py:190} INFO - [2026-08-20T11:07:58.406+0000] {dag.py:4180} INFO - Setting next_dagrun for example_skip_dag to 2026-08-19 00:00:00+00:00, run_after=2026-08-20 00:00:00+00:00
[2026-08-20T11:07:58.423+0000] {processor.py:208} INFO - Processing /workspaces/lab-2/.venv/lib/python3.12/site-packages/airflow/example_dags/example_skip_dag.py took 0.062 seconds
[2026-08-20T11:08:53.387+0000] {processor.py:186} INFO - Started process (PID=28787) to work on /workspaces/lab-2/.venv/lib/python3.12/site-packages/airflow/example_dags/example_skip_dag.py
[2026-08-20T11:08:53.388+0000] {processor.py:914} INFO - Processing file /workspaces/lab-2/.venv/lib/python3.12/site-packages/airflow/example_dags/example_skip_dag.py for tasks to queue
[2026-08-20T11:08:53.390+0000] {logging_mixin.py:190} INFO - [2026-08-20T11:08:53.390+0000] {dagbag.py:588} INFO - Filling up the DagBag from /workspaces/lab-2/.venv/lib/python3.12/site-packages/airflow/example_dags/example_skip_dag.py
[2026-08-20T11:08:53.397+0000] {processor.py:925} INFO - DAG(s) 'example_skip_dag' retrieved from /workspaces/lab-2/.venv/lib/python3.12/site-packages/airflow/example_dags/example_skip_dag.py
[2026-08-20T11:08:53.412+0000] {logging_mixin.py:190} INFO - [2026-08-20T11:08:53.412+0000] {dag.py:3239} INFO - Sync 1 DAGs
[2026-08-20T11:08:53.428+0000] {logging_mixin.py:190} INFO - [2026-08-20T11:08:53.428+0000] {dag.py:4180} INFO - Setting next_dagrun for example_skip_dag to 2026-08-19 00:00:00+00:00, run_after=2026-08-20 00:00:00+00:00
[2026-08-20T11:08:53.446+0000] {processor.py:208} INFO - Processing /workspaces/lab-2/.venv/lib/python3.12/site-packages/airflow/example_dags/example_skip_dag.py took 0.064 seconds
[2026-08-20T11:09:49.146+0000] {processor.py:186} INFO - Started process (PID=29794) to work on /workspaces/lab-2/.venv/lib/python3.12/site-packages/airflow/example_dags/example_skip_dag.py
[2026-08-20T11:09:49.148+0000] {processor.py:914} INFO - Processing file /workspaces/lab-2/.venv/lib/python3.12/site-packages/airflow/example_dags/example_skip_dag.py for tasks to queue
[2026-08-20T11:09:49.152+0000] {logging_mixin.py:190} INFO - [2026-08-20T11:09:49.150+0000] {dagbag.py:588} INFO - Filling up the DagBag from /workspaces/lab-2/.venv/lib/python3.12/site-packages/airflow/example_dags/example_skip_dag.py
[2026-08-20T11:09:49.162+0000] {processor.py:925} INFO - DAG(s) 'example_skip_dag' retrieved from /workspaces/lab-2/.venv/lib/python3.12/site-packages/airflow/example_dags/example_skip_dag.py
[2026-08-20T11:09:49.184+0000] {logging_mixin.py:190} INFO - [2026-08-20T11:09:49.184+0000] {dag.py:3239} INFO - Sync 1 DAGs
[2026-08-20T11:09:49.205+0000] {logging_mixin.py:190} INFO - [2026-08-20T11:09:49.205+0000] {dag.py:4180} INFO - Setting next_dagrun for example_skip_dag to 2026-08-19 00:00:00+00:00, run_after=2026-08-20 00:00:00+00:00
[2026-08-20T11:09:49.227+0000] {processor.py:208} INFO - Processing /workspaces/lab-2/.venv/lib/python3.12/site-packages/airflow/example_dags/example_skip_dag.py took 0.089 seconds
[2026-08-20T11:10:42.487+0000] {processor.py:186} INFO - Started process (PID=30735) to work on /workspaces/lab-2/.venv/lib/python3.12/site-packages/airflow/example_dags/example_skip_dag.py
[2026-08-20T11:10:42.488+0000] {processor.py:914} INFO - Processing file /workspaces/lab-2/.venv/lib/python3.12/site-packages/airflow/example_dags/example_skip_dag.py for tasks to queue
[2026-08-20T11:10:42.491+0000] {logging_mixin.py:190} INFO - [2026-08-20T11:10:42.490+0000] {dagbag.py:588} INFO - Filling up the DagBag from /workspaces/lab-2/.venv/lib/python3.12/site-packages/airflow/example_dags/example_skip_dag.py
[2026-08-20T11:10:42.500+0000] {processor.py:925} INFO - DAG(s) 'example_skip_dag' retrieved from /workspaces/lab-2/.venv/lib/python3.12/site-packages/airflow/example_dags/example_skip_dag.py
[2026-08-20T11:10:42.522+0000] {logging_mixin.py:190} INFO - [2026-08-20T11:10:42.522+0000] {dag.py:3239} INFO - Sync 1 DAGs
[2026-08-20T11:10:42.541+0000] {logging_mixin.py:190} INFO - [2026-08-20T11:10:42.541+0000] {dag.py:4180} INFO - Setting next_dagrun for example_skip_dag to 2026-08-19 00:00:00+00:00, run_after=2026-08-20 00:00:00+00:00
[2026-08-20T11:10:42.561+0000] {processor.py:208} INFO - Processing /workspaces/lab-2/.venv/lib/python3.12/site-packages/airflow/example_dags/example_skip_dag.py took 0.080 seconds
[2026-08-20T11:11:36.931+0000] {processor.py:186} INFO - Started process (PID=31627) to work on /workspaces/lab-2/.venv/lib/python3.12/site-packages/airflow/example_dags/example_skip_dag.py
[2026-08-20T11:11:36.932+0000] {processor.py:914} INFO - Processing file /workspaces/lab-2/.venv/lib/python3.12/site-packages/airflow/example_dags/example_skip_dag.py for tasks to queue
[2026-08-20T11:11:36.934+0000] {logging_mixin.py:190} INFO - [2026-08-20T11:11:36.934+0000] {dagbag.py:588} INFO - Filling up the DagBag from /workspaces/lab-2/.venv/lib/python3.12/site-packages/airflow/example_dags/example_skip_dag.py
[2026-08-20T11:11:36.944+0000] {processor.py:925} INFO - DAG(s) 'example_skip_dag' retrieved from /workspaces/lab-2/.venv/lib/python3.12/site-packages/airflow/example_dags/example_skip_dag.py
[2026-08-20T11:11:36.975+0000] {logging_mixin.py:190} INFO - [2026-08-20T11:11:36.975+0000] {dag.py:3239} INFO - Sync 1 DAGs
[2026-08-20T11:11:37.000+0000] {logging_mixin.py:190} INFO - [2026-08-20T11:11:36.998+0000] {dag.py:4180} INFO - Setting next_dagrun for example_skip_dag to 2026-08-19 00:00:00+00:00, run_after=2026-08-20 00:00:00+00:00
[2026-08-20T11:11:37.048+0000] {processor.py:208} INFO - Processing /workspaces/lab-2/.venv/lib/python3.12/site-packages/airflow/example_dags/example_skip_dag.py took 0.123 seconds
[2026-08-20T11:11:38.534+0000] {processor.py:186} INFO - Started process (PID=31639) to work on /workspaces/lab-2/.venv/lib/python3.12/site-packages/airflow/example_dags/example_skip_dag.py
[2026-08-20T11:11:38.534+0000] {processor.py:914} INFO - Processing file /workspaces/lab-2/.venv/lib/python3.12/site-packages/airflow/example_dags/example_skip_dag.py for tasks to queue
[2026-08-20T11:11:38.536+0000] {logging_mixin.py:190} INFO - [2026-08-20T11:11:38.536+0000] {dagbag.py:588} INFO - Filling up the DagBag from /workspaces/lab-2/.venv/lib/python3.12/site-packages/airflow/example_dags/example_skip_dag.py
[2026-08-20T11:11:38.543+0000] {processor.py:925} INFO - DAG(s) 'example_skip_dag' retrieved from /workspaces/lab-2/.venv/lib/python3.12/site-packages/airflow/example_dags/example_skip_dag.py
[2026-08-20T11:11:38.560+0000] {logging_mixin.py:190} INFO - [2026-08-20T11:11:38.560+0000] {dag.py:3239} INFO - Sync 1 DAGs
[2026-08-20T11:11:38.576+0000] {logging_mixin.py:190} INFO - [2026-08-20T11:11:38.576+0000] {dag.py:4180} INFO - Setting next_dagrun for example_skip_dag to 2026-08-19 00:00:00+00:00, run_after=2026-08-20 00:00:00+00:00
[2026-08-20T11:11:38.595+0000] {processor.py:208} INFO - Processing /workspaces/lab-2/.venv/lib/python3.12/site-packages/airflow/example_dags/example_skip_dag.py took 0.066 seconds
[2026-08-20T11:12:30.257+0000] {processor.py:186} INFO - Started process (PID=32890) to work on /workspaces/lab-2/.venv/lib/python3.12/site-packages/airflow/example_dags/example_skip_dag.py
[2026-08-20T11:12:30.257+0000] {processor.py:914} INFO - Processing file /workspaces/lab-2/.venv/lib/python3.12/site-packages/airflow/example_dags/example_skip_dag.py for tasks to queue
[2026-08-20T11:12:30.259+0000] {logging_mixin.py:190} INFO - [2026-08-20T11:12:30.259+0000] {dagbag.py:588} INFO - Filling up the DagBag from /workspaces/lab-2/.venv/lib/python3.12/site-packages/airflow/example_dags/example_skip_dag.py
[2026-08-20T11:12:30.266+0000] {processor.py:925} INFO - DAG(s) 'example_skip_dag' retrieved from /workspaces/lab-2/.venv/lib/python3.12/site-packages/airflow/example_dags/example_skip_dag.py
[2026-08-20T11:12:30.282+0000] {logging_mixin.py:190} INFO - [2026-08-20T11:12:30.282+0000] {dag.py:3239} INFO - Sync 1 DAGs
[2026-08-20T11:12:30.297+0000] {logging_mixin.py:190} INFO - [2026-08-20T11:12:30.297+0000] {dag.py:4180} INFO - Setting next_dagrun for example_skip_dag to 2026-08-19 00:00:00+00:00, run_after=2026-08-20 00:00:00+00:00
[2026-08-20T11:12:30.314+0000] {processor.py:208} INFO - Processing /workspaces/lab-2/.venv/lib/python3.12/site-packages/airflow/example_dags/example_skip_dag.py took 0.062 seconds
[2026-08-20T11:12:35.351+0000] {processor.py:186} INFO - Started process (PID=32930) to work on /workspaces/lab-2/.venv/lib/python3.12/site-packages/airflow/example_dags/example_skip_dag.py
[2026-08-20T11:12:35.352+0000] {processor.py:914} INFO - Processing file /workspaces/lab-2/.venv/lib/python3.12/site-packages/airflow/example_dags/example_skip_dag.py for tasks to queue
[2026-08-20T11:12:35.353+0000] {logging_mixin.py:190} INFO - [2026-08-20T11:12:35.353+0000] {dagbag.py:588} INFO - Filling up the DagBag from /workspaces/lab-2/.venv/lib/python3.12/site-packages/airflow/example_dags/example_skip_dag.py
[2026-08-20T11:12:35.360+0000] {processor.py:925} INFO - DAG(s) 'example_skip_dag' retrieved from /workspaces/lab-2/.venv/lib/python3.12/site-packages/airflow/example_dags/example_skip_dag.py
[2026-08-20T11:12:35.375+0000] {logging_mixin.py:190} INFO - [2026-08-20T11:12:35.375+0000] {dag.py:3239} INFO - Sync 1 DAGs
[2026-08-20T11:12:35.402+0000] {logging_mixin.py:190} INFO - [2026-08-20T11:12:35.402+0000] {dag.py:4180} INFO - Setting next_dagrun for example_skip_dag to 2026-08-19 00:00:00+00:00, run_after=2026-08-20 00:00:00+00:00
[2026-08-20T11:12:35.444+0000] {processor.py:208} INFO - Processing /workspaces/lab-2/.venv/lib/python3.12/site-packages/airflow/example_dags/example_skip_dag.py took 0.098 seconds
[2026-08-20T11:13:27.879+0000] {processor.py:186} INFO - Started process (PID=33872) to work on /workspaces/lab-2/.venv/lib/python3.12/site-packages/airflow/example_dags/example_skip_dag.py
[2026-08-20T11:13:27.880+0000] {processor.py:914} INFO - Processing file /workspaces/lab-2/.venv/lib/python3.12/site-packages/airflow/example_dags/example_skip_dag.py for tasks to queue
[2026-08-20T11:13:27.882+0000] {logging_mixin.py:190} INFO - [2026-08-20T11:13:27.882+0000] {dagbag.py:588} INFO - Filling up the DagBag from /workspaces/lab-2/.venv/lib/python3.12/site-packages/airflow/example_dags/example_skip_dag.py
[2026-08-20T11:13:27.889+0000] {processor.py:925} INFO - DAG(s) 'example_skip_dag' retrieved from /workspaces/lab-2/.venv/lib/python3.12/site-packages/airflow/example_dags/example_skip_dag.py
[2026-08-20T11:13:27.988+0000] {logging_mixin.py:190} INFO - [2026-08-20T11:13:27.988+0000] {dag.py:3239} INFO - Sync 1 DAGs
[2026-08-20T11:13:28.002+0000] {logging_mixin.py:190} INFO - [2026-08-20T11:13:28.002+0000] {dag.py:4180} INFO - Setting next_dagrun for example_skip_dag to 2026-08-19 00:00:00+00:00, run_after=2026-08-20 00:00:00+00:00
[2026-08-20T11:13:28.020+0000] {processor.py:208} INFO - Processing /workspaces/lab-2/.venv/lib/python3.12/site-packages/airflow/example_dags/example_skip_dag.py took 0.147 seconds
[2026-08-20T11:13:32.965+0000] {processor.py:186} INFO - Started process (PID=33904) to work on /workspaces/lab-2/.venv/lib/python3.12/site-packages/airflow/example_dags/example_skip_dag.py
[2026-08-20T11:13:32.965+0000] {processor.py:914} INFO - Processing file /workspaces/lab-2/.venv/lib/python3.12/site-packages/airflow/example_dags/example_skip_dag.py for tasks to queue
[2026-08-20T11:13:32.967+0000] {logging_mixin.py:190} INFO - [2026-08-20T11:13:32.967+0000] {dagbag.py:588} INFO - Filling up the DagBag from /workspaces/lab-2/.venv/lib/python3.12/site-packages/airflow/example_dags/example_skip_dag.py
[2026-08-20T11:13:32.974+0000] {processor.py:925} INFO - DAG(s) 'example_skip_dag' retrieved from /workspaces/lab-2/.venv/lib/python3.12/site-packages/airflow/example_dags/example_skip_dag.py
[2026-08-20T11:13:32.982+0000] {logging_mixin.py:190} INFO - [2026-08-20T11:13:32.981+0000] {dag.py:3239} INFO - Sync 1 DAGs
[2026-08-20T11:13:33.003+0000] {logging_mixin.py:190} INFO - [2026-08-20T11:13:33.003+0000] {dag.py:4180} INFO - Setting next_dagrun for example_skip_dag to 2026-08-19 00:00:00+00:00, run_after=2026-08-20 00:00:00+00:00
[2026-08-20T11:13:33.029+0000] {processor.py:208} INFO - Processing /workspaces/lab-2/.venv/lib/python3.12/site-packages/airflow/example_dags/example_skip_dag.py took 0.069 seconds
[2026-08-20T11:14:28.034+0000] {processor.py:186} INFO - Started process (PID=35121) to work on /workspaces/lab-2/.venv/lib/python3.12/site-packages/airflow/example_dags/example_skip_dag.py
[2026-08-20T11:14:28.035+0000] {processor.py:914} INFO - Processing file /workspaces/lab-2/.venv/lib/python3.12/site-packages/airflow/example_dags/example_skip_dag.py for tasks to queue
[2026-08-20T11:14:28.037+0000] {logging_mixin.py:190} INFO - [2026-08-20T11:14:28.036+0000] {dagbag.py:588} INFO - Filling up the DagBag from /workspaces/lab-2/.venv/lib/python3.12/site-packages/airflow/example_dags/example_skip_dag.py
[2026-08-20T11:14:28.044+0000] {processor.py:925} INFO - DAG(s) 'example_skip_dag' retrieved from /workspaces/lab-2/.venv/lib/python3.12/site-packages/airflow/example_dags/example_skip_dag.py
[2026-08-20T11:14:28.059+0000] {logging_mixin.py:190} INFO - [2026-08-20T11:14:28.058+0000] {dag.py:3239} INFO - Sync 1 DAGs
[2026-08-20T11:14:28.076+0000] {logging_mixin.py:190} INFO - [2026-08-20T11:14:28.075+0000] {dag.py:4180} INFO - Setting next_dagrun for example_skip_dag to 2026-08-19 00:00:00+00:00, run_after=2026-08-20 00:00:00+00:00
[2026-08-20T11:14:28.096+0000] {processor.py:208} INFO - Processing /workspaces/lab-2/.venv/lib/python3.12/site-packages/airflow/example_dags/example_skip_dag.py took 0.067 seconds
[2026-08-20T11:14:29.722+0000] {processor.py:186} INFO - Started process (PID=35178) to work on /workspaces/lab-2/.venv/lib/python3.12/site-packages/airflow/example_dags/example_skip_dag.py
[2026-08-20T11:14:29.723+0000] {processor.py:914} INFO - Processing file /workspaces/lab-2/.venv/lib/python3.12/site-packages/airflow/example_dags/example_skip_dag.py for tasks to queue
[2026-08-20T11:14:29.729+0000] {logging_mixin.py:190} INFO - [2026-08-20T11:14:29.729+0000] {dagbag.py:588} INFO - Filling up the DagBag from /workspaces/lab-2/.venv/lib/python3.12/site-packages/airflow/example_dags/example_skip_dag.py
[2026-08-20T11:14:29.758+0000] {processor.py:925} INFO - DAG(s) 'example_skip_dag' retrieved from /workspaces/lab-2/.venv/lib/python3.12/site-packages/airflow/example_dags/example_skip_dag.py
[2026-08-20T11:14:29.779+0000] {logging_mixin.py:190} INFO - [2026-08-20T11:14:29.779+0000] {dag.py:3239} INFO - Sync 1 DAGs
[2026-08-20T11:14:29.807+0000] {logging_mixin.py:190} INFO - [2026-08-20T11:14:29.807+0000] {dag.py:4180} INFO - Setting next_dagrun for example_skip_dag to 2026-08-19 00:00:00+00:00, run_after=2026-08-20 00:00:00+00:00
[2026-08-20T11:14:29.849+0000] {processor.py:208} INFO - Processing /workspaces/lab-2/.venv/lib/python3.12/site-packages/airflow/example_dags/example_skip_dag.py took 0.148 seconds
