[2026-08-20T11:04:37.524+0000] {processor.py:186} INFO - Started process (PID=24756) to work on /workspaces/lab-2/.venv/lib/python3.12/site-packages/airflow/example_dags/example_dynamic_task_mapping.py
[2026-08-20T11:04:37.525+0000] {processor.py:914} INFO - Processing file /workspaces/lab-2/.venv/lib/python3.12/site-packages/airflow/example_dags/example_dynamic_task_mapping.py for tasks to queue
[2026-08-20T11:04:37.527+0000] {logging_mixin.py:190} INFO - [2026-08-20T11:04:37.527+0000] {dagbag.py:588} INFO - Filling up the DagBag from /workspaces/lab-2/.venv/lib/python3.12/site-packages/airflow/example_dags/example_dynamic_task_mapping.py
[2026-08-20T11:04:37.534+0000] {processor.py:925} INFO - DAG(s) 'example_dynamic_task_mapping' retrieved from /workspaces/lab-2/.venv/lib/python3.12/site-packages/airflow/example_dags/example_dynamic_task_mapping.py
[2026-08-20T11:04:37.624+0000] {logging_mixin.py:190} INFO - [2026-08-20T11:04:37.623+0000] {override.py:1900} INFO - Created Permission View: can edit on DAG:example_dynamic_task_mapping
[2026-08-20T11:04:37.633+0000] {logging_mixin.py:190} INFO - [2026-08-20T11:04:37.633+0000] {override.py:1900} INFO - Created Permission View: can read on DAG:example_dynamic_task_mapping
[2026-08-20T11:04:37.641+0000] {logging_mixin.py:190} INFO - [2026-08-20T11:04:37.640+0000] {override.py:1900} INFO - Created Permission View: can delete on DAG:example_dynamic_task_mapping
[2026-08-20T11:04:37.652+0000] {logging_mixin.py:190} INFO - [2026-08-20T11:04:37.652+0000] {override.py:1900} INFO - Created Permission View: can create on DAG Run:example_dynamic_task_mapping
[2026-08-20T11:04:37.659+0000] {logging_mixin.py:190} INFO - [2026-08-20T11:04:37.659+0000] {override.py:1900} INFO - Created Permission View: can read on DAG Run:example_dynamic_task_mapping
[2026-08-20T11:04:37.666+0000] {logging_mixin.py:190} INFO - [2026-08-20T11:04:37.666+0000] {override.py:1900} INFO - Created Permission View: menu access on DAG Run:example_dynamic_task_mapping
[2026-08-20T11:04:37.673+0000] {logging_mixin.py:190} INFO - [2026-08-20T11:04:37.673+0000] {override.py:1900} INFO - Created Permission View: can delete on DAG Run:example_dynamic_task_mapping
[2026-08-20T11:04:37.674+0000] {logging_mixin.py:190} INFO - [2026-08-20T11:04:37.673+0000] {dag.py:3239} INFO - Sync 1 DAGs
[2026-08-20T11:04:37.684+0000] {logging_mixin.py:190} INFO - [2026-08-20T11:04:37.683+0000] {dag.py:3262} INFO - Creating ORM DAG for example_dynamic_task_mapping
[2026-08-20T11:04:37.684+0000] {logging_mixin.py:190} INFO - [2026-08-20T11:04:37.684+0000] {dag.py:4180} INFO - Setting next_dagrun for example_dynamic_task_mapping to None, run_after=None
[2026-08-20T11:04:37.701+0000] {processor.py:208} INFO - Processing /workspaces/lab-2/.venv/lib/python3.12/site-packages/airflow/example_dags/example_dynamic_task_mapping.py took 0.186 seconds
[2026-08-20T11:05:38.784+0000] {processor.py:186} INFO - Started process (PID=25595) to work on /workspaces/lab-2/.venv/lib/python3.12/site-packages/airflow/example_dags/example_dynamic_task_mapping.py
[2026-08-20T11:05:38.784+0000] {processor.py:914} INFO - Processing file /workspaces/lab-2/.venv/lib/python3.12/site-packages/airflow/example_dags/example_dynamic_task_mapping.py for tasks to queue
[2026-08-20T11:05:38.786+0000] {logging_mixin.py:190} INFO - [2026-08-20T11:05:38.786+0000] {dagbag.py:588} INFO - Filling up the DagBag from /workspaces/lab-2/.venv/lib/python3.12/site-packages/airflow/example_dags/example_dynamic_task_mapping.py
[2026-08-20T11:05:38.793+0000] {processor.py:925} INFO - DAG(s) 'example_dynamic_task_mapping' retrieved from /workspaces/lab-2/.venv/lib/python3.12/site-packages/airflow/example_dags/example_dynamic_task_mapping.py
[2026-08-20T11:05:38.806+0000] {logging_mixin.py:190} INFO - [2026-08-20T11:05:38.806+0000] {dag.py:3239} INFO - Sync 1 DAGs
[2026-08-20T11:05:38.816+0000] {logging_mixin.py:190} INFO - [2026-08-20T11:05:38.816+0000] {dag.py:4180} INFO - Setting next_dagrun for example_dynamic_task_mapping to None, run_after=None
[2026-08-20T11:05:38.833+0000] {processor.py:208} INFO - Processing /workspaces/lab-2/.venv/lib/python3.12/site-packages/airflow/example_dags/example_dynamic_task_mapping.py took 0.054 seconds
[2026-08-20T11:07:18.232+0000] {processor.py:186} INFO - Started process (PID=27130) to work on /workspaces/lab-2/.venv/lib/python3.12/site-packages/airflow/example_dags/example_dynamic_task_mapping.py
[2026-08-20T11:07:18.232+0000] {processor.py:914} INFO - Processing file /workspaces/lab-2/.venv/lib/python3.12/site-packages/airflow/example_dags/example_dynamic_task_mapping.py for tasks to queue
[2026-08-20T11:07:18.234+0000] {logging_mixin.py:190} INFO - [2026-08-20T11:07:18.234+0000] {dagbag.py:588} INFO - Filling up the DagBag from /workspaces/lab-2/.venv/lib/python3.12/site-packages/airflow/example_dags/example_dynamic_task_mapping.py
[2026-08-20T11:07:18.241+0000] {processor.py:925} INFO - DAG(s) 'example_dynamic_task_mapping' retrieved from /workspaces/lab-2/.venv/lib/python3.12/site-packages/airflow/example_dags/example_dynamic_task_mapping.py
[2026-08-20T11:07:18.256+0000] {logging_mixin.py:190} INFO - [2026-08-20T11:07:18.256+0000] {dag.py:3239} INFO - Sync 1 DAGs
[2026-08-20T11:07:18.267+0000] {logging_mixin.py:190} INFO - [2026-08-20T11:07:18.267+0000] {dag.py:4180} INFO - Setting next_dagrun for example_dynamic_task_mapping to None, run_after=None
[2026-08-20T11:07:18.285+0000] {processor.py:208} INFO - Processing /workspaces/lab-2/.venv/lib/python3.12/site-packages/airflow/example_dags/example_dynamic_task_mapping.py took 0.058 seconds
[2026-08-20T11:08:15.901+0000] {processor.py:186} INFO - Started process (PID=28330) to work on /workspaces/lab-2/.venv/lib/python3.12/site-packages/airflow/example_dags/example_dynamic_task_mapping.py
[2026-08-20T11:08:15.902+0000] {processor.py:914} INFO - Processing file /workspaces/lab-2/.venv/lib/python3.12/site-packages/airflow/example_dags/example_dynamic_task_mapping.py for tasks to queue
[2026-08-20T11:08:15.904+0000] {logging_mixin.py:190} INFO - [2026-08-20T11:08:15.904+0000] {dagbag.py:588} INFO - Filling up the DagBag from /workspaces/lab-2/.venv/lib/python3.12/site-packages/airflow/example_dags/example_dynamic_task_mapping.py
[2026-08-20T11:08:15.914+0000] {processor.py:925} INFO - DAG(s) 'example_dynamic_task_mapping' retrieved from /workspaces/lab-2/.venv/lib/python3.12/site-packages/airflow/example_dags/example_dynamic_task_mapping.py
[2026-08-20T11:08:15.933+0000] {logging_mixin.py:190} INFO - [2026-08-20T11:08:15.933+0000] {dag.py:3239} INFO - Sync 1 DAGs
[2026-08-20T11:08:15.948+0000] {logging_mixin.py:190} INFO - [2026-08-20T11:08:15.948+0000] {dag.py:4180} INFO - Setting next_dagrun for example_dynamic_task_mapping to None, run_after=None
[2026-08-20T11:08:15.975+0000] {processor.py:208} INFO - Processing /workspaces/lab-2/.venv/lib/python3.12/site-packages/airflow/example_dags/example_dynamic_task_mapping.py took 0.085 seconds
[2026-08-20T11:09:11.203+0000] {processor.py:186} INFO - Started process (PID=29130) to work on /workspaces/lab-2/.venv/lib/python3.12/site-packages/airflow/example_dags/example_dynamic_task_mapping.py
[2026-08-20T11:09:11.206+0000] {processor.py:914} INFO - Processing file /workspaces/lab-2/.venv/lib/python3.12/site-packages/airflow/example_dags/example_dynamic_task_mapping.py for tasks to queue
[2026-08-20T11:09:11.210+0000] {logging_mixin.py:190} INFO - [2026-08-20T11:09:11.210+0000] {dagbag.py:588} INFO - Filling up the DagBag from /workspaces/lab-2/.venv/lib/python3.12/site-packages/airflow/example_dags/example_dynamic_task_mapping.py
[2026-08-20T11:09:11.230+0000] {processor.py:925} INFO - DAG(s) 'example_dynamic_task_mapping' retrieved from /workspaces/lab-2/.venv/lib/python3.12/site-packages/airflow/example_dags/example_dynamic_task_mapping.py
[2026-08-20T11:09:11.269+0000] {logging_mixin.py:190} INFO - [2026-08-20T11:09:11.267+0000] {dag.py:3239} INFO - Sync 1 DAGs
[2026-08-20T11:09:11.296+0000] {logging_mixin.py:190} INFO - [2026-08-20T11:09:11.296+0000] {dag.py:4180} INFO - Setting next_dagrun for example_dynamic_task_mapping to None, run_after=None
[2026-08-20T11:09:11.327+0000] {processor.py:208} INFO - Processing /workspaces/lab-2/.venv/lib/python3.12/site-packages/airflow/example_dags/example_dynamic_task_mapping.py took 0.130 seconds
[2026-08-20T11:10:04.484+0000] {processor.py:186} INFO - Started process (PID=30058) to work on /workspaces/lab-2/.venv/lib/python3.12/site-packages/airflow/example_dags/example_dynamic_task_mapping.py
[2026-08-20T11:10:04.485+0000] {processor.py:914} INFO - Processing file /workspaces/lab-2/.venv/lib/python3.12/site-packages/airflow/example_dags/example_dynamic_task_mapping.py for tasks to queue
[2026-08-20T11:10:04.487+0000] {logging_mixin.py:190} INFO - [2026-08-20T11:10:04.487+0000] {dagbag.py:588} INFO - Filling up the DagBag from /workspaces/lab-2/.venv/lib/python3.12/site-packages/airflow/example_dags/example_dynamic_task_mapping.py
[2026-08-20T11:10:04.503+0000] {processor.py:925} INFO - DAG(s) 'example_dynamic_task_mapping' retrieved from /workspaces/lab-2/.venv/lib/python3.12/site-packages/airflow/example_dags/example_dynamic_task_mapping.py
[2026-08-20T11:10:04.522+0000] {logging_mixin.py:190} INFO - [2026-08-20T11:10:04.521+0000] {dag.py:3239} INFO - Sync 1 DAGs
[2026-08-20T11:10:04.537+0000] {logging_mixin.py:190} INFO - [2026-08-20T11:10:04.537+0000] {dag.py:4180} INFO - Setting next_dagrun for example_dynamic_task_mapping to None, run_after=None
[2026-08-20T11:10:04.559+0000] {processor.py:208} INFO - Processing /workspaces/lab-2/.venv/lib/python3.12/site-packages/airflow/example_dags/example_dynamic_task_mapping.py took 0.081 seconds
[2026-08-20T11:10:58.288+0000] {processor.py:186} INFO - Started process (PID=30921) to work on /workspaces/lab-2/.venv/lib/python3.12/site-packages/airflow/example_dags/example_dynamic_task_mapping.py
[2026-08-20T11:10:58.289+0000] {processor.py:914} INFO - Processing file /workspaces/lab-2/.venv/lib/python3.12/site-packages/airflow/example_dags/example_dynamic_task_mapping.py for tasks to queue
[2026-08-20T11:10:58.291+0000] {logging_mixin.py:190} INFO - [2026-08-20T11:10:58.290+0000] {dagbag.py:588} INFO - Filling up the DagBag from /workspaces/lab-2/.venv/lib/python3.12/site-packages/airflow/example_dags/example_dynamic_task_mapping.py
[2026-08-20T11:10:58.298+0000] {processor.py:925} INFO - DAG(s) 'example_dynamic_task_mapping' retrieved from /workspaces/lab-2/.venv/lib/python3.12/site-packages/airflow/example_dags/example_dynamic_task_mapping.py
[2026-08-20T11:10:58.311+0000] {logging_mixin.py:190} INFO - [2026-08-20T11:10:58.310+0000] {dag.py:3239} INFO - Sync 1 DAGs
[2026-08-20T11:10:58.320+0000] {logging_mixin.py:190} INFO - [2026-08-20T11:10:58.320+0000] {dag.py:4180} INFO - Setting next_dagrun for example_dynamic_task_mapping to None, run_after=None
[2026-08-20T11:10:58.338+0000] {processor.py:208} INFO - Processing /workspaces/lab-2/.venv/lib/python3.12/site-packages/airflow/example_dags/example_dynamic_task_mapping.py took 0.054 seconds
[2026-08-20T11:11:51.240+0000] {processor.py:186} INFO - Started process (PID=31868) to work on /workspaces/lab-2/.venv/lib/python3.12/site-packages/airflow/example_dags/example_dynamic_task_mapping.py
[2026-08-20T11:11:51.243+0000] {processor.py:914} INFO - Processing file /workspaces/lab-2/.venv/lib/python3.12/site-packages/airflow/example_dags/example_dynamic_task_mapping.py for tasks to queue
[2026-08-20T11:11:51.247+0000] {logging_mixin.py:190} INFO - [2026-08-20T11:11:51.245+0000] {dagbag.py:588} INFO - Filling up the DagBag from /workspaces/lab-2/.venv/lib/python3.12/site-packages/airflow/example_dags/example_dynamic_task_mapping.py
[2026-08-20T11:11:51.255+0000] {processor.py:925} INFO - DAG(s) 'example_dynamic_task_mapping' retrieved from /workspaces/lab-2/.venv/lib/python3.12/site-packages/airflow/example_dags/example_dynamic_task_mapping.py
[2026-08-20T11:11:51.270+0000] {logging_mixin.py:190} INFO - [2026-08-20T11:11:51.270+0000] {dag.py:3239} INFO - Sync 1 DAGs
[2026-08-20T11:11:51.283+0000] {logging_mixin.py:190} INFO - [2026-08-20T11:11:51.283+0000] {dag.py:4180} INFO - Setting next_dagrun for example_dynamic_task_mapping to None, run_after=None
[2026-08-20T11:11:51.300+0000] {processor.py:208} INFO - Processing /workspaces/lab-2/.venv/lib/python3.12/site-packages/airflow/example_dags/example_dynamic_task_mapping.py took 0.068 seconds
[2026-08-20T11:11:54.001+0000] {processor.py:186} INFO - Started process (PID=32249) to work on /workspaces/lab-2/.venv/lib/python3.12/site-packages/airflow/example_dags/example_dynamic_task_mapping.py
[2026-08-20T11:11:54.002+0000] {processor.py:914} INFO - Processing file /workspaces/lab-2/.venv/lib/python3.12/site-packages/airflow/example_dags/example_dynamic_task_mapping.py for tasks to queue
[2026-08-20T11:11:54.004+0000] {logging_mixin.py:190} INFO - [2026-08-20T11:11:54.004+0000] {dagbag.py:588} INFO - Filling up the DagBag from /workspaces/lab-2/.venv/lib/python3.12/site-packages/airflow/example_dags/example_dynamic_task_mapping.py
[2026-08-20T11:11:54.021+0000] {processor.py:925} INFO - DAG(s) 'example_dynamic_task_mapping' retrieved from /workspaces/lab-2/.venv/lib/python3.12/site-packages/airflow/example_dags/example_dynamic_task_mapping.py
[2026-08-20T11:11:54.067+0000] {logging_mixin.py:190} INFO - [2026-08-20T11:11:54.067+0000] {dag.py:3239} INFO - Sync 1 DAGs
[2026-08-20T11:11:54.104+0000] {logging_mixin.py:190} INFO - [2026-08-20T11:11:54.100+0000] {dag.py:4180} INFO - Setting next_dagrun for example_dynamic_task_mapping to None, run_after=None
[2026-08-20T11:11:54.135+0000] {processor.py:208} INFO - Processing /workspaces/lab-2/.venv/lib/python3.12/site-packages/airflow/example_dags/example_dynamic_task_mapping.py took 0.141 seconds
[2026-08-20T11:12:44.668+0000] {processor.py:186} INFO - Started process (PID=33103) to work on /workspaces/lab-2/.venv/lib/python3.12/site-packages/airflow/example_dags/example_dynamic_task_mapping.py
[2026-08-20T11:12:44.668+0000] {processor.py:914} INFO - Processing file /workspaces/lab-2/.venv/lib/python3.12/site-packages/airflow/example_dags/example_dynamic_task_mapping.py for tasks to queue
[2026-08-20T11:12:44.670+0000] {logging_mixin.py:190} INFO - [2026-08-20T11:12:44.670+0000] {dagbag.py:588} INFO - Filling up the DagBag from /workspaces/lab-2/.venv/lib/python3.12/site-packages/airflow/example_dags/example_dynamic_task_mapping.py
[2026-08-20T11:12:44.677+0000] {processor.py:925} INFO - DAG(s) 'example_dynamic_task_mapping' retrieved from /workspaces/lab-2/.venv/lib/python3.12/site-packages/airflow/example_dags/example_dynamic_task_mapping.py
[2026-08-20T11:12:44.691+0000] {logging_mixin.py:190} INFO - [2026-08-20T11:12:44.691+0000] {dag.py:3239} INFO - Sync 1 DAGs
[2026-08-20T11:12:44.701+0000] {logging_mixin.py:190} INFO - [2026-08-20T11:12:44.700+0000] {dag.py:4180} INFO - Setting next_dagrun for example_dynamic_task_mapping to None, run_after=None
[2026-08-20T11:12:44.722+0000] {processor.py:208} INFO - Processing /workspaces/lab-2/.venv/lib/python3.12/site-packages/airflow/example_dags/example_dynamic_task_mapping.py took 0.059 seconds
[2026-08-20T11:12:50.631+0000] {processor.py:186} INFO - Started process (PID=33217) to work on /workspaces/lab-2/.venv/lib/python3.12/site-packages/airflow/example_dags/example_dynamic_task_mapping.py
[2026-08-20T11:12:50.632+0000] {processor.py:914} INFO - Processing file /workspaces/lab-2/.venv/lib/python3.12/site-packages/airflow/example_dags/example_dynamic_task_mapping.py for tasks to queue
[2026-08-20T11:12:50.633+0000] {logging_mixin.py:190} INFO - [2026-08-20T11:12:50.633+0000] {dagbag.py:588} INFO - Filling up the DagBag from /workspaces/lab-2/.venv/lib/python3.12/site-packages/airflow/example_dags/example_dynamic_task_mapping.py
[2026-08-20T11:12:50.641+0000] {processor.py:925} INFO - DAG(s) 'example_dynamic_task_mapping' retrieved from /workspaces/lab-2/.venv/lib/python3.12/site-packages/airflow/example_dags/example_dynamic_task_mapping.py
[2026-08-20T11:12:50.654+0000] {logging_mixin.py:190} INFO - [2026-08-20T11:12:50.654+0000] {dag.py:3239} INFO - Sync 1 DAGs
[2026-08-20T11:12:50.664+0000] {logging_mixin.py:190} INFO - [2026-08-20T11:12:50.664+0000] {dag.py:4180} INFO - Setting next_dagrun for example_dynamic_task_mapping to None, run_after=None
[2026-08-20T11:12:50.682+0000] {processor.py:208} INFO - Processing /workspaces/lab-2/.venv/lib/python3.12/site-packages/airflow/example_dags/example_dynamic_task_mapping.py took 0.055 seconds
[2026-08-20T11:13:46.318+0000] {processor.py:186} INFO - Started process (PID=34583) to work on /workspaces/lab-2/.venv/lib/python3.12/site-packages/airflow/example_dags/example_dynamic_task_mapping.py
[2026-08-20T11:13:46.321+0000] {processor.py:914} INFO - Processing file /workspaces/lab-2/.venv/lib/python3.12/site-packages/airflow/example_dags/example_dynamic_task_mapping.py for tasks to queue
[2026-08-20T11:13:46.326+0000] {logging_mixin.py:190} INFO - [2026-08-20T11:13:46.325+0000] {dagbag.py:588} INFO - Filling up the DagBag from /workspaces/lab-2/.venv/lib/python3.12/site-packages/airflow/example_dags/example_dynamic_task_mapping.py
[2026-08-20T11:13:46.353+0000] {processor.py:925} INFO - DAG(s) 'example_dynamic_task_mapping' retrieved from /workspaces/lab-2/.venv/lib/python3.12/site-packages/airflow/example_dags/example_dynamic_task_mapping.py
[2026-08-20T11:13:46.534+0000] {logging_mixin.py:190} INFO - [2026-08-20T11:13:46.534+0000] {dag.py:3239} INFO - Sync 1 DAGs
[2026-08-20T11:13:46.567+0000] {logging_mixin.py:190} INFO - [2026-08-20T11:13:46.567+0000] {dag.py:4180} INFO - Setting next_dagrun for example_dynamic_task_mapping to None, run_after=None
[2026-08-20T11:13:46.610+0000] {processor.py:208} INFO - Processing /workspaces/lab-2/.venv/lib/python3.12/site-packages/airflow/example_dags/example_dynamic_task_mapping.py took 0.302 seconds
[2026-08-20T11:13:50.085+0000] {processor.py:186} INFO - Started process (PID=34655) to work on /workspaces/lab-2/.venv/lib/python3.12/site-packages/airflow/example_dags/example_dynamic_task_mapping.py
[2026-08-20T11:13:50.086+0000] {processor.py:914} INFO - Processing file /workspaces/lab-2/.venv/lib/python3.12/site-packages/airflow/example_dags/example_dynamic_task_mapping.py for tasks to queue
[2026-08-20T11:13:50.088+0000] {logging_mixin.py:190} INFO - [2026-08-20T11:13:50.087+0000] {dagbag.py:588} INFO - Filling up the DagBag from /workspaces/lab-2/.venv/lib/python3.12/site-packages/airflow/example_dags/example_dynamic_task_mapping.py
[2026-08-20T11:13:50.095+0000] {processor.py:925} INFO - DAG(s) 'example_dynamic_task_mapping' retrieved from /workspaces/lab-2/.venv/lib/python3.12/site-packages/airflow/example_dags/example_dynamic_task_mapping.py
[2026-08-20T11:13:50.106+0000] {logging_mixin.py:190} INFO - [2026-08-20T11:13:50.105+0000] {dag.py:3239} INFO - Sync 1 DAGs
[2026-08-20T11:13:50.116+0000] {logging_mixin.py:190} INFO - [2026-08-20T11:13:50.116+0000] {dag.py:4180} INFO - Setting next_dagrun for example_dynamic_task_mapping to None, run_after=None
[2026-08-20T11:13:50.135+0000] {processor.py:208} INFO - Processing /workspaces/lab-2/.venv/lib/python3.12/site-packages/airflow/example_dags/example_dynamic_task_mapping.py took 0.055 seconds
[2026-08-20T11:14:47.606+0000] {processor.py:186} INFO - Started process (PID=35770) to work on /workspaces/lab-2/.venv/lib/python3.12/site-packages/airflow/example_dags/example_dynamic_task_mapping.py
[2026-08-20T11:14:47.608+0000] {processor.py:914} INFO - Processing file /workspaces/lab-2/.venv/lib/python3.12/site-packages/airflow/example_dags/example_dynamic_task_mapping.py for tasks to queue
[2026-08-20T11:14:47.614+0000] {logging_mixin.py:190} INFO - [2026-08-20T11:14:47.613+0000] {dagbag.py:588} INFO - Filling up the DagBag from /workspaces/lab-2/.venv/lib/python3.12/site-packages/airflow/example_dags/example_dynamic_task_mapping.py
[2026-08-20T11:14:47.627+0000] {processor.py:925} INFO - DAG(s) 'example_dynamic_task_mapping' retrieved from /workspaces/lab-2/.venv/lib/python3.12/site-packages/airflow/example_dags/example_dynamic_task_mapping.py
[2026-08-20T11:14:47.648+0000] {logging_mixin.py:190} INFO - [2026-08-20T11:14:47.647+0000] {dag.py:3239} INFO - Sync 1 DAGs
[2026-08-20T11:14:47.660+0000] {logging_mixin.py:190} INFO - [2026-08-20T11:14:47.660+0000] {dag.py:4180} INFO - Setting next_dagrun for example_dynamic_task_mapping to None, run_after=None
[2026-08-20T11:14:47.677+0000] {processor.py:208} INFO - Processing /workspaces/lab-2/.venv/lib/python3.12/site-packages/airflow/example_dags/example_dynamic_task_mapping.py took 0.078 seconds
