[2026-08-20T11:04:16.708+0000] {processor.py:186} INFO - Started process (PID=24417) to work on /workspaces/lab-2/.venv/lib/python3.12/site-packages/airflow/example_dags/example_short_circuit_operator.py
[2026-08-20T11:04:16.708+0000] {processor.py:914} INFO - Processing file /workspaces/lab-2/.venv/lib/python3.12/site-packages/airflow/example_dags/example_short_circuit_operator.py for tasks to queue
[2026-08-20T11:04:16.710+0000] {logging_mixin.py:190} INFO - [2026-08-20T11:04:16.710+0000] {dagbag.py:588} INFO - Filling up the DagBag from /workspaces/lab-2/.venv/lib/python3.12/site-packages/airflow/example_dags/example_short_circuit_operator.py
[2026-08-20T11:04:16.717+0000] {processor.py:925} INFO - DAG(s) 'example_short_circuit_operator' retrieved from /workspaces/lab-2/.venv/lib/python3.12/site-packages/airflow/example_dags/example_short_circuit_operator.py
[2026-08-20T11:04:16.808+0000] {logging_mixin.py:190} INFO - [2026-08-20T11:04:16.808+0000] {override.py:1900} INFO - Created Permission View: can edit on DAG:example_short_circuit_operator
[2026-08-20T11:04:16.818+0000] {logging_mixin.py:190} INFO - [2026-08-20T11:04:16.818+0000] {override.py:1900} INFO - Created Permission View: can read on DAG:example_short_circuit_operator
[2026-08-20T11:04:16.824+0000] {logging_mixin.py:190} INFO - [2026-08-20T11:04:16.824+0000] {override.py:1900} INFO - Created Permission View: can delete on DAG:example_short_circuit_operator
[2026-08-20T11:04:16.836+0000] {logging_mixin.py:190} INFO - [2026-08-20T11:04:16.835+0000] {override.py:1900} INFO - Created Permission View: can create on DAG Run:example_short_circuit_operator
[2026-08-20T11:04:16.843+0000] {logging_mixin.py:190} INFO - [2026-08-20T11:04:16.842+0000] {override.py:1900} INFO - Created Permission View: can read on DAG Run:example_short_circuit_operator
[2026-08-20T11:04:16.850+0000] {logging_mixin.py:190} INFO - [2026-08-20T11:04:16.849+0000] {override.py:1900} INFO - Created Permission View: menu access on DAG Run:example_short_circuit_operator
[2026-08-20T11:04:16.857+0000] {logging_mixin.py:190} INFO - [2026-08-20T11:04:16.856+0000] {override.py:1900} INFO - Created Permission View: can delete on DAG Run:example_short_circuit_operator
[2026-08-20T11:04:16.857+0000] {logging_mixin.py:190} INFO - [2026-08-20T11:04:16.857+0000] {dag.py:3239} INFO - Sync 1 DAGs
[2026-08-20T11:04:16.866+0000] {logging_mixin.py:190} INFO - [2026-08-20T11:04:16.866+0000] {dag.py:3262} INFO - Creating ORM DAG for example_short_circuit_operator
[2026-08-20T11:04:16.866+0000] {logging_mixin.py:190} INFO - [2026-08-20T11:04:16.866+0000] {dag.py:4180} INFO - Setting next_dagrun for example_short_circuit_operator to None, run_after=None
[2026-08-20T11:04:16.883+0000] {processor.py:208} INFO - Processing /workspaces/lab-2/.venv/lib/python3.12/site-packages/airflow/example_dags/example_short_circuit_operator.py took 0.180 seconds
[2026-08-20T11:05:18.207+0000] {processor.py:186} INFO - Started process (PID=25312) to work on /workspaces/lab-2/.venv/lib/python3.12/site-packages/airflow/example_dags/example_short_circuit_operator.py
[2026-08-20T11:05:18.208+0000] {processor.py:914} INFO - Processing file /workspaces/lab-2/.venv/lib/python3.12/site-packages/airflow/example_dags/example_short_circuit_operator.py for tasks to queue
[2026-08-20T11:05:18.210+0000] {logging_mixin.py:190} INFO - [2026-08-20T11:05:18.209+0000] {dagbag.py:588} INFO - Filling up the DagBag from /workspaces/lab-2/.venv/lib/python3.12/site-packages/airflow/example_dags/example_short_circuit_operator.py
[2026-08-20T11:05:18.217+0000] {processor.py:925} INFO - DAG(s) 'example_short_circuit_operator' retrieved from /workspaces/lab-2/.venv/lib/python3.12/site-packages/airflow/example_dags/example_short_circuit_operator.py
[2026-08-20T11:05:18.234+0000] {logging_mixin.py:190} INFO - [2026-08-20T11:05:18.234+0000] {dag.py:3239} INFO - Sync 1 DAGs
[2026-08-20T11:05:18.245+0000] {logging_mixin.py:190} INFO - [2026-08-20T11:05:18.244+0000] {dag.py:4180} INFO - Setting next_dagrun for example_short_circuit_operator to None, run_after=None
[2026-08-20T11:05:18.261+0000] {processor.py:208} INFO - Processing /workspaces/lab-2/.venv/lib/python3.12/site-packages/airflow/example_dags/example_short_circuit_operator.py took 0.059 seconds
[2026-08-20T11:06:11.928+0000] {processor.py:186} INFO - Started process (PID=26090) to work on /workspaces/lab-2/.venv/lib/python3.12/site-packages/airflow/example_dags/example_short_circuit_operator.py
[2026-08-20T11:06:11.929+0000] {processor.py:914} INFO - Processing file /workspaces/lab-2/.venv/lib/python3.12/site-packages/airflow/example_dags/example_short_circuit_operator.py for tasks to queue
[2026-08-20T11:06:11.930+0000] {logging_mixin.py:190} INFO - [2026-08-20T11:06:11.930+0000] {dagbag.py:588} INFO - Filling up the DagBag from /workspaces/lab-2/.venv/lib/python3.12/site-packages/airflow/example_dags/example_short_circuit_operator.py
[2026-08-20T11:06:11.938+0000] {processor.py:925} INFO - DAG(s) 'example_short_circuit_operator' retrieved from /workspaces/lab-2/.venv/lib/python3.12/site-packages/airflow/example_dags/example_short_circuit_operator.py
[2026-08-20T11:06:11.954+0000] {logging_mixin.py:190} INFO - [2026-08-20T11:06:11.954+0000] {dag.py:3239} INFO - Sync 1 DAGs
[2026-08-20T11:06:11.964+0000] {logging_mixin.py:190} INFO - [2026-08-20T11:06:11.964+0000] {dag.py:4180} INFO - Setting next_dagrun for example_short_circuit_operator to None, run_after=None
[2026-08-20T11:06:11.983+0000] {processor.py:208} INFO - Processing /workspaces/lab-2/.venv/lib/python3.12/site-packages/airflow/example_dags/example_short_circuit_operator.py took 0.060 seconds
[2026-08-20T11:06:59.287+0000] {processor.py:186} INFO - Started process (PID=26879) to work on /workspaces/lab-2/.venv/lib/python3.12/site-packages/airflow/example_dags/example_short_circuit_operator.py
[2026-08-20T11:06:59.288+0000] {processor.py:914} INFO - Processing file /workspaces/lab-2/.venv/lib/python3.12/site-packages/airflow/example_dags/example_short_circuit_operator.py for tasks to queue
[2026-08-20T11:06:59.290+0000] {logging_mixin.py:190} INFO - [2026-08-20T11:06:59.290+0000] {dagbag.py:588} INFO - Filling up the DagBag from /workspaces/lab-2/.venv/lib/python3.12/site-packages/airflow/example_dags/example_short_circuit_operator.py
[2026-08-20T11:06:59.297+0000] {processor.py:925} INFO - DAG(s) 'example_short_circuit_operator' retrieved from /workspaces/lab-2/.venv/lib/python3.12/site-packages/airflow/example_dags/example_short_circuit_operator.py
[2026-08-20T11:06:59.315+0000] {logging_mixin.py:190} INFO - [2026-08-20T11:06:59.315+0000] {dag.py:3239} INFO - Sync 1 DAGs
[2026-08-20T11:06:59.325+0000] {logging_mixin.py:190} INFO - [2026-08-20T11:06:59.325+0000] {dag.py:4180} INFO - Setting next_dagrun for example_short_circuit_operator to None, run_after=None
[2026-08-20T11:06:59.342+0000] {processor.py:208} INFO - Processing /workspaces/lab-2/.venv/lib/python3.12/site-packages/airflow/example_dags/example_short_circuit_operator.py took 0.059 seconds
[2026-08-20T11:07:54.929+0000] {processor.py:186} INFO - Started process (PID=27545) to work on /workspaces/lab-2/.venv/lib/python3.12/site-packages/airflow/example_dags/example_short_circuit_operator.py
[2026-08-20T11:07:54.930+0000] {processor.py:914} INFO - Processing file /workspaces/lab-2/.venv/lib/python3.12/site-packages/airflow/example_dags/example_short_circuit_operator.py for tasks to queue
[2026-08-20T11:07:54.931+0000] {logging_mixin.py:190} INFO - [2026-08-20T11:07:54.931+0000] {dagbag.py:588} INFO - Filling up the DagBag from /workspaces/lab-2/.venv/lib/python3.12/site-packages/airflow/example_dags/example_short_circuit_operator.py
[2026-08-20T11:07:54.939+0000] {processor.py:925} INFO - DAG(s) 'example_short_circuit_operator' retrieved from /workspaces/lab-2/.venv/lib/python3.12/site-packages/airflow/example_dags/example_short_circuit_operator.py
[2026-08-20T11:07:54.957+0000] {logging_mixin.py:190} INFO - [2026-08-20T11:07:54.957+0000] {dag.py:3239} INFO - Sync 1 DAGs
[2026-08-20T11:07:54.969+0000] {logging_mixin.py:190} INFO - [2026-08-20T11:07:54.968+0000] {dag.py:4180} INFO - Setting next_dagrun for example_short_circuit_operator to None, run_after=None
[2026-08-20T11:07:54.986+0000] {processor.py:208} INFO - Processing /workspaces/lab-2/.venv/lib/python3.12/site-packages/airflow/example_dags/example_short_circuit_operator.py took 0.063 seconds
[2026-08-20T11:08:50.887+0000] {processor.py:186} INFO - Started process (PID=28756) to work on /workspaces/lab-2/.venv/lib/python3.12/site-packages/airflow/example_dags/example_short_circuit_operator.py
[2026-08-20T11:08:50.888+0000] {processor.py:914} INFO - Processing file /workspaces/lab-2/.venv/lib/python3.12/site-packages/airflow/example_dags/example_short_circuit_operator.py for tasks to queue
[2026-08-20T11:08:50.889+0000] {logging_mixin.py:190} INFO - [2026-08-20T11:08:50.889+0000] {dagbag.py:588} INFO - Filling up the DagBag from /workspaces/lab-2/.venv/lib/python3.12/site-packages/airflow/example_dags/example_short_circuit_operator.py
[2026-08-20T11:08:50.897+0000] {processor.py:925} INFO - DAG(s) 'example_short_circuit_operator' retrieved from /workspaces/lab-2/.venv/lib/python3.12/site-packages/airflow/example_dags/example_short_circuit_operator.py
[2026-08-20T11:08:50.912+0000] {logging_mixin.py:190} INFO - [2026-08-20T11:08:50.912+0000] {dag.py:3239} INFO - Sync 1 DAGs
[2026-08-20T11:08:50.922+0000] {logging_mixin.py:190} INFO - [2026-08-20T11:08:50.922+0000] {dag.py:4180} INFO - Setting next_dagrun for example_short_circuit_operator to None, run_after=None
[2026-08-20T11:08:50.941+0000] {processor.py:208} INFO - Processing /workspaces/lab-2/.venv/lib/python3.12/site-packages/airflow/example_dags/example_short_circuit_operator.py took 0.059 seconds
[2026-08-20T11:09:45.120+0000] {processor.py:186} INFO - Started process (PID=29717) to work on /workspaces/lab-2/.venv/lib/python3.12/site-packages/airflow/example_dags/example_short_circuit_operator.py
[2026-08-20T11:09:45.120+0000] {processor.py:914} INFO - Processing file /workspaces/lab-2/.venv/lib/python3.12/site-packages/airflow/example_dags/example_short_circuit_operator.py for tasks to queue
[2026-08-20T11:09:45.123+0000] {logging_mixin.py:190} INFO - [2026-08-20T11:09:45.122+0000] {dagbag.py:588} INFO - Filling up the DagBag from /workspaces/lab-2/.venv/lib/python3.12/site-packages/airflow/example_dags/example_short_circuit_operator.py
[2026-08-20T11:09:45.133+0000] {processor.py:925} INFO - DAG(s) 'example_short_circuit_operator' retrieved from /workspaces/lab-2/.venv/lib/python3.12/site-packages/airflow/example_dags/example_short_circuit_operator.py
[2026-08-20T11:09:45.156+0000] {logging_mixin.py:190} INFO - [2026-08-20T11:09:45.155+0000] {dag.py:3239} INFO - Sync 1 DAGs
[2026-08-20T11:09:45.169+0000] {logging_mixin.py:190} INFO - [2026-08-20T11:09:45.169+0000] {dag.py:4180} INFO - Setting next_dagrun for example_short_circuit_operator to None, run_after=None
[2026-08-20T11:09:45.192+0000] {processor.py:208} INFO - Processing /workspaces/lab-2/.venv/lib/python3.12/site-packages/airflow/example_dags/example_short_circuit_operator.py took 0.078 seconds
[2026-08-20T11:10:39.298+0000] {processor.py:186} INFO - Started process (PID=30663) to work on /workspaces/lab-2/.venv/lib/python3.12/site-packages/airflow/example_dags/example_short_circuit_operator.py
[2026-08-20T11:10:39.299+0000] {processor.py:914} INFO - Processing file /workspaces/lab-2/.venv/lib/python3.12/site-packages/airflow/example_dags/example_short_circuit_operator.py for tasks to queue
[2026-08-20T11:10:39.301+0000] {logging_mixin.py:190} INFO - [2026-08-20T11:10:39.301+0000] {dagbag.py:588} INFO - Filling up the DagBag from /workspaces/lab-2/.venv/lib/python3.12/site-packages/airflow/example_dags/example_short_circuit_operator.py
[2026-08-20T11:10:39.308+0000] {processor.py:925} INFO - DAG(s) 'example_short_circuit_operator' retrieved from /workspaces/lab-2/.venv/lib/python3.12/site-packages/airflow/example_dags/example_short_circuit_operator.py
[2026-08-20T11:10:39.324+0000] {logging_mixin.py:190} INFO - [2026-08-20T11:10:39.323+0000] {dag.py:3239} INFO - Sync 1 DAGs
[2026-08-20T11:10:39.333+0000] {logging_mixin.py:190} INFO - [2026-08-20T11:10:39.333+0000] {dag.py:4180} INFO - Setting next_dagrun for example_short_circuit_operator to None, run_after=None
[2026-08-20T11:10:39.351+0000] {processor.py:208} INFO - Processing /workspaces/lab-2/.venv/lib/python3.12/site-packages/airflow/example_dags/example_short_circuit_operator.py took 0.058 seconds
[2026-08-20T11:11:33.508+0000] {processor.py:186} INFO - Started process (PID=31587) to work on /workspaces/lab-2/.venv/lib/python3.12/site-packages/airflow/example_dags/example_short_circuit_operator.py
[2026-08-20T11:11:33.509+0000] {processor.py:914} INFO - Processing file /workspaces/lab-2/.venv/lib/python3.12/site-packages/airflow/example_dags/example_short_circuit_operator.py for tasks to queue
[2026-08-20T11:11:33.511+0000] {logging_mixin.py:190} INFO - [2026-08-20T11:11:33.511+0000] {dagbag.py:588} INFO - Filling up the DagBag from /workspaces/lab-2/.venv/lib/python3.12/site-packages/airflow/example_dags/example_short_circuit_operator.py
[2026-08-20T11:11:33.520+0000] {processor.py:925} INFO - DAG(s) 'example_short_circuit_operator' retrieved from /workspaces/lab-2/.venv/lib/python3.12/site-packages/airflow/example_dags/example_short_circuit_operator.py
[2026-08-20T11:11:33.536+0000] {logging_mixin.py:190} INFO - [2026-08-20T11:11:33.536+0000] {dag.py:3239} INFO - Sync 1 DAGs
[2026-08-20T11:11:33.547+0000] {logging_mixin.py:190} INFO - [2026-08-20T11:11:33.547+0000] {dag.py:4180} INFO - Setting next_dagrun for example_short_circuit_operator to None, run_after=None
[2026-08-20T11:11:33.566+0000] {processor.py:208} INFO - Processing /workspaces/lab-2/.venv/lib/python3.12/site-packages/airflow/example_dags/example_short_circuit_operator.py took 0.064 seconds
[2026-08-20T11:11:35.673+0000] {processor.py:186} INFO - Started process (PID=31622) to work on /workspaces/lab-2/.venv/lib/python3.12/site-packages/airflow/example_dags/example_short_circuit_operator.py
[2026-08-20T11:11:35.674+0000] {processor.py:914} INFO - Processing file /workspaces/lab-2/.venv/lib/python3.12/site-packages/airflow/example_dags/example_short_circuit_operator.py for tasks to queue
[2026-08-20T11:11:35.676+0000] {logging_mixin.py:190} INFO - [2026-08-20T11:11:35.676+0000] {dagbag.py:588} INFO - Filling up the DagBag from /workspaces/lab-2/.venv/lib/python3.12/site-packages/airflow/example_dags/example_short_circuit_operator.py
[2026-08-20T11:11:35.683+0000] {processor.py:925} INFO - DAG(s) 'example_short_circuit_operator' retrieved from /workspaces/lab-2/.venv/lib/python3.12/site-packages/airflow/example_dags/example_short_circuit_operator.py
[2026-08-20T11:11:35.702+0000] {logging_mixin.py:190} INFO - [2026-08-20T11:11:35.702+0000] {dag.py:3239} INFO - Sync 1 DAGs
[2026-08-20T11:11:35.712+0000] {logging_mixin.py:190} INFO - [2026-08-20T11:11:35.712+0000] {dag.py:4180} INFO - Setting next_dagrun for example_short_circuit_operator to None, run_after=None
[2026-08-20T11:11:35.730+0000] {processor.py:208} INFO - Processing /workspaces/lab-2/.venv/lib/python3.12/site-packages/airflow/example_dags/example_short_circuit_operator.py took 0.061 seconds
[2026-08-20T11:12:26.889+0000] {processor.py:186} INFO - Started process (PID=32862) to work on /workspaces/lab-2/.venv/lib/python3.12/site-packages/airflow/example_dags/example_short_circuit_operator.py
[2026-08-20T11:12:26.890+0000] {processor.py:914} INFO - Processing file /workspaces/lab-2/.venv/lib/python3.12/site-packages/airflow/example_dags/example_short_circuit_operator.py for tasks to queue
[2026-08-20T11:12:26.892+0000] {logging_mixin.py:190} INFO - [2026-08-20T11:12:26.891+0000] {dagbag.py:588} INFO - Filling up the DagBag from /workspaces/lab-2/.venv/lib/python3.12/site-packages/airflow/example_dags/example_short_circuit_operator.py
[2026-08-20T11:12:26.900+0000] {processor.py:925} INFO - DAG(s) 'example_short_circuit_operator' retrieved from /workspaces/lab-2/.venv/lib/python3.12/site-packages/airflow/example_dags/example_short_circuit_operator.py
[2026-08-20T11:12:26.923+0000] {logging_mixin.py:190} INFO - [2026-08-20T11:12:26.922+0000] {dag.py:3239} INFO - Sync 1 DAGs
[2026-08-20T11:12:26.937+0000] {logging_mixin.py:190} INFO - [2026-08-20T11:12:26.937+0000] {dag.py:4180} INFO - Setting next_dagrun for example_short_circuit_operator to None, run_after=None
[2026-08-20T11:12:26.964+0000] {processor.py:208} INFO - Processing /workspaces/lab-2/.venv/lib/python3.12/site-packages/airflow/example_dags/example_short_circuit_operator.py took 0.081 seconds
[2026-08-20T11:12:32.769+0000] {processor.py:186} INFO - Started process (PID=32904) to work on /workspaces/lab-2/.venv/lib/python3.12/site-packages/airflow/example_dags/example_short_circuit_operator.py
[2026-08-20T11:12:32.770+0000] {processor.py:914} INFO - Processing file /workspaces/lab-2/.venv/lib/python3.12/site-packages/airflow/example_dags/example_short_circuit_operator.py for tasks to queue
[2026-08-20T11:12:32.772+0000] {logging_mixin.py:190} INFO - [2026-08-20T11:12:32.772+0000] {dagbag.py:588} INFO - Filling up the DagBag from /workspaces/lab-2/.venv/lib/python3.12/site-packages/airflow/example_dags/example_short_circuit_operator.py
[2026-08-20T11:12:32.782+0000] {processor.py:925} INFO - DAG(s) 'example_short_circuit_operator' retrieved from /workspaces/lab-2/.venv/lib/python3.12/site-packages/airflow/example_dags/example_short_circuit_operator.py
[2026-08-20T11:12:32.799+0000] {logging_mixin.py:190} INFO - [2026-08-20T11:12:32.799+0000] {dag.py:3239} INFO - Sync 1 DAGs
[2026-08-20T11:12:32.809+0000] {logging_mixin.py:190} INFO - [2026-08-20T11:12:32.809+0000] {dag.py:4180} INFO - Setting next_dagrun for example_short_circuit_operator to None, run_after=None
[2026-08-20T11:12:32.830+0000] {processor.py:208} INFO - Processing /workspaces/lab-2/.venv/lib/python3.12/site-packages/airflow/example_dags/example_short_circuit_operator.py took 0.067 seconds
[2026-08-20T11:13:25.104+0000] {processor.py:186} INFO - Started process (PID=33833) to work on /workspaces/lab-2/.venv/lib/python3.12/site-packages/airflow/example_dags/example_short_circuit_operator.py
[2026-08-20T11:13:25.104+0000] {processor.py:914} INFO - Processing file /workspaces/lab-2/.venv/lib/python3.12/site-packages/airflow/example_dags/example_short_circuit_operator.py for tasks to queue
[2026-08-20T11:13:25.106+0000] {logging_mixin.py:190} INFO - [2026-08-20T11:13:25.106+0000] {dagbag.py:588} INFO - Filling up the DagBag from /workspaces/lab-2/.venv/lib/python3.12/site-packages/airflow/example_dags/example_short_circuit_operator.py
[2026-08-20T11:13:25.114+0000] {processor.py:925} INFO - DAG(s) 'example_short_circuit_operator' retrieved from /workspaces/lab-2/.venv/lib/python3.12/site-packages/airflow/example_dags/example_short_circuit_operator.py
[2026-08-20T11:13:25.203+0000] {logging_mixin.py:190} INFO - [2026-08-20T11:13:25.203+0000] {dag.py:3239} INFO - Sync 1 DAGs
[2026-08-20T11:13:25.212+0000] {logging_mixin.py:190} INFO - [2026-08-20T11:13:25.211+0000] {dag.py:4180} INFO - Setting next_dagrun for example_short_circuit_operator to None, run_after=None
[2026-08-20T11:13:25.230+0000] {processor.py:208} INFO - Processing /workspaces/lab-2/.venv/lib/python3.12/site-packages/airflow/example_dags/example_short_circuit_operator.py took 0.131 seconds
[2026-08-20T11:13:25.797+0000] {processor.py:186} INFO - Started process (PID=33841) to work on /workspaces/lab-2/.venv/lib/python3.12/site-packages/airflow/example_dags/example_short_circuit_operator.py
[2026-08-20T11:13:25.798+0000] {processor.py:914} INFO - Processing file /workspaces/lab-2/.venv/lib/python3.12/site-packages/airflow/example_dags/example_short_circuit_operator.py for tasks to queue
[2026-08-20T11:13:25.800+0000] {logging_mixin.py:190} INFO - [2026-08-20T11:13:25.800+0000] {dagbag.py:588} INFO - Filling up the DagBag from /workspaces/lab-2/.venv/lib/python3.12/site-packages/airflow/example_dags/example_short_circuit_operator.py
[2026-08-20T11:13:25.808+0000] {processor.py:925} INFO - DAG(s) 'example_short_circuit_operator' retrieved from /workspaces/lab-2/.venv/lib/python3.12/site-packages/airflow/example_dags/example_short_circuit_operator.py
[2026-08-20T11:13:25.815+0000] {logging_mixin.py:190} INFO - [2026-08-20T11:13:25.815+0000] {dag.py:3239} INFO - Sync 1 DAGs
[2026-08-20T11:13:25.826+0000] {logging_mixin.py:190} INFO - [2026-08-20T11:13:25.826+0000] {dag.py:4180} INFO - Setting next_dagrun for example_short_circuit_operator to None, run_after=None
[2026-08-20T11:13:25.844+0000] {processor.py:208} INFO - Processing /workspaces/lab-2/.venv/lib/python3.12/site-packages/airflow/example_dags/example_short_circuit_operator.py took 0.052 seconds
[2026-08-20T11:14:21.035+0000] {processor.py:186} INFO - Started process (PID=35065) to work on /workspaces/lab-2/.venv/lib/python3.12/site-packages/airflow/example_dags/example_short_circuit_operator.py
[2026-08-20T11:14:21.036+0000] {processor.py:914} INFO - Processing file /workspaces/lab-2/.venv/lib/python3.12/site-packages/airflow/example_dags/example_short_circuit_operator.py for tasks to queue
[2026-08-20T11:14:21.039+0000] {logging_mixin.py:190} INFO - [2026-08-20T11:14:21.038+0000] {dagbag.py:588} INFO - Filling up the DagBag from /workspaces/lab-2/.venv/lib/python3.12/site-packages/airflow/example_dags/example_short_circuit_operator.py
[2026-08-20T11:14:21.049+0000] {processor.py:925} INFO - DAG(s) 'example_short_circuit_operator' retrieved from /workspaces/lab-2/.venv/lib/python3.12/site-packages/airflow/example_dags/example_short_circuit_operator.py
[2026-08-20T11:14:21.076+0000] {logging_mixin.py:190} INFO - [2026-08-20T11:14:21.075+0000] {dag.py:3239} INFO - Sync 1 DAGs
[2026-08-20T11:14:21.087+0000] {logging_mixin.py:190} INFO - [2026-08-20T11:14:21.087+0000] {dag.py:4180} INFO - Setting next_dagrun for example_short_circuit_operator to None, run_after=None
[2026-08-20T11:14:21.110+0000] {processor.py:208} INFO - Processing /workspaces/lab-2/.venv/lib/python3.12/site-packages/airflow/example_dags/example_short_circuit_operator.py took 0.081 seconds
[2026-08-20T11:14:24.879+0000] {processor.py:186} INFO - Started process (PID=35100) to work on /workspaces/lab-2/.venv/lib/python3.12/site-packages/airflow/example_dags/example_short_circuit_operator.py
[2026-08-20T11:14:24.880+0000] {processor.py:914} INFO - Processing file /workspaces/lab-2/.venv/lib/python3.12/site-packages/airflow/example_dags/example_short_circuit_operator.py for tasks to queue
[2026-08-20T11:14:24.881+0000] {logging_mixin.py:190} INFO - [2026-08-20T11:14:24.881+0000] {dagbag.py:588} INFO - Filling up the DagBag from /workspaces/lab-2/.venv/lib/python3.12/site-packages/airflow/example_dags/example_short_circuit_operator.py
[2026-08-20T11:14:24.889+0000] {processor.py:925} INFO - DAG(s) 'example_short_circuit_operator' retrieved from /workspaces/lab-2/.venv/lib/python3.12/site-packages/airflow/example_dags/example_short_circuit_operator.py
[2026-08-20T11:14:24.904+0000] {logging_mixin.py:190} INFO - [2026-08-20T11:14:24.904+0000] {dag.py:3239} INFO - Sync 1 DAGs
[2026-08-20T11:14:24.914+0000] {logging_mixin.py:190} INFO - [2026-08-20T11:14:24.914+0000] {dag.py:4180} INFO - Setting next_dagrun for example_short_circuit_operator to None, run_after=None
[2026-08-20T11:14:24.932+0000] {processor.py:208} INFO - Processing /workspaces/lab-2/.venv/lib/python3.12/site-packages/airflow/example_dags/example_short_circuit_operator.py took 0.058 seconds
[2026-08-20T11:16:56.702+0000] {processor.py:186} INFO - Started process (PID=39866) to work on /workspaces/lab-2/.venv/lib/python3.12/site-packages/airflow/example_dags/example_short_circuit_operator.py
[2026-08-20T11:16:56.708+0000] {processor.py:914} INFO - Processing file /workspaces/lab-2/.venv/lib/python3.12/site-packages/airflow/example_dags/example_short_circuit_operator.py for tasks to queue
[2026-08-20T11:16:56.720+0000] {logging_mixin.py:190} INFO - [2026-08-20T11:16:56.719+0000] {dagbag.py:588} INFO - Filling up the DagBag from /workspaces/lab-2/.venv/lib/python3.12/site-packages/airflow/example_dags/example_short_circuit_operator.py
[2026-08-20T11:16:56.768+0000] {processor.py:925} INFO - DAG(s) 'example_short_circuit_operator' retrieved from /workspaces/lab-2/.venv/lib/python3.12/site-packages/airflow/example_dags/example_short_circuit_operator.py
[2026-08-20T11:16:57.186+0000] {logging_mixin.py:190} INFO - [2026-08-20T11:16:57.186+0000] {dag.py:3239} INFO - Sync 1 DAGs
[2026-08-20T11:16:57.239+0000] {logging_mixin.py:190} INFO - [2026-08-20T11:16:57.239+0000] {dag.py:4180} INFO - Setting next_dagrun for example_short_circuit_operator to None, run_after=None
[2026-08-20T11:16:57.301+0000] {processor.py:208} INFO - Processing /workspaces/lab-2/.venv/lib/python3.12/site-packages/airflow/example_dags/example_short_circuit_operator.py took 0.645 seconds
