[2026-08-20T11:04:04.568+0000] {processor.py:186} INFO - Started process (PID=24307) to work on /workspaces/lab-2/.venv/lib/python3.12/site-packages/airflow/example_dags/example_workday_timetable.py
[2026-08-20T11:04:04.568+0000] {processor.py:914} INFO - Processing file /workspaces/lab-2/.venv/lib/python3.12/site-packages/airflow/example_dags/example_workday_timetable.py for tasks to queue
[2026-08-20T11:04:04.570+0000] {logging_mixin.py:190} INFO - [2026-08-20T11:04:04.570+0000] {dagbag.py:588} INFO - Filling up the DagBag from /workspaces/lab-2/.venv/lib/python3.12/site-packages/airflow/example_dags/example_workday_timetable.py
[2026-08-20T11:04:04.576+0000] {processor.py:925} INFO - DAG(s) 'example_workday_timetable' retrieved from /workspaces/lab-2/.venv/lib/python3.12/site-packages/airflow/example_dags/example_workday_timetable.py
[2026-08-20T11:04:04.675+0000] {logging_mixin.py:190} INFO - [2026-08-20T11:04:04.674+0000] {override.py:1900} INFO - Created Permission View: can edit on DAG:example_workday_timetable
[2026-08-20T11:04:04.688+0000] {logging_mixin.py:190} INFO - [2026-08-20T11:04:04.687+0000] {override.py:1900} INFO - Created Permission View: can read on DAG:example_workday_timetable
[2026-08-20T11:04:04.695+0000] {logging_mixin.py:190} INFO - [2026-08-20T11:04:04.695+0000] {override.py:1900} INFO - Created Permission View: can delete on DAG:example_workday_timetable
[2026-08-20T11:04:04.706+0000] {logging_mixin.py:190} INFO - [2026-08-20T11:04:04.706+0000] {override.py:1900} INFO - Created Permission View: can create on DAG Run:example_workday_timetable
[2026-08-20T11:04:04.714+0000] {logging_mixin.py:190} INFO - [2026-08-20T11:04:04.713+0000] {override.py:1900} INFO - Created Permission View: can read on DAG Run:example_workday_timetable
[2026-08-20T11:04:04.721+0000] {logging_mixin.py:190} INFO - [2026-08-20T11:04:04.721+0000] {override.py:1900} INFO - Created Permission View: menu access on DAG Run:example_workday_timetable
[2026-08-20T11:04:04.727+0000] {logging_mixin.py:190} INFO - [2026-08-20T11:04:04.727+0000] {override.py:1900} INFO - Created Permission View: can delete on DAG Run:example_workday_timetable
[2026-08-20T11:04:04.728+0000] {logging_mixin.py:190} INFO - [2026-08-20T11:04:04.727+0000] {dag.py:3239} INFO - Sync 1 DAGs
[2026-08-20T11:04:04.737+0000] {logging_mixin.py:190} INFO - [2026-08-20T11:04:04.737+0000] {dag.py:3262} INFO - Creating ORM DAG for example_workday_timetable
[2026-08-20T11:04:04.795+0000] {logging_mixin.py:190} INFO - [2026-08-20T11:04:04.795+0000] {dag.py:4180} INFO - Setting next_dagrun for example_workday_timetable to 2021-01-04 00:00:00+00:00, run_after=2021-01-05 00:00:00+00:00
[2026-08-20T11:04:04.819+0000] {processor.py:208} INFO - Processing /workspaces/lab-2/.venv/lib/python3.12/site-packages/airflow/example_dags/example_workday_timetable.py took 0.255 seconds
[2026-08-20T11:05:06.988+0000] {processor.py:186} INFO - Started process (PID=25224) to work on /workspaces/lab-2/.venv/lib/python3.12/site-packages/airflow/example_dags/example_workday_timetable.py
[2026-08-20T11:05:06.989+0000] {processor.py:914} INFO - Processing file /workspaces/lab-2/.venv/lib/python3.12/site-packages/airflow/example_dags/example_workday_timetable.py for tasks to queue
[2026-08-20T11:05:06.991+0000] {logging_mixin.py:190} INFO - [2026-08-20T11:05:06.991+0000] {dagbag.py:588} INFO - Filling up the DagBag from /workspaces/lab-2/.venv/lib/python3.12/site-packages/airflow/example_dags/example_workday_timetable.py
[2026-08-20T11:05:06.996+0000] {processor.py:925} INFO - DAG(s) 'example_workday_timetable' retrieved from /workspaces/lab-2/.venv/lib/python3.12/site-packages/airflow/example_dags/example_workday_timetable.py
[2026-08-20T11:05:07.011+0000] {logging_mixin.py:190} INFO - [2026-08-20T11:05:07.010+0000] {dag.py:3239} INFO - Sync 1 DAGs
[2026-08-20T11:05:07.054+0000] {logging_mixin.py:190} INFO - [2026-08-20T11:05:07.054+0000] {dag.py:4180} INFO - Setting next_dagrun for example_workday_timetable to 2021-01-04 00:00:00+00:00, run_after=2021-01-05 00:00:00+00:00
[2026-08-20T11:05:07.072+0000] {processor.py:208} INFO - Processing /workspaces/lab-2/.venv/lib/python3.12/site-packages/airflow/example_dags/example_workday_timetable.py took 0.089 seconds
[2026-08-20T11:06:01.625+0000] {processor.py:186} INFO - Started process (PID=26010) to work on /workspaces/lab-2/.venv/lib/python3.12/site-packages/airflow/example_dags/example_workday_timetable.py
[2026-08-20T11:06:01.625+0000] {processor.py:914} INFO - Processing file /workspaces/lab-2/.venv/lib/python3.12/site-packages/airflow/example_dags/example_workday_timetable.py for tasks to queue
[2026-08-20T11:06:01.627+0000] {logging_mixin.py:190} INFO - [2026-08-20T11:06:01.627+0000] {dagbag.py:588} INFO - Filling up the DagBag from /workspaces/lab-2/.venv/lib/python3.12/site-packages/airflow/example_dags/example_workday_timetable.py
[2026-08-20T11:06:01.633+0000] {processor.py:925} INFO - DAG(s) 'example_workday_timetable' retrieved from /workspaces/lab-2/.venv/lib/python3.12/site-packages/airflow/example_dags/example_workday_timetable.py
[2026-08-20T11:06:01.646+0000] {logging_mixin.py:190} INFO - [2026-08-20T11:06:01.646+0000] {dag.py:3239} INFO - Sync 1 DAGs
[2026-08-20T11:06:01.689+0000] {logging_mixin.py:190} INFO - [2026-08-20T11:06:01.688+0000] {dag.py:4180} INFO - Setting next_dagrun for example_workday_timetable to 2021-01-04 00:00:00+00:00, run_after=2021-01-05 00:00:00+00:00
[2026-08-20T11:06:01.707+0000] {processor.py:208} INFO - Processing /workspaces/lab-2/.venv/lib/python3.12/site-packages/airflow/example_dags/example_workday_timetable.py took 0.087 seconds
[2026-08-20T11:06:50.114+0000] {processor.py:186} INFO - Started process (PID=26709) to work on /workspaces/lab-2/.venv/lib/python3.12/site-packages/airflow/example_dags/example_workday_timetable.py
[2026-08-20T11:06:50.115+0000] {processor.py:914} INFO - Processing file /workspaces/lab-2/.venv/lib/python3.12/site-packages/airflow/example_dags/example_workday_timetable.py for tasks to queue
[2026-08-20T11:06:50.120+0000] {logging_mixin.py:190} INFO - [2026-08-20T11:06:50.119+0000] {dagbag.py:588} INFO - Filling up the DagBag from /workspaces/lab-2/.venv/lib/python3.12/site-packages/airflow/example_dags/example_workday_timetable.py
[2026-08-20T11:06:50.125+0000] {processor.py:925} INFO - DAG(s) 'example_workday_timetable' retrieved from /workspaces/lab-2/.venv/lib/python3.12/site-packages/airflow/example_dags/example_workday_timetable.py
[2026-08-20T11:06:50.142+0000] {logging_mixin.py:190} INFO - [2026-08-20T11:06:50.142+0000] {dag.py:3239} INFO - Sync 1 DAGs
[2026-08-20T11:06:50.189+0000] {logging_mixin.py:190} INFO - [2026-08-20T11:06:50.189+0000] {dag.py:4180} INFO - Setting next_dagrun for example_workday_timetable to 2021-01-04 00:00:00+00:00, run_after=2021-01-05 00:00:00+00:00
[2026-08-20T11:06:50.207+0000] {processor.py:208} INFO - Processing /workspaces/lab-2/.venv/lib/python3.12/site-packages/airflow/example_dags/example_workday_timetable.py took 0.097 seconds
[2026-08-20T11:07:44.676+0000] {processor.py:186} INFO - Started process (PID=27403) to work on /workspaces/lab-2/.venv/lib/python3.12/site-packages/airflow/example_dags/example_workday_timetable.py
[2026-08-20T11:07:44.677+0000] {processor.py:914} INFO - Processing file /workspaces/lab-2/.venv/lib/python3.12/site-packages/airflow/example_dags/example_workday_timetable.py for tasks to queue
[2026-08-20T11:07:44.679+0000] {logging_mixin.py:190} INFO - [2026-08-20T11:07:44.679+0000] {dagbag.py:588} INFO - Filling up the DagBag from /workspaces/lab-2/.venv/lib/python3.12/site-packages/airflow/example_dags/example_workday_timetable.py
[2026-08-20T11:07:44.685+0000] {processor.py:925} INFO - DAG(s) 'example_workday_timetable' retrieved from /workspaces/lab-2/.venv/lib/python3.12/site-packages/airflow/example_dags/example_workday_timetable.py
[2026-08-20T11:07:44.698+0000] {logging_mixin.py:190} INFO - [2026-08-20T11:07:44.697+0000] {dag.py:3239} INFO - Sync 1 DAGs
[2026-08-20T11:07:44.739+0000] {logging_mixin.py:190} INFO - [2026-08-20T11:07:44.739+0000] {dag.py:4180} INFO - Setting next_dagrun for example_workday_timetable to 2021-01-04 00:00:00+00:00, run_after=2021-01-05 00:00:00+00:00
[2026-08-20T11:07:44.760+0000] {processor.py:208} INFO - Processing /workspaces/lab-2/.venv/lib/python3.12/site-packages/airflow/example_dags/example_workday_timetable.py took 0.089 seconds
[2026-08-20T11:08:39.489+0000] {processor.py:186} INFO - Started process (PID=28622) to work on /workspaces/lab-2/.venv/lib/python3.12/site-packages/airflow/example_dags/example_workday_timetable.py
[2026-08-20T11:08:39.490+0000] {processor.py:914} INFO - Processing file /workspaces/lab-2/.venv/lib/python3.12/site-packages/airflow/example_dags/example_workday_timetable.py for tasks to queue
[2026-08-20T11:08:39.492+0000] {logging_mixin.py:190} INFO - [2026-08-20T11:08:39.491+0000] {dagbag.py:588} INFO - Filling up the DagBag from /workspaces/lab-2/.venv/lib/python3.12/site-packages/airflow/example_dags/example_workday_timetable.py
[2026-08-20T11:08:39.499+0000] {processor.py:925} INFO - DAG(s) 'example_workday_timetable' retrieved from /workspaces/lab-2/.venv/lib/python3.12/site-packages/airflow/example_dags/example_workday_timetable.py
[2026-08-20T11:08:39.517+0000] {logging_mixin.py:190} INFO - [2026-08-20T11:08:39.517+0000] {dag.py:3239} INFO - Sync 1 DAGs
[2026-08-20T11:08:39.584+0000] {logging_mixin.py:190} INFO - [2026-08-20T11:08:39.584+0000] {dag.py:4180} INFO - Setting next_dagrun for example_workday_timetable to 2021-01-04 00:00:00+00:00, run_after=2021-01-05 00:00:00+00:00
[2026-08-20T11:08:39.617+0000] {processor.py:208} INFO - Processing /workspaces/lab-2/.venv/lib/python3.12/site-packages/airflow/example_dags/example_workday_timetable.py took 0.135 seconds
[2026-08-20T11:09:33.542+0000] {processor.py:186} INFO - Started process (PID=29485) to work on /workspaces/lab-2/.venv/lib/python3.12/site-packages/airflow/example_dags/example_workday_timetable.py
[2026-08-20T11:09:33.543+0000] {processor.py:914} INFO - Processing file /workspaces/lab-2/.venv/lib/python3.12/site-packages/airflow/example_dags/example_workday_timetable.py for tasks to queue
[2026-08-20T11:09:33.546+0000] {logging_mixin.py:190} INFO - [2026-08-20T11:09:33.545+0000] {dagbag.py:588} INFO - Filling up the DagBag from /workspaces/lab-2/.venv/lib/python3.12/site-packages/airflow/example_dags/example_workday_timetable.py
[2026-08-20T11:09:33.553+0000] {processor.py:925} INFO - DAG(s) 'example_workday_timetable' retrieved from /workspaces/lab-2/.venv/lib/python3.12/site-packages/airflow/example_dags/example_workday_timetable.py
[2026-08-20T11:09:33.571+0000] {logging_mixin.py:190} INFO - [2026-08-20T11:09:33.571+0000] {dag.py:3239} INFO - Sync 1 DAGs
[2026-08-20T11:09:33.628+0000] {logging_mixin.py:190} INFO - [2026-08-20T11:09:33.628+0000] {dag.py:4180} INFO - Setting next_dagrun for example_workday_timetable to 2021-01-04 00:00:00+00:00, run_after=2021-01-05 00:00:00+00:00
[2026-08-20T11:09:33.657+0000] {processor.py:208} INFO - Processing /workspaces/lab-2/.venv/lib/python3.12/site-packages/airflow/example_dags/example_workday_timetable.py took 0.121 seconds
[2026-08-20T11:10:26.509+0000] {processor.py:186} INFO - Started process (PID=30466) to work on /workspaces/lab-2/.venv/lib/python3.12/site-packages/airflow/example_dags/example_workday_timetable.py
[2026-08-20T11:10:26.510+0000] {processor.py:914} INFO - Processing file /workspaces/lab-2/.venv/lib/python3.12/site-packages/airflow/example_dags/example_workday_timetable.py for tasks to queue
[2026-08-20T11:10:26.512+0000] {logging_mixin.py:190} INFO - [2026-08-20T11:10:26.512+0000] {dagbag.py:588} INFO - Filling up the DagBag from /workspaces/lab-2/.venv/lib/python3.12/site-packages/airflow/example_dags/example_workday_timetable.py
[2026-08-20T11:10:26.517+0000] {processor.py:925} INFO - DAG(s) 'example_workday_timetable' retrieved from /workspaces/lab-2/.venv/lib/python3.12/site-packages/airflow/example_dags/example_workday_timetable.py
[2026-08-20T11:10:26.531+0000] {logging_mixin.py:190} INFO - [2026-08-20T11:10:26.531+0000] {dag.py:3239} INFO - Sync 1 DAGs
[2026-08-20T11:10:26.579+0000] {logging_mixin.py:190} INFO - [2026-08-20T11:10:26.578+0000] {dag.py:4180} INFO - Setting next_dagrun for example_workday_timetable to 2021-01-04 00:00:00+00:00, run_after=2021-01-05 00:00:00+00:00
[2026-08-20T11:10:26.606+0000] {processor.py:208} INFO - Processing /workspaces/lab-2/.venv/lib/python3.12/site-packages/airflow/example_dags/example_workday_timetable.py took 0.101 seconds
[2026-08-20T11:11:15.672+0000] {processor.py:186} INFO - Started process (PID=31213) to work on /workspaces/lab-2/.venv/lib/python3.12/site-packages/airflow/example_dags/example_workday_timetable.py
[2026-08-20T11:11:15.678+0000] {processor.py:914} INFO - Processing file /workspaces/lab-2/.venv/lib/python3.12/site-packages/airflow/example_dags/example_workday_timetable.py for tasks to queue
[2026-08-20T11:11:15.684+0000] {logging_mixin.py:190} INFO - [2026-08-20T11:11:15.683+0000] {dagbag.py:588} INFO - Filling up the DagBag from /workspaces/lab-2/.venv/lib/python3.12/site-packages/airflow/example_dags/example_workday_timetable.py
[2026-08-20T11:11:15.698+0000] {processor.py:925} INFO - DAG(s) 'example_workday_timetable' retrieved from /workspaces/lab-2/.venv/lib/python3.12/site-packages/airflow/example_dags/example_workday_timetable.py
[2026-08-20T11:11:15.736+0000] {logging_mixin.py:190} INFO - [2026-08-20T11:11:15.736+0000] {dag.py:3239} INFO - Sync 1 DAGs
[2026-08-20T11:11:15.808+0000] {logging_mixin.py:190} INFO - [2026-08-20T11:11:15.808+0000] {dag.py:4180} INFO - Setting next_dagrun for example_workday_timetable to 2021-01-04 00:00:00+00:00, run_after=2021-01-05 00:00:00+00:00
[2026-08-20T11:11:15.848+0000] {processor.py:208} INFO - Processing /workspaces/lab-2/.venv/lib/python3.12/site-packages/airflow/example_dags/example_workday_timetable.py took 0.197 seconds
[2026-08-20T11:11:26.494+0000] {processor.py:186} INFO - Started process (PID=31532) to work on /workspaces/lab-2/.venv/lib/python3.12/site-packages/airflow/example_dags/example_workday_timetable.py
[2026-08-20T11:11:26.495+0000] {processor.py:914} INFO - Processing file /workspaces/lab-2/.venv/lib/python3.12/site-packages/airflow/example_dags/example_workday_timetable.py for tasks to queue
[2026-08-20T11:11:26.500+0000] {logging_mixin.py:190} INFO - [2026-08-20T11:11:26.499+0000] {dagbag.py:588} INFO - Filling up the DagBag from /workspaces/lab-2/.venv/lib/python3.12/site-packages/airflow/example_dags/example_workday_timetable.py
[2026-08-20T11:11:26.505+0000] {processor.py:925} INFO - DAG(s) 'example_workday_timetable' retrieved from /workspaces/lab-2/.venv/lib/python3.12/site-packages/airflow/example_dags/example_workday_timetable.py
[2026-08-20T11:11:26.523+0000] {logging_mixin.py:190} INFO - [2026-08-20T11:11:26.522+0000] {dag.py:3239} INFO - Sync 1 DAGs
[2026-08-20T11:11:26.566+0000] {logging_mixin.py:190} INFO - [2026-08-20T11:11:26.565+0000] {dag.py:4180} INFO - Setting next_dagrun for example_workday_timetable to 2021-01-04 00:00:00+00:00, run_after=2021-01-05 00:00:00+00:00
[2026-08-20T11:11:26.583+0000] {processor.py:208} INFO - Processing /workspaces/lab-2/.venv/lib/python3.12/site-packages/airflow/example_dags/example_workday_timetable.py took 0.094 seconds
[2026-08-20T11:12:08.435+0000] {processor.py:186} INFO - Started process (PID=32600) to work on /workspaces/lab-2/.venv/lib/python3.12/site-packages/airflow/example_dags/example_workday_timetable.py
[2026-08-20T11:12:08.437+0000] {processor.py:914} INFO - Processing file /workspaces/lab-2/.venv/lib/python3.12/site-packages/airflow/example_dags/example_workday_timetable.py for tasks to queue
[2026-08-20T11:12:08.441+0000] {logging_mixin.py:190} INFO - [2026-08-20T11:12:08.440+0000] {dagbag.py:588} INFO - Filling up the DagBag from /workspaces/lab-2/.venv/lib/python3.12/site-packages/airflow/example_dags/example_workday_timetable.py
[2026-08-20T11:12:08.456+0000] {processor.py:925} INFO - DAG(s) 'example_workday_timetable' retrieved from /workspaces/lab-2/.venv/lib/python3.12/site-packages/airflow/example_dags/example_workday_timetable.py
[2026-08-20T11:12:08.474+0000] {logging_mixin.py:190} INFO - [2026-08-20T11:12:08.474+0000] {dag.py:3239} INFO - Sync 1 DAGs
[2026-08-20T11:12:08.519+0000] {logging_mixin.py:190} INFO - [2026-08-20T11:12:08.519+0000] {dag.py:4180} INFO - Setting next_dagrun for example_workday_timetable to 2021-01-04 00:00:00+00:00, run_after=2021-01-05 00:00:00+00:00
[2026-08-20T11:12:08.537+0000] {processor.py:208} INFO - Processing /workspaces/lab-2/.venv/lib/python3.12/site-packages/airflow/example_dags/example_workday_timetable.py took 0.115 seconds
[2026-08-20T11:12:21.344+0000] {processor.py:186} INFO - Started process (PID=32810) to work on /workspaces/lab-2/.venv/lib/python3.12/site-packages/airflow/example_dags/example_workday_timetable.py
[2026-08-20T11:12:21.345+0000] {processor.py:914} INFO - Processing file /workspaces/lab-2/.venv/lib/python3.12/site-packages/airflow/example_dags/example_workday_timetable.py for tasks to queue
[2026-08-20T11:12:21.347+0000] {logging_mixin.py:190} INFO - [2026-08-20T11:12:21.347+0000] {dagbag.py:588} INFO - Filling up the DagBag from /workspaces/lab-2/.venv/lib/python3.12/site-packages/airflow/example_dags/example_workday_timetable.py
[2026-08-20T11:12:21.352+0000] {processor.py:925} INFO - DAG(s) 'example_workday_timetable' retrieved from /workspaces/lab-2/.venv/lib/python3.12/site-packages/airflow/example_dags/example_workday_timetable.py
[2026-08-20T11:12:21.365+0000] {logging_mixin.py:190} INFO - [2026-08-20T11:12:21.365+0000] {dag.py:3239} INFO - Sync 1 DAGs
[2026-08-20T11:12:21.409+0000] {logging_mixin.py:190} INFO - [2026-08-20T11:12:21.409+0000] {dag.py:4180} INFO - Setting next_dagrun for example_workday_timetable to 2021-01-04 00:00:00+00:00, run_after=2021-01-05 00:00:00+00:00
[2026-08-20T11:12:21.430+0000] {processor.py:208} INFO - Processing /workspaces/lab-2/.venv/lib/python3.12/site-packages/airflow/example_dags/example_workday_timetable.py took 0.091 seconds
[2026-08-20T11:13:03.429+0000] {processor.py:186} INFO - Started process (PID=33385) to work on /workspaces/lab-2/.venv/lib/python3.12/site-packages/airflow/example_dags/example_workday_timetable.py
[2026-08-20T11:13:03.431+0000] {processor.py:914} INFO - Processing file /workspaces/lab-2/.venv/lib/python3.12/site-packages/airflow/example_dags/example_workday_timetable.py for tasks to queue
[2026-08-20T11:13:03.435+0000] {logging_mixin.py:190} INFO - [2026-08-20T11:13:03.435+0000] {dagbag.py:588} INFO - Filling up the DagBag from /workspaces/lab-2/.venv/lib/python3.12/site-packages/airflow/example_dags/example_workday_timetable.py
[2026-08-20T11:13:03.450+0000] {processor.py:925} INFO - DAG(s) 'example_workday_timetable' retrieved from /workspaces/lab-2/.venv/lib/python3.12/site-packages/airflow/example_dags/example_workday_timetable.py
[2026-08-20T11:13:03.765+0000] {logging_mixin.py:190} INFO - [2026-08-20T11:13:03.762+0000] {dag.py:3239} INFO - Sync 1 DAGs
[2026-08-20T11:13:03.898+0000] {logging_mixin.py:190} INFO - [2026-08-20T11:13:03.898+0000] {dag.py:4180} INFO - Setting next_dagrun for example_workday_timetable to 2021-01-04 00:00:00+00:00, run_after=2021-01-05 00:00:00+00:00
[2026-08-20T11:13:04.039+0000] {processor.py:208} INFO - Processing /workspaces/lab-2/.venv/lib/python3.12/site-packages/airflow/example_dags/example_workday_timetable.py took 0.624 seconds
[2026-08-20T11:13:14.967+0000] {processor.py:186} INFO - Started process (PID=33610) to work on /workspaces/lab-2/.venv/lib/python3.12/site-packages/airflow/example_dags/example_workday_timetable.py
[2026-08-20T11:13:14.968+0000] {processor.py:914} INFO - Processing file /workspaces/lab-2/.venv/lib/python3.12/site-packages/airflow/example_dags/example_workday_timetable.py for tasks to queue
[2026-08-20T11:13:14.970+0000] {logging_mixin.py:190} INFO - [2026-08-20T11:13:14.970+0000] {dagbag.py:588} INFO - Filling up the DagBag from /workspaces/lab-2/.venv/lib/python3.12/site-packages/airflow/example_dags/example_workday_timetable.py
[2026-08-20T11:13:14.977+0000] {processor.py:925} INFO - DAG(s) 'example_workday_timetable' retrieved from /workspaces/lab-2/.venv/lib/python3.12/site-packages/airflow/example_dags/example_workday_timetable.py
[2026-08-20T11:13:14.984+0000] {logging_mixin.py:190} INFO - [2026-08-20T11:13:14.984+0000] {dag.py:3239} INFO - Sync 1 DAGs
[2026-08-20T11:13:15.030+0000] {logging_mixin.py:190} INFO - [2026-08-20T11:13:15.030+0000] {dag.py:4180} INFO - Setting next_dagrun for example_workday_timetable to 2021-01-04 00:00:00+00:00, run_after=2021-01-05 00:00:00+00:00
[2026-08-20T11:13:15.047+0000] {processor.py:208} INFO - Processing /workspaces/lab-2/.venv/lib/python3.12/site-packages/airflow/example_dags/example_workday_timetable.py took 0.085 seconds
[2026-08-20T11:14:06.622+0000] {processor.py:186} INFO - Started process (PID=34841) to work on /workspaces/lab-2/.venv/lib/python3.12/site-packages/airflow/example_dags/example_workday_timetable.py
[2026-08-20T11:14:06.623+0000] {processor.py:914} INFO - Processing file /workspaces/lab-2/.venv/lib/python3.12/site-packages/airflow/example_dags/example_workday_timetable.py for tasks to queue
[2026-08-20T11:14:06.626+0000] {logging_mixin.py:190} INFO - [2026-08-20T11:14:06.625+0000] {dagbag.py:588} INFO - Filling up the DagBag from /workspaces/lab-2/.venv/lib/python3.12/site-packages/airflow/example_dags/example_workday_timetable.py
[2026-08-20T11:14:06.633+0000] {processor.py:925} INFO - DAG(s) 'example_workday_timetable' retrieved from /workspaces/lab-2/.venv/lib/python3.12/site-packages/airflow/example_dags/example_workday_timetable.py
[2026-08-20T11:14:06.650+0000] {logging_mixin.py:190} INFO - [2026-08-20T11:14:06.650+0000] {dag.py:3239} INFO - Sync 1 DAGs
[2026-08-20T11:14:06.716+0000] {logging_mixin.py:190} INFO - [2026-08-20T11:14:06.716+0000] {dag.py:4180} INFO - Setting next_dagrun for example_workday_timetable to 2021-01-04 00:00:00+00:00, run_after=2021-01-05 00:00:00+00:00
[2026-08-20T11:14:06.735+0000] {processor.py:208} INFO - Processing /workspaces/lab-2/.venv/lib/python3.12/site-packages/airflow/example_dags/example_workday_timetable.py took 0.119 seconds
[2026-08-20T11:14:10.659+0000] {processor.py:186} INFO - Started process (PID=34890) to work on /workspaces/lab-2/.venv/lib/python3.12/site-packages/airflow/example_dags/example_workday_timetable.py
[2026-08-20T11:14:10.660+0000] {processor.py:914} INFO - Processing file /workspaces/lab-2/.venv/lib/python3.12/site-packages/airflow/example_dags/example_workday_timetable.py for tasks to queue
[2026-08-20T11:14:10.662+0000] {logging_mixin.py:190} INFO - [2026-08-20T11:14:10.661+0000] {dagbag.py:588} INFO - Filling up the DagBag from /workspaces/lab-2/.venv/lib/python3.12/site-packages/airflow/example_dags/example_workday_timetable.py
[2026-08-20T11:14:10.667+0000] {processor.py:925} INFO - DAG(s) 'example_workday_timetable' retrieved from /workspaces/lab-2/.venv/lib/python3.12/site-packages/airflow/example_dags/example_workday_timetable.py
[2026-08-20T11:14:10.680+0000] {logging_mixin.py:190} INFO - [2026-08-20T11:14:10.680+0000] {dag.py:3239} INFO - Sync 1 DAGs
[2026-08-20T11:14:10.724+0000] {logging_mixin.py:190} INFO - [2026-08-20T11:14:10.724+0000] {dag.py:4180} INFO - Setting next_dagrun for example_workday_timetable to 2021-01-04 00:00:00+00:00, run_after=2021-01-05 00:00:00+00:00
[2026-08-20T11:14:10.741+0000] {processor.py:208} INFO - Processing /workspaces/lab-2/.venv/lib/python3.12/site-packages/airflow/example_dags/example_workday_timetable.py took 0.088 seconds
[2026-08-20T11:16:44.356+0000] {processor.py:186} INFO - Started process (PID=39632) to work on /workspaces/lab-2/.venv/lib/python3.12/site-packages/airflow/example_dags/example_workday_timetable.py
[2026-08-20T11:16:44.363+0000] {processor.py:914} INFO - Processing file /workspaces/lab-2/.venv/lib/python3.12/site-packages/airflow/example_dags/example_workday_timetable.py for tasks to queue
[2026-08-20T11:16:44.373+0000] {logging_mixin.py:190} INFO - [2026-08-20T11:16:44.373+0000] {dagbag.py:588} INFO - Filling up the DagBag from /workspaces/lab-2/.venv/lib/python3.12/site-packages/airflow/example_dags/example_workday_timetable.py
[2026-08-20T11:16:44.419+0000] {processor.py:925} INFO - DAG(s) 'example_workday_timetable' retrieved from /workspaces/lab-2/.venv/lib/python3.12/site-packages/airflow/example_dags/example_workday_timetable.py
[2026-08-20T11:16:44.763+0000] {logging_mixin.py:190} INFO - [2026-08-20T11:16:44.761+0000] {dag.py:3239} INFO - Sync 1 DAGs
[2026-08-20T11:16:44.851+0000] {logging_mixin.py:190} INFO - [2026-08-20T11:16:44.851+0000] {dag.py:4180} INFO - Setting next_dagrun for example_workday_timetable to 2021-01-04 00:00:00+00:00, run_after=2021-01-05 00:00:00+00:00
[2026-08-20T11:16:44.876+0000] {processor.py:208} INFO - Processing /workspaces/lab-2/.venv/lib/python3.12/site-packages/airflow/example_dags/example_workday_timetable.py took 0.542 seconds
