[2026-08-20T11:04:00.919+0000] {processor.py:186} INFO - Started process (PID=24229) to work on /workspaces/lab-2/.venv/lib/python3.12/site-packages/airflow/example_dags/example_xcomargs.py
[2026-08-20T11:04:00.920+0000] {processor.py:914} INFO - Processing file /workspaces/lab-2/.venv/lib/python3.12/site-packages/airflow/example_dags/example_xcomargs.py for tasks to queue
[2026-08-20T11:04:00.922+0000] {logging_mixin.py:190} INFO - [2026-08-20T11:04:00.922+0000] {dagbag.py:588} INFO - Filling up the DagBag from /workspaces/lab-2/.venv/lib/python3.12/site-packages/airflow/example_dags/example_xcomargs.py
[2026-08-20T11:04:00.931+0000] {processor.py:925} INFO - DAG(s) 'example_xcom_args', 'example_xcom_args_with_operators' retrieved from /workspaces/lab-2/.venv/lib/python3.12/site-packages/airflow/example_dags/example_xcomargs.py
[2026-08-20T11:04:01.030+0000] {logging_mixin.py:190} INFO - [2026-08-20T11:04:01.030+0000] {override.py:1900} INFO - Created Permission View: can edit on DAG:example_xcom_args
[2026-08-20T11:04:01.040+0000] {logging_mixin.py:190} INFO - [2026-08-20T11:04:01.040+0000] {override.py:1900} INFO - Created Permission View: can read on DAG:example_xcom_args
[2026-08-20T11:04:01.047+0000] {logging_mixin.py:190} INFO - [2026-08-20T11:04:01.047+0000] {override.py:1900} INFO - Created Permission View: can delete on DAG:example_xcom_args
[2026-08-20T11:04:01.059+0000] {logging_mixin.py:190} INFO - [2026-08-20T11:04:01.059+0000] {override.py:1900} INFO - Created Permission View: can create on DAG Run:example_xcom_args
[2026-08-20T11:04:01.066+0000] {logging_mixin.py:190} INFO - [2026-08-20T11:04:01.066+0000] {override.py:1900} INFO - Created Permission View: can read on DAG Run:example_xcom_args
[2026-08-20T11:04:01.073+0000] {logging_mixin.py:190} INFO - [2026-08-20T11:04:01.073+0000] {override.py:1900} INFO - Created Permission View: menu access on DAG Run:example_xcom_args
[2026-08-20T11:04:01.080+0000] {logging_mixin.py:190} INFO - [2026-08-20T11:04:01.080+0000] {override.py:1900} INFO - Created Permission View: can delete on DAG Run:example_xcom_args
[2026-08-20T11:04:01.099+0000] {logging_mixin.py:190} INFO - [2026-08-20T11:04:01.099+0000] {override.py:1900} INFO - Created Permission View: can edit on DAG:example_xcom_args_with_operators
[2026-08-20T11:04:01.106+0000] {logging_mixin.py:190} INFO - [2026-08-20T11:04:01.106+0000] {override.py:1900} INFO - Created Permission View: can read on DAG:example_xcom_args_with_operators
[2026-08-20T11:04:01.113+0000] {logging_mixin.py:190} INFO - [2026-08-20T11:04:01.113+0000] {override.py:1900} INFO - Created Permission View: can delete on DAG:example_xcom_args_with_operators
[2026-08-20T11:04:01.125+0000] {logging_mixin.py:190} INFO - [2026-08-20T11:04:01.124+0000] {override.py:1900} INFO - Created Permission View: can create on DAG Run:example_xcom_args_with_operators
[2026-08-20T11:04:01.132+0000] {logging_mixin.py:190} INFO - [2026-08-20T11:04:01.132+0000] {override.py:1900} INFO - Created Permission View: can read on DAG Run:example_xcom_args_with_operators
[2026-08-20T11:04:01.139+0000] {logging_mixin.py:190} INFO - [2026-08-20T11:04:01.138+0000] {override.py:1900} INFO - Created Permission View: menu access on DAG Run:example_xcom_args_with_operators
[2026-08-20T11:04:01.150+0000] {logging_mixin.py:190} INFO - [2026-08-20T11:04:01.150+0000] {override.py:1900} INFO - Created Permission View: can delete on DAG Run:example_xcom_args_with_operators
[2026-08-20T11:04:01.150+0000] {logging_mixin.py:190} INFO - [2026-08-20T11:04:01.150+0000] {dag.py:3239} INFO - Sync 2 DAGs
[2026-08-20T11:04:01.159+0000] {logging_mixin.py:190} INFO - [2026-08-20T11:04:01.159+0000] {dag.py:3262} INFO - Creating ORM DAG for example_xcom_args_with_operators
[2026-08-20T11:04:01.159+0000] {logging_mixin.py:190} INFO - [2026-08-20T11:04:01.159+0000] {dag.py:3262} INFO - Creating ORM DAG for example_xcom_args
[2026-08-20T11:04:01.160+0000] {logging_mixin.py:190} INFO - [2026-08-20T11:04:01.160+0000] {dag.py:4180} INFO - Setting next_dagrun for example_xcom_args to None, run_after=None
[2026-08-20T11:04:01.160+0000] {logging_mixin.py:190} INFO - [2026-08-20T11:04:01.160+0000] {dag.py:4180} INFO - Setting next_dagrun for example_xcom_args_with_operators to None, run_after=None
[2026-08-20T11:04:01.177+0000] {processor.py:208} INFO - Processing /workspaces/lab-2/.venv/lib/python3.12/site-packages/airflow/example_dags/example_xcomargs.py took 0.262 seconds
[2026-08-20T11:05:03.926+0000] {processor.py:186} INFO - Started process (PID=25193) to work on /workspaces/lab-2/.venv/lib/python3.12/site-packages/airflow/example_dags/example_xcomargs.py
[2026-08-20T11:05:03.927+0000] {processor.py:914} INFO - Processing file /workspaces/lab-2/.venv/lib/python3.12/site-packages/airflow/example_dags/example_xcomargs.py for tasks to queue
[2026-08-20T11:05:03.929+0000] {logging_mixin.py:190} INFO - [2026-08-20T11:05:03.929+0000] {dagbag.py:588} INFO - Filling up the DagBag from /workspaces/lab-2/.venv/lib/python3.12/site-packages/airflow/example_dags/example_xcomargs.py
[2026-08-20T11:05:03.942+0000] {processor.py:925} INFO - DAG(s) 'example_xcom_args', 'example_xcom_args_with_operators' retrieved from /workspaces/lab-2/.venv/lib/python3.12/site-packages/airflow/example_dags/example_xcomargs.py
[2026-08-20T11:05:03.959+0000] {logging_mixin.py:190} INFO - [2026-08-20T11:05:03.959+0000] {dag.py:3239} INFO - Sync 2 DAGs
[2026-08-20T11:05:03.969+0000] {logging_mixin.py:190} INFO - [2026-08-20T11:05:03.969+0000] {dag.py:4180} INFO - Setting next_dagrun for example_xcom_args to None, run_after=None
[2026-08-20T11:05:03.971+0000] {logging_mixin.py:190} INFO - [2026-08-20T11:05:03.971+0000] {dag.py:4180} INFO - Setting next_dagrun for example_xcom_args_with_operators to None, run_after=None
[2026-08-20T11:05:03.987+0000] {processor.py:208} INFO - Processing /workspaces/lab-2/.venv/lib/python3.12/site-packages/airflow/example_dags/example_xcomargs.py took 0.066 seconds
[2026-08-20T11:05:58.749+0000] {processor.py:186} INFO - Started process (PID=25931) to work on /workspaces/lab-2/.venv/lib/python3.12/site-packages/airflow/example_dags/example_xcomargs.py
[2026-08-20T11:05:58.749+0000] {processor.py:914} INFO - Processing file /workspaces/lab-2/.venv/lib/python3.12/site-packages/airflow/example_dags/example_xcomargs.py for tasks to queue
[2026-08-20T11:05:58.751+0000] {logging_mixin.py:190} INFO - [2026-08-20T11:05:58.751+0000] {dagbag.py:588} INFO - Filling up the DagBag from /workspaces/lab-2/.venv/lib/python3.12/site-packages/airflow/example_dags/example_xcomargs.py
[2026-08-20T11:05:58.760+0000] {processor.py:925} INFO - DAG(s) 'example_xcom_args', 'example_xcom_args_with_operators' retrieved from /workspaces/lab-2/.venv/lib/python3.12/site-packages/airflow/example_dags/example_xcomargs.py
[2026-08-20T11:05:58.779+0000] {logging_mixin.py:190} INFO - [2026-08-20T11:05:58.779+0000] {dag.py:3239} INFO - Sync 2 DAGs
[2026-08-20T11:05:58.794+0000] {logging_mixin.py:190} INFO - [2026-08-20T11:05:58.793+0000] {dag.py:4180} INFO - Setting next_dagrun for example_xcom_args to None, run_after=None
[2026-08-20T11:05:58.797+0000] {logging_mixin.py:190} INFO - [2026-08-20T11:05:58.797+0000] {dag.py:4180} INFO - Setting next_dagrun for example_xcom_args_with_operators to None, run_after=None
[2026-08-20T11:05:58.819+0000] {processor.py:208} INFO - Processing /workspaces/lab-2/.venv/lib/python3.12/site-packages/airflow/example_dags/example_xcomargs.py took 0.075 seconds
[2026-08-20T11:06:47.489+0000] {processor.py:186} INFO - Started process (PID=26642) to work on /workspaces/lab-2/.venv/lib/python3.12/site-packages/airflow/example_dags/example_xcomargs.py
[2026-08-20T11:06:47.490+0000] {processor.py:914} INFO - Processing file /workspaces/lab-2/.venv/lib/python3.12/site-packages/airflow/example_dags/example_xcomargs.py for tasks to queue
[2026-08-20T11:06:47.491+0000] {logging_mixin.py:190} INFO - [2026-08-20T11:06:47.491+0000] {dagbag.py:588} INFO - Filling up the DagBag from /workspaces/lab-2/.venv/lib/python3.12/site-packages/airflow/example_dags/example_xcomargs.py
[2026-08-20T11:06:47.503+0000] {processor.py:925} INFO - DAG(s) 'example_xcom_args', 'example_xcom_args_with_operators' retrieved from /workspaces/lab-2/.venv/lib/python3.12/site-packages/airflow/example_dags/example_xcomargs.py
[2026-08-20T11:06:47.523+0000] {logging_mixin.py:190} INFO - [2026-08-20T11:06:47.523+0000] {dag.py:3239} INFO - Sync 2 DAGs
[2026-08-20T11:06:47.534+0000] {logging_mixin.py:190} INFO - [2026-08-20T11:06:47.534+0000] {dag.py:4180} INFO - Setting next_dagrun for example_xcom_args to None, run_after=None
[2026-08-20T11:06:47.537+0000] {logging_mixin.py:190} INFO - [2026-08-20T11:06:47.536+0000] {dag.py:4180} INFO - Setting next_dagrun for example_xcom_args_with_operators to None, run_after=None
[2026-08-20T11:06:47.556+0000] {processor.py:208} INFO - Processing /workspaces/lab-2/.venv/lib/python3.12/site-packages/airflow/example_dags/example_xcomargs.py took 0.072 seconds
[2026-08-20T11:07:41.812+0000] {processor.py:186} INFO - Started process (PID=27386) to work on /workspaces/lab-2/.venv/lib/python3.12/site-packages/airflow/example_dags/example_xcomargs.py
[2026-08-20T11:07:41.812+0000] {processor.py:914} INFO - Processing file /workspaces/lab-2/.venv/lib/python3.12/site-packages/airflow/example_dags/example_xcomargs.py for tasks to queue
[2026-08-20T11:07:41.814+0000] {logging_mixin.py:190} INFO - [2026-08-20T11:07:41.814+0000] {dagbag.py:588} INFO - Filling up the DagBag from /workspaces/lab-2/.venv/lib/python3.12/site-packages/airflow/example_dags/example_xcomargs.py
[2026-08-20T11:07:41.824+0000] {processor.py:925} INFO - DAG(s) 'example_xcom_args_with_operators', 'example_xcom_args' retrieved from /workspaces/lab-2/.venv/lib/python3.12/site-packages/airflow/example_dags/example_xcomargs.py
[2026-08-20T11:07:41.839+0000] {logging_mixin.py:190} INFO - [2026-08-20T11:07:41.839+0000] {dag.py:3239} INFO - Sync 2 DAGs
[2026-08-20T11:07:41.849+0000] {logging_mixin.py:190} INFO - [2026-08-20T11:07:41.849+0000] {dag.py:4180} INFO - Setting next_dagrun for example_xcom_args to None, run_after=None
[2026-08-20T11:07:41.851+0000] {logging_mixin.py:190} INFO - [2026-08-20T11:07:41.851+0000] {dag.py:4180} INFO - Setting next_dagrun for example_xcom_args_with_operators to None, run_after=None
[2026-08-20T11:07:41.867+0000] {processor.py:208} INFO - Processing /workspaces/lab-2/.venv/lib/python3.12/site-packages/airflow/example_dags/example_xcomargs.py took 0.060 seconds
[2026-08-20T11:08:37.845+0000] {processor.py:186} INFO - Started process (PID=28584) to work on /workspaces/lab-2/.venv/lib/python3.12/site-packages/airflow/example_dags/example_xcomargs.py
[2026-08-20T11:08:37.849+0000] {processor.py:914} INFO - Processing file /workspaces/lab-2/.venv/lib/python3.12/site-packages/airflow/example_dags/example_xcomargs.py for tasks to queue
[2026-08-20T11:08:37.851+0000] {logging_mixin.py:190} INFO - [2026-08-20T11:08:37.851+0000] {dagbag.py:588} INFO - Filling up the DagBag from /workspaces/lab-2/.venv/lib/python3.12/site-packages/airflow/example_dags/example_xcomargs.py
[2026-08-20T11:08:37.864+0000] {processor.py:925} INFO - DAG(s) 'example_xcom_args_with_operators', 'example_xcom_args' retrieved from /workspaces/lab-2/.venv/lib/python3.12/site-packages/airflow/example_dags/example_xcomargs.py
[2026-08-20T11:08:37.886+0000] {logging_mixin.py:190} INFO - [2026-08-20T11:08:37.885+0000] {dag.py:3239} INFO - Sync 2 DAGs
[2026-08-20T11:08:37.905+0000] {logging_mixin.py:190} INFO - [2026-08-20T11:08:37.905+0000] {dag.py:4180} INFO - Setting next_dagrun for example_xcom_args to None, run_after=None
[2026-08-20T11:08:37.910+0000] {logging_mixin.py:190} INFO - [2026-08-20T11:08:37.910+0000] {dag.py:4180} INFO - Setting next_dagrun for example_xcom_args_with_operators to None, run_after=None
[2026-08-20T11:08:37.928+0000] {processor.py:208} INFO - Processing /workspaces/lab-2/.venv/lib/python3.12/site-packages/airflow/example_dags/example_xcomargs.py took 0.091 seconds
[2026-08-20T11:09:30.334+0000] {processor.py:186} INFO - Started process (PID=29443) to work on /workspaces/lab-2/.venv/lib/python3.12/site-packages/airflow/example_dags/example_xcomargs.py
[2026-08-20T11:09:30.335+0000] {processor.py:914} INFO - Processing file /workspaces/lab-2/.venv/lib/python3.12/site-packages/airflow/example_dags/example_xcomargs.py for tasks to queue
[2026-08-20T11:09:30.337+0000] {logging_mixin.py:190} INFO - [2026-08-20T11:09:30.336+0000] {dagbag.py:588} INFO - Filling up the DagBag from /workspaces/lab-2/.venv/lib/python3.12/site-packages/airflow/example_dags/example_xcomargs.py
[2026-08-20T11:09:30.346+0000] {processor.py:925} INFO - DAG(s) 'example_xcom_args_with_operators', 'example_xcom_args' retrieved from /workspaces/lab-2/.venv/lib/python3.12/site-packages/airflow/example_dags/example_xcomargs.py
[2026-08-20T11:09:30.361+0000] {logging_mixin.py:190} INFO - [2026-08-20T11:09:30.360+0000] {dag.py:3239} INFO - Sync 2 DAGs
[2026-08-20T11:09:30.371+0000] {logging_mixin.py:190} INFO - [2026-08-20T11:09:30.371+0000] {dag.py:4180} INFO - Setting next_dagrun for example_xcom_args to None, run_after=None
[2026-08-20T11:09:30.373+0000] {logging_mixin.py:190} INFO - [2026-08-20T11:09:30.373+0000] {dag.py:4180} INFO - Setting next_dagrun for example_xcom_args_with_operators to None, run_after=None
[2026-08-20T11:09:30.389+0000] {processor.py:208} INFO - Processing /workspaces/lab-2/.venv/lib/python3.12/site-packages/airflow/example_dags/example_xcomargs.py took 0.059 seconds
[2026-08-20T11:10:24.592+0000] {processor.py:186} INFO - Started process (PID=30430) to work on /workspaces/lab-2/.venv/lib/python3.12/site-packages/airflow/example_dags/example_xcomargs.py
[2026-08-20T11:10:24.592+0000] {processor.py:914} INFO - Processing file /workspaces/lab-2/.venv/lib/python3.12/site-packages/airflow/example_dags/example_xcomargs.py for tasks to queue
[2026-08-20T11:10:24.594+0000] {logging_mixin.py:190} INFO - [2026-08-20T11:10:24.594+0000] {dagbag.py:588} INFO - Filling up the DagBag from /workspaces/lab-2/.venv/lib/python3.12/site-packages/airflow/example_dags/example_xcomargs.py
[2026-08-20T11:10:24.603+0000] {processor.py:925} INFO - DAG(s) 'example_xcom_args_with_operators', 'example_xcom_args' retrieved from /workspaces/lab-2/.venv/lib/python3.12/site-packages/airflow/example_dags/example_xcomargs.py
[2026-08-20T11:10:24.618+0000] {logging_mixin.py:190} INFO - [2026-08-20T11:10:24.618+0000] {dag.py:3239} INFO - Sync 2 DAGs
[2026-08-20T11:10:24.629+0000] {logging_mixin.py:190} INFO - [2026-08-20T11:10:24.629+0000] {dag.py:4180} INFO - Setting next_dagrun for example_xcom_args to None, run_after=None
[2026-08-20T11:10:24.632+0000] {logging_mixin.py:190} INFO - [2026-08-20T11:10:24.631+0000] {dag.py:4180} INFO - Setting next_dagrun for example_xcom_args_with_operators to None, run_after=None
[2026-08-20T11:10:24.647+0000] {processor.py:208} INFO - Processing /workspaces/lab-2/.venv/lib/python3.12/site-packages/airflow/example_dags/example_xcomargs.py took 0.060 seconds
[2026-08-20T11:11:11.681+0000] {processor.py:186} INFO - Started process (PID=31099) to work on /workspaces/lab-2/.venv/lib/python3.12/site-packages/airflow/example_dags/example_xcomargs.py
[2026-08-20T11:11:11.694+0000] {processor.py:914} INFO - Processing file /workspaces/lab-2/.venv/lib/python3.12/site-packages/airflow/example_dags/example_xcomargs.py for tasks to queue
[2026-08-20T11:11:11.701+0000] {logging_mixin.py:190} INFO - [2026-08-20T11:11:11.700+0000] {dagbag.py:588} INFO - Filling up the DagBag from /workspaces/lab-2/.venv/lib/python3.12/site-packages/airflow/example_dags/example_xcomargs.py
[2026-08-20T11:11:11.764+0000] {processor.py:925} INFO - DAG(s) 'example_xcom_args', 'example_xcom_args_with_operators' retrieved from /workspaces/lab-2/.venv/lib/python3.12/site-packages/airflow/example_dags/example_xcomargs.py
[2026-08-20T11:11:11.846+0000] {logging_mixin.py:190} INFO - [2026-08-20T11:11:11.843+0000] {dag.py:3239} INFO - Sync 2 DAGs
[2026-08-20T11:11:11.876+0000] {logging_mixin.py:190} INFO - [2026-08-20T11:11:11.875+0000] {dag.py:4180} INFO - Setting next_dagrun for example_xcom_args to None, run_after=None
[2026-08-20T11:11:11.884+0000] {logging_mixin.py:190} INFO - [2026-08-20T11:11:11.884+0000] {dag.py:4180} INFO - Setting next_dagrun for example_xcom_args_with_operators to None, run_after=None
[2026-08-20T11:11:11.922+0000] {processor.py:208} INFO - Processing /workspaces/lab-2/.venv/lib/python3.12/site-packages/airflow/example_dags/example_xcomargs.py took 0.263 seconds
[2026-08-20T11:11:23.086+0000] {processor.py:186} INFO - Started process (PID=31402) to work on /workspaces/lab-2/.venv/lib/python3.12/site-packages/airflow/example_dags/example_xcomargs.py
[2026-08-20T11:11:23.087+0000] {processor.py:914} INFO - Processing file /workspaces/lab-2/.venv/lib/python3.12/site-packages/airflow/example_dags/example_xcomargs.py for tasks to queue
[2026-08-20T11:11:23.090+0000] {logging_mixin.py:190} INFO - [2026-08-20T11:11:23.090+0000] {dagbag.py:588} INFO - Filling up the DagBag from /workspaces/lab-2/.venv/lib/python3.12/site-packages/airflow/example_dags/example_xcomargs.py
[2026-08-20T11:11:23.105+0000] {processor.py:925} INFO - DAG(s) 'example_xcom_args', 'example_xcom_args_with_operators' retrieved from /workspaces/lab-2/.venv/lib/python3.12/site-packages/airflow/example_dags/example_xcomargs.py
[2026-08-20T11:11:23.127+0000] {logging_mixin.py:190} INFO - [2026-08-20T11:11:23.126+0000] {dag.py:3239} INFO - Sync 2 DAGs
[2026-08-20T11:11:23.137+0000] {logging_mixin.py:190} INFO - [2026-08-20T11:11:23.136+0000] {dag.py:4180} INFO - Setting next_dagrun for example_xcom_args to None, run_after=None
[2026-08-20T11:11:23.139+0000] {logging_mixin.py:190} INFO - [2026-08-20T11:11:23.139+0000] {dag.py:4180} INFO - Setting next_dagrun for example_xcom_args_with_operators to None, run_after=None
[2026-08-20T11:11:23.154+0000] {processor.py:208} INFO - Processing /workspaces/lab-2/.venv/lib/python3.12/site-packages/airflow/example_dags/example_xcomargs.py took 0.076 seconds
[2026-08-20T11:12:05.642+0000] {processor.py:186} INFO - Started process (PID=32520) to work on /workspaces/lab-2/.venv/lib/python3.12/site-packages/airflow/example_dags/example_xcomargs.py
[2026-08-20T11:12:05.643+0000] {processor.py:914} INFO - Processing file /workspaces/lab-2/.venv/lib/python3.12/site-packages/airflow/example_dags/example_xcomargs.py for tasks to queue
[2026-08-20T11:12:05.645+0000] {logging_mixin.py:190} INFO - [2026-08-20T11:12:05.645+0000] {dagbag.py:588} INFO - Filling up the DagBag from /workspaces/lab-2/.venv/lib/python3.12/site-packages/airflow/example_dags/example_xcomargs.py
[2026-08-20T11:12:05.654+0000] {processor.py:925} INFO - DAG(s) 'example_xcom_args', 'example_xcom_args_with_operators' retrieved from /workspaces/lab-2/.venv/lib/python3.12/site-packages/airflow/example_dags/example_xcomargs.py
[2026-08-20T11:12:05.669+0000] {logging_mixin.py:190} INFO - [2026-08-20T11:12:05.669+0000] {dag.py:3239} INFO - Sync 2 DAGs
[2026-08-20T11:12:05.679+0000] {logging_mixin.py:190} INFO - [2026-08-20T11:12:05.679+0000] {dag.py:4180} INFO - Setting next_dagrun for example_xcom_args to None, run_after=None
[2026-08-20T11:12:05.681+0000] {logging_mixin.py:190} INFO - [2026-08-20T11:12:05.681+0000] {dag.py:4180} INFO - Setting next_dagrun for example_xcom_args_with_operators to None, run_after=None
[2026-08-20T11:12:05.698+0000] {processor.py:208} INFO - Processing /workspaces/lab-2/.venv/lib/python3.12/site-packages/airflow/example_dags/example_xcomargs.py took 0.060 seconds
[2026-08-20T11:12:18.475+0000] {processor.py:186} INFO - Started process (PID=32789) to work on /workspaces/lab-2/.venv/lib/python3.12/site-packages/airflow/example_dags/example_xcomargs.py
[2026-08-20T11:12:18.475+0000] {processor.py:914} INFO - Processing file /workspaces/lab-2/.venv/lib/python3.12/site-packages/airflow/example_dags/example_xcomargs.py for tasks to queue
[2026-08-20T11:12:18.478+0000] {logging_mixin.py:190} INFO - [2026-08-20T11:12:18.477+0000] {dagbag.py:588} INFO - Filling up the DagBag from /workspaces/lab-2/.venv/lib/python3.12/site-packages/airflow/example_dags/example_xcomargs.py
[2026-08-20T11:12:18.488+0000] {processor.py:925} INFO - DAG(s) 'example_xcom_args', 'example_xcom_args_with_operators' retrieved from /workspaces/lab-2/.venv/lib/python3.12/site-packages/airflow/example_dags/example_xcomargs.py
[2026-08-20T11:12:18.506+0000] {logging_mixin.py:190} INFO - [2026-08-20T11:12:18.505+0000] {dag.py:3239} INFO - Sync 2 DAGs
[2026-08-20T11:12:18.519+0000] {logging_mixin.py:190} INFO - [2026-08-20T11:12:18.519+0000] {dag.py:4180} INFO - Setting next_dagrun for example_xcom_args to None, run_after=None
[2026-08-20T11:12:18.523+0000] {logging_mixin.py:190} INFO - [2026-08-20T11:12:18.523+0000] {dag.py:4180} INFO - Setting next_dagrun for example_xcom_args_with_operators to None, run_after=None
[2026-08-20T11:12:18.553+0000] {processor.py:208} INFO - Processing /workspaces/lab-2/.venv/lib/python3.12/site-packages/airflow/example_dags/example_xcomargs.py took 0.083 seconds
[2026-08-20T11:12:59.882+0000] {processor.py:186} INFO - Started process (PID=33338) to work on /workspaces/lab-2/.venv/lib/python3.12/site-packages/airflow/example_dags/example_xcomargs.py
[2026-08-20T11:12:59.885+0000] {processor.py:914} INFO - Processing file /workspaces/lab-2/.venv/lib/python3.12/site-packages/airflow/example_dags/example_xcomargs.py for tasks to queue
[2026-08-20T11:12:59.892+0000] {logging_mixin.py:190} INFO - [2026-08-20T11:12:59.889+0000] {dagbag.py:588} INFO - Filling up the DagBag from /workspaces/lab-2/.venv/lib/python3.12/site-packages/airflow/example_dags/example_xcomargs.py
[2026-08-20T11:12:59.929+0000] {processor.py:925} INFO - DAG(s) 'example_xcom_args_with_operators', 'example_xcom_args' retrieved from /workspaces/lab-2/.venv/lib/python3.12/site-packages/airflow/example_dags/example_xcomargs.py
[2026-08-20T11:13:00.009+0000] {logging_mixin.py:190} INFO - [2026-08-20T11:13:00.009+0000] {dag.py:3239} INFO - Sync 2 DAGs
[2026-08-20T11:13:00.053+0000] {logging_mixin.py:190} INFO - [2026-08-20T11:13:00.053+0000] {dag.py:4180} INFO - Setting next_dagrun for example_xcom_args to None, run_after=None
[2026-08-20T11:13:00.068+0000] {logging_mixin.py:190} INFO - [2026-08-20T11:13:00.068+0000] {dag.py:4180} INFO - Setting next_dagrun for example_xcom_args_with_operators to None, run_after=None
[2026-08-20T11:13:00.109+0000] {processor.py:208} INFO - Processing /workspaces/lab-2/.venv/lib/python3.12/site-packages/airflow/example_dags/example_xcomargs.py took 0.239 seconds
[2026-08-20T11:13:12.276+0000] {processor.py:186} INFO - Started process (PID=33548) to work on /workspaces/lab-2/.venv/lib/python3.12/site-packages/airflow/example_dags/example_xcomargs.py
[2026-08-20T11:13:12.277+0000] {processor.py:914} INFO - Processing file /workspaces/lab-2/.venv/lib/python3.12/site-packages/airflow/example_dags/example_xcomargs.py for tasks to queue
[2026-08-20T11:13:12.279+0000] {logging_mixin.py:190} INFO - [2026-08-20T11:13:12.278+0000] {dagbag.py:588} INFO - Filling up the DagBag from /workspaces/lab-2/.venv/lib/python3.12/site-packages/airflow/example_dags/example_xcomargs.py
[2026-08-20T11:13:12.288+0000] {processor.py:925} INFO - DAG(s) 'example_xcom_args_with_operators', 'example_xcom_args' retrieved from /workspaces/lab-2/.venv/lib/python3.12/site-packages/airflow/example_dags/example_xcomargs.py
[2026-08-20T11:13:12.384+0000] {logging_mixin.py:190} INFO - [2026-08-20T11:13:12.384+0000] {dag.py:3239} INFO - Sync 2 DAGs
[2026-08-20T11:13:12.393+0000] {logging_mixin.py:190} INFO - [2026-08-20T11:13:12.392+0000] {dag.py:4180} INFO - Setting next_dagrun for example_xcom_args to None, run_after=None
[2026-08-20T11:13:12.395+0000] {logging_mixin.py:190} INFO - [2026-08-20T11:13:12.394+0000] {dag.py:4180} INFO - Setting next_dagrun for example_xcom_args_with_operators to None, run_after=None
[2026-08-20T11:13:12.411+0000] {processor.py:208} INFO - Processing /workspaces/lab-2/.venv/lib/python3.12/site-packages/airflow/example_dags/example_xcomargs.py took 0.142 seconds
[2026-08-20T11:14:04.179+0000] {processor.py:186} INFO - Started process (PID=34824) to work on /workspaces/lab-2/.venv/lib/python3.12/site-packages/airflow/example_dags/example_xcomargs.py
[2026-08-20T11:14:04.180+0000] {processor.py:914} INFO - Processing file /workspaces/lab-2/.venv/lib/python3.12/site-packages/airflow/example_dags/example_xcomargs.py for tasks to queue
[2026-08-20T11:14:04.182+0000] {logging_mixin.py:190} INFO - [2026-08-20T11:14:04.182+0000] {dagbag.py:588} INFO - Filling up the DagBag from /workspaces/lab-2/.venv/lib/python3.12/site-packages/airflow/example_dags/example_xcomargs.py
[2026-08-20T11:14:04.191+0000] {processor.py:925} INFO - DAG(s) 'example_xcom_args', 'example_xcom_args_with_operators' retrieved from /workspaces/lab-2/.venv/lib/python3.12/site-packages/airflow/example_dags/example_xcomargs.py
[2026-08-20T11:14:04.207+0000] {logging_mixin.py:190} INFO - [2026-08-20T11:14:04.207+0000] {dag.py:3239} INFO - Sync 2 DAGs
[2026-08-20T11:14:04.217+0000] {logging_mixin.py:190} INFO - [2026-08-20T11:14:04.216+0000] {dag.py:4180} INFO - Setting next_dagrun for example_xcom_args to None, run_after=None
[2026-08-20T11:14:04.219+0000] {logging_mixin.py:190} INFO - [2026-08-20T11:14:04.219+0000] {dag.py:4180} INFO - Setting next_dagrun for example_xcom_args_with_operators to None, run_after=None
[2026-08-20T11:14:04.235+0000] {processor.py:208} INFO - Processing /workspaces/lab-2/.venv/lib/python3.12/site-packages/airflow/example_dags/example_xcomargs.py took 0.061 seconds
[2026-08-20T11:14:08.199+0000] {processor.py:186} INFO - Started process (PID=34870) to work on /workspaces/lab-2/.venv/lib/python3.12/site-packages/airflow/example_dags/example_xcomargs.py
[2026-08-20T11:14:08.199+0000] {processor.py:914} INFO - Processing file /workspaces/lab-2/.venv/lib/python3.12/site-packages/airflow/example_dags/example_xcomargs.py for tasks to queue
[2026-08-20T11:14:08.202+0000] {logging_mixin.py:190} INFO - [2026-08-20T11:14:08.201+0000] {dagbag.py:588} INFO - Filling up the DagBag from /workspaces/lab-2/.venv/lib/python3.12/site-packages/airflow/example_dags/example_xcomargs.py
[2026-08-20T11:14:08.214+0000] {processor.py:925} INFO - DAG(s) 'example_xcom_args', 'example_xcom_args_with_operators' retrieved from /workspaces/lab-2/.venv/lib/python3.12/site-packages/airflow/example_dags/example_xcomargs.py
[2026-08-20T11:14:08.248+0000] {logging_mixin.py:190} INFO - [2026-08-20T11:14:08.248+0000] {dag.py:3239} INFO - Sync 2 DAGs
[2026-08-20T11:14:08.261+0000] {logging_mixin.py:190} INFO - [2026-08-20T11:14:08.261+0000] {dag.py:4180} INFO - Setting next_dagrun for example_xcom_args to None, run_after=None
[2026-08-20T11:14:08.264+0000] {logging_mixin.py:190} INFO - [2026-08-20T11:14:08.263+0000] {dag.py:4180} INFO - Setting next_dagrun for example_xcom_args_with_operators to None, run_after=None
[2026-08-20T11:14:08.284+0000] {processor.py:208} INFO - Processing /workspaces/lab-2/.venv/lib/python3.12/site-packages/airflow/example_dags/example_xcomargs.py took 0.091 seconds
[2026-08-20T11:16:38.542+0000] {processor.py:186} INFO - Started process (PID=39456) to work on /workspaces/lab-2/.venv/lib/python3.12/site-packages/airflow/example_dags/example_xcomargs.py
[2026-08-20T11:16:38.543+0000] {processor.py:914} INFO - Processing file /workspaces/lab-2/.venv/lib/python3.12/site-packages/airflow/example_dags/example_xcomargs.py for tasks to queue
[2026-08-20T11:16:38.547+0000] {logging_mixin.py:190} INFO - [2026-08-20T11:16:38.546+0000] {dagbag.py:588} INFO - Filling up the DagBag from /workspaces/lab-2/.venv/lib/python3.12/site-packages/airflow/example_dags/example_xcomargs.py
[2026-08-20T11:16:38.562+0000] {processor.py:925} INFO - DAG(s) 'example_xcom_args_with_operators', 'example_xcom_args' retrieved from /workspaces/lab-2/.venv/lib/python3.12/site-packages/airflow/example_dags/example_xcomargs.py
[2026-08-20T11:16:38.746+0000] {logging_mixin.py:190} INFO - [2026-08-20T11:16:38.746+0000] {dag.py:3239} INFO - Sync 2 DAGs
[2026-08-20T11:16:38.765+0000] {logging_mixin.py:190} INFO - [2026-08-20T11:16:38.764+0000] {dag.py:4180} INFO - Setting next_dagrun for example_xcom_args to None, run_after=None
[2026-08-20T11:16:38.772+0000] {logging_mixin.py:190} INFO - [2026-08-20T11:16:38.772+0000] {dag.py:4180} INFO - Setting next_dagrun for example_xcom_args_with_operators to None, run_after=None
[2026-08-20T11:16:38.963+0000] {processor.py:208} INFO - Processing /workspaces/lab-2/.venv/lib/python3.12/site-packages/airflow/example_dags/example_xcomargs.py took 0.430 seconds
