[2026-08-20T11:04:20.256+0000] {processor.py:186} INFO - Started process (PID=24442) to work on /workspaces/lab-2/.venv/lib/python3.12/site-packages/airflow/example_dags/example_python_decorator.py
[2026-08-20T11:04:20.257+0000] {processor.py:914} INFO - Processing file /workspaces/lab-2/.venv/lib/python3.12/site-packages/airflow/example_dags/example_python_decorator.py for tasks to queue
[2026-08-20T11:04:20.259+0000] {logging_mixin.py:190} INFO - [2026-08-20T11:04:20.258+0000] {dagbag.py:588} INFO - Filling up the DagBag from /workspaces/lab-2/.venv/lib/python3.12/site-packages/airflow/example_dags/example_python_decorator.py
[2026-08-20T11:04:20.271+0000] {processor.py:925} INFO - DAG(s) 'example_python_decorator' retrieved from /workspaces/lab-2/.venv/lib/python3.12/site-packages/airflow/example_dags/example_python_decorator.py
[2026-08-20T11:04:20.368+0000] {logging_mixin.py:190} INFO - [2026-08-20T11:04:20.367+0000] {override.py:1900} INFO - Created Permission View: can edit on DAG:example_python_decorator
[2026-08-20T11:04:20.377+0000] {logging_mixin.py:190} INFO - [2026-08-20T11:04:20.377+0000] {override.py:1900} INFO - Created Permission View: can read on DAG:example_python_decorator
[2026-08-20T11:04:20.385+0000] {logging_mixin.py:190} INFO - [2026-08-20T11:04:20.384+0000] {override.py:1900} INFO - Created Permission View: can delete on DAG:example_python_decorator
[2026-08-20T11:04:20.396+0000] {logging_mixin.py:190} INFO - [2026-08-20T11:04:20.395+0000] {override.py:1900} INFO - Created Permission View: can create on DAG Run:example_python_decorator
[2026-08-20T11:04:20.403+0000] {logging_mixin.py:190} INFO - [2026-08-20T11:04:20.403+0000] {override.py:1900} INFO - Created Permission View: can read on DAG Run:example_python_decorator
[2026-08-20T11:04:20.411+0000] {logging_mixin.py:190} INFO - [2026-08-20T11:04:20.410+0000] {override.py:1900} INFO - Created Permission View: menu access on DAG Run:example_python_decorator
[2026-08-20T11:04:20.418+0000] {logging_mixin.py:190} INFO - [2026-08-20T11:04:20.418+0000] {override.py:1900} INFO - Created Permission View: can delete on DAG Run:example_python_decorator
[2026-08-20T11:04:20.418+0000] {logging_mixin.py:190} INFO - [2026-08-20T11:04:20.418+0000] {dag.py:3239} INFO - Sync 1 DAGs
[2026-08-20T11:04:20.427+0000] {logging_mixin.py:190} INFO - [2026-08-20T11:04:20.427+0000] {dag.py:3262} INFO - Creating ORM DAG for example_python_decorator
[2026-08-20T11:04:20.428+0000] {logging_mixin.py:190} INFO - [2026-08-20T11:04:20.427+0000] {dag.py:4180} INFO - Setting next_dagrun for example_python_decorator to None, run_after=None
[2026-08-20T11:04:20.445+0000] {processor.py:208} INFO - Processing /workspaces/lab-2/.venv/lib/python3.12/site-packages/airflow/example_dags/example_python_decorator.py took 0.193 seconds
[2026-08-20T11:05:21.485+0000] {processor.py:186} INFO - Started process (PID=25331) to work on /workspaces/lab-2/.venv/lib/python3.12/site-packages/airflow/example_dags/example_python_decorator.py
[2026-08-20T11:05:21.486+0000] {processor.py:914} INFO - Processing file /workspaces/lab-2/.venv/lib/python3.12/site-packages/airflow/example_dags/example_python_decorator.py for tasks to queue
[2026-08-20T11:05:21.488+0000] {logging_mixin.py:190} INFO - [2026-08-20T11:05:21.488+0000] {dagbag.py:588} INFO - Filling up the DagBag from /workspaces/lab-2/.venv/lib/python3.12/site-packages/airflow/example_dags/example_python_decorator.py
[2026-08-20T11:05:21.502+0000] {processor.py:925} INFO - DAG(s) 'example_python_decorator' retrieved from /workspaces/lab-2/.venv/lib/python3.12/site-packages/airflow/example_dags/example_python_decorator.py
[2026-08-20T11:05:21.519+0000] {logging_mixin.py:190} INFO - [2026-08-20T11:05:21.519+0000] {dag.py:3239} INFO - Sync 1 DAGs
[2026-08-20T11:05:21.529+0000] {logging_mixin.py:190} INFO - [2026-08-20T11:05:21.529+0000] {dag.py:4180} INFO - Setting next_dagrun for example_python_decorator to None, run_after=None
[2026-08-20T11:05:21.546+0000] {processor.py:208} INFO - Processing /workspaces/lab-2/.venv/lib/python3.12/site-packages/airflow/example_dags/example_python_decorator.py took 0.065 seconds
[2026-08-20T11:06:14.793+0000] {processor.py:186} INFO - Started process (PID=26109) to work on /workspaces/lab-2/.venv/lib/python3.12/site-packages/airflow/example_dags/example_python_decorator.py
[2026-08-20T11:06:14.793+0000] {processor.py:914} INFO - Processing file /workspaces/lab-2/.venv/lib/python3.12/site-packages/airflow/example_dags/example_python_decorator.py for tasks to queue
[2026-08-20T11:06:14.795+0000] {logging_mixin.py:190} INFO - [2026-08-20T11:06:14.795+0000] {dagbag.py:588} INFO - Filling up the DagBag from /workspaces/lab-2/.venv/lib/python3.12/site-packages/airflow/example_dags/example_python_decorator.py
[2026-08-20T11:06:14.807+0000] {processor.py:925} INFO - DAG(s) 'example_python_decorator' retrieved from /workspaces/lab-2/.venv/lib/python3.12/site-packages/airflow/example_dags/example_python_decorator.py
[2026-08-20T11:06:14.826+0000] {logging_mixin.py:190} INFO - [2026-08-20T11:06:14.826+0000] {dag.py:3239} INFO - Sync 1 DAGs
[2026-08-20T11:06:14.840+0000] {logging_mixin.py:190} INFO - [2026-08-20T11:06:14.840+0000] {dag.py:4180} INFO - Setting next_dagrun for example_python_decorator to None, run_after=None
[2026-08-20T11:06:14.872+0000] {processor.py:208} INFO - Processing /workspaces/lab-2/.venv/lib/python3.12/site-packages/airflow/example_dags/example_python_decorator.py took 0.084 seconds
[2026-08-20T11:07:03.282+0000] {processor.py:186} INFO - Started process (PID=26961) to work on /workspaces/lab-2/.venv/lib/python3.12/site-packages/airflow/example_dags/example_python_decorator.py
[2026-08-20T11:07:03.283+0000] {processor.py:914} INFO - Processing file /workspaces/lab-2/.venv/lib/python3.12/site-packages/airflow/example_dags/example_python_decorator.py for tasks to queue
[2026-08-20T11:07:03.285+0000] {logging_mixin.py:190} INFO - [2026-08-20T11:07:03.285+0000] {dagbag.py:588} INFO - Filling up the DagBag from /workspaces/lab-2/.venv/lib/python3.12/site-packages/airflow/example_dags/example_python_decorator.py
[2026-08-20T11:07:03.299+0000] {processor.py:925} INFO - DAG(s) 'example_python_decorator' retrieved from /workspaces/lab-2/.venv/lib/python3.12/site-packages/airflow/example_dags/example_python_decorator.py
[2026-08-20T11:07:03.400+0000] {logging_mixin.py:190} INFO - [2026-08-20T11:07:03.400+0000] {dag.py:3239} INFO - Sync 1 DAGs
[2026-08-20T11:07:03.408+0000] {logging_mixin.py:190} INFO - [2026-08-20T11:07:03.408+0000] {dag.py:4180} INFO - Setting next_dagrun for example_python_decorator to None, run_after=None
[2026-08-20T11:07:03.426+0000] {processor.py:208} INFO - Processing /workspaces/lab-2/.venv/lib/python3.12/site-packages/airflow/example_dags/example_python_decorator.py took 0.148 seconds
[2026-08-20T11:07:58.782+0000] {processor.py:186} INFO - Started process (PID=28057) to work on /workspaces/lab-2/.venv/lib/python3.12/site-packages/airflow/example_dags/example_python_decorator.py
[2026-08-20T11:07:58.783+0000] {processor.py:914} INFO - Processing file /workspaces/lab-2/.venv/lib/python3.12/site-packages/airflow/example_dags/example_python_decorator.py for tasks to queue
[2026-08-20T11:07:58.785+0000] {logging_mixin.py:190} INFO - [2026-08-20T11:07:58.785+0000] {dagbag.py:588} INFO - Filling up the DagBag from /workspaces/lab-2/.venv/lib/python3.12/site-packages/airflow/example_dags/example_python_decorator.py
[2026-08-20T11:07:58.797+0000] {processor.py:925} INFO - DAG(s) 'example_python_decorator' retrieved from /workspaces/lab-2/.venv/lib/python3.12/site-packages/airflow/example_dags/example_python_decorator.py
[2026-08-20T11:07:58.814+0000] {logging_mixin.py:190} INFO - [2026-08-20T11:07:58.814+0000] {dag.py:3239} INFO - Sync 1 DAGs
[2026-08-20T11:07:58.828+0000] {logging_mixin.py:190} INFO - [2026-08-20T11:07:58.828+0000] {dag.py:4180} INFO - Setting next_dagrun for example_python_decorator to None, run_after=None
[2026-08-20T11:07:58.856+0000] {processor.py:208} INFO - Processing /workspaces/lab-2/.venv/lib/python3.12/site-packages/airflow/example_dags/example_python_decorator.py took 0.078 seconds
[2026-08-20T11:08:57.388+0000] {processor.py:186} INFO - Started process (PID=28877) to work on /workspaces/lab-2/.venv/lib/python3.12/site-packages/airflow/example_dags/example_python_decorator.py
[2026-08-20T11:08:57.388+0000] {processor.py:914} INFO - Processing file /workspaces/lab-2/.venv/lib/python3.12/site-packages/airflow/example_dags/example_python_decorator.py for tasks to queue
[2026-08-20T11:08:57.390+0000] {logging_mixin.py:190} INFO - [2026-08-20T11:08:57.390+0000] {dagbag.py:588} INFO - Filling up the DagBag from /workspaces/lab-2/.venv/lib/python3.12/site-packages/airflow/example_dags/example_python_decorator.py
[2026-08-20T11:08:57.403+0000] {processor.py:925} INFO - DAG(s) 'example_python_decorator' retrieved from /workspaces/lab-2/.venv/lib/python3.12/site-packages/airflow/example_dags/example_python_decorator.py
[2026-08-20T11:08:57.418+0000] {logging_mixin.py:190} INFO - [2026-08-20T11:08:57.418+0000] {dag.py:3239} INFO - Sync 1 DAGs
[2026-08-20T11:08:57.428+0000] {logging_mixin.py:190} INFO - [2026-08-20T11:08:57.428+0000] {dag.py:4180} INFO - Setting next_dagrun for example_python_decorator to None, run_after=None
[2026-08-20T11:08:57.445+0000] {processor.py:208} INFO - Processing /workspaces/lab-2/.venv/lib/python3.12/site-packages/airflow/example_dags/example_python_decorator.py took 0.062 seconds
[2026-08-20T11:09:50.301+0000] {processor.py:186} INFO - Started process (PID=29822) to work on /workspaces/lab-2/.venv/lib/python3.12/site-packages/airflow/example_dags/example_python_decorator.py
[2026-08-20T11:09:50.302+0000] {processor.py:914} INFO - Processing file /workspaces/lab-2/.venv/lib/python3.12/site-packages/airflow/example_dags/example_python_decorator.py for tasks to queue
[2026-08-20T11:09:50.305+0000] {logging_mixin.py:190} INFO - [2026-08-20T11:09:50.304+0000] {dagbag.py:588} INFO - Filling up the DagBag from /workspaces/lab-2/.venv/lib/python3.12/site-packages/airflow/example_dags/example_python_decorator.py
[2026-08-20T11:09:50.322+0000] {processor.py:925} INFO - DAG(s) 'example_python_decorator' retrieved from /workspaces/lab-2/.venv/lib/python3.12/site-packages/airflow/example_dags/example_python_decorator.py
[2026-08-20T11:09:50.342+0000] {logging_mixin.py:190} INFO - [2026-08-20T11:09:50.342+0000] {dag.py:3239} INFO - Sync 1 DAGs
[2026-08-20T11:09:50.357+0000] {logging_mixin.py:190} INFO - [2026-08-20T11:09:50.357+0000] {dag.py:4180} INFO - Setting next_dagrun for example_python_decorator to None, run_after=None
[2026-08-20T11:09:50.376+0000] {processor.py:208} INFO - Processing /workspaces/lab-2/.venv/lib/python3.12/site-packages/airflow/example_dags/example_python_decorator.py took 0.084 seconds
[2026-08-20T11:10:43.622+0000] {processor.py:186} INFO - Started process (PID=30760) to work on /workspaces/lab-2/.venv/lib/python3.12/site-packages/airflow/example_dags/example_python_decorator.py
[2026-08-20T11:10:43.623+0000] {processor.py:914} INFO - Processing file /workspaces/lab-2/.venv/lib/python3.12/site-packages/airflow/example_dags/example_python_decorator.py for tasks to queue
[2026-08-20T11:10:43.625+0000] {logging_mixin.py:190} INFO - [2026-08-20T11:10:43.624+0000] {dagbag.py:588} INFO - Filling up the DagBag from /workspaces/lab-2/.venv/lib/python3.12/site-packages/airflow/example_dags/example_python_decorator.py
[2026-08-20T11:10:43.638+0000] {processor.py:925} INFO - DAG(s) 'example_python_decorator' retrieved from /workspaces/lab-2/.venv/lib/python3.12/site-packages/airflow/example_dags/example_python_decorator.py
[2026-08-20T11:10:43.652+0000] {logging_mixin.py:190} INFO - [2026-08-20T11:10:43.652+0000] {dag.py:3239} INFO - Sync 1 DAGs
[2026-08-20T11:10:43.662+0000] {logging_mixin.py:190} INFO - [2026-08-20T11:10:43.662+0000] {dag.py:4180} INFO - Setting next_dagrun for example_python_decorator to None, run_after=None
[2026-08-20T11:10:43.681+0000] {processor.py:208} INFO - Processing /workspaces/lab-2/.venv/lib/python3.12/site-packages/airflow/example_dags/example_python_decorator.py took 0.064 seconds
[2026-08-20T11:11:37.504+0000] {processor.py:186} INFO - Started process (PID=31634) to work on /workspaces/lab-2/.venv/lib/python3.12/site-packages/airflow/example_dags/example_python_decorator.py
[2026-08-20T11:11:37.505+0000] {processor.py:914} INFO - Processing file /workspaces/lab-2/.venv/lib/python3.12/site-packages/airflow/example_dags/example_python_decorator.py for tasks to queue
[2026-08-20T11:11:37.507+0000] {logging_mixin.py:190} INFO - [2026-08-20T11:11:37.507+0000] {dagbag.py:588} INFO - Filling up the DagBag from /workspaces/lab-2/.venv/lib/python3.12/site-packages/airflow/example_dags/example_python_decorator.py
[2026-08-20T11:11:37.520+0000] {processor.py:925} INFO - DAG(s) 'example_python_decorator' retrieved from /workspaces/lab-2/.venv/lib/python3.12/site-packages/airflow/example_dags/example_python_decorator.py
[2026-08-20T11:11:37.536+0000] {logging_mixin.py:190} INFO - [2026-08-20T11:11:37.536+0000] {dag.py:3239} INFO - Sync 1 DAGs
[2026-08-20T11:11:37.546+0000] {logging_mixin.py:190} INFO - [2026-08-20T11:11:37.546+0000] {dag.py:4180} INFO - Setting next_dagrun for example_python_decorator to None, run_after=None
[2026-08-20T11:11:37.564+0000] {processor.py:208} INFO - Processing /workspaces/lab-2/.venv/lib/python3.12/site-packages/airflow/example_dags/example_python_decorator.py took 0.064 seconds
[2026-08-20T11:11:39.681+0000] {processor.py:186} INFO - Started process (PID=31679) to work on /workspaces/lab-2/.venv/lib/python3.12/site-packages/airflow/example_dags/example_python_decorator.py
[2026-08-20T11:11:39.681+0000] {processor.py:914} INFO - Processing file /workspaces/lab-2/.venv/lib/python3.12/site-packages/airflow/example_dags/example_python_decorator.py for tasks to queue
[2026-08-20T11:11:39.683+0000] {logging_mixin.py:190} INFO - [2026-08-20T11:11:39.683+0000] {dagbag.py:588} INFO - Filling up the DagBag from /workspaces/lab-2/.venv/lib/python3.12/site-packages/airflow/example_dags/example_python_decorator.py
[2026-08-20T11:11:39.696+0000] {processor.py:925} INFO - DAG(s) 'example_python_decorator' retrieved from /workspaces/lab-2/.venv/lib/python3.12/site-packages/airflow/example_dags/example_python_decorator.py
[2026-08-20T11:11:39.788+0000] {logging_mixin.py:190} INFO - [2026-08-20T11:11:39.787+0000] {dag.py:3239} INFO - Sync 1 DAGs
[2026-08-20T11:11:39.800+0000] {logging_mixin.py:190} INFO - [2026-08-20T11:11:39.800+0000] {dag.py:4180} INFO - Setting next_dagrun for example_python_decorator to None, run_after=None
[2026-08-20T11:11:39.839+0000] {processor.py:208} INFO - Processing /workspaces/lab-2/.venv/lib/python3.12/site-packages/airflow/example_dags/example_python_decorator.py took 0.163 seconds
[2026-08-20T11:12:31.393+0000] {processor.py:186} INFO - Started process (PID=32899) to work on /workspaces/lab-2/.venv/lib/python3.12/site-packages/airflow/example_dags/example_python_decorator.py
[2026-08-20T11:12:31.394+0000] {processor.py:914} INFO - Processing file /workspaces/lab-2/.venv/lib/python3.12/site-packages/airflow/example_dags/example_python_decorator.py for tasks to queue
[2026-08-20T11:12:31.396+0000] {logging_mixin.py:190} INFO - [2026-08-20T11:12:31.396+0000] {dagbag.py:588} INFO - Filling up the DagBag from /workspaces/lab-2/.venv/lib/python3.12/site-packages/airflow/example_dags/example_python_decorator.py
[2026-08-20T11:12:31.408+0000] {processor.py:925} INFO - DAG(s) 'example_python_decorator' retrieved from /workspaces/lab-2/.venv/lib/python3.12/site-packages/airflow/example_dags/example_python_decorator.py
[2026-08-20T11:12:31.491+0000] {logging_mixin.py:190} INFO - [2026-08-20T11:12:31.491+0000] {dag.py:3239} INFO - Sync 1 DAGs
[2026-08-20T11:12:31.499+0000] {logging_mixin.py:190} INFO - [2026-08-20T11:12:31.499+0000] {dag.py:4180} INFO - Setting next_dagrun for example_python_decorator to None, run_after=None
[2026-08-20T11:12:31.517+0000] {processor.py:208} INFO - Processing /workspaces/lab-2/.venv/lib/python3.12/site-packages/airflow/example_dags/example_python_decorator.py took 0.128 seconds
[2026-08-20T11:12:35.644+0000] {processor.py:186} INFO - Started process (PID=32950) to work on /workspaces/lab-2/.venv/lib/python3.12/site-packages/airflow/example_dags/example_python_decorator.py
[2026-08-20T11:12:35.645+0000] {processor.py:914} INFO - Processing file /workspaces/lab-2/.venv/lib/python3.12/site-packages/airflow/example_dags/example_python_decorator.py for tasks to queue
[2026-08-20T11:12:35.649+0000] {logging_mixin.py:190} INFO - [2026-08-20T11:12:35.648+0000] {dagbag.py:588} INFO - Filling up the DagBag from /workspaces/lab-2/.venv/lib/python3.12/site-packages/airflow/example_dags/example_python_decorator.py
[2026-08-20T11:12:35.662+0000] {processor.py:925} INFO - DAG(s) 'example_python_decorator' retrieved from /workspaces/lab-2/.venv/lib/python3.12/site-packages/airflow/example_dags/example_python_decorator.py
[2026-08-20T11:12:35.669+0000] {logging_mixin.py:190} INFO - [2026-08-20T11:12:35.669+0000] {dag.py:3239} INFO - Sync 1 DAGs
[2026-08-20T11:12:35.680+0000] {logging_mixin.py:190} INFO - [2026-08-20T11:12:35.680+0000] {dag.py:4180} INFO - Setting next_dagrun for example_python_decorator to None, run_after=None
[2026-08-20T11:12:35.698+0000] {processor.py:208} INFO - Processing /workspaces/lab-2/.venv/lib/python3.12/site-packages/airflow/example_dags/example_python_decorator.py took 0.066 seconds
[2026-08-20T11:13:29.141+0000] {processor.py:186} INFO - Started process (PID=33875) to work on /workspaces/lab-2/.venv/lib/python3.12/site-packages/airflow/example_dags/example_python_decorator.py
[2026-08-20T11:13:29.142+0000] {processor.py:914} INFO - Processing file /workspaces/lab-2/.venv/lib/python3.12/site-packages/airflow/example_dags/example_python_decorator.py for tasks to queue
[2026-08-20T11:13:29.144+0000] {logging_mixin.py:190} INFO - [2026-08-20T11:13:29.144+0000] {dagbag.py:588} INFO - Filling up the DagBag from /workspaces/lab-2/.venv/lib/python3.12/site-packages/airflow/example_dags/example_python_decorator.py
[2026-08-20T11:13:29.163+0000] {processor.py:925} INFO - DAG(s) 'example_python_decorator' retrieved from /workspaces/lab-2/.venv/lib/python3.12/site-packages/airflow/example_dags/example_python_decorator.py
[2026-08-20T11:13:29.273+0000] {logging_mixin.py:190} INFO - [2026-08-20T11:13:29.272+0000] {dag.py:3239} INFO - Sync 1 DAGs
[2026-08-20T11:13:29.286+0000] {logging_mixin.py:190} INFO - [2026-08-20T11:13:29.286+0000] {dag.py:4180} INFO - Setting next_dagrun for example_python_decorator to None, run_after=None
[2026-08-20T11:13:29.314+0000] {processor.py:208} INFO - Processing /workspaces/lab-2/.venv/lib/python3.12/site-packages/airflow/example_dags/example_python_decorator.py took 0.180 seconds
[2026-08-20T11:13:34.162+0000] {processor.py:186} INFO - Started process (PID=33913) to work on /workspaces/lab-2/.venv/lib/python3.12/site-packages/airflow/example_dags/example_python_decorator.py
[2026-08-20T11:13:34.169+0000] {processor.py:914} INFO - Processing file /workspaces/lab-2/.venv/lib/python3.12/site-packages/airflow/example_dags/example_python_decorator.py for tasks to queue
[2026-08-20T11:13:34.174+0000] {logging_mixin.py:190} INFO - [2026-08-20T11:13:34.173+0000] {dagbag.py:588} INFO - Filling up the DagBag from /workspaces/lab-2/.venv/lib/python3.12/site-packages/airflow/example_dags/example_python_decorator.py
[2026-08-20T11:13:34.207+0000] {processor.py:925} INFO - DAG(s) 'example_python_decorator' retrieved from /workspaces/lab-2/.venv/lib/python3.12/site-packages/airflow/example_dags/example_python_decorator.py
[2026-08-20T11:13:34.221+0000] {logging_mixin.py:190} INFO - [2026-08-20T11:13:34.220+0000] {dag.py:3239} INFO - Sync 1 DAGs
[2026-08-20T11:13:34.239+0000] {logging_mixin.py:190} INFO - [2026-08-20T11:13:34.239+0000] {dag.py:4180} INFO - Setting next_dagrun for example_python_decorator to None, run_after=None
[2026-08-20T11:13:34.273+0000] {processor.py:208} INFO - Processing /workspaces/lab-2/.venv/lib/python3.12/site-packages/airflow/example_dags/example_python_decorator.py took 0.129 seconds
[2026-08-20T11:14:28.623+0000] {processor.py:186} INFO - Started process (PID=35142) to work on /workspaces/lab-2/.venv/lib/python3.12/site-packages/airflow/example_dags/example_python_decorator.py
[2026-08-20T11:14:28.624+0000] {processor.py:914} INFO - Processing file /workspaces/lab-2/.venv/lib/python3.12/site-packages/airflow/example_dags/example_python_decorator.py for tasks to queue
[2026-08-20T11:14:28.626+0000] {logging_mixin.py:190} INFO - [2026-08-20T11:14:28.626+0000] {dagbag.py:588} INFO - Filling up the DagBag from /workspaces/lab-2/.venv/lib/python3.12/site-packages/airflow/example_dags/example_python_decorator.py
[2026-08-20T11:14:28.644+0000] {processor.py:925} INFO - DAG(s) 'example_python_decorator' retrieved from /workspaces/lab-2/.venv/lib/python3.12/site-packages/airflow/example_dags/example_python_decorator.py
[2026-08-20T11:14:28.666+0000] {logging_mixin.py:190} INFO - [2026-08-20T11:14:28.666+0000] {dag.py:3239} INFO - Sync 1 DAGs
[2026-08-20T11:14:28.704+0000] {logging_mixin.py:190} INFO - [2026-08-20T11:14:28.703+0000] {dag.py:4180} INFO - Setting next_dagrun for example_python_decorator to None, run_after=None
[2026-08-20T11:14:28.730+0000] {processor.py:208} INFO - Processing /workspaces/lab-2/.venv/lib/python3.12/site-packages/airflow/example_dags/example_python_decorator.py took 0.117 seconds
[2026-08-20T11:14:30.364+0000] {processor.py:186} INFO - Started process (PID=35217) to work on /workspaces/lab-2/.venv/lib/python3.12/site-packages/airflow/example_dags/example_python_decorator.py
[2026-08-20T11:14:30.366+0000] {processor.py:914} INFO - Processing file /workspaces/lab-2/.venv/lib/python3.12/site-packages/airflow/example_dags/example_python_decorator.py for tasks to queue
[2026-08-20T11:14:30.376+0000] {logging_mixin.py:190} INFO - [2026-08-20T11:14:30.371+0000] {dagbag.py:588} INFO - Filling up the DagBag from /workspaces/lab-2/.venv/lib/python3.12/site-packages/airflow/example_dags/example_python_decorator.py
[2026-08-20T11:14:30.419+0000] {processor.py:925} INFO - DAG(s) 'example_python_decorator' retrieved from /workspaces/lab-2/.venv/lib/python3.12/site-packages/airflow/example_dags/example_python_decorator.py
[2026-08-20T11:14:30.700+0000] {logging_mixin.py:190} INFO - [2026-08-20T11:14:30.700+0000] {dag.py:3239} INFO - Sync 1 DAGs
[2026-08-20T11:14:30.729+0000] {logging_mixin.py:190} INFO - [2026-08-20T11:14:30.729+0000] {dag.py:4180} INFO - Setting next_dagrun for example_python_decorator to None, run_after=None
[2026-08-20T11:14:30.818+0000] {processor.py:208} INFO - Processing /workspaces/lab-2/.venv/lib/python3.12/site-packages/airflow/example_dags/example_python_decorator.py took 0.475 seconds
[2026-08-20T11:17:00.086+0000] {processor.py:186} INFO - Started process (PID=39929) to work on /workspaces/lab-2/.venv/lib/python3.12/site-packages/airflow/example_dags/example_python_decorator.py
[2026-08-20T11:17:00.093+0000] {processor.py:914} INFO - Processing file /workspaces/lab-2/.venv/lib/python3.12/site-packages/airflow/example_dags/example_python_decorator.py for tasks to queue
[2026-08-20T11:17:00.101+0000] {logging_mixin.py:190} INFO - [2026-08-20T11:17:00.101+0000] {dagbag.py:588} INFO - Filling up the DagBag from /workspaces/lab-2/.venv/lib/python3.12/site-packages/airflow/example_dags/example_python_decorator.py
[2026-08-20T11:17:00.173+0000] {processor.py:925} INFO - DAG(s) 'example_python_decorator' retrieved from /workspaces/lab-2/.venv/lib/python3.12/site-packages/airflow/example_dags/example_python_decorator.py
[2026-08-20T11:17:00.645+0000] {logging_mixin.py:190} INFO - [2026-08-20T11:17:00.636+0000] {dag.py:3239} INFO - Sync 1 DAGs
[2026-08-20T11:17:00.703+0000] {logging_mixin.py:190} INFO - [2026-08-20T11:17:00.703+0000] {dag.py:4180} INFO - Setting next_dagrun for example_python_decorator to None, run_after=None
[2026-08-20T11:17:00.754+0000] {processor.py:208} INFO - Processing /workspaces/lab-2/.venv/lib/python3.12/site-packages/airflow/example_dags/example_python_decorator.py took 0.699 seconds
