[2026-08-20T11:04:14.020+0000] {processor.py:186} INFO - Started process (PID=24389) to work on /workspaces/lab-2/.venv/lib/python3.12/site-packages/airflow/example_dags/example_setup_teardown_taskflow.py
[2026-08-20T11:04:14.021+0000] {processor.py:914} INFO - Processing file /workspaces/lab-2/.venv/lib/python3.12/site-packages/airflow/example_dags/example_setup_teardown_taskflow.py for tasks to queue
[2026-08-20T11:04:14.023+0000] {logging_mixin.py:190} INFO - [2026-08-20T11:04:14.022+0000] {dagbag.py:588} INFO - Filling up the DagBag from /workspaces/lab-2/.venv/lib/python3.12/site-packages/airflow/example_dags/example_setup_teardown_taskflow.py
[2026-08-20T11:04:14.034+0000] {processor.py:925} INFO - DAG(s) 'example_setup_teardown_taskflow' retrieved from /workspaces/lab-2/.venv/lib/python3.12/site-packages/airflow/example_dags/example_setup_teardown_taskflow.py
[2026-08-20T11:04:14.137+0000] {logging_mixin.py:190} INFO - [2026-08-20T11:04:14.136+0000] {override.py:1900} INFO - Created Permission View: can edit on DAG:example_setup_teardown_taskflow
[2026-08-20T11:04:14.147+0000] {logging_mixin.py:190} INFO - [2026-08-20T11:04:14.147+0000] {override.py:1900} INFO - Created Permission View: can read on DAG:example_setup_teardown_taskflow
[2026-08-20T11:04:14.154+0000] {logging_mixin.py:190} INFO - [2026-08-20T11:04:14.154+0000] {override.py:1900} INFO - Created Permission View: can delete on DAG:example_setup_teardown_taskflow
[2026-08-20T11:04:14.166+0000] {logging_mixin.py:190} INFO - [2026-08-20T11:04:14.166+0000] {override.py:1900} INFO - Created Permission View: can create on DAG Run:example_setup_teardown_taskflow
[2026-08-20T11:04:14.173+0000] {logging_mixin.py:190} INFO - [2026-08-20T11:04:14.173+0000] {override.py:1900} INFO - Created Permission View: can read on DAG Run:example_setup_teardown_taskflow
[2026-08-20T11:04:14.181+0000] {logging_mixin.py:190} INFO - [2026-08-20T11:04:14.180+0000] {override.py:1900} INFO - Created Permission View: menu access on DAG Run:example_setup_teardown_taskflow
[2026-08-20T11:04:14.188+0000] {logging_mixin.py:190} INFO - [2026-08-20T11:04:14.187+0000] {override.py:1900} INFO - Created Permission View: can delete on DAG Run:example_setup_teardown_taskflow
[2026-08-20T11:04:14.188+0000] {logging_mixin.py:190} INFO - [2026-08-20T11:04:14.188+0000] {dag.py:3239} INFO - Sync 1 DAGs
[2026-08-20T11:04:14.197+0000] {logging_mixin.py:190} INFO - [2026-08-20T11:04:14.197+0000] {dag.py:3262} INFO - Creating ORM DAG for example_setup_teardown_taskflow
[2026-08-20T11:04:14.197+0000] {logging_mixin.py:190} INFO - [2026-08-20T11:04:14.197+0000] {dag.py:4180} INFO - Setting next_dagrun for example_setup_teardown_taskflow to None, run_after=None
[2026-08-20T11:04:14.215+0000] {processor.py:208} INFO - Processing /workspaces/lab-2/.venv/lib/python3.12/site-packages/airflow/example_dags/example_setup_teardown_taskflow.py took 0.199 seconds
[2026-08-20T11:05:16.526+0000] {processor.py:186} INFO - Started process (PID=25290) to work on /workspaces/lab-2/.venv/lib/python3.12/site-packages/airflow/example_dags/example_setup_teardown_taskflow.py
[2026-08-20T11:05:16.529+0000] {processor.py:914} INFO - Processing file /workspaces/lab-2/.venv/lib/python3.12/site-packages/airflow/example_dags/example_setup_teardown_taskflow.py for tasks to queue
[2026-08-20T11:05:16.534+0000] {logging_mixin.py:190} INFO - [2026-08-20T11:05:16.533+0000] {dagbag.py:588} INFO - Filling up the DagBag from /workspaces/lab-2/.venv/lib/python3.12/site-packages/airflow/example_dags/example_setup_teardown_taskflow.py
[2026-08-20T11:05:16.546+0000] {processor.py:925} INFO - DAG(s) 'example_setup_teardown_taskflow' retrieved from /workspaces/lab-2/.venv/lib/python3.12/site-packages/airflow/example_dags/example_setup_teardown_taskflow.py
[2026-08-20T11:05:16.573+0000] {logging_mixin.py:190} INFO - [2026-08-20T11:05:16.573+0000] {dag.py:3239} INFO - Sync 1 DAGs
[2026-08-20T11:05:16.591+0000] {logging_mixin.py:190} INFO - [2026-08-20T11:05:16.590+0000] {dag.py:4180} INFO - Setting next_dagrun for example_setup_teardown_taskflow to None, run_after=None
[2026-08-20T11:05:16.620+0000] {processor.py:208} INFO - Processing /workspaces/lab-2/.venv/lib/python3.12/site-packages/airflow/example_dags/example_setup_teardown_taskflow.py took 0.102 seconds
[2026-08-20T11:06:09.646+0000] {processor.py:186} INFO - Started process (PID=26079) to work on /workspaces/lab-2/.venv/lib/python3.12/site-packages/airflow/example_dags/example_setup_teardown_taskflow.py
[2026-08-20T11:06:09.647+0000] {processor.py:914} INFO - Processing file /workspaces/lab-2/.venv/lib/python3.12/site-packages/airflow/example_dags/example_setup_teardown_taskflow.py for tasks to queue
[2026-08-20T11:06:09.649+0000] {logging_mixin.py:190} INFO - [2026-08-20T11:06:09.649+0000] {dagbag.py:588} INFO - Filling up the DagBag from /workspaces/lab-2/.venv/lib/python3.12/site-packages/airflow/example_dags/example_setup_teardown_taskflow.py
[2026-08-20T11:06:09.659+0000] {processor.py:925} INFO - DAG(s) 'example_setup_teardown_taskflow' retrieved from /workspaces/lab-2/.venv/lib/python3.12/site-packages/airflow/example_dags/example_setup_teardown_taskflow.py
[2026-08-20T11:06:09.679+0000] {logging_mixin.py:190} INFO - [2026-08-20T11:06:09.679+0000] {dag.py:3239} INFO - Sync 1 DAGs
[2026-08-20T11:06:09.689+0000] {logging_mixin.py:190} INFO - [2026-08-20T11:06:09.689+0000] {dag.py:4180} INFO - Setting next_dagrun for example_setup_teardown_taskflow to None, run_after=None
[2026-08-20T11:06:09.706+0000] {processor.py:208} INFO - Processing /workspaces/lab-2/.venv/lib/python3.12/site-packages/airflow/example_dags/example_setup_teardown_taskflow.py took 0.064 seconds
[2026-08-20T11:06:57.983+0000] {processor.py:186} INFO - Started process (PID=26852) to work on /workspaces/lab-2/.venv/lib/python3.12/site-packages/airflow/example_dags/example_setup_teardown_taskflow.py
[2026-08-20T11:06:57.984+0000] {processor.py:914} INFO - Processing file /workspaces/lab-2/.venv/lib/python3.12/site-packages/airflow/example_dags/example_setup_teardown_taskflow.py for tasks to queue
[2026-08-20T11:06:57.986+0000] {logging_mixin.py:190} INFO - [2026-08-20T11:06:57.985+0000] {dagbag.py:588} INFO - Filling up the DagBag from /workspaces/lab-2/.venv/lib/python3.12/site-packages/airflow/example_dags/example_setup_teardown_taskflow.py
[2026-08-20T11:06:57.995+0000] {processor.py:925} INFO - DAG(s) 'example_setup_teardown_taskflow' retrieved from /workspaces/lab-2/.venv/lib/python3.12/site-packages/airflow/example_dags/example_setup_teardown_taskflow.py
[2026-08-20T11:06:58.012+0000] {logging_mixin.py:190} INFO - [2026-08-20T11:06:58.012+0000] {dag.py:3239} INFO - Sync 1 DAGs
[2026-08-20T11:06:58.022+0000] {logging_mixin.py:190} INFO - [2026-08-20T11:06:58.022+0000] {dag.py:4180} INFO - Setting next_dagrun for example_setup_teardown_taskflow to None, run_after=None
[2026-08-20T11:06:58.040+0000] {processor.py:208} INFO - Processing /workspaces/lab-2/.venv/lib/python3.12/site-packages/airflow/example_dags/example_setup_teardown_taskflow.py took 0.063 seconds
[2026-08-20T11:07:53.491+0000] {processor.py:186} INFO - Started process (PID=27536) to work on /workspaces/lab-2/.venv/lib/python3.12/site-packages/airflow/example_dags/example_setup_teardown_taskflow.py
[2026-08-20T11:07:53.492+0000] {processor.py:914} INFO - Processing file /workspaces/lab-2/.venv/lib/python3.12/site-packages/airflow/example_dags/example_setup_teardown_taskflow.py for tasks to queue
[2026-08-20T11:07:53.494+0000] {logging_mixin.py:190} INFO - [2026-08-20T11:07:53.493+0000] {dagbag.py:588} INFO - Filling up the DagBag from /workspaces/lab-2/.venv/lib/python3.12/site-packages/airflow/example_dags/example_setup_teardown_taskflow.py
[2026-08-20T11:07:53.502+0000] {processor.py:925} INFO - DAG(s) 'example_setup_teardown_taskflow' retrieved from /workspaces/lab-2/.venv/lib/python3.12/site-packages/airflow/example_dags/example_setup_teardown_taskflow.py
[2026-08-20T11:07:53.517+0000] {logging_mixin.py:190} INFO - [2026-08-20T11:07:53.517+0000] {dag.py:3239} INFO - Sync 1 DAGs
[2026-08-20T11:07:53.526+0000] {logging_mixin.py:190} INFO - [2026-08-20T11:07:53.526+0000] {dag.py:4180} INFO - Setting next_dagrun for example_setup_teardown_taskflow to None, run_after=None
[2026-08-20T11:07:53.544+0000] {processor.py:208} INFO - Processing /workspaces/lab-2/.venv/lib/python3.12/site-packages/airflow/example_dags/example_setup_teardown_taskflow.py took 0.057 seconds
[2026-08-20T11:08:49.384+0000] {processor.py:186} INFO - Started process (PID=28745) to work on /workspaces/lab-2/.venv/lib/python3.12/site-packages/airflow/example_dags/example_setup_teardown_taskflow.py
[2026-08-20T11:08:49.384+0000] {processor.py:914} INFO - Processing file /workspaces/lab-2/.venv/lib/python3.12/site-packages/airflow/example_dags/example_setup_teardown_taskflow.py for tasks to queue
[2026-08-20T11:08:49.386+0000] {logging_mixin.py:190} INFO - [2026-08-20T11:08:49.386+0000] {dagbag.py:588} INFO - Filling up the DagBag from /workspaces/lab-2/.venv/lib/python3.12/site-packages/airflow/example_dags/example_setup_teardown_taskflow.py
[2026-08-20T11:08:49.396+0000] {processor.py:925} INFO - DAG(s) 'example_setup_teardown_taskflow' retrieved from /workspaces/lab-2/.venv/lib/python3.12/site-packages/airflow/example_dags/example_setup_teardown_taskflow.py
[2026-08-20T11:08:49.411+0000] {logging_mixin.py:190} INFO - [2026-08-20T11:08:49.410+0000] {dag.py:3239} INFO - Sync 1 DAGs
[2026-08-20T11:08:49.420+0000] {logging_mixin.py:190} INFO - [2026-08-20T11:08:49.420+0000] {dag.py:4180} INFO - Setting next_dagrun for example_setup_teardown_taskflow to None, run_after=None
[2026-08-20T11:08:49.438+0000] {processor.py:208} INFO - Processing /workspaces/lab-2/.venv/lib/python3.12/site-packages/airflow/example_dags/example_setup_teardown_taskflow.py took 0.059 seconds
[2026-08-20T11:09:42.782+0000] {processor.py:186} INFO - Started process (PID=29642) to work on /workspaces/lab-2/.venv/lib/python3.12/site-packages/airflow/example_dags/example_setup_teardown_taskflow.py
[2026-08-20T11:09:42.783+0000] {processor.py:914} INFO - Processing file /workspaces/lab-2/.venv/lib/python3.12/site-packages/airflow/example_dags/example_setup_teardown_taskflow.py for tasks to queue
[2026-08-20T11:09:42.784+0000] {logging_mixin.py:190} INFO - [2026-08-20T11:09:42.784+0000] {dagbag.py:588} INFO - Filling up the DagBag from /workspaces/lab-2/.venv/lib/python3.12/site-packages/airflow/example_dags/example_setup_teardown_taskflow.py
[2026-08-20T11:09:42.795+0000] {processor.py:925} INFO - DAG(s) 'example_setup_teardown_taskflow' retrieved from /workspaces/lab-2/.venv/lib/python3.12/site-packages/airflow/example_dags/example_setup_teardown_taskflow.py
[2026-08-20T11:09:42.815+0000] {logging_mixin.py:190} INFO - [2026-08-20T11:09:42.815+0000] {dag.py:3239} INFO - Sync 1 DAGs
[2026-08-20T11:09:42.826+0000] {logging_mixin.py:190} INFO - [2026-08-20T11:09:42.826+0000] {dag.py:4180} INFO - Setting next_dagrun for example_setup_teardown_taskflow to None, run_after=None
[2026-08-20T11:09:42.844+0000] {processor.py:208} INFO - Processing /workspaces/lab-2/.venv/lib/python3.12/site-packages/airflow/example_dags/example_setup_teardown_taskflow.py took 0.067 seconds
[2026-08-20T11:10:35.374+0000] {processor.py:186} INFO - Started process (PID=30576) to work on /workspaces/lab-2/.venv/lib/python3.12/site-packages/airflow/example_dags/example_setup_teardown_taskflow.py
[2026-08-20T11:10:35.375+0000] {processor.py:914} INFO - Processing file /workspaces/lab-2/.venv/lib/python3.12/site-packages/airflow/example_dags/example_setup_teardown_taskflow.py for tasks to queue
[2026-08-20T11:10:35.377+0000] {logging_mixin.py:190} INFO - [2026-08-20T11:10:35.377+0000] {dagbag.py:588} INFO - Filling up the DagBag from /workspaces/lab-2/.venv/lib/python3.12/site-packages/airflow/example_dags/example_setup_teardown_taskflow.py
[2026-08-20T11:10:35.386+0000] {processor.py:925} INFO - DAG(s) 'example_setup_teardown_taskflow' retrieved from /workspaces/lab-2/.venv/lib/python3.12/site-packages/airflow/example_dags/example_setup_teardown_taskflow.py
[2026-08-20T11:10:35.401+0000] {logging_mixin.py:190} INFO - [2026-08-20T11:10:35.401+0000] {dag.py:3239} INFO - Sync 1 DAGs
[2026-08-20T11:10:35.411+0000] {logging_mixin.py:190} INFO - [2026-08-20T11:10:35.411+0000] {dag.py:4180} INFO - Setting next_dagrun for example_setup_teardown_taskflow to None, run_after=None
[2026-08-20T11:10:35.428+0000] {processor.py:208} INFO - Processing /workspaces/lab-2/.venv/lib/python3.12/site-packages/airflow/example_dags/example_setup_teardown_taskflow.py took 0.059 seconds
[2026-08-20T11:11:32.209+0000] {processor.py:186} INFO - Started process (PID=31575) to work on /workspaces/lab-2/.venv/lib/python3.12/site-packages/airflow/example_dags/example_setup_teardown_taskflow.py
[2026-08-20T11:11:32.210+0000] {processor.py:914} INFO - Processing file /workspaces/lab-2/.venv/lib/python3.12/site-packages/airflow/example_dags/example_setup_teardown_taskflow.py for tasks to queue
[2026-08-20T11:11:32.212+0000] {logging_mixin.py:190} INFO - [2026-08-20T11:11:32.212+0000] {dagbag.py:588} INFO - Filling up the DagBag from /workspaces/lab-2/.venv/lib/python3.12/site-packages/airflow/example_dags/example_setup_teardown_taskflow.py
[2026-08-20T11:11:32.221+0000] {processor.py:925} INFO - DAG(s) 'example_setup_teardown_taskflow' retrieved from /workspaces/lab-2/.venv/lib/python3.12/site-packages/airflow/example_dags/example_setup_teardown_taskflow.py
[2026-08-20T11:11:32.236+0000] {logging_mixin.py:190} INFO - [2026-08-20T11:11:32.236+0000] {dag.py:3239} INFO - Sync 1 DAGs
[2026-08-20T11:11:32.246+0000] {logging_mixin.py:190} INFO - [2026-08-20T11:11:32.245+0000] {dag.py:4180} INFO - Setting next_dagrun for example_setup_teardown_taskflow to None, run_after=None
[2026-08-20T11:11:32.263+0000] {processor.py:208} INFO - Processing /workspaces/lab-2/.venv/lib/python3.12/site-packages/airflow/example_dags/example_setup_teardown_taskflow.py took 0.059 seconds
[2026-08-20T11:11:33.384+0000] {processor.py:186} INFO - Started process (PID=31586) to work on /workspaces/lab-2/.venv/lib/python3.12/site-packages/airflow/example_dags/example_setup_teardown_taskflow.py
[2026-08-20T11:11:33.385+0000] {processor.py:914} INFO - Processing file /workspaces/lab-2/.venv/lib/python3.12/site-packages/airflow/example_dags/example_setup_teardown_taskflow.py for tasks to queue
[2026-08-20T11:11:33.387+0000] {logging_mixin.py:190} INFO - [2026-08-20T11:11:33.387+0000] {dagbag.py:588} INFO - Filling up the DagBag from /workspaces/lab-2/.venv/lib/python3.12/site-packages/airflow/example_dags/example_setup_teardown_taskflow.py
[2026-08-20T11:11:33.396+0000] {processor.py:925} INFO - DAG(s) 'example_setup_teardown_taskflow' retrieved from /workspaces/lab-2/.venv/lib/python3.12/site-packages/airflow/example_dags/example_setup_teardown_taskflow.py
[2026-08-20T11:11:33.413+0000] {logging_mixin.py:190} INFO - [2026-08-20T11:11:33.413+0000] {dag.py:3239} INFO - Sync 1 DAGs
[2026-08-20T11:11:33.423+0000] {logging_mixin.py:190} INFO - [2026-08-20T11:11:33.423+0000] {dag.py:4180} INFO - Setting next_dagrun for example_setup_teardown_taskflow to None, run_after=None
[2026-08-20T11:11:33.441+0000] {processor.py:208} INFO - Processing /workspaces/lab-2/.venv/lib/python3.12/site-packages/airflow/example_dags/example_setup_teardown_taskflow.py took 0.061 seconds
[2026-08-20T11:12:25.116+0000] {processor.py:186} INFO - Started process (PID=32839) to work on /workspaces/lab-2/.venv/lib/python3.12/site-packages/airflow/example_dags/example_setup_teardown_taskflow.py
[2026-08-20T11:12:25.117+0000] {processor.py:914} INFO - Processing file /workspaces/lab-2/.venv/lib/python3.12/site-packages/airflow/example_dags/example_setup_teardown_taskflow.py for tasks to queue
[2026-08-20T11:12:25.119+0000] {logging_mixin.py:190} INFO - [2026-08-20T11:12:25.119+0000] {dagbag.py:588} INFO - Filling up the DagBag from /workspaces/lab-2/.venv/lib/python3.12/site-packages/airflow/example_dags/example_setup_teardown_taskflow.py
[2026-08-20T11:12:25.133+0000] {processor.py:925} INFO - DAG(s) 'example_setup_teardown_taskflow' retrieved from /workspaces/lab-2/.venv/lib/python3.12/site-packages/airflow/example_dags/example_setup_teardown_taskflow.py
[2026-08-20T11:12:25.155+0000] {logging_mixin.py:190} INFO - [2026-08-20T11:12:25.155+0000] {dag.py:3239} INFO - Sync 1 DAGs
[2026-08-20T11:12:25.173+0000] {logging_mixin.py:190} INFO - [2026-08-20T11:12:25.173+0000] {dag.py:4180} INFO - Setting next_dagrun for example_setup_teardown_taskflow to None, run_after=None
[2026-08-20T11:12:25.217+0000] {processor.py:208} INFO - Processing /workspaces/lab-2/.venv/lib/python3.12/site-packages/airflow/example_dags/example_setup_teardown_taskflow.py took 0.107 seconds
[2026-08-20T11:12:30.473+0000] {processor.py:186} INFO - Started process (PID=32891) to work on /workspaces/lab-2/.venv/lib/python3.12/site-packages/airflow/example_dags/example_setup_teardown_taskflow.py
[2026-08-20T11:12:30.474+0000] {processor.py:914} INFO - Processing file /workspaces/lab-2/.venv/lib/python3.12/site-packages/airflow/example_dags/example_setup_teardown_taskflow.py for tasks to queue
[2026-08-20T11:12:30.475+0000] {logging_mixin.py:190} INFO - [2026-08-20T11:12:30.475+0000] {dagbag.py:588} INFO - Filling up the DagBag from /workspaces/lab-2/.venv/lib/python3.12/site-packages/airflow/example_dags/example_setup_teardown_taskflow.py
[2026-08-20T11:12:30.486+0000] {processor.py:925} INFO - DAG(s) 'example_setup_teardown_taskflow' retrieved from /workspaces/lab-2/.venv/lib/python3.12/site-packages/airflow/example_dags/example_setup_teardown_taskflow.py
[2026-08-20T11:12:30.501+0000] {logging_mixin.py:190} INFO - [2026-08-20T11:12:30.501+0000] {dag.py:3239} INFO - Sync 1 DAGs
[2026-08-20T11:12:30.511+0000] {logging_mixin.py:190} INFO - [2026-08-20T11:12:30.511+0000] {dag.py:4180} INFO - Setting next_dagrun for example_setup_teardown_taskflow to None, run_after=None
[2026-08-20T11:12:30.530+0000] {processor.py:208} INFO - Processing /workspaces/lab-2/.venv/lib/python3.12/site-packages/airflow/example_dags/example_setup_teardown_taskflow.py took 0.062 seconds
[2026-08-20T11:13:23.505+0000] {processor.py:186} INFO - Started process (PID=33816) to work on /workspaces/lab-2/.venv/lib/python3.12/site-packages/airflow/example_dags/example_setup_teardown_taskflow.py
[2026-08-20T11:13:23.506+0000] {processor.py:914} INFO - Processing file /workspaces/lab-2/.venv/lib/python3.12/site-packages/airflow/example_dags/example_setup_teardown_taskflow.py for tasks to queue
[2026-08-20T11:13:23.508+0000] {logging_mixin.py:190} INFO - [2026-08-20T11:13:23.507+0000] {dagbag.py:588} INFO - Filling up the DagBag from /workspaces/lab-2/.venv/lib/python3.12/site-packages/airflow/example_dags/example_setup_teardown_taskflow.py
[2026-08-20T11:13:23.517+0000] {processor.py:925} INFO - DAG(s) 'example_setup_teardown_taskflow' retrieved from /workspaces/lab-2/.venv/lib/python3.12/site-packages/airflow/example_dags/example_setup_teardown_taskflow.py
[2026-08-20T11:13:23.613+0000] {logging_mixin.py:190} INFO - [2026-08-20T11:13:23.613+0000] {dag.py:3239} INFO - Sync 1 DAGs
[2026-08-20T11:13:23.626+0000] {logging_mixin.py:190} INFO - [2026-08-20T11:13:23.626+0000] {dag.py:4180} INFO - Setting next_dagrun for example_setup_teardown_taskflow to None, run_after=None
[2026-08-20T11:13:23.650+0000] {processor.py:208} INFO - Processing /workspaces/lab-2/.venv/lib/python3.12/site-packages/airflow/example_dags/example_setup_teardown_taskflow.py took 0.150 seconds
[2026-08-20T11:13:23.818+0000] {processor.py:186} INFO - Started process (PID=33823) to work on /workspaces/lab-2/.venv/lib/python3.12/site-packages/airflow/example_dags/example_setup_teardown_taskflow.py
[2026-08-20T11:13:23.819+0000] {processor.py:914} INFO - Processing file /workspaces/lab-2/.venv/lib/python3.12/site-packages/airflow/example_dags/example_setup_teardown_taskflow.py for tasks to queue
[2026-08-20T11:13:23.820+0000] {logging_mixin.py:190} INFO - [2026-08-20T11:13:23.820+0000] {dagbag.py:588} INFO - Filling up the DagBag from /workspaces/lab-2/.venv/lib/python3.12/site-packages/airflow/example_dags/example_setup_teardown_taskflow.py
[2026-08-20T11:13:23.829+0000] {processor.py:925} INFO - DAG(s) 'example_setup_teardown_taskflow' retrieved from /workspaces/lab-2/.venv/lib/python3.12/site-packages/airflow/example_dags/example_setup_teardown_taskflow.py
[2026-08-20T11:13:23.837+0000] {logging_mixin.py:190} INFO - [2026-08-20T11:13:23.836+0000] {dag.py:3239} INFO - Sync 1 DAGs
[2026-08-20T11:13:23.847+0000] {logging_mixin.py:190} INFO - [2026-08-20T11:13:23.847+0000] {dag.py:4180} INFO - Setting next_dagrun for example_setup_teardown_taskflow to None, run_after=None
[2026-08-20T11:13:23.866+0000] {processor.py:208} INFO - Processing /workspaces/lab-2/.venv/lib/python3.12/site-packages/airflow/example_dags/example_setup_teardown_taskflow.py took 0.053 seconds
[2026-08-20T11:14:15.615+0000] {processor.py:186} INFO - Started process (PID=34957) to work on /workspaces/lab-2/.venv/lib/python3.12/site-packages/airflow/example_dags/example_setup_teardown_taskflow.py
[2026-08-20T11:14:15.616+0000] {processor.py:914} INFO - Processing file /workspaces/lab-2/.venv/lib/python3.12/site-packages/airflow/example_dags/example_setup_teardown_taskflow.py for tasks to queue
[2026-08-20T11:14:15.618+0000] {logging_mixin.py:190} INFO - [2026-08-20T11:14:15.617+0000] {dagbag.py:588} INFO - Filling up the DagBag from /workspaces/lab-2/.venv/lib/python3.12/site-packages/airflow/example_dags/example_setup_teardown_taskflow.py
[2026-08-20T11:14:15.627+0000] {processor.py:925} INFO - DAG(s) 'example_setup_teardown_taskflow' retrieved from /workspaces/lab-2/.venv/lib/python3.12/site-packages/airflow/example_dags/example_setup_teardown_taskflow.py
[2026-08-20T11:14:15.645+0000] {logging_mixin.py:190} INFO - [2026-08-20T11:14:15.645+0000] {dag.py:3239} INFO - Sync 1 DAGs
[2026-08-20T11:14:15.655+0000] {logging_mixin.py:190} INFO - [2026-08-20T11:14:15.655+0000] {dag.py:4180} INFO - Setting next_dagrun for example_setup_teardown_taskflow to None, run_after=None
[2026-08-20T11:14:15.677+0000] {processor.py:208} INFO - Processing /workspaces/lab-2/.venv/lib/python3.12/site-packages/airflow/example_dags/example_setup_teardown_taskflow.py took 0.067 seconds
[2026-08-20T11:14:19.488+0000] {processor.py:186} INFO - Started process (PID=35048) to work on /workspaces/lab-2/.venv/lib/python3.12/site-packages/airflow/example_dags/example_setup_teardown_taskflow.py
[2026-08-20T11:14:19.489+0000] {processor.py:914} INFO - Processing file /workspaces/lab-2/.venv/lib/python3.12/site-packages/airflow/example_dags/example_setup_teardown_taskflow.py for tasks to queue
[2026-08-20T11:14:19.491+0000] {logging_mixin.py:190} INFO - [2026-08-20T11:14:19.491+0000] {dagbag.py:588} INFO - Filling up the DagBag from /workspaces/lab-2/.venv/lib/python3.12/site-packages/airflow/example_dags/example_setup_teardown_taskflow.py
[2026-08-20T11:14:19.500+0000] {processor.py:925} INFO - DAG(s) 'example_setup_teardown_taskflow' retrieved from /workspaces/lab-2/.venv/lib/python3.12/site-packages/airflow/example_dags/example_setup_teardown_taskflow.py
[2026-08-20T11:14:19.514+0000] {logging_mixin.py:190} INFO - [2026-08-20T11:14:19.514+0000] {dag.py:3239} INFO - Sync 1 DAGs
[2026-08-20T11:14:19.525+0000] {logging_mixin.py:190} INFO - [2026-08-20T11:14:19.524+0000] {dag.py:4180} INFO - Setting next_dagrun for example_setup_teardown_taskflow to None, run_after=None
[2026-08-20T11:14:19.542+0000] {processor.py:208} INFO - Processing /workspaces/lab-2/.venv/lib/python3.12/site-packages/airflow/example_dags/example_setup_teardown_taskflow.py took 0.059 seconds
