[2026-08-20T11:04:32.457+0000] {processor.py:186} INFO - Started process (PID=24651) to work on /workspaces/lab-2/.venv/lib/python3.12/site-packages/airflow/example_dags/example_dynamic_task_mapping_with_no_taskflow_operators.py
[2026-08-20T11:04:32.458+0000] {processor.py:914} INFO - Processing file /workspaces/lab-2/.venv/lib/python3.12/site-packages/airflow/example_dags/example_dynamic_task_mapping_with_no_taskflow_operators.py for tasks to queue
[2026-08-20T11:04:32.460+0000] {logging_mixin.py:190} INFO - [2026-08-20T11:04:32.460+0000] {dagbag.py:588} INFO - Filling up the DagBag from /workspaces/lab-2/.venv/lib/python3.12/site-packages/airflow/example_dags/example_dynamic_task_mapping_with_no_taskflow_operators.py
[2026-08-20T11:04:32.469+0000] {processor.py:925} INFO - DAG(s) 'example_dynamic_task_mapping_with_no_taskflow_operators' retrieved from /workspaces/lab-2/.venv/lib/python3.12/site-packages/airflow/example_dags/example_dynamic_task_mapping_with_no_taskflow_operators.py
[2026-08-20T11:04:32.575+0000] {logging_mixin.py:190} INFO - [2026-08-20T11:04:32.574+0000] {override.py:1900} INFO - Created Permission View: can edit on DAG:example_dynamic_task_mapping_with_no_taskflow_operators
[2026-08-20T11:04:32.584+0000] {logging_mixin.py:190} INFO - [2026-08-20T11:04:32.584+0000] {override.py:1900} INFO - Created Permission View: can read on DAG:example_dynamic_task_mapping_with_no_taskflow_operators
[2026-08-20T11:04:32.593+0000] {logging_mixin.py:190} INFO - [2026-08-20T11:04:32.593+0000] {override.py:1900} INFO - Created Permission View: can delete on DAG:example_dynamic_task_mapping_with_no_taskflow_operators
[2026-08-20T11:04:32.614+0000] {logging_mixin.py:190} INFO - [2026-08-20T11:04:32.613+0000] {override.py:1900} INFO - Created Permission View: can create on DAG Run:example_dynamic_task_mapping_with_no_taskflow_operators
[2026-08-20T11:04:32.632+0000] {logging_mixin.py:190} INFO - [2026-08-20T11:04:32.631+0000] {override.py:1900} INFO - Created Permission View: can read on DAG Run:example_dynamic_task_mapping_with_no_taskflow_operators
[2026-08-20T11:04:32.646+0000] {logging_mixin.py:190} INFO - [2026-08-20T11:04:32.646+0000] {override.py:1900} INFO - Created Permission View: menu access on DAG Run:example_dynamic_task_mapping_with_no_taskflow_operators
[2026-08-20T11:04:32.656+0000] {logging_mixin.py:190} INFO - [2026-08-20T11:04:32.656+0000] {override.py:1900} INFO - Created Permission View: can delete on DAG Run:example_dynamic_task_mapping_with_no_taskflow_operators
[2026-08-20T11:04:32.656+0000] {logging_mixin.py:190} INFO - [2026-08-20T11:04:32.656+0000] {dag.py:3239} INFO - Sync 1 DAGs
[2026-08-20T11:04:32.667+0000] {logging_mixin.py:190} INFO - [2026-08-20T11:04:32.667+0000] {dag.py:3262} INFO - Creating ORM DAG for example_dynamic_task_mapping_with_no_taskflow_operators
[2026-08-20T11:04:32.668+0000] {logging_mixin.py:190} INFO - [2026-08-20T11:04:32.667+0000] {dag.py:4180} INFO - Setting next_dagrun for example_dynamic_task_mapping_with_no_taskflow_operators to None, run_after=None
[2026-08-20T11:04:32.682+0000] {processor.py:208} INFO - Processing /workspaces/lab-2/.venv/lib/python3.12/site-packages/airflow/example_dags/example_dynamic_task_mapping_with_no_taskflow_operators.py took 0.229 seconds
[2026-08-20T11:05:35.919+0000] {processor.py:186} INFO - Started process (PID=25553) to work on /workspaces/lab-2/.venv/lib/python3.12/site-packages/airflow/example_dags/example_dynamic_task_mapping_with_no_taskflow_operators.py
[2026-08-20T11:05:35.920+0000] {processor.py:914} INFO - Processing file /workspaces/lab-2/.venv/lib/python3.12/site-packages/airflow/example_dags/example_dynamic_task_mapping_with_no_taskflow_operators.py for tasks to queue
[2026-08-20T11:05:35.922+0000] {logging_mixin.py:190} INFO - [2026-08-20T11:05:35.921+0000] {dagbag.py:588} INFO - Filling up the DagBag from /workspaces/lab-2/.venv/lib/python3.12/site-packages/airflow/example_dags/example_dynamic_task_mapping_with_no_taskflow_operators.py
[2026-08-20T11:05:35.929+0000] {processor.py:925} INFO - DAG(s) 'example_dynamic_task_mapping_with_no_taskflow_operators' retrieved from /workspaces/lab-2/.venv/lib/python3.12/site-packages/airflow/example_dags/example_dynamic_task_mapping_with_no_taskflow_operators.py
[2026-08-20T11:05:35.947+0000] {logging_mixin.py:190} INFO - [2026-08-20T11:05:35.946+0000] {dag.py:3239} INFO - Sync 1 DAGs
[2026-08-20T11:05:35.963+0000] {logging_mixin.py:190} INFO - [2026-08-20T11:05:35.963+0000] {dag.py:4180} INFO - Setting next_dagrun for example_dynamic_task_mapping_with_no_taskflow_operators to None, run_after=None
[2026-08-20T11:05:35.989+0000] {processor.py:208} INFO - Processing /workspaces/lab-2/.venv/lib/python3.12/site-packages/airflow/example_dags/example_dynamic_task_mapping_with_no_taskflow_operators.py took 0.074 seconds
[2026-08-20T11:07:13.671+0000] {processor.py:186} INFO - Started process (PID=27103) to work on /workspaces/lab-2/.venv/lib/python3.12/site-packages/airflow/example_dags/example_dynamic_task_mapping_with_no_taskflow_operators.py
[2026-08-20T11:07:13.672+0000] {processor.py:914} INFO - Processing file /workspaces/lab-2/.venv/lib/python3.12/site-packages/airflow/example_dags/example_dynamic_task_mapping_with_no_taskflow_operators.py for tasks to queue
[2026-08-20T11:07:13.674+0000] {logging_mixin.py:190} INFO - [2026-08-20T11:07:13.674+0000] {dagbag.py:588} INFO - Filling up the DagBag from /workspaces/lab-2/.venv/lib/python3.12/site-packages/airflow/example_dags/example_dynamic_task_mapping_with_no_taskflow_operators.py
[2026-08-20T11:07:13.681+0000] {processor.py:925} INFO - DAG(s) 'example_dynamic_task_mapping_with_no_taskflow_operators' retrieved from /workspaces/lab-2/.venv/lib/python3.12/site-packages/airflow/example_dags/example_dynamic_task_mapping_with_no_taskflow_operators.py
[2026-08-20T11:07:13.697+0000] {logging_mixin.py:190} INFO - [2026-08-20T11:07:13.696+0000] {dag.py:3239} INFO - Sync 1 DAGs
[2026-08-20T11:07:13.708+0000] {logging_mixin.py:190} INFO - [2026-08-20T11:07:13.707+0000] {dag.py:4180} INFO - Setting next_dagrun for example_dynamic_task_mapping_with_no_taskflow_operators to None, run_after=None
[2026-08-20T11:07:13.726+0000] {processor.py:208} INFO - Processing /workspaces/lab-2/.venv/lib/python3.12/site-packages/airflow/example_dags/example_dynamic_task_mapping_with_no_taskflow_operators.py took 0.059 seconds
[2026-08-20T11:08:11.897+0000] {processor.py:186} INFO - Started process (PID=28263) to work on /workspaces/lab-2/.venv/lib/python3.12/site-packages/airflow/example_dags/example_dynamic_task_mapping_with_no_taskflow_operators.py
[2026-08-20T11:08:11.900+0000] {processor.py:914} INFO - Processing file /workspaces/lab-2/.venv/lib/python3.12/site-packages/airflow/example_dags/example_dynamic_task_mapping_with_no_taskflow_operators.py for tasks to queue
[2026-08-20T11:08:11.904+0000] {logging_mixin.py:190} INFO - [2026-08-20T11:08:11.903+0000] {dagbag.py:588} INFO - Filling up the DagBag from /workspaces/lab-2/.venv/lib/python3.12/site-packages/airflow/example_dags/example_dynamic_task_mapping_with_no_taskflow_operators.py
[2026-08-20T11:08:11.915+0000] {processor.py:925} INFO - DAG(s) 'example_dynamic_task_mapping_with_no_taskflow_operators' retrieved from /workspaces/lab-2/.venv/lib/python3.12/site-packages/airflow/example_dags/example_dynamic_task_mapping_with_no_taskflow_operators.py
[2026-08-20T11:08:11.933+0000] {logging_mixin.py:190} INFO - [2026-08-20T11:08:11.933+0000] {dag.py:3239} INFO - Sync 1 DAGs
[2026-08-20T11:08:11.961+0000] {logging_mixin.py:190} INFO - [2026-08-20T11:08:11.961+0000] {dag.py:4180} INFO - Setting next_dagrun for example_dynamic_task_mapping_with_no_taskflow_operators to None, run_after=None
[2026-08-20T11:08:11.997+0000] {processor.py:208} INFO - Processing /workspaces/lab-2/.venv/lib/python3.12/site-packages/airflow/example_dags/example_dynamic_task_mapping_with_no_taskflow_operators.py took 0.112 seconds
[2026-08-20T11:09:07.687+0000] {processor.py:186} INFO - Started process (PID=29090) to work on /workspaces/lab-2/.venv/lib/python3.12/site-packages/airflow/example_dags/example_dynamic_task_mapping_with_no_taskflow_operators.py
[2026-08-20T11:09:07.688+0000] {processor.py:914} INFO - Processing file /workspaces/lab-2/.venv/lib/python3.12/site-packages/airflow/example_dags/example_dynamic_task_mapping_with_no_taskflow_operators.py for tasks to queue
[2026-08-20T11:09:07.690+0000] {logging_mixin.py:190} INFO - [2026-08-20T11:09:07.690+0000] {dagbag.py:588} INFO - Filling up the DagBag from /workspaces/lab-2/.venv/lib/python3.12/site-packages/airflow/example_dags/example_dynamic_task_mapping_with_no_taskflow_operators.py
[2026-08-20T11:09:07.699+0000] {processor.py:925} INFO - DAG(s) 'example_dynamic_task_mapping_with_no_taskflow_operators' retrieved from /workspaces/lab-2/.venv/lib/python3.12/site-packages/airflow/example_dags/example_dynamic_task_mapping_with_no_taskflow_operators.py
[2026-08-20T11:09:07.717+0000] {logging_mixin.py:190} INFO - [2026-08-20T11:09:07.717+0000] {dag.py:3239} INFO - Sync 1 DAGs
[2026-08-20T11:09:07.731+0000] {logging_mixin.py:190} INFO - [2026-08-20T11:09:07.731+0000] {dag.py:4180} INFO - Setting next_dagrun for example_dynamic_task_mapping_with_no_taskflow_operators to None, run_after=None
[2026-08-20T11:09:07.754+0000] {processor.py:208} INFO - Processing /workspaces/lab-2/.venv/lib/python3.12/site-packages/airflow/example_dags/example_dynamic_task_mapping_with_no_taskflow_operators.py took 0.073 seconds
[2026-08-20T11:10:00.782+0000] {processor.py:186} INFO - Started process (PID=29985) to work on /workspaces/lab-2/.venv/lib/python3.12/site-packages/airflow/example_dags/example_dynamic_task_mapping_with_no_taskflow_operators.py
[2026-08-20T11:10:00.783+0000] {processor.py:914} INFO - Processing file /workspaces/lab-2/.venv/lib/python3.12/site-packages/airflow/example_dags/example_dynamic_task_mapping_with_no_taskflow_operators.py for tasks to queue
[2026-08-20T11:10:00.785+0000] {logging_mixin.py:190} INFO - [2026-08-20T11:10:00.784+0000] {dagbag.py:588} INFO - Filling up the DagBag from /workspaces/lab-2/.venv/lib/python3.12/site-packages/airflow/example_dags/example_dynamic_task_mapping_with_no_taskflow_operators.py
[2026-08-20T11:10:00.794+0000] {processor.py:925} INFO - DAG(s) 'example_dynamic_task_mapping_with_no_taskflow_operators' retrieved from /workspaces/lab-2/.venv/lib/python3.12/site-packages/airflow/example_dags/example_dynamic_task_mapping_with_no_taskflow_operators.py
[2026-08-20T11:10:00.810+0000] {logging_mixin.py:190} INFO - [2026-08-20T11:10:00.810+0000] {dag.py:3239} INFO - Sync 1 DAGs
[2026-08-20T11:10:00.827+0000] {logging_mixin.py:190} INFO - [2026-08-20T11:10:00.827+0000] {dag.py:4180} INFO - Setting next_dagrun for example_dynamic_task_mapping_with_no_taskflow_operators to None, run_after=None
[2026-08-20T11:10:00.848+0000] {processor.py:208} INFO - Processing /workspaces/lab-2/.venv/lib/python3.12/site-packages/airflow/example_dags/example_dynamic_task_mapping_with_no_taskflow_operators.py took 0.072 seconds
[2026-08-20T11:10:55.082+0000] {processor.py:186} INFO - Started process (PID=30883) to work on /workspaces/lab-2/.venv/lib/python3.12/site-packages/airflow/example_dags/example_dynamic_task_mapping_with_no_taskflow_operators.py
[2026-08-20T11:10:55.083+0000] {processor.py:914} INFO - Processing file /workspaces/lab-2/.venv/lib/python3.12/site-packages/airflow/example_dags/example_dynamic_task_mapping_with_no_taskflow_operators.py for tasks to queue
[2026-08-20T11:10:55.086+0000] {logging_mixin.py:190} INFO - [2026-08-20T11:10:55.086+0000] {dagbag.py:588} INFO - Filling up the DagBag from /workspaces/lab-2/.venv/lib/python3.12/site-packages/airflow/example_dags/example_dynamic_task_mapping_with_no_taskflow_operators.py
[2026-08-20T11:10:55.096+0000] {processor.py:925} INFO - DAG(s) 'example_dynamic_task_mapping_with_no_taskflow_operators' retrieved from /workspaces/lab-2/.venv/lib/python3.12/site-packages/airflow/example_dags/example_dynamic_task_mapping_with_no_taskflow_operators.py
[2026-08-20T11:10:55.114+0000] {logging_mixin.py:190} INFO - [2026-08-20T11:10:55.114+0000] {dag.py:3239} INFO - Sync 1 DAGs
[2026-08-20T11:10:55.129+0000] {logging_mixin.py:190} INFO - [2026-08-20T11:10:55.129+0000] {dag.py:4180} INFO - Setting next_dagrun for example_dynamic_task_mapping_with_no_taskflow_operators to None, run_after=None
[2026-08-20T11:10:55.152+0000] {processor.py:208} INFO - Processing /workspaces/lab-2/.venv/lib/python3.12/site-packages/airflow/example_dags/example_dynamic_task_mapping_with_no_taskflow_operators.py took 0.076 seconds
[2026-08-20T11:11:47.250+0000] {processor.py:186} INFO - Started process (PID=31839) to work on /workspaces/lab-2/.venv/lib/python3.12/site-packages/airflow/example_dags/example_dynamic_task_mapping_with_no_taskflow_operators.py
[2026-08-20T11:11:47.251+0000] {processor.py:914} INFO - Processing file /workspaces/lab-2/.venv/lib/python3.12/site-packages/airflow/example_dags/example_dynamic_task_mapping_with_no_taskflow_operators.py for tasks to queue
[2026-08-20T11:11:47.253+0000] {logging_mixin.py:190} INFO - [2026-08-20T11:11:47.253+0000] {dagbag.py:588} INFO - Filling up the DagBag from /workspaces/lab-2/.venv/lib/python3.12/site-packages/airflow/example_dags/example_dynamic_task_mapping_with_no_taskflow_operators.py
[2026-08-20T11:11:47.263+0000] {processor.py:925} INFO - DAG(s) 'example_dynamic_task_mapping_with_no_taskflow_operators' retrieved from /workspaces/lab-2/.venv/lib/python3.12/site-packages/airflow/example_dags/example_dynamic_task_mapping_with_no_taskflow_operators.py
[2026-08-20T11:11:47.287+0000] {logging_mixin.py:190} INFO - [2026-08-20T11:11:47.287+0000] {dag.py:3239} INFO - Sync 1 DAGs
[2026-08-20T11:11:47.299+0000] {logging_mixin.py:190} INFO - [2026-08-20T11:11:47.299+0000] {dag.py:4180} INFO - Setting next_dagrun for example_dynamic_task_mapping_with_no_taskflow_operators to None, run_after=None
[2026-08-20T11:11:47.318+0000] {processor.py:208} INFO - Processing /workspaces/lab-2/.venv/lib/python3.12/site-packages/airflow/example_dags/example_dynamic_task_mapping_with_no_taskflow_operators.py took 0.075 seconds
[2026-08-20T11:11:49.992+0000] {processor.py:186} INFO - Started process (PID=31859) to work on /workspaces/lab-2/.venv/lib/python3.12/site-packages/airflow/example_dags/example_dynamic_task_mapping_with_no_taskflow_operators.py
[2026-08-20T11:11:49.993+0000] {processor.py:914} INFO - Processing file /workspaces/lab-2/.venv/lib/python3.12/site-packages/airflow/example_dags/example_dynamic_task_mapping_with_no_taskflow_operators.py for tasks to queue
[2026-08-20T11:11:49.995+0000] {logging_mixin.py:190} INFO - [2026-08-20T11:11:49.995+0000] {dagbag.py:588} INFO - Filling up the DagBag from /workspaces/lab-2/.venv/lib/python3.12/site-packages/airflow/example_dags/example_dynamic_task_mapping_with_no_taskflow_operators.py
[2026-08-20T11:11:50.002+0000] {processor.py:925} INFO - DAG(s) 'example_dynamic_task_mapping_with_no_taskflow_operators' retrieved from /workspaces/lab-2/.venv/lib/python3.12/site-packages/airflow/example_dags/example_dynamic_task_mapping_with_no_taskflow_operators.py
[2026-08-20T11:11:50.018+0000] {logging_mixin.py:190} INFO - [2026-08-20T11:11:50.018+0000] {dag.py:3239} INFO - Sync 1 DAGs
[2026-08-20T11:11:50.027+0000] {logging_mixin.py:190} INFO - [2026-08-20T11:11:50.027+0000] {dag.py:4180} INFO - Setting next_dagrun for example_dynamic_task_mapping_with_no_taskflow_operators to None, run_after=None
[2026-08-20T11:11:50.050+0000] {processor.py:208} INFO - Processing /workspaces/lab-2/.venv/lib/python3.12/site-packages/airflow/example_dags/example_dynamic_task_mapping_with_no_taskflow_operators.py took 0.063 seconds
[2026-08-20T11:12:41.816+0000] {processor.py:186} INFO - Started process (PID=33052) to work on /workspaces/lab-2/.venv/lib/python3.12/site-packages/airflow/example_dags/example_dynamic_task_mapping_with_no_taskflow_operators.py
[2026-08-20T11:12:41.816+0000] {processor.py:914} INFO - Processing file /workspaces/lab-2/.venv/lib/python3.12/site-packages/airflow/example_dags/example_dynamic_task_mapping_with_no_taskflow_operators.py for tasks to queue
[2026-08-20T11:12:41.818+0000] {logging_mixin.py:190} INFO - [2026-08-20T11:12:41.818+0000] {dagbag.py:588} INFO - Filling up the DagBag from /workspaces/lab-2/.venv/lib/python3.12/site-packages/airflow/example_dags/example_dynamic_task_mapping_with_no_taskflow_operators.py
[2026-08-20T11:12:41.825+0000] {processor.py:925} INFO - DAG(s) 'example_dynamic_task_mapping_with_no_taskflow_operators' retrieved from /workspaces/lab-2/.venv/lib/python3.12/site-packages/airflow/example_dags/example_dynamic_task_mapping_with_no_taskflow_operators.py
[2026-08-20T11:12:41.838+0000] {logging_mixin.py:190} INFO - [2026-08-20T11:12:41.838+0000] {dag.py:3239} INFO - Sync 1 DAGs
[2026-08-20T11:12:41.848+0000] {logging_mixin.py:190} INFO - [2026-08-20T11:12:41.848+0000] {dag.py:4180} INFO - Setting next_dagrun for example_dynamic_task_mapping_with_no_taskflow_operators to None, run_after=None
[2026-08-20T11:12:41.870+0000] {processor.py:208} INFO - Processing /workspaces/lab-2/.venv/lib/python3.12/site-packages/airflow/example_dags/example_dynamic_task_mapping_with_no_taskflow_operators.py took 0.059 seconds
[2026-08-20T11:12:45.965+0000] {processor.py:186} INFO - Started process (PID=33146) to work on /workspaces/lab-2/.venv/lib/python3.12/site-packages/airflow/example_dags/example_dynamic_task_mapping_with_no_taskflow_operators.py
[2026-08-20T11:12:45.966+0000] {processor.py:914} INFO - Processing file /workspaces/lab-2/.venv/lib/python3.12/site-packages/airflow/example_dags/example_dynamic_task_mapping_with_no_taskflow_operators.py for tasks to queue
[2026-08-20T11:12:45.968+0000] {logging_mixin.py:190} INFO - [2026-08-20T11:12:45.967+0000] {dagbag.py:588} INFO - Filling up the DagBag from /workspaces/lab-2/.venv/lib/python3.12/site-packages/airflow/example_dags/example_dynamic_task_mapping_with_no_taskflow_operators.py
[2026-08-20T11:12:45.975+0000] {processor.py:925} INFO - DAG(s) 'example_dynamic_task_mapping_with_no_taskflow_operators' retrieved from /workspaces/lab-2/.venv/lib/python3.12/site-packages/airflow/example_dags/example_dynamic_task_mapping_with_no_taskflow_operators.py
[2026-08-20T11:12:45.989+0000] {logging_mixin.py:190} INFO - [2026-08-20T11:12:45.989+0000] {dag.py:3239} INFO - Sync 1 DAGs
[2026-08-20T11:12:46.004+0000] {logging_mixin.py:190} INFO - [2026-08-20T11:12:46.004+0000] {dag.py:4180} INFO - Setting next_dagrun for example_dynamic_task_mapping_with_no_taskflow_operators to None, run_after=None
[2026-08-20T11:12:46.033+0000] {processor.py:208} INFO - Processing /workspaces/lab-2/.venv/lib/python3.12/site-packages/airflow/example_dags/example_dynamic_task_mapping_with_no_taskflow_operators.py took 0.074 seconds
[2026-08-20T11:13:42.034+0000] {processor.py:186} INFO - Started process (PID=34543) to work on /workspaces/lab-2/.venv/lib/python3.12/site-packages/airflow/example_dags/example_dynamic_task_mapping_with_no_taskflow_operators.py
[2026-08-20T11:13:42.035+0000] {processor.py:914} INFO - Processing file /workspaces/lab-2/.venv/lib/python3.12/site-packages/airflow/example_dags/example_dynamic_task_mapping_with_no_taskflow_operators.py for tasks to queue
[2026-08-20T11:13:42.036+0000] {logging_mixin.py:190} INFO - [2026-08-20T11:13:42.036+0000] {dagbag.py:588} INFO - Filling up the DagBag from /workspaces/lab-2/.venv/lib/python3.12/site-packages/airflow/example_dags/example_dynamic_task_mapping_with_no_taskflow_operators.py
[2026-08-20T11:13:42.043+0000] {processor.py:925} INFO - DAG(s) 'example_dynamic_task_mapping_with_no_taskflow_operators' retrieved from /workspaces/lab-2/.venv/lib/python3.12/site-packages/airflow/example_dags/example_dynamic_task_mapping_with_no_taskflow_operators.py
[2026-08-20T11:13:42.185+0000] {logging_mixin.py:190} INFO - [2026-08-20T11:13:42.185+0000] {dag.py:3239} INFO - Sync 1 DAGs
[2026-08-20T11:13:42.196+0000] {logging_mixin.py:190} INFO - [2026-08-20T11:13:42.196+0000] {dag.py:4180} INFO - Setting next_dagrun for example_dynamic_task_mapping_with_no_taskflow_operators to None, run_after=None
[2026-08-20T11:13:42.220+0000] {processor.py:208} INFO - Processing /workspaces/lab-2/.venv/lib/python3.12/site-packages/airflow/example_dags/example_dynamic_task_mapping_with_no_taskflow_operators.py took 0.191 seconds
[2026-08-20T11:13:45.617+0000] {processor.py:186} INFO - Started process (PID=34579) to work on /workspaces/lab-2/.venv/lib/python3.12/site-packages/airflow/example_dags/example_dynamic_task_mapping_with_no_taskflow_operators.py
[2026-08-20T11:13:45.618+0000] {processor.py:914} INFO - Processing file /workspaces/lab-2/.venv/lib/python3.12/site-packages/airflow/example_dags/example_dynamic_task_mapping_with_no_taskflow_operators.py for tasks to queue
[2026-08-20T11:13:45.620+0000] {logging_mixin.py:190} INFO - [2026-08-20T11:13:45.619+0000] {dagbag.py:588} INFO - Filling up the DagBag from /workspaces/lab-2/.venv/lib/python3.12/site-packages/airflow/example_dags/example_dynamic_task_mapping_with_no_taskflow_operators.py
[2026-08-20T11:13:45.626+0000] {processor.py:925} INFO - DAG(s) 'example_dynamic_task_mapping_with_no_taskflow_operators' retrieved from /workspaces/lab-2/.venv/lib/python3.12/site-packages/airflow/example_dags/example_dynamic_task_mapping_with_no_taskflow_operators.py
[2026-08-20T11:13:45.634+0000] {logging_mixin.py:190} INFO - [2026-08-20T11:13:45.634+0000] {dag.py:3239} INFO - Sync 1 DAGs
[2026-08-20T11:13:45.644+0000] {logging_mixin.py:190} INFO - [2026-08-20T11:13:45.644+0000] {dag.py:4180} INFO - Setting next_dagrun for example_dynamic_task_mapping_with_no_taskflow_operators to None, run_after=None
[2026-08-20T11:13:45.661+0000] {processor.py:208} INFO - Processing /workspaces/lab-2/.venv/lib/python3.12/site-packages/airflow/example_dags/example_dynamic_task_mapping_with_no_taskflow_operators.py took 0.048 seconds
[2026-08-20T11:14:43.629+0000] {processor.py:186} INFO - Started process (PID=35611) to work on /workspaces/lab-2/.venv/lib/python3.12/site-packages/airflow/example_dags/example_dynamic_task_mapping_with_no_taskflow_operators.py
[2026-08-20T11:14:43.630+0000] {processor.py:914} INFO - Processing file /workspaces/lab-2/.venv/lib/python3.12/site-packages/airflow/example_dags/example_dynamic_task_mapping_with_no_taskflow_operators.py for tasks to queue
[2026-08-20T11:14:43.633+0000] {logging_mixin.py:190} INFO - [2026-08-20T11:14:43.632+0000] {dagbag.py:588} INFO - Filling up the DagBag from /workspaces/lab-2/.venv/lib/python3.12/site-packages/airflow/example_dags/example_dynamic_task_mapping_with_no_taskflow_operators.py
[2026-08-20T11:14:43.641+0000] {processor.py:925} INFO - DAG(s) 'example_dynamic_task_mapping_with_no_taskflow_operators' retrieved from /workspaces/lab-2/.venv/lib/python3.12/site-packages/airflow/example_dags/example_dynamic_task_mapping_with_no_taskflow_operators.py
[2026-08-20T11:14:43.656+0000] {logging_mixin.py:190} INFO - [2026-08-20T11:14:43.655+0000] {dag.py:3239} INFO - Sync 1 DAGs
[2026-08-20T11:14:43.665+0000] {logging_mixin.py:190} INFO - [2026-08-20T11:14:43.665+0000] {dag.py:4180} INFO - Setting next_dagrun for example_dynamic_task_mapping_with_no_taskflow_operators to None, run_after=None
[2026-08-20T11:14:43.687+0000] {processor.py:208} INFO - Processing /workspaces/lab-2/.venv/lib/python3.12/site-packages/airflow/example_dags/example_dynamic_task_mapping_with_no_taskflow_operators.py took 0.065 seconds
[2026-08-20T11:17:10.018+0000] {processor.py:186} INFO - Started process (PID=40147) to work on /workspaces/lab-2/.venv/lib/python3.12/site-packages/airflow/example_dags/example_dynamic_task_mapping_with_no_taskflow_operators.py
[2026-08-20T11:17:10.020+0000] {processor.py:914} INFO - Processing file /workspaces/lab-2/.venv/lib/python3.12/site-packages/airflow/example_dags/example_dynamic_task_mapping_with_no_taskflow_operators.py for tasks to queue
[2026-08-20T11:17:10.026+0000] {logging_mixin.py:190} INFO - [2026-08-20T11:17:10.025+0000] {dagbag.py:588} INFO - Filling up the DagBag from /workspaces/lab-2/.venv/lib/python3.12/site-packages/airflow/example_dags/example_dynamic_task_mapping_with_no_taskflow_operators.py
[2026-08-20T11:17:10.045+0000] {processor.py:925} INFO - DAG(s) 'example_dynamic_task_mapping_with_no_taskflow_operators' retrieved from /workspaces/lab-2/.venv/lib/python3.12/site-packages/airflow/example_dags/example_dynamic_task_mapping_with_no_taskflow_operators.py
[2026-08-20T11:17:10.677+0000] {logging_mixin.py:190} INFO - [2026-08-20T11:17:10.677+0000] {dag.py:3239} INFO - Sync 1 DAGs
[2026-08-20T11:17:10.749+0000] {logging_mixin.py:190} INFO - [2026-08-20T11:17:10.749+0000] {dag.py:4180} INFO - Setting next_dagrun for example_dynamic_task_mapping_with_no_taskflow_operators to None, run_after=None
[2026-08-20T11:17:10.873+0000] {processor.py:208} INFO - Processing /workspaces/lab-2/.venv/lib/python3.12/site-packages/airflow/example_dags/example_dynamic_task_mapping_with_no_taskflow_operators.py took 0.869 seconds
