[2026-08-20T11:04:50.942+0000] {processor.py:186} INFO - Started process (PID=24974) to work on /workspaces/lab-2/.venv/lib/python3.12/site-packages/airflow/example_dags/example_branch_day_of_week_operator.py
[2026-08-20T11:04:50.942+0000] {processor.py:914} INFO - Processing file /workspaces/lab-2/.venv/lib/python3.12/site-packages/airflow/example_dags/example_branch_day_of_week_operator.py for tasks to queue
[2026-08-20T11:04:50.944+0000] {logging_mixin.py:190} INFO - [2026-08-20T11:04:50.944+0000] {dagbag.py:588} INFO - Filling up the DagBag from /workspaces/lab-2/.venv/lib/python3.12/site-packages/airflow/example_dags/example_branch_day_of_week_operator.py
[2026-08-20T11:04:50.952+0000] {processor.py:925} INFO - DAG(s) 'example_weekday_branch_operator' retrieved from /workspaces/lab-2/.venv/lib/python3.12/site-packages/airflow/example_dags/example_branch_day_of_week_operator.py
[2026-08-20T11:04:51.050+0000] {logging_mixin.py:190} INFO - [2026-08-20T11:04:51.050+0000] {override.py:1900} INFO - Created Permission View: can edit on DAG:example_weekday_branch_operator
[2026-08-20T11:04:51.059+0000] {logging_mixin.py:190} INFO - [2026-08-20T11:04:51.059+0000] {override.py:1900} INFO - Created Permission View: can read on DAG:example_weekday_branch_operator
[2026-08-20T11:04:51.066+0000] {logging_mixin.py:190} INFO - [2026-08-20T11:04:51.066+0000] {override.py:1900} INFO - Created Permission View: can delete on DAG:example_weekday_branch_operator
[2026-08-20T11:04:51.078+0000] {logging_mixin.py:190} INFO - [2026-08-20T11:04:51.078+0000] {override.py:1900} INFO - Created Permission View: can create on DAG Run:example_weekday_branch_operator
[2026-08-20T11:04:51.085+0000] {logging_mixin.py:190} INFO - [2026-08-20T11:04:51.085+0000] {override.py:1900} INFO - Created Permission View: can read on DAG Run:example_weekday_branch_operator
[2026-08-20T11:04:51.092+0000] {logging_mixin.py:190} INFO - [2026-08-20T11:04:51.092+0000] {override.py:1900} INFO - Created Permission View: menu access on DAG Run:example_weekday_branch_operator
[2026-08-20T11:04:51.101+0000] {logging_mixin.py:190} INFO - [2026-08-20T11:04:51.101+0000] {override.py:1900} INFO - Created Permission View: can delete on DAG Run:example_weekday_branch_operator
[2026-08-20T11:04:51.102+0000] {logging_mixin.py:190} INFO - [2026-08-20T11:04:51.101+0000] {dag.py:3239} INFO - Sync 1 DAGs
[2026-08-20T11:04:51.112+0000] {logging_mixin.py:190} INFO - [2026-08-20T11:04:51.112+0000] {dag.py:3262} INFO - Creating ORM DAG for example_weekday_branch_operator
[2026-08-20T11:04:51.119+0000] {logging_mixin.py:190} INFO - [2026-08-20T11:04:51.119+0000] {dag.py:4180} INFO - Setting next_dagrun for example_weekday_branch_operator to 2026-08-19 00:00:00+00:00, run_after=2026-08-20 00:00:00+00:00
[2026-08-20T11:04:51.135+0000] {processor.py:208} INFO - Processing /workspaces/lab-2/.venv/lib/python3.12/site-packages/airflow/example_dags/example_branch_day_of_week_operator.py took 0.198 seconds
[2026-08-20T11:05:49.578+0000] {processor.py:186} INFO - Started process (PID=25778) to work on /workspaces/lab-2/.venv/lib/python3.12/site-packages/airflow/example_dags/example_branch_day_of_week_operator.py
[2026-08-20T11:05:49.579+0000] {processor.py:914} INFO - Processing file /workspaces/lab-2/.venv/lib/python3.12/site-packages/airflow/example_dags/example_branch_day_of_week_operator.py for tasks to queue
[2026-08-20T11:05:49.582+0000] {logging_mixin.py:190} INFO - [2026-08-20T11:05:49.581+0000] {dagbag.py:588} INFO - Filling up the DagBag from /workspaces/lab-2/.venv/lib/python3.12/site-packages/airflow/example_dags/example_branch_day_of_week_operator.py
[2026-08-20T11:05:49.593+0000] {processor.py:925} INFO - DAG(s) 'example_weekday_branch_operator' retrieved from /workspaces/lab-2/.venv/lib/python3.12/site-packages/airflow/example_dags/example_branch_day_of_week_operator.py
[2026-08-20T11:05:49.609+0000] {logging_mixin.py:190} INFO - [2026-08-20T11:05:49.609+0000] {dag.py:3239} INFO - Sync 1 DAGs
[2026-08-20T11:05:49.626+0000] {logging_mixin.py:190} INFO - [2026-08-20T11:05:49.626+0000] {dag.py:4180} INFO - Setting next_dagrun for example_weekday_branch_operator to 2026-08-19 00:00:00+00:00, run_after=2026-08-20 00:00:00+00:00
[2026-08-20T11:05:49.646+0000] {processor.py:208} INFO - Processing /workspaces/lab-2/.venv/lib/python3.12/site-packages/airflow/example_dags/example_branch_day_of_week_operator.py took 0.075 seconds
[2026-08-20T11:07:29.143+0000] {processor.py:186} INFO - Started process (PID=27227) to work on /workspaces/lab-2/.venv/lib/python3.12/site-packages/airflow/example_dags/example_branch_day_of_week_operator.py
[2026-08-20T11:07:29.144+0000] {processor.py:914} INFO - Processing file /workspaces/lab-2/.venv/lib/python3.12/site-packages/airflow/example_dags/example_branch_day_of_week_operator.py for tasks to queue
[2026-08-20T11:07:29.149+0000] {logging_mixin.py:190} INFO - [2026-08-20T11:07:29.148+0000] {dagbag.py:588} INFO - Filling up the DagBag from /workspaces/lab-2/.venv/lib/python3.12/site-packages/airflow/example_dags/example_branch_day_of_week_operator.py
[2026-08-20T11:07:29.162+0000] {processor.py:925} INFO - DAG(s) 'example_weekday_branch_operator' retrieved from /workspaces/lab-2/.venv/lib/python3.12/site-packages/airflow/example_dags/example_branch_day_of_week_operator.py
[2026-08-20T11:07:29.191+0000] {logging_mixin.py:190} INFO - [2026-08-20T11:07:29.191+0000] {dag.py:3239} INFO - Sync 1 DAGs
[2026-08-20T11:07:29.222+0000] {logging_mixin.py:190} INFO - [2026-08-20T11:07:29.220+0000] {dag.py:4180} INFO - Setting next_dagrun for example_weekday_branch_operator to 2026-08-19 00:00:00+00:00, run_after=2026-08-20 00:00:00+00:00
[2026-08-20T11:07:29.247+0000] {processor.py:208} INFO - Processing /workspaces/lab-2/.venv/lib/python3.12/site-packages/airflow/example_dags/example_branch_day_of_week_operator.py took 0.111 seconds
[2026-08-20T11:08:27.619+0000] {processor.py:186} INFO - Started process (PID=28500) to work on /workspaces/lab-2/.venv/lib/python3.12/site-packages/airflow/example_dags/example_branch_day_of_week_operator.py
[2026-08-20T11:08:27.620+0000] {processor.py:914} INFO - Processing file /workspaces/lab-2/.venv/lib/python3.12/site-packages/airflow/example_dags/example_branch_day_of_week_operator.py for tasks to queue
[2026-08-20T11:08:27.622+0000] {logging_mixin.py:190} INFO - [2026-08-20T11:08:27.622+0000] {dagbag.py:588} INFO - Filling up the DagBag from /workspaces/lab-2/.venv/lib/python3.12/site-packages/airflow/example_dags/example_branch_day_of_week_operator.py
[2026-08-20T11:08:27.631+0000] {processor.py:925} INFO - DAG(s) 'example_weekday_branch_operator' retrieved from /workspaces/lab-2/.venv/lib/python3.12/site-packages/airflow/example_dags/example_branch_day_of_week_operator.py
[2026-08-20T11:08:27.646+0000] {logging_mixin.py:190} INFO - [2026-08-20T11:08:27.646+0000] {dag.py:3239} INFO - Sync 1 DAGs
[2026-08-20T11:08:27.664+0000] {logging_mixin.py:190} INFO - [2026-08-20T11:08:27.664+0000] {dag.py:4180} INFO - Setting next_dagrun for example_weekday_branch_operator to 2026-08-19 00:00:00+00:00, run_after=2026-08-20 00:00:00+00:00
[2026-08-20T11:08:27.688+0000] {processor.py:208} INFO - Processing /workspaces/lab-2/.venv/lib/python3.12/site-packages/airflow/example_dags/example_branch_day_of_week_operator.py took 0.074 seconds
[2026-08-20T11:09:48.549+0000] {processor.py:186} INFO - Started process (PID=29750) to work on /workspaces/lab-2/.venv/lib/python3.12/site-packages/airflow/example_dags/example_branch_day_of_week_operator.py
[2026-08-20T11:09:48.552+0000] {processor.py:914} INFO - Processing file /workspaces/lab-2/.venv/lib/python3.12/site-packages/airflow/example_dags/example_branch_day_of_week_operator.py for tasks to queue
[2026-08-20T11:09:48.554+0000] {logging_mixin.py:190} INFO - [2026-08-20T11:09:48.554+0000] {dagbag.py:588} INFO - Filling up the DagBag from /workspaces/lab-2/.venv/lib/python3.12/site-packages/airflow/example_dags/example_branch_day_of_week_operator.py
[2026-08-20T11:09:48.562+0000] {processor.py:925} INFO - DAG(s) 'example_weekday_branch_operator' retrieved from /workspaces/lab-2/.venv/lib/python3.12/site-packages/airflow/example_dags/example_branch_day_of_week_operator.py
[2026-08-20T11:09:48.577+0000] {logging_mixin.py:190} INFO - [2026-08-20T11:09:48.577+0000] {dag.py:3239} INFO - Sync 1 DAGs
[2026-08-20T11:09:48.595+0000] {logging_mixin.py:190} INFO - [2026-08-20T11:09:48.595+0000] {dag.py:4180} INFO - Setting next_dagrun for example_weekday_branch_operator to 2026-08-19 00:00:00+00:00, run_after=2026-08-20 00:00:00+00:00
[2026-08-20T11:09:48.613+0000] {processor.py:208} INFO - Processing /workspaces/lab-2/.venv/lib/python3.12/site-packages/airflow/example_dags/example_branch_day_of_week_operator.py took 0.069 seconds
[2026-08-20T11:11:01.627+0000] {processor.py:186} INFO - Started process (PID=30965) to work on /workspaces/lab-2/.venv/lib/python3.12/site-packages/airflow/example_dags/example_branch_day_of_week_operator.py
[2026-08-20T11:11:01.627+0000] {processor.py:914} INFO - Processing file /workspaces/lab-2/.venv/lib/python3.12/site-packages/airflow/example_dags/example_branch_day_of_week_operator.py for tasks to queue
[2026-08-20T11:11:01.630+0000] {logging_mixin.py:190} INFO - [2026-08-20T11:11:01.629+0000] {dagbag.py:588} INFO - Filling up the DagBag from /workspaces/lab-2/.venv/lib/python3.12/site-packages/airflow/example_dags/example_branch_day_of_week_operator.py
[2026-08-20T11:11:01.640+0000] {processor.py:925} INFO - DAG(s) 'example_weekday_branch_operator' retrieved from /workspaces/lab-2/.venv/lib/python3.12/site-packages/airflow/example_dags/example_branch_day_of_week_operator.py
[2026-08-20T11:11:01.657+0000] {logging_mixin.py:190} INFO - [2026-08-20T11:11:01.657+0000] {dag.py:3239} INFO - Sync 1 DAGs
[2026-08-20T11:11:01.678+0000] {logging_mixin.py:190} INFO - [2026-08-20T11:11:01.677+0000] {dag.py:4180} INFO - Setting next_dagrun for example_weekday_branch_operator to 2026-08-19 00:00:00+00:00, run_after=2026-08-20 00:00:00+00:00
[2026-08-20T11:11:01.699+0000] {processor.py:208} INFO - Processing /workspaces/lab-2/.venv/lib/python3.12/site-packages/airflow/example_dags/example_branch_day_of_week_operator.py took 0.078 seconds
[2026-08-20T11:12:05.814+0000] {processor.py:186} INFO - Started process (PID=32521) to work on /workspaces/lab-2/.venv/lib/python3.12/site-packages/airflow/example_dags/example_branch_day_of_week_operator.py
[2026-08-20T11:12:05.815+0000] {processor.py:914} INFO - Processing file /workspaces/lab-2/.venv/lib/python3.12/site-packages/airflow/example_dags/example_branch_day_of_week_operator.py for tasks to queue
[2026-08-20T11:12:05.817+0000] {logging_mixin.py:190} INFO - [2026-08-20T11:12:05.817+0000] {dagbag.py:588} INFO - Filling up the DagBag from /workspaces/lab-2/.venv/lib/python3.12/site-packages/airflow/example_dags/example_branch_day_of_week_operator.py
[2026-08-20T11:12:05.825+0000] {processor.py:925} INFO - DAG(s) 'example_weekday_branch_operator' retrieved from /workspaces/lab-2/.venv/lib/python3.12/site-packages/airflow/example_dags/example_branch_day_of_week_operator.py
[2026-08-20T11:12:05.842+0000] {logging_mixin.py:190} INFO - [2026-08-20T11:12:05.842+0000] {dag.py:3239} INFO - Sync 1 DAGs
[2026-08-20T11:12:05.861+0000] {logging_mixin.py:190} INFO - [2026-08-20T11:12:05.861+0000] {dag.py:4180} INFO - Setting next_dagrun for example_weekday_branch_operator to 2026-08-19 00:00:00+00:00, run_after=2026-08-20 00:00:00+00:00
[2026-08-20T11:12:05.881+0000] {processor.py:208} INFO - Processing /workspaces/lab-2/.venv/lib/python3.12/site-packages/airflow/example_dags/example_branch_day_of_week_operator.py took 0.071 seconds
[2026-08-20T11:12:22.232+0000] {processor.py:186} INFO - Started process (PID=32812) to work on /workspaces/lab-2/.venv/lib/python3.12/site-packages/airflow/example_dags/example_branch_day_of_week_operator.py
[2026-08-20T11:12:22.233+0000] {processor.py:914} INFO - Processing file /workspaces/lab-2/.venv/lib/python3.12/site-packages/airflow/example_dags/example_branch_day_of_week_operator.py for tasks to queue
[2026-08-20T11:12:22.235+0000] {logging_mixin.py:190} INFO - [2026-08-20T11:12:22.235+0000] {dagbag.py:588} INFO - Filling up the DagBag from /workspaces/lab-2/.venv/lib/python3.12/site-packages/airflow/example_dags/example_branch_day_of_week_operator.py
[2026-08-20T11:12:22.245+0000] {processor.py:925} INFO - DAG(s) 'example_weekday_branch_operator' retrieved from /workspaces/lab-2/.venv/lib/python3.12/site-packages/airflow/example_dags/example_branch_day_of_week_operator.py
[2026-08-20T11:12:22.259+0000] {logging_mixin.py:190} INFO - [2026-08-20T11:12:22.259+0000] {dag.py:3239} INFO - Sync 1 DAGs
[2026-08-20T11:12:22.275+0000] {logging_mixin.py:190} INFO - [2026-08-20T11:12:22.275+0000] {dag.py:4180} INFO - Setting next_dagrun for example_weekday_branch_operator to 2026-08-19 00:00:00+00:00, run_after=2026-08-20 00:00:00+00:00
[2026-08-20T11:12:22.293+0000] {processor.py:208} INFO - Processing /workspaces/lab-2/.venv/lib/python3.12/site-packages/airflow/example_dags/example_branch_day_of_week_operator.py took 0.065 seconds
[2026-08-20T11:13:26.351+0000] {processor.py:186} INFO - Started process (PID=33844) to work on /workspaces/lab-2/.venv/lib/python3.12/site-packages/airflow/example_dags/example_branch_day_of_week_operator.py
[2026-08-20T11:13:26.352+0000] {processor.py:914} INFO - Processing file /workspaces/lab-2/.venv/lib/python3.12/site-packages/airflow/example_dags/example_branch_day_of_week_operator.py for tasks to queue
[2026-08-20T11:13:26.355+0000] {logging_mixin.py:190} INFO - [2026-08-20T11:13:26.354+0000] {dagbag.py:588} INFO - Filling up the DagBag from /workspaces/lab-2/.venv/lib/python3.12/site-packages/airflow/example_dags/example_branch_day_of_week_operator.py
[2026-08-20T11:13:26.367+0000] {processor.py:925} INFO - DAG(s) 'example_weekday_branch_operator' retrieved from /workspaces/lab-2/.venv/lib/python3.12/site-packages/airflow/example_dags/example_branch_day_of_week_operator.py
[2026-08-20T11:13:26.499+0000] {logging_mixin.py:190} INFO - [2026-08-20T11:13:26.499+0000] {dag.py:3239} INFO - Sync 1 DAGs
[2026-08-20T11:13:26.516+0000] {logging_mixin.py:190} INFO - [2026-08-20T11:13:26.516+0000] {dag.py:4180} INFO - Setting next_dagrun for example_weekday_branch_operator to 2026-08-19 00:00:00+00:00, run_after=2026-08-20 00:00:00+00:00
[2026-08-20T11:13:26.538+0000] {processor.py:208} INFO - Processing /workspaces/lab-2/.venv/lib/python3.12/site-packages/airflow/example_dags/example_branch_day_of_week_operator.py took 0.193 seconds
[2026-08-20T11:13:51.567+0000] {processor.py:186} INFO - Started process (PID=34666) to work on /workspaces/lab-2/.venv/lib/python3.12/site-packages/airflow/example_dags/example_branch_day_of_week_operator.py
[2026-08-20T11:13:51.568+0000] {processor.py:914} INFO - Processing file /workspaces/lab-2/.venv/lib/python3.12/site-packages/airflow/example_dags/example_branch_day_of_week_operator.py for tasks to queue
[2026-08-20T11:13:51.569+0000] {logging_mixin.py:190} INFO - [2026-08-20T11:13:51.569+0000] {dagbag.py:588} INFO - Filling up the DagBag from /workspaces/lab-2/.venv/lib/python3.12/site-packages/airflow/example_dags/example_branch_day_of_week_operator.py
[2026-08-20T11:13:51.579+0000] {processor.py:925} INFO - DAG(s) 'example_weekday_branch_operator' retrieved from /workspaces/lab-2/.venv/lib/python3.12/site-packages/airflow/example_dags/example_branch_day_of_week_operator.py
[2026-08-20T11:13:51.588+0000] {logging_mixin.py:190} INFO - [2026-08-20T11:13:51.588+0000] {dag.py:3239} INFO - Sync 1 DAGs
[2026-08-20T11:13:51.613+0000] {logging_mixin.py:190} INFO - [2026-08-20T11:13:51.613+0000] {dag.py:4180} INFO - Setting next_dagrun for example_weekday_branch_operator to 2026-08-19 00:00:00+00:00, run_after=2026-08-20 00:00:00+00:00
[2026-08-20T11:13:51.635+0000] {processor.py:208} INFO - Processing /workspaces/lab-2/.venv/lib/python3.12/site-packages/airflow/example_dags/example_branch_day_of_week_operator.py took 0.074 seconds
[2026-08-20T11:14:24.558+0000] {processor.py:186} INFO - Started process (PID=35093) to work on /workspaces/lab-2/.venv/lib/python3.12/site-packages/airflow/example_dags/example_branch_day_of_week_operator.py
[2026-08-20T11:14:24.559+0000] {processor.py:914} INFO - Processing file /workspaces/lab-2/.venv/lib/python3.12/site-packages/airflow/example_dags/example_branch_day_of_week_operator.py for tasks to queue
[2026-08-20T11:14:24.560+0000] {logging_mixin.py:190} INFO - [2026-08-20T11:14:24.560+0000] {dagbag.py:588} INFO - Filling up the DagBag from /workspaces/lab-2/.venv/lib/python3.12/site-packages/airflow/example_dags/example_branch_day_of_week_operator.py
[2026-08-20T11:14:24.569+0000] {processor.py:925} INFO - DAG(s) 'example_weekday_branch_operator' retrieved from /workspaces/lab-2/.venv/lib/python3.12/site-packages/airflow/example_dags/example_branch_day_of_week_operator.py
[2026-08-20T11:14:24.583+0000] {logging_mixin.py:190} INFO - [2026-08-20T11:14:24.583+0000] {dag.py:3239} INFO - Sync 1 DAGs
[2026-08-20T11:14:24.604+0000] {logging_mixin.py:190} INFO - [2026-08-20T11:14:24.604+0000] {dag.py:4180} INFO - Setting next_dagrun for example_weekday_branch_operator to 2026-08-19 00:00:00+00:00, run_after=2026-08-20 00:00:00+00:00
[2026-08-20T11:14:24.628+0000] {processor.py:208} INFO - Processing /workspaces/lab-2/.venv/lib/python3.12/site-packages/airflow/example_dags/example_branch_day_of_week_operator.py took 0.075 seconds
[2026-08-20T11:17:31.636+0000] {processor.py:186} INFO - Started process (PID=40824) to work on /workspaces/lab-2/.venv/lib/python3.12/site-packages/airflow/example_dags/example_branch_day_of_week_operator.py
[2026-08-20T11:17:31.643+0000] {processor.py:914} INFO - Processing file /workspaces/lab-2/.venv/lib/python3.12/site-packages/airflow/example_dags/example_branch_day_of_week_operator.py for tasks to queue
[2026-08-20T11:17:31.651+0000] {logging_mixin.py:190} INFO - [2026-08-20T11:17:31.651+0000] {dagbag.py:588} INFO - Filling up the DagBag from /workspaces/lab-2/.venv/lib/python3.12/site-packages/airflow/example_dags/example_branch_day_of_week_operator.py
[2026-08-20T11:17:31.679+0000] {processor.py:925} INFO - DAG(s) 'example_weekday_branch_operator' retrieved from /workspaces/lab-2/.venv/lib/python3.12/site-packages/airflow/example_dags/example_branch_day_of_week_operator.py
[2026-08-20T11:17:32.006+0000] {logging_mixin.py:190} INFO - [2026-08-20T11:17:32.003+0000] {dag.py:3239} INFO - Sync 1 DAGs
[2026-08-20T11:17:32.054+0000] {logging_mixin.py:190} INFO - [2026-08-20T11:17:32.054+0000] {dag.py:4180} INFO - Setting next_dagrun for example_weekday_branch_operator to 2026-08-19 00:00:00+00:00, run_after=2026-08-20 00:00:00+00:00
[2026-08-20T11:17:32.118+0000] {processor.py:208} INFO - Processing /workspaces/lab-2/.venv/lib/python3.12/site-packages/airflow/example_dags/example_branch_day_of_week_operator.py took 0.515 seconds
