[2026-08-20T11:04:02.256+0000] {processor.py:186} INFO - Started process (PID=24231) to work on /workspaces/lab-2/.venv/lib/python3.12/site-packages/airflow/example_dags/tutorial.py
[2026-08-20T11:04:02.257+0000] {processor.py:914} INFO - Processing file /workspaces/lab-2/.venv/lib/python3.12/site-packages/airflow/example_dags/tutorial.py for tasks to queue
[2026-08-20T11:04:02.259+0000] {logging_mixin.py:190} INFO - [2026-08-20T11:04:02.258+0000] {dagbag.py:588} INFO - Filling up the DagBag from /workspaces/lab-2/.venv/lib/python3.12/site-packages/airflow/example_dags/tutorial.py
[2026-08-20T11:04:02.266+0000] {processor.py:925} INFO - DAG(s) 'tutorial' retrieved from /workspaces/lab-2/.venv/lib/python3.12/site-packages/airflow/example_dags/tutorial.py
[2026-08-20T11:04:02.365+0000] {logging_mixin.py:190} INFO - [2026-08-20T11:04:02.364+0000] {override.py:1900} INFO - Created Permission View: can edit on DAG:tutorial
[2026-08-20T11:04:02.375+0000] {logging_mixin.py:190} INFO - [2026-08-20T11:04:02.375+0000] {override.py:1900} INFO - Created Permission View: can read on DAG:tutorial
[2026-08-20T11:04:02.382+0000] {logging_mixin.py:190} INFO - [2026-08-20T11:04:02.382+0000] {override.py:1900} INFO - Created Permission View: can delete on DAG:tutorial
[2026-08-20T11:04:02.393+0000] {logging_mixin.py:190} INFO - [2026-08-20T11:04:02.392+0000] {override.py:1900} INFO - Created Permission View: can create on DAG Run:tutorial
[2026-08-20T11:04:02.400+0000] {logging_mixin.py:190} INFO - [2026-08-20T11:04:02.400+0000] {override.py:1900} INFO - Created Permission View: can read on DAG Run:tutorial
[2026-08-20T11:04:02.406+0000] {logging_mixin.py:190} INFO - [2026-08-20T11:04:02.406+0000] {override.py:1900} INFO - Created Permission View: menu access on DAG Run:tutorial
[2026-08-20T11:04:02.413+0000] {logging_mixin.py:190} INFO - [2026-08-20T11:04:02.413+0000] {override.py:1900} INFO - Created Permission View: can delete on DAG Run:tutorial
[2026-08-20T11:04:02.413+0000] {logging_mixin.py:190} INFO - [2026-08-20T11:04:02.413+0000] {dag.py:3239} INFO - Sync 1 DAGs
[2026-08-20T11:04:02.422+0000] {logging_mixin.py:190} INFO - [2026-08-20T11:04:02.422+0000] {dag.py:3262} INFO - Creating ORM DAG for tutorial
[2026-08-20T11:04:02.429+0000] {logging_mixin.py:190} INFO - [2026-08-20T11:04:02.429+0000] {dag.py:4180} INFO - Setting next_dagrun for tutorial to 2026-08-19 00:00:00+00:00, run_after=2026-08-20 00:00:00+00:00
[2026-08-20T11:04:02.446+0000] {processor.py:208} INFO - Processing /workspaces/lab-2/.venv/lib/python3.12/site-packages/airflow/example_dags/tutorial.py took 0.194 seconds
[2026-08-20T11:05:05.062+0000] {processor.py:186} INFO - Started process (PID=25195) to work on /workspaces/lab-2/.venv/lib/python3.12/site-packages/airflow/example_dags/tutorial.py
[2026-08-20T11:05:05.063+0000] {processor.py:914} INFO - Processing file /workspaces/lab-2/.venv/lib/python3.12/site-packages/airflow/example_dags/tutorial.py for tasks to queue
[2026-08-20T11:05:05.065+0000] {logging_mixin.py:190} INFO - [2026-08-20T11:05:05.065+0000] {dagbag.py:588} INFO - Filling up the DagBag from /workspaces/lab-2/.venv/lib/python3.12/site-packages/airflow/example_dags/tutorial.py
[2026-08-20T11:05:05.072+0000] {processor.py:925} INFO - DAG(s) 'tutorial' retrieved from /workspaces/lab-2/.venv/lib/python3.12/site-packages/airflow/example_dags/tutorial.py
[2026-08-20T11:05:05.086+0000] {logging_mixin.py:190} INFO - [2026-08-20T11:05:05.086+0000] {dag.py:3239} INFO - Sync 1 DAGs
[2026-08-20T11:05:05.106+0000] {logging_mixin.py:190} INFO - [2026-08-20T11:05:05.105+0000] {dag.py:4180} INFO - Setting next_dagrun for tutorial to 2026-08-19 00:00:00+00:00, run_after=2026-08-20 00:00:00+00:00
[2026-08-20T11:05:05.128+0000] {processor.py:208} INFO - Processing /workspaces/lab-2/.venv/lib/python3.12/site-packages/airflow/example_dags/tutorial.py took 0.070 seconds
[2026-08-20T11:05:59.348+0000] {processor.py:186} INFO - Started process (PID=25939) to work on /workspaces/lab-2/.venv/lib/python3.12/site-packages/airflow/example_dags/tutorial.py
[2026-08-20T11:05:59.349+0000] {processor.py:914} INFO - Processing file /workspaces/lab-2/.venv/lib/python3.12/site-packages/airflow/example_dags/tutorial.py for tasks to queue
[2026-08-20T11:05:59.351+0000] {logging_mixin.py:190} INFO - [2026-08-20T11:05:59.351+0000] {dagbag.py:588} INFO - Filling up the DagBag from /workspaces/lab-2/.venv/lib/python3.12/site-packages/airflow/example_dags/tutorial.py
[2026-08-20T11:05:59.360+0000] {processor.py:925} INFO - DAG(s) 'tutorial' retrieved from /workspaces/lab-2/.venv/lib/python3.12/site-packages/airflow/example_dags/tutorial.py
[2026-08-20T11:05:59.385+0000] {logging_mixin.py:190} INFO - [2026-08-20T11:05:59.384+0000] {dag.py:3239} INFO - Sync 1 DAGs
[2026-08-20T11:05:59.402+0000] {logging_mixin.py:190} INFO - [2026-08-20T11:05:59.401+0000] {dag.py:4180} INFO - Setting next_dagrun for tutorial to 2026-08-19 00:00:00+00:00, run_after=2026-08-20 00:00:00+00:00
[2026-08-20T11:05:59.421+0000] {processor.py:208} INFO - Processing /workspaces/lab-2/.venv/lib/python3.12/site-packages/airflow/example_dags/tutorial.py took 0.079 seconds
[2026-08-20T11:06:47.829+0000] {processor.py:186} INFO - Started process (PID=26655) to work on /workspaces/lab-2/.venv/lib/python3.12/site-packages/airflow/example_dags/tutorial.py
[2026-08-20T11:06:47.830+0000] {processor.py:914} INFO - Processing file /workspaces/lab-2/.venv/lib/python3.12/site-packages/airflow/example_dags/tutorial.py for tasks to queue
[2026-08-20T11:06:47.835+0000] {logging_mixin.py:190} INFO - [2026-08-20T11:06:47.831+0000] {dagbag.py:588} INFO - Filling up the DagBag from /workspaces/lab-2/.venv/lib/python3.12/site-packages/airflow/example_dags/tutorial.py
[2026-08-20T11:06:47.841+0000] {processor.py:925} INFO - DAG(s) 'tutorial' retrieved from /workspaces/lab-2/.venv/lib/python3.12/site-packages/airflow/example_dags/tutorial.py
[2026-08-20T11:06:47.873+0000] {logging_mixin.py:190} INFO - [2026-08-20T11:06:47.872+0000] {dag.py:3239} INFO - Sync 1 DAGs
[2026-08-20T11:06:47.892+0000] {logging_mixin.py:190} INFO - [2026-08-20T11:06:47.892+0000] {dag.py:4180} INFO - Setting next_dagrun for tutorial to 2026-08-19 00:00:00+00:00, run_after=2026-08-20 00:00:00+00:00
[2026-08-20T11:06:47.909+0000] {processor.py:208} INFO - Processing /workspaces/lab-2/.venv/lib/python3.12/site-packages/airflow/example_dags/tutorial.py took 0.085 seconds
[2026-08-20T11:07:42.948+0000] {processor.py:186} INFO - Started process (PID=27393) to work on /workspaces/lab-2/.venv/lib/python3.12/site-packages/airflow/example_dags/tutorial.py
[2026-08-20T11:07:42.949+0000] {processor.py:914} INFO - Processing file /workspaces/lab-2/.venv/lib/python3.12/site-packages/airflow/example_dags/tutorial.py for tasks to queue
[2026-08-20T11:07:42.951+0000] {logging_mixin.py:190} INFO - [2026-08-20T11:07:42.950+0000] {dagbag.py:588} INFO - Filling up the DagBag from /workspaces/lab-2/.venv/lib/python3.12/site-packages/airflow/example_dags/tutorial.py
[2026-08-20T11:07:42.958+0000] {processor.py:925} INFO - DAG(s) 'tutorial' retrieved from /workspaces/lab-2/.venv/lib/python3.12/site-packages/airflow/example_dags/tutorial.py
[2026-08-20T11:07:42.971+0000] {logging_mixin.py:190} INFO - [2026-08-20T11:07:42.971+0000] {dag.py:3239} INFO - Sync 1 DAGs
[2026-08-20T11:07:42.986+0000] {logging_mixin.py:190} INFO - [2026-08-20T11:07:42.986+0000] {dag.py:4180} INFO - Setting next_dagrun for tutorial to 2026-08-19 00:00:00+00:00, run_after=2026-08-20 00:00:00+00:00
[2026-08-20T11:07:43.003+0000] {processor.py:208} INFO - Processing /workspaces/lab-2/.venv/lib/python3.12/site-packages/airflow/example_dags/tutorial.py took 0.060 seconds
[2026-08-20T11:08:38.993+0000] {processor.py:186} INFO - Started process (PID=28593) to work on /workspaces/lab-2/.venv/lib/python3.12/site-packages/airflow/example_dags/tutorial.py
[2026-08-20T11:08:38.994+0000] {processor.py:914} INFO - Processing file /workspaces/lab-2/.venv/lib/python3.12/site-packages/airflow/example_dags/tutorial.py for tasks to queue
[2026-08-20T11:08:38.996+0000] {logging_mixin.py:190} INFO - [2026-08-20T11:08:38.995+0000] {dagbag.py:588} INFO - Filling up the DagBag from /workspaces/lab-2/.venv/lib/python3.12/site-packages/airflow/example_dags/tutorial.py
[2026-08-20T11:08:39.002+0000] {processor.py:925} INFO - DAG(s) 'tutorial' retrieved from /workspaces/lab-2/.venv/lib/python3.12/site-packages/airflow/example_dags/tutorial.py
[2026-08-20T11:08:39.016+0000] {logging_mixin.py:190} INFO - [2026-08-20T11:08:39.016+0000] {dag.py:3239} INFO - Sync 1 DAGs
[2026-08-20T11:08:39.031+0000] {logging_mixin.py:190} INFO - [2026-08-20T11:08:39.031+0000] {dag.py:4180} INFO - Setting next_dagrun for tutorial to 2026-08-19 00:00:00+00:00, run_after=2026-08-20 00:00:00+00:00
[2026-08-20T11:08:39.050+0000] {processor.py:208} INFO - Processing /workspaces/lab-2/.venv/lib/python3.12/site-packages/airflow/example_dags/tutorial.py took 0.061 seconds
[2026-08-20T11:09:31.474+0000] {processor.py:186} INFO - Started process (PID=29446) to work on /workspaces/lab-2/.venv/lib/python3.12/site-packages/airflow/example_dags/tutorial.py
[2026-08-20T11:09:31.475+0000] {processor.py:914} INFO - Processing file /workspaces/lab-2/.venv/lib/python3.12/site-packages/airflow/example_dags/tutorial.py for tasks to queue
[2026-08-20T11:09:31.476+0000] {logging_mixin.py:190} INFO - [2026-08-20T11:09:31.476+0000] {dagbag.py:588} INFO - Filling up the DagBag from /workspaces/lab-2/.venv/lib/python3.12/site-packages/airflow/example_dags/tutorial.py
[2026-08-20T11:09:31.483+0000] {processor.py:925} INFO - DAG(s) 'tutorial' retrieved from /workspaces/lab-2/.venv/lib/python3.12/site-packages/airflow/example_dags/tutorial.py
[2026-08-20T11:09:31.496+0000] {logging_mixin.py:190} INFO - [2026-08-20T11:09:31.496+0000] {dag.py:3239} INFO - Sync 1 DAGs
[2026-08-20T11:09:31.513+0000] {logging_mixin.py:190} INFO - [2026-08-20T11:09:31.513+0000] {dag.py:4180} INFO - Setting next_dagrun for tutorial to 2026-08-19 00:00:00+00:00, run_after=2026-08-20 00:00:00+00:00
[2026-08-20T11:09:31.531+0000] {processor.py:208} INFO - Processing /workspaces/lab-2/.venv/lib/python3.12/site-packages/airflow/example_dags/tutorial.py took 0.062 seconds
[2026-08-20T11:10:25.079+0000] {processor.py:186} INFO - Started process (PID=30432) to work on /workspaces/lab-2/.venv/lib/python3.12/site-packages/airflow/example_dags/tutorial.py
[2026-08-20T11:10:25.080+0000] {processor.py:914} INFO - Processing file /workspaces/lab-2/.venv/lib/python3.12/site-packages/airflow/example_dags/tutorial.py for tasks to queue
[2026-08-20T11:10:25.082+0000] {logging_mixin.py:190} INFO - [2026-08-20T11:10:25.081+0000] {dagbag.py:588} INFO - Filling up the DagBag from /workspaces/lab-2/.venv/lib/python3.12/site-packages/airflow/example_dags/tutorial.py
[2026-08-20T11:10:25.089+0000] {processor.py:925} INFO - DAG(s) 'tutorial' retrieved from /workspaces/lab-2/.venv/lib/python3.12/site-packages/airflow/example_dags/tutorial.py
[2026-08-20T11:10:25.103+0000] {logging_mixin.py:190} INFO - [2026-08-20T11:10:25.102+0000] {dag.py:3239} INFO - Sync 1 DAGs
[2026-08-20T11:10:25.118+0000] {logging_mixin.py:190} INFO - [2026-08-20T11:10:25.118+0000] {dag.py:4180} INFO - Setting next_dagrun for tutorial to 2026-08-19 00:00:00+00:00, run_after=2026-08-20 00:00:00+00:00
[2026-08-20T11:10:25.137+0000] {processor.py:208} INFO - Processing /workspaces/lab-2/.venv/lib/python3.12/site-packages/airflow/example_dags/tutorial.py took 0.062 seconds
[2026-08-20T11:11:13.117+0000] {processor.py:186} INFO - Started process (PID=31120) to work on /workspaces/lab-2/.venv/lib/python3.12/site-packages/airflow/example_dags/tutorial.py
[2026-08-20T11:11:13.120+0000] {processor.py:914} INFO - Processing file /workspaces/lab-2/.venv/lib/python3.12/site-packages/airflow/example_dags/tutorial.py for tasks to queue
[2026-08-20T11:11:13.126+0000] {logging_mixin.py:190} INFO - [2026-08-20T11:11:13.124+0000] {dagbag.py:588} INFO - Filling up the DagBag from /workspaces/lab-2/.venv/lib/python3.12/site-packages/airflow/example_dags/tutorial.py
[2026-08-20T11:11:13.147+0000] {processor.py:925} INFO - DAG(s) 'tutorial' retrieved from /workspaces/lab-2/.venv/lib/python3.12/site-packages/airflow/example_dags/tutorial.py
[2026-08-20T11:11:13.186+0000] {logging_mixin.py:190} INFO - [2026-08-20T11:11:13.186+0000] {dag.py:3239} INFO - Sync 1 DAGs
[2026-08-20T11:11:13.254+0000] {logging_mixin.py:190} INFO - [2026-08-20T11:11:13.253+0000] {dag.py:4180} INFO - Setting next_dagrun for tutorial to 2026-08-19 00:00:00+00:00, run_after=2026-08-20 00:00:00+00:00
[2026-08-20T11:11:13.300+0000] {processor.py:208} INFO - Processing /workspaces/lab-2/.venv/lib/python3.12/site-packages/airflow/example_dags/tutorial.py took 0.206 seconds
[2026-08-20T11:11:24.224+0000] {processor.py:186} INFO - Started process (PID=31440) to work on /workspaces/lab-2/.venv/lib/python3.12/site-packages/airflow/example_dags/tutorial.py
[2026-08-20T11:11:24.224+0000] {processor.py:914} INFO - Processing file /workspaces/lab-2/.venv/lib/python3.12/site-packages/airflow/example_dags/tutorial.py for tasks to queue
[2026-08-20T11:11:24.230+0000] {logging_mixin.py:190} INFO - [2026-08-20T11:11:24.226+0000] {dagbag.py:588} INFO - Filling up the DagBag from /workspaces/lab-2/.venv/lib/python3.12/site-packages/airflow/example_dags/tutorial.py
[2026-08-20T11:11:24.236+0000] {processor.py:925} INFO - DAG(s) 'tutorial' retrieved from /workspaces/lab-2/.venv/lib/python3.12/site-packages/airflow/example_dags/tutorial.py
[2026-08-20T11:11:24.255+0000] {logging_mixin.py:190} INFO - [2026-08-20T11:11:24.255+0000] {dag.py:3239} INFO - Sync 1 DAGs
[2026-08-20T11:11:24.273+0000] {logging_mixin.py:190} INFO - [2026-08-20T11:11:24.273+0000] {dag.py:4180} INFO - Setting next_dagrun for tutorial to 2026-08-19 00:00:00+00:00, run_after=2026-08-20 00:00:00+00:00
[2026-08-20T11:11:24.292+0000] {processor.py:208} INFO - Processing /workspaces/lab-2/.venv/lib/python3.12/site-packages/airflow/example_dags/tutorial.py took 0.073 seconds
[2026-08-20T11:12:06.786+0000] {processor.py:186} INFO - Started process (PID=32532) to work on /workspaces/lab-2/.venv/lib/python3.12/site-packages/airflow/example_dags/tutorial.py
[2026-08-20T11:12:06.787+0000] {processor.py:914} INFO - Processing file /workspaces/lab-2/.venv/lib/python3.12/site-packages/airflow/example_dags/tutorial.py for tasks to queue
[2026-08-20T11:12:06.789+0000] {logging_mixin.py:190} INFO - [2026-08-20T11:12:06.788+0000] {dagbag.py:588} INFO - Filling up the DagBag from /workspaces/lab-2/.venv/lib/python3.12/site-packages/airflow/example_dags/tutorial.py
[2026-08-20T11:12:06.795+0000] {processor.py:925} INFO - DAG(s) 'tutorial' retrieved from /workspaces/lab-2/.venv/lib/python3.12/site-packages/airflow/example_dags/tutorial.py
[2026-08-20T11:12:06.809+0000] {logging_mixin.py:190} INFO - [2026-08-20T11:12:06.809+0000] {dag.py:3239} INFO - Sync 1 DAGs
[2026-08-20T11:12:06.824+0000] {logging_mixin.py:190} INFO - [2026-08-20T11:12:06.824+0000] {dag.py:4180} INFO - Setting next_dagrun for tutorial to 2026-08-19 00:00:00+00:00, run_after=2026-08-20 00:00:00+00:00
[2026-08-20T11:12:06.843+0000] {processor.py:208} INFO - Processing /workspaces/lab-2/.venv/lib/python3.12/site-packages/airflow/example_dags/tutorial.py took 0.062 seconds
[2026-08-20T11:12:19.613+0000] {processor.py:186} INFO - Started process (PID=32798) to work on /workspaces/lab-2/.venv/lib/python3.12/site-packages/airflow/example_dags/tutorial.py
[2026-08-20T11:12:19.614+0000] {processor.py:914} INFO - Processing file /workspaces/lab-2/.venv/lib/python3.12/site-packages/airflow/example_dags/tutorial.py for tasks to queue
[2026-08-20T11:12:19.616+0000] {logging_mixin.py:190} INFO - [2026-08-20T11:12:19.616+0000] {dagbag.py:588} INFO - Filling up the DagBag from /workspaces/lab-2/.venv/lib/python3.12/site-packages/airflow/example_dags/tutorial.py
[2026-08-20T11:12:19.623+0000] {processor.py:925} INFO - DAG(s) 'tutorial' retrieved from /workspaces/lab-2/.venv/lib/python3.12/site-packages/airflow/example_dags/tutorial.py
[2026-08-20T11:12:19.637+0000] {logging_mixin.py:190} INFO - [2026-08-20T11:12:19.636+0000] {dag.py:3239} INFO - Sync 1 DAGs
[2026-08-20T11:12:19.652+0000] {logging_mixin.py:190} INFO - [2026-08-20T11:12:19.652+0000] {dag.py:4180} INFO - Setting next_dagrun for tutorial to 2026-08-19 00:00:00+00:00, run_after=2026-08-20 00:00:00+00:00
[2026-08-20T11:12:19.672+0000] {processor.py:208} INFO - Processing /workspaces/lab-2/.venv/lib/python3.12/site-packages/airflow/example_dags/tutorial.py took 0.064 seconds
[2026-08-20T11:13:01.344+0000] {processor.py:186} INFO - Started process (PID=33360) to work on /workspaces/lab-2/.venv/lib/python3.12/site-packages/airflow/example_dags/tutorial.py
[2026-08-20T11:13:01.347+0000] {processor.py:914} INFO - Processing file /workspaces/lab-2/.venv/lib/python3.12/site-packages/airflow/example_dags/tutorial.py for tasks to queue
[2026-08-20T11:13:01.352+0000] {logging_mixin.py:190} INFO - [2026-08-20T11:13:01.352+0000] {dagbag.py:588} INFO - Filling up the DagBag from /workspaces/lab-2/.venv/lib/python3.12/site-packages/airflow/example_dags/tutorial.py
[2026-08-20T11:13:01.384+0000] {processor.py:925} INFO - DAG(s) 'tutorial' retrieved from /workspaces/lab-2/.venv/lib/python3.12/site-packages/airflow/example_dags/tutorial.py
[2026-08-20T11:13:01.452+0000] {logging_mixin.py:190} INFO - [2026-08-20T11:13:01.452+0000] {dag.py:3239} INFO - Sync 1 DAGs
[2026-08-20T11:13:01.508+0000] {logging_mixin.py:190} INFO - [2026-08-20T11:13:01.508+0000] {dag.py:4180} INFO - Setting next_dagrun for tutorial to 2026-08-19 00:00:00+00:00, run_after=2026-08-20 00:00:00+00:00
[2026-08-20T11:13:01.562+0000] {processor.py:208} INFO - Processing /workspaces/lab-2/.venv/lib/python3.12/site-packages/airflow/example_dags/tutorial.py took 0.237 seconds
[2026-08-20T11:13:13.070+0000] {processor.py:186} INFO - Started process (PID=33567) to work on /workspaces/lab-2/.venv/lib/python3.12/site-packages/airflow/example_dags/tutorial.py
[2026-08-20T11:13:13.070+0000] {processor.py:914} INFO - Processing file /workspaces/lab-2/.venv/lib/python3.12/site-packages/airflow/example_dags/tutorial.py for tasks to queue
[2026-08-20T11:13:13.072+0000] {logging_mixin.py:190} INFO - [2026-08-20T11:13:13.072+0000] {dagbag.py:588} INFO - Filling up the DagBag from /workspaces/lab-2/.venv/lib/python3.12/site-packages/airflow/example_dags/tutorial.py
[2026-08-20T11:13:13.079+0000] {processor.py:925} INFO - DAG(s) 'tutorial' retrieved from /workspaces/lab-2/.venv/lib/python3.12/site-packages/airflow/example_dags/tutorial.py
[2026-08-20T11:13:13.166+0000] {logging_mixin.py:190} INFO - [2026-08-20T11:13:13.166+0000] {dag.py:3239} INFO - Sync 1 DAGs
[2026-08-20T11:13:13.187+0000] {logging_mixin.py:190} INFO - [2026-08-20T11:13:13.187+0000] {dag.py:4180} INFO - Setting next_dagrun for tutorial to 2026-08-19 00:00:00+00:00, run_after=2026-08-20 00:00:00+00:00
[2026-08-20T11:13:13.263+0000] {processor.py:208} INFO - Processing /workspaces/lab-2/.venv/lib/python3.12/site-packages/airflow/example_dags/tutorial.py took 0.198 seconds
[2026-08-20T11:14:05.313+0000] {processor.py:186} INFO - Started process (PID=34828) to work on /workspaces/lab-2/.venv/lib/python3.12/site-packages/airflow/example_dags/tutorial.py
[2026-08-20T11:14:05.314+0000] {processor.py:914} INFO - Processing file /workspaces/lab-2/.venv/lib/python3.12/site-packages/airflow/example_dags/tutorial.py for tasks to queue
[2026-08-20T11:14:05.315+0000] {logging_mixin.py:190} INFO - [2026-08-20T11:14:05.315+0000] {dagbag.py:588} INFO - Filling up the DagBag from /workspaces/lab-2/.venv/lib/python3.12/site-packages/airflow/example_dags/tutorial.py
[2026-08-20T11:14:05.322+0000] {processor.py:925} INFO - DAG(s) 'tutorial' retrieved from /workspaces/lab-2/.venv/lib/python3.12/site-packages/airflow/example_dags/tutorial.py
[2026-08-20T11:14:05.336+0000] {logging_mixin.py:190} INFO - [2026-08-20T11:14:05.336+0000] {dag.py:3239} INFO - Sync 1 DAGs
[2026-08-20T11:14:05.351+0000] {logging_mixin.py:190} INFO - [2026-08-20T11:14:05.351+0000] {dag.py:4180} INFO - Setting next_dagrun for tutorial to 2026-08-19 00:00:00+00:00, run_after=2026-08-20 00:00:00+00:00
[2026-08-20T11:14:05.368+0000] {processor.py:208} INFO - Processing /workspaces/lab-2/.venv/lib/python3.12/site-packages/airflow/example_dags/tutorial.py took 0.060 seconds
[2026-08-20T11:14:09.354+0000] {processor.py:186} INFO - Started process (PID=34880) to work on /workspaces/lab-2/.venv/lib/python3.12/site-packages/airflow/example_dags/tutorial.py
[2026-08-20T11:14:09.355+0000] {processor.py:914} INFO - Processing file /workspaces/lab-2/.venv/lib/python3.12/site-packages/airflow/example_dags/tutorial.py for tasks to queue
[2026-08-20T11:14:09.357+0000] {logging_mixin.py:190} INFO - [2026-08-20T11:14:09.357+0000] {dagbag.py:588} INFO - Filling up the DagBag from /workspaces/lab-2/.venv/lib/python3.12/site-packages/airflow/example_dags/tutorial.py
[2026-08-20T11:14:09.366+0000] {processor.py:925} INFO - DAG(s) 'tutorial' retrieved from /workspaces/lab-2/.venv/lib/python3.12/site-packages/airflow/example_dags/tutorial.py
[2026-08-20T11:14:09.385+0000] {logging_mixin.py:190} INFO - [2026-08-20T11:14:09.385+0000] {dag.py:3239} INFO - Sync 1 DAGs
[2026-08-20T11:14:09.413+0000] {logging_mixin.py:190} INFO - [2026-08-20T11:14:09.413+0000] {dag.py:4180} INFO - Setting next_dagrun for tutorial to 2026-08-19 00:00:00+00:00, run_after=2026-08-20 00:00:00+00:00
[2026-08-20T11:14:09.441+0000] {processor.py:208} INFO - Processing /workspaces/lab-2/.venv/lib/python3.12/site-packages/airflow/example_dags/tutorial.py took 0.094 seconds
