[2026-08-20T11:03:57.020+0000] {processor.py:186} INFO - Started process (PID=24143) to work on /workspaces/lab-2/.venv/lib/python3.12/site-packages/airflow/example_dags/tutorial_taskflow_api.py
[2026-08-20T11:03:57.021+0000] {processor.py:914} INFO - Processing file /workspaces/lab-2/.venv/lib/python3.12/site-packages/airflow/example_dags/tutorial_taskflow_api.py for tasks to queue
[2026-08-20T11:03:57.023+0000] {logging_mixin.py:190} INFO - [2026-08-20T11:03:57.022+0000] {dagbag.py:588} INFO - Filling up the DagBag from /workspaces/lab-2/.venv/lib/python3.12/site-packages/airflow/example_dags/tutorial_taskflow_api.py
[2026-08-20T11:03:57.030+0000] {processor.py:925} INFO - DAG(s) 'tutorial_taskflow_api' retrieved from /workspaces/lab-2/.venv/lib/python3.12/site-packages/airflow/example_dags/tutorial_taskflow_api.py
[2026-08-20T11:03:57.139+0000] {logging_mixin.py:190} INFO - [2026-08-20T11:03:57.138+0000] {override.py:1900} INFO - Created Permission View: can edit on DAG:tutorial_taskflow_api
[2026-08-20T11:03:57.152+0000] {logging_mixin.py:190} INFO - [2026-08-20T11:03:57.152+0000] {override.py:1900} INFO - Created Permission View: can read on DAG:tutorial_taskflow_api
[2026-08-20T11:03:57.162+0000] {logging_mixin.py:190} INFO - [2026-08-20T11:03:57.162+0000] {override.py:1900} INFO - Created Permission View: can delete on DAG:tutorial_taskflow_api
[2026-08-20T11:03:57.185+0000] {logging_mixin.py:190} INFO - [2026-08-20T11:03:57.184+0000] {override.py:1900} INFO - Created Permission View: can create on DAG Run:tutorial_taskflow_api
[2026-08-20T11:03:57.192+0000] {logging_mixin.py:190} INFO - [2026-08-20T11:03:57.191+0000] {override.py:1900} INFO - Created Permission View: can read on DAG Run:tutorial_taskflow_api
[2026-08-20T11:03:57.200+0000] {logging_mixin.py:190} INFO - [2026-08-20T11:03:57.200+0000] {override.py:1900} INFO - Created Permission View: menu access on DAG Run:tutorial_taskflow_api
[2026-08-20T11:03:57.207+0000] {logging_mixin.py:190} INFO - [2026-08-20T11:03:57.207+0000] {override.py:1900} INFO - Created Permission View: can delete on DAG Run:tutorial_taskflow_api
[2026-08-20T11:03:57.208+0000] {logging_mixin.py:190} INFO - [2026-08-20T11:03:57.208+0000] {dag.py:3239} INFO - Sync 1 DAGs
[2026-08-20T11:03:57.217+0000] {logging_mixin.py:190} INFO - [2026-08-20T11:03:57.216+0000] {dag.py:3262} INFO - Creating ORM DAG for tutorial_taskflow_api
[2026-08-20T11:03:57.217+0000] {logging_mixin.py:190} INFO - [2026-08-20T11:03:57.217+0000] {dag.py:4180} INFO - Setting next_dagrun for tutorial_taskflow_api to None, run_after=None
[2026-08-20T11:03:57.240+0000] {processor.py:208} INFO - Processing /workspaces/lab-2/.venv/lib/python3.12/site-packages/airflow/example_dags/tutorial_taskflow_api.py took 0.224 seconds
[2026-08-20T11:05:01.280+0000] {processor.py:186} INFO - Started process (PID=25176) to work on /workspaces/lab-2/.venv/lib/python3.12/site-packages/airflow/example_dags/tutorial_taskflow_api.py
[2026-08-20T11:05:01.281+0000] {processor.py:914} INFO - Processing file /workspaces/lab-2/.venv/lib/python3.12/site-packages/airflow/example_dags/tutorial_taskflow_api.py for tasks to queue
[2026-08-20T11:05:01.283+0000] {logging_mixin.py:190} INFO - [2026-08-20T11:05:01.282+0000] {dagbag.py:588} INFO - Filling up the DagBag from /workspaces/lab-2/.venv/lib/python3.12/site-packages/airflow/example_dags/tutorial_taskflow_api.py
[2026-08-20T11:05:01.293+0000] {processor.py:925} INFO - DAG(s) 'tutorial_taskflow_api' retrieved from /workspaces/lab-2/.venv/lib/python3.12/site-packages/airflow/example_dags/tutorial_taskflow_api.py
[2026-08-20T11:05:01.314+0000] {logging_mixin.py:190} INFO - [2026-08-20T11:05:01.314+0000] {dag.py:3239} INFO - Sync 1 DAGs
[2026-08-20T11:05:01.328+0000] {logging_mixin.py:190} INFO - [2026-08-20T11:05:01.328+0000] {dag.py:4180} INFO - Setting next_dagrun for tutorial_taskflow_api to None, run_after=None
[2026-08-20T11:05:01.348+0000] {processor.py:208} INFO - Processing /workspaces/lab-2/.venv/lib/python3.12/site-packages/airflow/example_dags/tutorial_taskflow_api.py took 0.073 seconds
[2026-08-20T11:05:55.342+0000] {processor.py:186} INFO - Started process (PID=25895) to work on /workspaces/lab-2/.venv/lib/python3.12/site-packages/airflow/example_dags/tutorial_taskflow_api.py
[2026-08-20T11:05:55.343+0000] {processor.py:914} INFO - Processing file /workspaces/lab-2/.venv/lib/python3.12/site-packages/airflow/example_dags/tutorial_taskflow_api.py for tasks to queue
[2026-08-20T11:05:55.345+0000] {logging_mixin.py:190} INFO - [2026-08-20T11:05:55.345+0000] {dagbag.py:588} INFO - Filling up the DagBag from /workspaces/lab-2/.venv/lib/python3.12/site-packages/airflow/example_dags/tutorial_taskflow_api.py
[2026-08-20T11:05:55.352+0000] {processor.py:925} INFO - DAG(s) 'tutorial_taskflow_api' retrieved from /workspaces/lab-2/.venv/lib/python3.12/site-packages/airflow/example_dags/tutorial_taskflow_api.py
[2026-08-20T11:05:55.367+0000] {logging_mixin.py:190} INFO - [2026-08-20T11:05:55.367+0000] {dag.py:3239} INFO - Sync 1 DAGs
[2026-08-20T11:05:55.377+0000] {logging_mixin.py:190} INFO - [2026-08-20T11:05:55.377+0000] {dag.py:4180} INFO - Setting next_dagrun for tutorial_taskflow_api to None, run_after=None
[2026-08-20T11:05:55.394+0000] {processor.py:208} INFO - Processing /workspaces/lab-2/.venv/lib/python3.12/site-packages/airflow/example_dags/tutorial_taskflow_api.py took 0.058 seconds
[2026-08-20T11:06:43.977+0000] {processor.py:186} INFO - Started process (PID=26569) to work on /workspaces/lab-2/.venv/lib/python3.12/site-packages/airflow/example_dags/tutorial_taskflow_api.py
[2026-08-20T11:06:43.978+0000] {processor.py:914} INFO - Processing file /workspaces/lab-2/.venv/lib/python3.12/site-packages/airflow/example_dags/tutorial_taskflow_api.py for tasks to queue
[2026-08-20T11:06:43.980+0000] {logging_mixin.py:190} INFO - [2026-08-20T11:06:43.980+0000] {dagbag.py:588} INFO - Filling up the DagBag from /workspaces/lab-2/.venv/lib/python3.12/site-packages/airflow/example_dags/tutorial_taskflow_api.py
[2026-08-20T11:06:43.995+0000] {processor.py:925} INFO - DAG(s) 'tutorial_taskflow_api' retrieved from /workspaces/lab-2/.venv/lib/python3.12/site-packages/airflow/example_dags/tutorial_taskflow_api.py
[2026-08-20T11:06:44.023+0000] {logging_mixin.py:190} INFO - [2026-08-20T11:06:44.022+0000] {dag.py:3239} INFO - Sync 1 DAGs
[2026-08-20T11:06:44.039+0000] {logging_mixin.py:190} INFO - [2026-08-20T11:06:44.038+0000] {dag.py:4180} INFO - Setting next_dagrun for tutorial_taskflow_api to None, run_after=None
[2026-08-20T11:06:44.062+0000] {processor.py:208} INFO - Processing /workspaces/lab-2/.venv/lib/python3.12/site-packages/airflow/example_dags/tutorial_taskflow_api.py took 0.092 seconds
[2026-08-20T11:07:38.506+0000] {processor.py:186} INFO - Started process (PID=27290) to work on /workspaces/lab-2/.venv/lib/python3.12/site-packages/airflow/example_dags/tutorial_taskflow_api.py
[2026-08-20T11:07:38.507+0000] {processor.py:914} INFO - Processing file /workspaces/lab-2/.venv/lib/python3.12/site-packages/airflow/example_dags/tutorial_taskflow_api.py for tasks to queue
[2026-08-20T11:07:38.509+0000] {logging_mixin.py:190} INFO - [2026-08-20T11:07:38.509+0000] {dagbag.py:588} INFO - Filling up the DagBag from /workspaces/lab-2/.venv/lib/python3.12/site-packages/airflow/example_dags/tutorial_taskflow_api.py
[2026-08-20T11:07:38.516+0000] {processor.py:925} INFO - DAG(s) 'tutorial_taskflow_api' retrieved from /workspaces/lab-2/.venv/lib/python3.12/site-packages/airflow/example_dags/tutorial_taskflow_api.py
[2026-08-20T11:07:38.532+0000] {logging_mixin.py:190} INFO - [2026-08-20T11:07:38.532+0000] {dag.py:3239} INFO - Sync 1 DAGs
[2026-08-20T11:07:38.542+0000] {logging_mixin.py:190} INFO - [2026-08-20T11:07:38.542+0000] {dag.py:4180} INFO - Setting next_dagrun for tutorial_taskflow_api to None, run_after=None
[2026-08-20T11:07:38.560+0000] {processor.py:208} INFO - Processing /workspaces/lab-2/.venv/lib/python3.12/site-packages/airflow/example_dags/tutorial_taskflow_api.py took 0.058 seconds
[2026-08-20T11:08:35.055+0000] {processor.py:186} INFO - Started process (PID=28564) to work on /workspaces/lab-2/.venv/lib/python3.12/site-packages/airflow/example_dags/tutorial_taskflow_api.py
[2026-08-20T11:08:35.056+0000] {processor.py:914} INFO - Processing file /workspaces/lab-2/.venv/lib/python3.12/site-packages/airflow/example_dags/tutorial_taskflow_api.py for tasks to queue
[2026-08-20T11:08:35.058+0000] {logging_mixin.py:190} INFO - [2026-08-20T11:08:35.057+0000] {dagbag.py:588} INFO - Filling up the DagBag from /workspaces/lab-2/.venv/lib/python3.12/site-packages/airflow/example_dags/tutorial_taskflow_api.py
[2026-08-20T11:08:35.065+0000] {processor.py:925} INFO - DAG(s) 'tutorial_taskflow_api' retrieved from /workspaces/lab-2/.venv/lib/python3.12/site-packages/airflow/example_dags/tutorial_taskflow_api.py
[2026-08-20T11:08:35.083+0000] {logging_mixin.py:190} INFO - [2026-08-20T11:08:35.083+0000] {dag.py:3239} INFO - Sync 1 DAGs
[2026-08-20T11:08:35.098+0000] {logging_mixin.py:190} INFO - [2026-08-20T11:08:35.098+0000] {dag.py:4180} INFO - Setting next_dagrun for tutorial_taskflow_api to None, run_after=None
[2026-08-20T11:08:35.120+0000] {processor.py:208} INFO - Processing /workspaces/lab-2/.venv/lib/python3.12/site-packages/airflow/example_dags/tutorial_taskflow_api.py took 0.072 seconds
[2026-08-20T11:09:28.182+0000] {processor.py:186} INFO - Started process (PID=29395) to work on /workspaces/lab-2/.venv/lib/python3.12/site-packages/airflow/example_dags/tutorial_taskflow_api.py
[2026-08-20T11:09:28.183+0000] {processor.py:914} INFO - Processing file /workspaces/lab-2/.venv/lib/python3.12/site-packages/airflow/example_dags/tutorial_taskflow_api.py for tasks to queue
[2026-08-20T11:09:28.185+0000] {logging_mixin.py:190} INFO - [2026-08-20T11:09:28.185+0000] {dagbag.py:588} INFO - Filling up the DagBag from /workspaces/lab-2/.venv/lib/python3.12/site-packages/airflow/example_dags/tutorial_taskflow_api.py
[2026-08-20T11:09:28.192+0000] {processor.py:925} INFO - DAG(s) 'tutorial_taskflow_api' retrieved from /workspaces/lab-2/.venv/lib/python3.12/site-packages/airflow/example_dags/tutorial_taskflow_api.py
[2026-08-20T11:09:28.206+0000] {logging_mixin.py:190} INFO - [2026-08-20T11:09:28.206+0000] {dag.py:3239} INFO - Sync 1 DAGs
[2026-08-20T11:09:28.216+0000] {logging_mixin.py:190} INFO - [2026-08-20T11:09:28.215+0000] {dag.py:4180} INFO - Setting next_dagrun for tutorial_taskflow_api to None, run_after=None
[2026-08-20T11:09:28.234+0000] {processor.py:208} INFO - Processing /workspaces/lab-2/.venv/lib/python3.12/site-packages/airflow/example_dags/tutorial_taskflow_api.py took 0.056 seconds
[2026-08-20T11:10:21.062+0000] {processor.py:186} INFO - Started process (PID=30327) to work on /workspaces/lab-2/.venv/lib/python3.12/site-packages/airflow/example_dags/tutorial_taskflow_api.py
[2026-08-20T11:10:21.063+0000] {processor.py:914} INFO - Processing file /workspaces/lab-2/.venv/lib/python3.12/site-packages/airflow/example_dags/tutorial_taskflow_api.py for tasks to queue
[2026-08-20T11:10:21.064+0000] {logging_mixin.py:190} INFO - [2026-08-20T11:10:21.064+0000] {dagbag.py:588} INFO - Filling up the DagBag from /workspaces/lab-2/.venv/lib/python3.12/site-packages/airflow/example_dags/tutorial_taskflow_api.py
[2026-08-20T11:10:21.071+0000] {processor.py:925} INFO - DAG(s) 'tutorial_taskflow_api' retrieved from /workspaces/lab-2/.venv/lib/python3.12/site-packages/airflow/example_dags/tutorial_taskflow_api.py
[2026-08-20T11:10:21.084+0000] {logging_mixin.py:190} INFO - [2026-08-20T11:10:21.084+0000] {dag.py:3239} INFO - Sync 1 DAGs
[2026-08-20T11:10:21.094+0000] {logging_mixin.py:190} INFO - [2026-08-20T11:10:21.094+0000] {dag.py:4180} INFO - Setting next_dagrun for tutorial_taskflow_api to None, run_after=None
[2026-08-20T11:10:21.112+0000] {processor.py:208} INFO - Processing /workspaces/lab-2/.venv/lib/python3.12/site-packages/airflow/example_dags/tutorial_taskflow_api.py took 0.054 seconds
[2026-08-20T11:11:08.913+0000] {processor.py:186} INFO - Started process (PID=31061) to work on /workspaces/lab-2/.venv/lib/python3.12/site-packages/airflow/example_dags/tutorial_taskflow_api.py
[2026-08-20T11:11:08.914+0000] {processor.py:914} INFO - Processing file /workspaces/lab-2/.venv/lib/python3.12/site-packages/airflow/example_dags/tutorial_taskflow_api.py for tasks to queue
[2026-08-20T11:11:08.918+0000] {logging_mixin.py:190} INFO - [2026-08-20T11:11:08.918+0000] {dagbag.py:588} INFO - Filling up the DagBag from /workspaces/lab-2/.venv/lib/python3.12/site-packages/airflow/example_dags/tutorial_taskflow_api.py
[2026-08-20T11:11:08.938+0000] {processor.py:925} INFO - DAG(s) 'tutorial_taskflow_api' retrieved from /workspaces/lab-2/.venv/lib/python3.12/site-packages/airflow/example_dags/tutorial_taskflow_api.py
[2026-08-20T11:11:08.977+0000] {logging_mixin.py:190} INFO - [2026-08-20T11:11:08.977+0000] {dag.py:3239} INFO - Sync 1 DAGs
[2026-08-20T11:11:09.018+0000] {logging_mixin.py:190} INFO - [2026-08-20T11:11:09.018+0000] {dag.py:4180} INFO - Setting next_dagrun for tutorial_taskflow_api to None, run_after=None
[2026-08-20T11:11:09.070+0000] {processor.py:208} INFO - Processing /workspaces/lab-2/.venv/lib/python3.12/site-packages/airflow/example_dags/tutorial_taskflow_api.py took 0.172 seconds
[2026-08-20T11:11:20.305+0000] {processor.py:186} INFO - Started process (PID=31340) to work on /workspaces/lab-2/.venv/lib/python3.12/site-packages/airflow/example_dags/tutorial_taskflow_api.py
[2026-08-20T11:11:20.306+0000] {processor.py:914} INFO - Processing file /workspaces/lab-2/.venv/lib/python3.12/site-packages/airflow/example_dags/tutorial_taskflow_api.py for tasks to queue
[2026-08-20T11:11:20.307+0000] {logging_mixin.py:190} INFO - [2026-08-20T11:11:20.307+0000] {dagbag.py:588} INFO - Filling up the DagBag from /workspaces/lab-2/.venv/lib/python3.12/site-packages/airflow/example_dags/tutorial_taskflow_api.py
[2026-08-20T11:11:20.317+0000] {processor.py:925} INFO - DAG(s) 'tutorial_taskflow_api' retrieved from /workspaces/lab-2/.venv/lib/python3.12/site-packages/airflow/example_dags/tutorial_taskflow_api.py
[2026-08-20T11:11:20.336+0000] {logging_mixin.py:190} INFO - [2026-08-20T11:11:20.336+0000] {dag.py:3239} INFO - Sync 1 DAGs
[2026-08-20T11:11:20.347+0000] {logging_mixin.py:190} INFO - [2026-08-20T11:11:20.347+0000] {dag.py:4180} INFO - Setting next_dagrun for tutorial_taskflow_api to None, run_after=None
[2026-08-20T11:11:20.365+0000] {processor.py:208} INFO - Processing /workspaces/lab-2/.venv/lib/python3.12/site-packages/airflow/example_dags/tutorial_taskflow_api.py took 0.065 seconds
[2026-08-20T11:12:02.554+0000] {processor.py:186} INFO - Started process (PID=32476) to work on /workspaces/lab-2/.venv/lib/python3.12/site-packages/airflow/example_dags/tutorial_taskflow_api.py
[2026-08-20T11:12:02.555+0000] {processor.py:914} INFO - Processing file /workspaces/lab-2/.venv/lib/python3.12/site-packages/airflow/example_dags/tutorial_taskflow_api.py for tasks to queue
[2026-08-20T11:12:02.557+0000] {logging_mixin.py:190} INFO - [2026-08-20T11:12:02.557+0000] {dagbag.py:588} INFO - Filling up the DagBag from /workspaces/lab-2/.venv/lib/python3.12/site-packages/airflow/example_dags/tutorial_taskflow_api.py
[2026-08-20T11:12:02.566+0000] {processor.py:925} INFO - DAG(s) 'tutorial_taskflow_api' retrieved from /workspaces/lab-2/.venv/lib/python3.12/site-packages/airflow/example_dags/tutorial_taskflow_api.py
[2026-08-20T11:12:02.581+0000] {logging_mixin.py:190} INFO - [2026-08-20T11:12:02.581+0000] {dag.py:3239} INFO - Sync 1 DAGs
[2026-08-20T11:12:02.591+0000] {logging_mixin.py:190} INFO - [2026-08-20T11:12:02.591+0000] {dag.py:4180} INFO - Setting next_dagrun for tutorial_taskflow_api to None, run_after=None
[2026-08-20T11:12:02.609+0000] {processor.py:208} INFO - Processing /workspaces/lab-2/.venv/lib/python3.12/site-packages/airflow/example_dags/tutorial_taskflow_api.py took 0.062 seconds
[2026-08-20T11:12:14.956+0000] {processor.py:186} INFO - Started process (PID=32757) to work on /workspaces/lab-2/.venv/lib/python3.12/site-packages/airflow/example_dags/tutorial_taskflow_api.py
[2026-08-20T11:12:14.958+0000] {processor.py:914} INFO - Processing file /workspaces/lab-2/.venv/lib/python3.12/site-packages/airflow/example_dags/tutorial_taskflow_api.py for tasks to queue
[2026-08-20T11:12:14.960+0000] {logging_mixin.py:190} INFO - [2026-08-20T11:12:14.960+0000] {dagbag.py:588} INFO - Filling up the DagBag from /workspaces/lab-2/.venv/lib/python3.12/site-packages/airflow/example_dags/tutorial_taskflow_api.py
[2026-08-20T11:12:14.972+0000] {processor.py:925} INFO - DAG(s) 'tutorial_taskflow_api' retrieved from /workspaces/lab-2/.venv/lib/python3.12/site-packages/airflow/example_dags/tutorial_taskflow_api.py
[2026-08-20T11:12:14.998+0000] {logging_mixin.py:190} INFO - [2026-08-20T11:12:14.998+0000] {dag.py:3239} INFO - Sync 1 DAGs
[2026-08-20T11:12:15.014+0000] {logging_mixin.py:190} INFO - [2026-08-20T11:12:15.014+0000] {dag.py:4180} INFO - Setting next_dagrun for tutorial_taskflow_api to None, run_after=None
[2026-08-20T11:12:15.049+0000] {processor.py:208} INFO - Processing /workspaces/lab-2/.venv/lib/python3.12/site-packages/airflow/example_dags/tutorial_taskflow_api.py took 0.099 seconds
[2026-08-20T11:12:56.177+0000] {processor.py:186} INFO - Started process (PID=33280) to work on /workspaces/lab-2/.venv/lib/python3.12/site-packages/airflow/example_dags/tutorial_taskflow_api.py
[2026-08-20T11:12:56.184+0000] {processor.py:914} INFO - Processing file /workspaces/lab-2/.venv/lib/python3.12/site-packages/airflow/example_dags/tutorial_taskflow_api.py for tasks to queue
[2026-08-20T11:12:56.192+0000] {logging_mixin.py:190} INFO - [2026-08-20T11:12:56.192+0000] {dagbag.py:588} INFO - Filling up the DagBag from /workspaces/lab-2/.venv/lib/python3.12/site-packages/airflow/example_dags/tutorial_taskflow_api.py
[2026-08-20T11:12:56.209+0000] {processor.py:925} INFO - DAG(s) 'tutorial_taskflow_api' retrieved from /workspaces/lab-2/.venv/lib/python3.12/site-packages/airflow/example_dags/tutorial_taskflow_api.py
[2026-08-20T11:12:56.263+0000] {logging_mixin.py:190} INFO - [2026-08-20T11:12:56.263+0000] {dag.py:3239} INFO - Sync 1 DAGs
[2026-08-20T11:12:56.305+0000] {logging_mixin.py:190} INFO - [2026-08-20T11:12:56.305+0000] {dag.py:4180} INFO - Setting next_dagrun for tutorial_taskflow_api to None, run_after=None
[2026-08-20T11:12:56.359+0000] {processor.py:208} INFO - Processing /workspaces/lab-2/.venv/lib/python3.12/site-packages/airflow/example_dags/tutorial_taskflow_api.py took 0.189 seconds
[2026-08-20T11:13:09.415+0000] {processor.py:186} INFO - Started process (PID=33481) to work on /workspaces/lab-2/.venv/lib/python3.12/site-packages/airflow/example_dags/tutorial_taskflow_api.py
[2026-08-20T11:13:09.416+0000] {processor.py:914} INFO - Processing file /workspaces/lab-2/.venv/lib/python3.12/site-packages/airflow/example_dags/tutorial_taskflow_api.py for tasks to queue
[2026-08-20T11:13:09.418+0000] {logging_mixin.py:190} INFO - [2026-08-20T11:13:09.418+0000] {dagbag.py:588} INFO - Filling up the DagBag from /workspaces/lab-2/.venv/lib/python3.12/site-packages/airflow/example_dags/tutorial_taskflow_api.py
[2026-08-20T11:13:09.426+0000] {processor.py:925} INFO - DAG(s) 'tutorial_taskflow_api' retrieved from /workspaces/lab-2/.venv/lib/python3.12/site-packages/airflow/example_dags/tutorial_taskflow_api.py
[2026-08-20T11:13:09.537+0000] {logging_mixin.py:190} INFO - [2026-08-20T11:13:09.537+0000] {dag.py:3239} INFO - Sync 1 DAGs
[2026-08-20T11:13:09.546+0000] {logging_mixin.py:190} INFO - [2026-08-20T11:13:09.546+0000] {dag.py:4180} INFO - Setting next_dagrun for tutorial_taskflow_api to None, run_after=None
[2026-08-20T11:13:09.565+0000] {processor.py:208} INFO - Processing /workspaces/lab-2/.venv/lib/python3.12/site-packages/airflow/example_dags/tutorial_taskflow_api.py took 0.157 seconds
[2026-08-20T11:14:00.647+0000] {processor.py:186} INFO - Started process (PID=34761) to work on /workspaces/lab-2/.venv/lib/python3.12/site-packages/airflow/example_dags/tutorial_taskflow_api.py
[2026-08-20T11:14:00.648+0000] {processor.py:914} INFO - Processing file /workspaces/lab-2/.venv/lib/python3.12/site-packages/airflow/example_dags/tutorial_taskflow_api.py for tasks to queue
[2026-08-20T11:14:00.650+0000] {logging_mixin.py:190} INFO - [2026-08-20T11:14:00.649+0000] {dagbag.py:588} INFO - Filling up the DagBag from /workspaces/lab-2/.venv/lib/python3.12/site-packages/airflow/example_dags/tutorial_taskflow_api.py
[2026-08-20T11:14:00.657+0000] {processor.py:925} INFO - DAG(s) 'tutorial_taskflow_api' retrieved from /workspaces/lab-2/.venv/lib/python3.12/site-packages/airflow/example_dags/tutorial_taskflow_api.py
[2026-08-20T11:14:00.669+0000] {logging_mixin.py:190} INFO - [2026-08-20T11:14:00.669+0000] {dag.py:3239} INFO - Sync 1 DAGs
[2026-08-20T11:14:00.679+0000] {logging_mixin.py:190} INFO - [2026-08-20T11:14:00.679+0000] {dag.py:4180} INFO - Setting next_dagrun for tutorial_taskflow_api to None, run_after=None
[2026-08-20T11:14:00.696+0000] {processor.py:208} INFO - Processing /workspaces/lab-2/.venv/lib/python3.12/site-packages/airflow/example_dags/tutorial_taskflow_api.py took 0.053 seconds
[2026-08-20T11:14:05.520+0000] {processor.py:186} INFO - Started process (PID=34830) to work on /workspaces/lab-2/.venv/lib/python3.12/site-packages/airflow/example_dags/tutorial_taskflow_api.py
[2026-08-20T11:14:05.521+0000] {processor.py:914} INFO - Processing file /workspaces/lab-2/.venv/lib/python3.12/site-packages/airflow/example_dags/tutorial_taskflow_api.py for tasks to queue
[2026-08-20T11:14:05.524+0000] {logging_mixin.py:190} INFO - [2026-08-20T11:14:05.523+0000] {dagbag.py:588} INFO - Filling up the DagBag from /workspaces/lab-2/.venv/lib/python3.12/site-packages/airflow/example_dags/tutorial_taskflow_api.py
[2026-08-20T11:14:05.533+0000] {processor.py:925} INFO - DAG(s) 'tutorial_taskflow_api' retrieved from /workspaces/lab-2/.venv/lib/python3.12/site-packages/airflow/example_dags/tutorial_taskflow_api.py
[2026-08-20T11:14:05.548+0000] {logging_mixin.py:190} INFO - [2026-08-20T11:14:05.548+0000] {dag.py:3239} INFO - Sync 1 DAGs
[2026-08-20T11:14:05.558+0000] {logging_mixin.py:190} INFO - [2026-08-20T11:14:05.558+0000] {dag.py:4180} INFO - Setting next_dagrun for tutorial_taskflow_api to None, run_after=None
[2026-08-20T11:14:05.580+0000] {processor.py:208} INFO - Processing /workspaces/lab-2/.venv/lib/python3.12/site-packages/airflow/example_dags/tutorial_taskflow_api.py took 0.066 seconds
[2026-08-20T11:16:32.712+0000] {processor.py:186} INFO - Started process (PID=39338) to work on /workspaces/lab-2/.venv/lib/python3.12/site-packages/airflow/example_dags/tutorial_taskflow_api.py
[2026-08-20T11:16:32.724+0000] {processor.py:914} INFO - Processing file /workspaces/lab-2/.venv/lib/python3.12/site-packages/airflow/example_dags/tutorial_taskflow_api.py for tasks to queue
[2026-08-20T11:16:32.727+0000] {logging_mixin.py:190} INFO - [2026-08-20T11:16:32.726+0000] {dagbag.py:588} INFO - Filling up the DagBag from /workspaces/lab-2/.venv/lib/python3.12/site-packages/airflow/example_dags/tutorial_taskflow_api.py
[2026-08-20T11:16:32.738+0000] {processor.py:925} INFO - DAG(s) 'tutorial_taskflow_api' retrieved from /workspaces/lab-2/.venv/lib/python3.12/site-packages/airflow/example_dags/tutorial_taskflow_api.py
[2026-08-20T11:16:32.992+0000] {logging_mixin.py:190} INFO - [2026-08-20T11:16:32.992+0000] {dag.py:3239} INFO - Sync 1 DAGs
[2026-08-20T11:16:33.013+0000] {logging_mixin.py:190} INFO - [2026-08-20T11:16:33.013+0000] {dag.py:4180} INFO - Setting next_dagrun for tutorial_taskflow_api to None, run_after=None
[2026-08-20T11:16:33.139+0000] {processor.py:208} INFO - Processing /workspaces/lab-2/.venv/lib/python3.12/site-packages/airflow/example_dags/tutorial_taskflow_api.py took 0.435 seconds
[2026-08-20T11:18:56.877+0000] {processor.py:186} INFO - Started process (PID=43853) to work on /workspaces/lab-2/.venv/lib/python3.12/site-packages/airflow/example_dags/tutorial_taskflow_api.py
[2026-08-20T11:18:56.882+0000] {processor.py:914} INFO - Processing file /workspaces/lab-2/.venv/lib/python3.12/site-packages/airflow/example_dags/tutorial_taskflow_api.py for tasks to queue
[2026-08-20T11:18:56.888+0000] {logging_mixin.py:190} INFO - [2026-08-20T11:18:56.887+0000] {dagbag.py:588} INFO - Filling up the DagBag from /workspaces/lab-2/.venv/lib/python3.12/site-packages/airflow/example_dags/tutorial_taskflow_api.py
[2026-08-20T11:18:56.928+0000] {processor.py:925} INFO - DAG(s) 'tutorial_taskflow_api' retrieved from /workspaces/lab-2/.venv/lib/python3.12/site-packages/airflow/example_dags/tutorial_taskflow_api.py
[2026-08-20T11:18:57.026+0000] {logging_mixin.py:190} INFO - [2026-08-20T11:18:57.023+0000] {dag.py:3239} INFO - Sync 1 DAGs
[2026-08-20T11:18:57.066+0000] {logging_mixin.py:190} INFO - [2026-08-20T11:18:57.066+0000] {dag.py:4180} INFO - Setting next_dagrun for tutorial_taskflow_api to None, run_after=None
[2026-08-20T11:18:57.176+0000] {processor.py:208} INFO - Processing /workspaces/lab-2/.venv/lib/python3.12/site-packages/airflow/example_dags/tutorial_taskflow_api.py took 0.318 seconds
