[2026-08-20T11:04:06.282+0000] {processor.py:186} INFO - Started process (PID=24335) to work on /workspaces/lab-2/.venv/lib/python3.12/site-packages/airflow/example_dags/tutorial_dag.py
[2026-08-20T11:04:06.283+0000] {processor.py:914} INFO - Processing file /workspaces/lab-2/.venv/lib/python3.12/site-packages/airflow/example_dags/tutorial_dag.py for tasks to queue
[2026-08-20T11:04:06.285+0000] {logging_mixin.py:190} INFO - [2026-08-20T11:04:06.284+0000] {dagbag.py:588} INFO - Filling up the DagBag from /workspaces/lab-2/.venv/lib/python3.12/site-packages/airflow/example_dags/tutorial_dag.py
[2026-08-20T11:04:06.291+0000] {processor.py:925} INFO - DAG(s) 'tutorial_dag' retrieved from /workspaces/lab-2/.venv/lib/python3.12/site-packages/airflow/example_dags/tutorial_dag.py
[2026-08-20T11:04:06.393+0000] {logging_mixin.py:190} INFO - [2026-08-20T11:04:06.392+0000] {override.py:1900} INFO - Created Permission View: can edit on DAG:tutorial_dag
[2026-08-20T11:04:06.402+0000] {logging_mixin.py:190} INFO - [2026-08-20T11:04:06.402+0000] {override.py:1900} INFO - Created Permission View: can read on DAG:tutorial_dag
[2026-08-20T11:04:06.409+0000] {logging_mixin.py:190} INFO - [2026-08-20T11:04:06.409+0000] {override.py:1900} INFO - Created Permission View: can delete on DAG:tutorial_dag
[2026-08-20T11:04:06.423+0000] {logging_mixin.py:190} INFO - [2026-08-20T11:04:06.422+0000] {override.py:1900} INFO - Created Permission View: can create on DAG Run:tutorial_dag
[2026-08-20T11:04:06.430+0000] {logging_mixin.py:190} INFO - [2026-08-20T11:04:06.429+0000] {override.py:1900} INFO - Created Permission View: can read on DAG Run:tutorial_dag
[2026-08-20T11:04:06.437+0000] {logging_mixin.py:190} INFO - [2026-08-20T11:04:06.436+0000] {override.py:1900} INFO - Created Permission View: menu access on DAG Run:tutorial_dag
[2026-08-20T11:04:06.444+0000] {logging_mixin.py:190} INFO - [2026-08-20T11:04:06.444+0000] {override.py:1900} INFO - Created Permission View: can delete on DAG Run:tutorial_dag
[2026-08-20T11:04:06.444+0000] {logging_mixin.py:190} INFO - [2026-08-20T11:04:06.444+0000] {dag.py:3239} INFO - Sync 1 DAGs
[2026-08-20T11:04:06.453+0000] {logging_mixin.py:190} INFO - [2026-08-20T11:04:06.453+0000] {dag.py:3262} INFO - Creating ORM DAG for tutorial_dag
[2026-08-20T11:04:06.453+0000] {logging_mixin.py:190} INFO - [2026-08-20T11:04:06.453+0000] {dag.py:4180} INFO - Setting next_dagrun for tutorial_dag to None, run_after=None
[2026-08-20T11:04:06.472+0000] {processor.py:208} INFO - Processing /workspaces/lab-2/.venv/lib/python3.12/site-packages/airflow/example_dags/tutorial_dag.py took 0.195 seconds
[2026-08-20T11:05:09.063+0000] {processor.py:186} INFO - Started process (PID=25240) to work on /workspaces/lab-2/.venv/lib/python3.12/site-packages/airflow/example_dags/tutorial_dag.py
[2026-08-20T11:05:09.064+0000] {processor.py:914} INFO - Processing file /workspaces/lab-2/.venv/lib/python3.12/site-packages/airflow/example_dags/tutorial_dag.py for tasks to queue
[2026-08-20T11:05:09.066+0000] {logging_mixin.py:190} INFO - [2026-08-20T11:05:09.065+0000] {dagbag.py:588} INFO - Filling up the DagBag from /workspaces/lab-2/.venv/lib/python3.12/site-packages/airflow/example_dags/tutorial_dag.py
[2026-08-20T11:05:09.072+0000] {processor.py:925} INFO - DAG(s) 'tutorial_dag' retrieved from /workspaces/lab-2/.venv/lib/python3.12/site-packages/airflow/example_dags/tutorial_dag.py
[2026-08-20T11:05:09.087+0000] {logging_mixin.py:190} INFO - [2026-08-20T11:05:09.087+0000] {dag.py:3239} INFO - Sync 1 DAGs
[2026-08-20T11:05:09.098+0000] {logging_mixin.py:190} INFO - [2026-08-20T11:05:09.097+0000] {dag.py:4180} INFO - Setting next_dagrun for tutorial_dag to None, run_after=None
[2026-08-20T11:05:09.114+0000] {processor.py:208} INFO - Processing /workspaces/lab-2/.venv/lib/python3.12/site-packages/airflow/example_dags/tutorial_dag.py took 0.056 seconds
[2026-08-20T11:06:03.184+0000] {processor.py:186} INFO - Started process (PID=26020) to work on /workspaces/lab-2/.venv/lib/python3.12/site-packages/airflow/example_dags/tutorial_dag.py
[2026-08-20T11:06:03.185+0000] {processor.py:914} INFO - Processing file /workspaces/lab-2/.venv/lib/python3.12/site-packages/airflow/example_dags/tutorial_dag.py for tasks to queue
[2026-08-20T11:06:03.187+0000] {logging_mixin.py:190} INFO - [2026-08-20T11:06:03.187+0000] {dagbag.py:588} INFO - Filling up the DagBag from /workspaces/lab-2/.venv/lib/python3.12/site-packages/airflow/example_dags/tutorial_dag.py
[2026-08-20T11:06:03.194+0000] {processor.py:925} INFO - DAG(s) 'tutorial_dag' retrieved from /workspaces/lab-2/.venv/lib/python3.12/site-packages/airflow/example_dags/tutorial_dag.py
[2026-08-20T11:06:03.207+0000] {logging_mixin.py:190} INFO - [2026-08-20T11:06:03.207+0000] {dag.py:3239} INFO - Sync 1 DAGs
[2026-08-20T11:06:03.217+0000] {logging_mixin.py:190} INFO - [2026-08-20T11:06:03.217+0000] {dag.py:4180} INFO - Setting next_dagrun for tutorial_dag to None, run_after=None
[2026-08-20T11:06:03.234+0000] {processor.py:208} INFO - Processing /workspaces/lab-2/.venv/lib/python3.12/site-packages/airflow/example_dags/tutorial_dag.py took 0.054 seconds
[2026-08-20T11:06:52.393+0000] {processor.py:186} INFO - Started process (PID=26755) to work on /workspaces/lab-2/.venv/lib/python3.12/site-packages/airflow/example_dags/tutorial_dag.py
[2026-08-20T11:06:52.394+0000] {processor.py:914} INFO - Processing file /workspaces/lab-2/.venv/lib/python3.12/site-packages/airflow/example_dags/tutorial_dag.py for tasks to queue
[2026-08-20T11:06:52.399+0000] {logging_mixin.py:190} INFO - [2026-08-20T11:06:52.399+0000] {dagbag.py:588} INFO - Filling up the DagBag from /workspaces/lab-2/.venv/lib/python3.12/site-packages/airflow/example_dags/tutorial_dag.py
[2026-08-20T11:06:52.405+0000] {processor.py:925} INFO - DAG(s) 'tutorial_dag' retrieved from /workspaces/lab-2/.venv/lib/python3.12/site-packages/airflow/example_dags/tutorial_dag.py
[2026-08-20T11:06:52.423+0000] {logging_mixin.py:190} INFO - [2026-08-20T11:06:52.423+0000] {dag.py:3239} INFO - Sync 1 DAGs
[2026-08-20T11:06:52.433+0000] {logging_mixin.py:190} INFO - [2026-08-20T11:06:52.433+0000] {dag.py:4180} INFO - Setting next_dagrun for tutorial_dag to None, run_after=None
[2026-08-20T11:06:52.450+0000] {processor.py:208} INFO - Processing /workspaces/lab-2/.venv/lib/python3.12/site-packages/airflow/example_dags/tutorial_dag.py took 0.061 seconds
[2026-08-20T11:07:46.956+0000] {processor.py:186} INFO - Started process (PID=27413) to work on /workspaces/lab-2/.venv/lib/python3.12/site-packages/airflow/example_dags/tutorial_dag.py
[2026-08-20T11:07:46.957+0000] {processor.py:914} INFO - Processing file /workspaces/lab-2/.venv/lib/python3.12/site-packages/airflow/example_dags/tutorial_dag.py for tasks to queue
[2026-08-20T11:07:46.960+0000] {logging_mixin.py:190} INFO - [2026-08-20T11:07:46.960+0000] {dagbag.py:588} INFO - Filling up the DagBag from /workspaces/lab-2/.venv/lib/python3.12/site-packages/airflow/example_dags/tutorial_dag.py
[2026-08-20T11:07:46.967+0000] {processor.py:925} INFO - DAG(s) 'tutorial_dag' retrieved from /workspaces/lab-2/.venv/lib/python3.12/site-packages/airflow/example_dags/tutorial_dag.py
[2026-08-20T11:07:46.980+0000] {logging_mixin.py:190} INFO - [2026-08-20T11:07:46.980+0000] {dag.py:3239} INFO - Sync 1 DAGs
[2026-08-20T11:07:46.990+0000] {logging_mixin.py:190} INFO - [2026-08-20T11:07:46.990+0000] {dag.py:4180} INFO - Setting next_dagrun for tutorial_dag to None, run_after=None
[2026-08-20T11:07:47.008+0000] {processor.py:208} INFO - Processing /workspaces/lab-2/.venv/lib/python3.12/site-packages/airflow/example_dags/tutorial_dag.py took 0.057 seconds
[2026-08-20T11:08:41.934+0000] {processor.py:186} INFO - Started process (PID=28687) to work on /workspaces/lab-2/.venv/lib/python3.12/site-packages/airflow/example_dags/tutorial_dag.py
[2026-08-20T11:08:41.934+0000] {processor.py:914} INFO - Processing file /workspaces/lab-2/.venv/lib/python3.12/site-packages/airflow/example_dags/tutorial_dag.py for tasks to queue
[2026-08-20T11:08:41.936+0000] {logging_mixin.py:190} INFO - [2026-08-20T11:08:41.936+0000] {dagbag.py:588} INFO - Filling up the DagBag from /workspaces/lab-2/.venv/lib/python3.12/site-packages/airflow/example_dags/tutorial_dag.py
[2026-08-20T11:08:41.943+0000] {processor.py:925} INFO - DAG(s) 'tutorial_dag' retrieved from /workspaces/lab-2/.venv/lib/python3.12/site-packages/airflow/example_dags/tutorial_dag.py
[2026-08-20T11:08:41.955+0000] {logging_mixin.py:190} INFO - [2026-08-20T11:08:41.955+0000] {dag.py:3239} INFO - Sync 1 DAGs
[2026-08-20T11:08:41.966+0000] {logging_mixin.py:190} INFO - [2026-08-20T11:08:41.966+0000] {dag.py:4180} INFO - Setting next_dagrun for tutorial_dag to None, run_after=None
[2026-08-20T11:08:41.986+0000] {processor.py:208} INFO - Processing /workspaces/lab-2/.venv/lib/python3.12/site-packages/airflow/example_dags/tutorial_dag.py took 0.057 seconds
[2026-08-20T11:09:35.922+0000] {processor.py:186} INFO - Started process (PID=29497) to work on /workspaces/lab-2/.venv/lib/python3.12/site-packages/airflow/example_dags/tutorial_dag.py
[2026-08-20T11:09:35.922+0000] {processor.py:914} INFO - Processing file /workspaces/lab-2/.venv/lib/python3.12/site-packages/airflow/example_dags/tutorial_dag.py for tasks to queue
[2026-08-20T11:09:35.925+0000] {logging_mixin.py:190} INFO - [2026-08-20T11:09:35.924+0000] {dagbag.py:588} INFO - Filling up the DagBag from /workspaces/lab-2/.venv/lib/python3.12/site-packages/airflow/example_dags/tutorial_dag.py
[2026-08-20T11:09:35.931+0000] {processor.py:925} INFO - DAG(s) 'tutorial_dag' retrieved from /workspaces/lab-2/.venv/lib/python3.12/site-packages/airflow/example_dags/tutorial_dag.py
[2026-08-20T11:09:35.945+0000] {logging_mixin.py:190} INFO - [2026-08-20T11:09:35.945+0000] {dag.py:3239} INFO - Sync 1 DAGs
[2026-08-20T11:09:35.956+0000] {logging_mixin.py:190} INFO - [2026-08-20T11:09:35.956+0000] {dag.py:4180} INFO - Setting next_dagrun for tutorial_dag to None, run_after=None
[2026-08-20T11:09:35.974+0000] {processor.py:208} INFO - Processing /workspaces/lab-2/.venv/lib/python3.12/site-packages/airflow/example_dags/tutorial_dag.py took 0.057 seconds
[2026-08-20T11:10:28.886+0000] {processor.py:186} INFO - Started process (PID=30518) to work on /workspaces/lab-2/.venv/lib/python3.12/site-packages/airflow/example_dags/tutorial_dag.py
[2026-08-20T11:10:28.886+0000] {processor.py:914} INFO - Processing file /workspaces/lab-2/.venv/lib/python3.12/site-packages/airflow/example_dags/tutorial_dag.py for tasks to queue
[2026-08-20T11:10:28.889+0000] {logging_mixin.py:190} INFO - [2026-08-20T11:10:28.888+0000] {dagbag.py:588} INFO - Filling up the DagBag from /workspaces/lab-2/.venv/lib/python3.12/site-packages/airflow/example_dags/tutorial_dag.py
[2026-08-20T11:10:28.895+0000] {processor.py:925} INFO - DAG(s) 'tutorial_dag' retrieved from /workspaces/lab-2/.venv/lib/python3.12/site-packages/airflow/example_dags/tutorial_dag.py
[2026-08-20T11:10:28.908+0000] {logging_mixin.py:190} INFO - [2026-08-20T11:10:28.908+0000] {dag.py:3239} INFO - Sync 1 DAGs
[2026-08-20T11:10:28.918+0000] {logging_mixin.py:190} INFO - [2026-08-20T11:10:28.918+0000] {dag.py:4180} INFO - Setting next_dagrun for tutorial_dag to None, run_after=None
[2026-08-20T11:10:28.936+0000] {processor.py:208} INFO - Processing /workspaces/lab-2/.venv/lib/python3.12/site-packages/airflow/example_dags/tutorial_dag.py took 0.056 seconds
[2026-08-20T11:11:18.164+0000] {processor.py:186} INFO - Started process (PID=31267) to work on /workspaces/lab-2/.venv/lib/python3.12/site-packages/airflow/example_dags/tutorial_dag.py
[2026-08-20T11:11:18.165+0000] {processor.py:914} INFO - Processing file /workspaces/lab-2/.venv/lib/python3.12/site-packages/airflow/example_dags/tutorial_dag.py for tasks to queue
[2026-08-20T11:11:18.167+0000] {logging_mixin.py:190} INFO - [2026-08-20T11:11:18.167+0000] {dagbag.py:588} INFO - Filling up the DagBag from /workspaces/lab-2/.venv/lib/python3.12/site-packages/airflow/example_dags/tutorial_dag.py
[2026-08-20T11:11:18.173+0000] {processor.py:925} INFO - DAG(s) 'tutorial_dag' retrieved from /workspaces/lab-2/.venv/lib/python3.12/site-packages/airflow/example_dags/tutorial_dag.py
[2026-08-20T11:11:18.189+0000] {logging_mixin.py:190} INFO - [2026-08-20T11:11:18.189+0000] {dag.py:3239} INFO - Sync 1 DAGs
[2026-08-20T11:11:18.199+0000] {logging_mixin.py:190} INFO - [2026-08-20T11:11:18.199+0000] {dag.py:4180} INFO - Setting next_dagrun for tutorial_dag to None, run_after=None
[2026-08-20T11:11:18.216+0000] {processor.py:208} INFO - Processing /workspaces/lab-2/.venv/lib/python3.12/site-packages/airflow/example_dags/tutorial_dag.py took 0.057 seconds
[2026-08-20T11:11:28.069+0000] {processor.py:186} INFO - Started process (PID=31543) to work on /workspaces/lab-2/.venv/lib/python3.12/site-packages/airflow/example_dags/tutorial_dag.py
[2026-08-20T11:11:28.070+0000] {processor.py:914} INFO - Processing file /workspaces/lab-2/.venv/lib/python3.12/site-packages/airflow/example_dags/tutorial_dag.py for tasks to queue
[2026-08-20T11:11:28.075+0000] {logging_mixin.py:190} INFO - [2026-08-20T11:11:28.075+0000] {dagbag.py:588} INFO - Filling up the DagBag from /workspaces/lab-2/.venv/lib/python3.12/site-packages/airflow/example_dags/tutorial_dag.py
[2026-08-20T11:11:28.081+0000] {processor.py:925} INFO - DAG(s) 'tutorial_dag' retrieved from /workspaces/lab-2/.venv/lib/python3.12/site-packages/airflow/example_dags/tutorial_dag.py
[2026-08-20T11:11:28.100+0000] {logging_mixin.py:190} INFO - [2026-08-20T11:11:28.099+0000] {dag.py:3239} INFO - Sync 1 DAGs
[2026-08-20T11:11:28.110+0000] {logging_mixin.py:190} INFO - [2026-08-20T11:11:28.110+0000] {dag.py:4180} INFO - Setting next_dagrun for tutorial_dag to None, run_after=None
[2026-08-20T11:11:28.128+0000] {processor.py:208} INFO - Processing /workspaces/lab-2/.venv/lib/python3.12/site-packages/airflow/example_dags/tutorial_dag.py took 0.063 seconds
[2026-08-20T11:12:10.804+0000] {processor.py:186} INFO - Started process (PID=32621) to work on /workspaces/lab-2/.venv/lib/python3.12/site-packages/airflow/example_dags/tutorial_dag.py
[2026-08-20T11:12:10.805+0000] {processor.py:914} INFO - Processing file /workspaces/lab-2/.venv/lib/python3.12/site-packages/airflow/example_dags/tutorial_dag.py for tasks to queue
[2026-08-20T11:12:10.807+0000] {logging_mixin.py:190} INFO - [2026-08-20T11:12:10.807+0000] {dagbag.py:588} INFO - Filling up the DagBag from /workspaces/lab-2/.venv/lib/python3.12/site-packages/airflow/example_dags/tutorial_dag.py
[2026-08-20T11:12:10.814+0000] {processor.py:925} INFO - DAG(s) 'tutorial_dag' retrieved from /workspaces/lab-2/.venv/lib/python3.12/site-packages/airflow/example_dags/tutorial_dag.py
[2026-08-20T11:12:10.829+0000] {logging_mixin.py:190} INFO - [2026-08-20T11:12:10.829+0000] {dag.py:3239} INFO - Sync 1 DAGs
[2026-08-20T11:12:10.839+0000] {logging_mixin.py:190} INFO - [2026-08-20T11:12:10.839+0000] {dag.py:4180} INFO - Setting next_dagrun for tutorial_dag to None, run_after=None
[2026-08-20T11:12:10.859+0000] {processor.py:208} INFO - Processing /workspaces/lab-2/.venv/lib/python3.12/site-packages/airflow/example_dags/tutorial_dag.py took 0.060 seconds
[2026-08-20T11:12:23.625+0000] {processor.py:186} INFO - Started process (PID=32828) to work on /workspaces/lab-2/.venv/lib/python3.12/site-packages/airflow/example_dags/tutorial_dag.py
[2026-08-20T11:12:23.626+0000] {processor.py:914} INFO - Processing file /workspaces/lab-2/.venv/lib/python3.12/site-packages/airflow/example_dags/tutorial_dag.py for tasks to queue
[2026-08-20T11:12:23.629+0000] {logging_mixin.py:190} INFO - [2026-08-20T11:12:23.628+0000] {dagbag.py:588} INFO - Filling up the DagBag from /workspaces/lab-2/.venv/lib/python3.12/site-packages/airflow/example_dags/tutorial_dag.py
[2026-08-20T11:12:23.637+0000] {processor.py:925} INFO - DAG(s) 'tutorial_dag' retrieved from /workspaces/lab-2/.venv/lib/python3.12/site-packages/airflow/example_dags/tutorial_dag.py
[2026-08-20T11:12:23.652+0000] {logging_mixin.py:190} INFO - [2026-08-20T11:12:23.652+0000] {dag.py:3239} INFO - Sync 1 DAGs
[2026-08-20T11:12:23.662+0000] {logging_mixin.py:190} INFO - [2026-08-20T11:12:23.662+0000] {dag.py:4180} INFO - Setting next_dagrun for tutorial_dag to None, run_after=None
[2026-08-20T11:12:23.680+0000] {processor.py:208} INFO - Processing /workspaces/lab-2/.venv/lib/python3.12/site-packages/airflow/example_dags/tutorial_dag.py took 0.060 seconds
[2026-08-20T11:13:06.624+0000] {processor.py:186} INFO - Started process (PID=33449) to work on /workspaces/lab-2/.venv/lib/python3.12/site-packages/airflow/example_dags/tutorial_dag.py
[2026-08-20T11:13:06.626+0000] {processor.py:914} INFO - Processing file /workspaces/lab-2/.venv/lib/python3.12/site-packages/airflow/example_dags/tutorial_dag.py for tasks to queue
[2026-08-20T11:13:06.629+0000] {logging_mixin.py:190} INFO - [2026-08-20T11:13:06.628+0000] {dagbag.py:588} INFO - Filling up the DagBag from /workspaces/lab-2/.venv/lib/python3.12/site-packages/airflow/example_dags/tutorial_dag.py
[2026-08-20T11:13:06.653+0000] {processor.py:925} INFO - DAG(s) 'tutorial_dag' retrieved from /workspaces/lab-2/.venv/lib/python3.12/site-packages/airflow/example_dags/tutorial_dag.py
[2026-08-20T11:13:06.804+0000] {logging_mixin.py:190} INFO - [2026-08-20T11:13:06.804+0000] {dag.py:3239} INFO - Sync 1 DAGs
[2026-08-20T11:13:06.817+0000] {logging_mixin.py:190} INFO - [2026-08-20T11:13:06.817+0000] {dag.py:4180} INFO - Setting next_dagrun for tutorial_dag to None, run_after=None
[2026-08-20T11:13:06.841+0000] {processor.py:208} INFO - Processing /workspaces/lab-2/.venv/lib/python3.12/site-packages/airflow/example_dags/tutorial_dag.py took 0.232 seconds
[2026-08-20T11:13:17.252+0000] {processor.py:186} INFO - Started process (PID=33695) to work on /workspaces/lab-2/.venv/lib/python3.12/site-packages/airflow/example_dags/tutorial_dag.py
[2026-08-20T11:13:17.253+0000] {processor.py:914} INFO - Processing file /workspaces/lab-2/.venv/lib/python3.12/site-packages/airflow/example_dags/tutorial_dag.py for tasks to queue
[2026-08-20T11:13:17.258+0000] {logging_mixin.py:190} INFO - [2026-08-20T11:13:17.258+0000] {dagbag.py:588} INFO - Filling up the DagBag from /workspaces/lab-2/.venv/lib/python3.12/site-packages/airflow/example_dags/tutorial_dag.py
[2026-08-20T11:13:17.266+0000] {processor.py:925} INFO - DAG(s) 'tutorial_dag' retrieved from /workspaces/lab-2/.venv/lib/python3.12/site-packages/airflow/example_dags/tutorial_dag.py
[2026-08-20T11:13:17.274+0000] {logging_mixin.py:190} INFO - [2026-08-20T11:13:17.274+0000] {dag.py:3239} INFO - Sync 1 DAGs
[2026-08-20T11:13:17.285+0000] {logging_mixin.py:190} INFO - [2026-08-20T11:13:17.285+0000] {dag.py:4180} INFO - Setting next_dagrun for tutorial_dag to None, run_after=None
[2026-08-20T11:13:17.307+0000] {processor.py:208} INFO - Processing /workspaces/lab-2/.venv/lib/python3.12/site-packages/airflow/example_dags/tutorial_dag.py took 0.062 seconds
[2026-08-20T11:14:08.180+0000] {processor.py:186} INFO - Started process (PID=34869) to work on /workspaces/lab-2/.venv/lib/python3.12/site-packages/airflow/example_dags/tutorial_dag.py
[2026-08-20T11:14:08.180+0000] {processor.py:914} INFO - Processing file /workspaces/lab-2/.venv/lib/python3.12/site-packages/airflow/example_dags/tutorial_dag.py for tasks to queue
[2026-08-20T11:14:08.183+0000] {logging_mixin.py:190} INFO - [2026-08-20T11:14:08.182+0000] {dagbag.py:588} INFO - Filling up the DagBag from /workspaces/lab-2/.venv/lib/python3.12/site-packages/airflow/example_dags/tutorial_dag.py
[2026-08-20T11:14:08.192+0000] {processor.py:925} INFO - DAG(s) 'tutorial_dag' retrieved from /workspaces/lab-2/.venv/lib/python3.12/site-packages/airflow/example_dags/tutorial_dag.py
[2026-08-20T11:14:08.210+0000] {logging_mixin.py:190} INFO - [2026-08-20T11:14:08.209+0000] {dag.py:3239} INFO - Sync 1 DAGs
[2026-08-20T11:14:08.224+0000] {logging_mixin.py:190} INFO - [2026-08-20T11:14:08.224+0000] {dag.py:4180} INFO - Setting next_dagrun for tutorial_dag to None, run_after=None
[2026-08-20T11:14:08.247+0000] {processor.py:208} INFO - Processing /workspaces/lab-2/.venv/lib/python3.12/site-packages/airflow/example_dags/tutorial_dag.py took 0.074 seconds
[2026-08-20T11:14:12.933+0000] {processor.py:186} INFO - Started process (PID=34903) to work on /workspaces/lab-2/.venv/lib/python3.12/site-packages/airflow/example_dags/tutorial_dag.py
[2026-08-20T11:14:12.934+0000] {processor.py:914} INFO - Processing file /workspaces/lab-2/.venv/lib/python3.12/site-packages/airflow/example_dags/tutorial_dag.py for tasks to queue
[2026-08-20T11:14:12.936+0000] {logging_mixin.py:190} INFO - [2026-08-20T11:14:12.936+0000] {dagbag.py:588} INFO - Filling up the DagBag from /workspaces/lab-2/.venv/lib/python3.12/site-packages/airflow/example_dags/tutorial_dag.py
[2026-08-20T11:14:12.943+0000] {processor.py:925} INFO - DAG(s) 'tutorial_dag' retrieved from /workspaces/lab-2/.venv/lib/python3.12/site-packages/airflow/example_dags/tutorial_dag.py
[2026-08-20T11:14:12.956+0000] {logging_mixin.py:190} INFO - [2026-08-20T11:14:12.956+0000] {dag.py:3239} INFO - Sync 1 DAGs
[2026-08-20T11:14:12.967+0000] {logging_mixin.py:190} INFO - [2026-08-20T11:14:12.967+0000] {dag.py:4180} INFO - Setting next_dagrun for tutorial_dag to None, run_after=None
[2026-08-20T11:14:12.986+0000] {processor.py:208} INFO - Processing /workspaces/lab-2/.venv/lib/python3.12/site-packages/airflow/example_dags/tutorial_dag.py took 0.057 seconds
