[2026-08-20T11:03:59.568+0000] {processor.py:186} INFO - Started process (PID=24220) to work on /workspaces/lab-2/.venv/lib/python3.12/site-packages/airflow/example_dags/tutorial_taskflow_api_virtualenv.py
[2026-08-20T11:03:59.569+0000] {processor.py:914} INFO - Processing file /workspaces/lab-2/.venv/lib/python3.12/site-packages/airflow/example_dags/tutorial_taskflow_api_virtualenv.py for tasks to queue
[2026-08-20T11:03:59.571+0000] {logging_mixin.py:190} INFO - [2026-08-20T11:03:59.571+0000] {dagbag.py:588} INFO - Filling up the DagBag from /workspaces/lab-2/.venv/lib/python3.12/site-packages/airflow/example_dags/tutorial_taskflow_api_virtualenv.py
[2026-08-20T11:03:59.582+0000] {processor.py:925} INFO - DAG(s) 'tutorial_taskflow_api_virtualenv' retrieved from /workspaces/lab-2/.venv/lib/python3.12/site-packages/airflow/example_dags/tutorial_taskflow_api_virtualenv.py
[2026-08-20T11:03:59.687+0000] {logging_mixin.py:190} INFO - [2026-08-20T11:03:59.687+0000] {override.py:1900} INFO - Created Permission View: can edit on DAG:tutorial_taskflow_api_virtualenv
[2026-08-20T11:03:59.697+0000] {logging_mixin.py:190} INFO - [2026-08-20T11:03:59.697+0000] {override.py:1900} INFO - Created Permission View: can read on DAG:tutorial_taskflow_api_virtualenv
[2026-08-20T11:03:59.704+0000] {logging_mixin.py:190} INFO - [2026-08-20T11:03:59.704+0000] {override.py:1900} INFO - Created Permission View: can delete on DAG:tutorial_taskflow_api_virtualenv
[2026-08-20T11:03:59.716+0000] {logging_mixin.py:190} INFO - [2026-08-20T11:03:59.715+0000] {override.py:1900} INFO - Created Permission View: can create on DAG Run:tutorial_taskflow_api_virtualenv
[2026-08-20T11:03:59.723+0000] {logging_mixin.py:190} INFO - [2026-08-20T11:03:59.722+0000] {override.py:1900} INFO - Created Permission View: can read on DAG Run:tutorial_taskflow_api_virtualenv
[2026-08-20T11:03:59.730+0000] {logging_mixin.py:190} INFO - [2026-08-20T11:03:59.729+0000] {override.py:1900} INFO - Created Permission View: menu access on DAG Run:tutorial_taskflow_api_virtualenv
[2026-08-20T11:03:59.736+0000] {logging_mixin.py:190} INFO - [2026-08-20T11:03:59.736+0000] {override.py:1900} INFO - Created Permission View: can delete on DAG Run:tutorial_taskflow_api_virtualenv
[2026-08-20T11:03:59.736+0000] {logging_mixin.py:190} INFO - [2026-08-20T11:03:59.736+0000] {dag.py:3239} INFO - Sync 1 DAGs
[2026-08-20T11:03:59.747+0000] {logging_mixin.py:190} INFO - [2026-08-20T11:03:59.747+0000] {dag.py:3262} INFO - Creating ORM DAG for tutorial_taskflow_api_virtualenv
[2026-08-20T11:03:59.747+0000] {logging_mixin.py:190} INFO - [2026-08-20T11:03:59.747+0000] {dag.py:4180} INFO - Setting next_dagrun for tutorial_taskflow_api_virtualenv to None, run_after=None
[2026-08-20T11:03:59.764+0000] {processor.py:208} INFO - Processing /workspaces/lab-2/.venv/lib/python3.12/site-packages/airflow/example_dags/tutorial_taskflow_api_virtualenv.py took 0.200 seconds
[2026-08-20T11:05:02.774+0000] {processor.py:186} INFO - Started process (PID=25179) to work on /workspaces/lab-2/.venv/lib/python3.12/site-packages/airflow/example_dags/tutorial_taskflow_api_virtualenv.py
[2026-08-20T11:05:02.775+0000] {processor.py:914} INFO - Processing file /workspaces/lab-2/.venv/lib/python3.12/site-packages/airflow/example_dags/tutorial_taskflow_api_virtualenv.py for tasks to queue
[2026-08-20T11:05:02.777+0000] {logging_mixin.py:190} INFO - [2026-08-20T11:05:02.776+0000] {dagbag.py:588} INFO - Filling up the DagBag from /workspaces/lab-2/.venv/lib/python3.12/site-packages/airflow/example_dags/tutorial_taskflow_api_virtualenv.py
[2026-08-20T11:05:02.788+0000] {processor.py:925} INFO - DAG(s) 'tutorial_taskflow_api_virtualenv' retrieved from /workspaces/lab-2/.venv/lib/python3.12/site-packages/airflow/example_dags/tutorial_taskflow_api_virtualenv.py
[2026-08-20T11:05:02.803+0000] {logging_mixin.py:190} INFO - [2026-08-20T11:05:02.803+0000] {dag.py:3239} INFO - Sync 1 DAGs
[2026-08-20T11:05:02.815+0000] {logging_mixin.py:190} INFO - [2026-08-20T11:05:02.815+0000] {dag.py:4180} INFO - Setting next_dagrun for tutorial_taskflow_api_virtualenv to None, run_after=None
[2026-08-20T11:05:02.832+0000] {processor.py:208} INFO - Processing /workspaces/lab-2/.venv/lib/python3.12/site-packages/airflow/example_dags/tutorial_taskflow_api_virtualenv.py took 0.063 seconds
[2026-08-20T11:05:57.613+0000] {processor.py:186} INFO - Started process (PID=25923) to work on /workspaces/lab-2/.venv/lib/python3.12/site-packages/airflow/example_dags/tutorial_taskflow_api_virtualenv.py
[2026-08-20T11:05:57.614+0000] {processor.py:914} INFO - Processing file /workspaces/lab-2/.venv/lib/python3.12/site-packages/airflow/example_dags/tutorial_taskflow_api_virtualenv.py for tasks to queue
[2026-08-20T11:05:57.616+0000] {logging_mixin.py:190} INFO - [2026-08-20T11:05:57.616+0000] {dagbag.py:588} INFO - Filling up the DagBag from /workspaces/lab-2/.venv/lib/python3.12/site-packages/airflow/example_dags/tutorial_taskflow_api_virtualenv.py
[2026-08-20T11:05:57.627+0000] {processor.py:925} INFO - DAG(s) 'tutorial_taskflow_api_virtualenv' retrieved from /workspaces/lab-2/.venv/lib/python3.12/site-packages/airflow/example_dags/tutorial_taskflow_api_virtualenv.py
[2026-08-20T11:05:57.640+0000] {logging_mixin.py:190} INFO - [2026-08-20T11:05:57.640+0000] {dag.py:3239} INFO - Sync 1 DAGs
[2026-08-20T11:05:57.651+0000] {logging_mixin.py:190} INFO - [2026-08-20T11:05:57.651+0000] {dag.py:4180} INFO - Setting next_dagrun for tutorial_taskflow_api_virtualenv to None, run_after=None
[2026-08-20T11:05:57.669+0000] {processor.py:208} INFO - Processing /workspaces/lab-2/.venv/lib/python3.12/site-packages/airflow/example_dags/tutorial_taskflow_api_virtualenv.py took 0.060 seconds
[2026-08-20T11:06:46.252+0000] {processor.py:186} INFO - Started process (PID=26640) to work on /workspaces/lab-2/.venv/lib/python3.12/site-packages/airflow/example_dags/tutorial_taskflow_api_virtualenv.py
[2026-08-20T11:06:46.252+0000] {processor.py:914} INFO - Processing file /workspaces/lab-2/.venv/lib/python3.12/site-packages/airflow/example_dags/tutorial_taskflow_api_virtualenv.py for tasks to queue
[2026-08-20T11:06:46.254+0000] {logging_mixin.py:190} INFO - [2026-08-20T11:06:46.254+0000] {dagbag.py:588} INFO - Filling up the DagBag from /workspaces/lab-2/.venv/lib/python3.12/site-packages/airflow/example_dags/tutorial_taskflow_api_virtualenv.py
[2026-08-20T11:06:46.268+0000] {processor.py:925} INFO - DAG(s) 'tutorial_taskflow_api_virtualenv' retrieved from /workspaces/lab-2/.venv/lib/python3.12/site-packages/airflow/example_dags/tutorial_taskflow_api_virtualenv.py
[2026-08-20T11:06:46.358+0000] {logging_mixin.py:190} INFO - [2026-08-20T11:06:46.358+0000] {dag.py:3239} INFO - Sync 1 DAGs
[2026-08-20T11:06:46.366+0000] {logging_mixin.py:190} INFO - [2026-08-20T11:06:46.366+0000] {dag.py:4180} INFO - Setting next_dagrun for tutorial_taskflow_api_virtualenv to None, run_after=None
[2026-08-20T11:06:46.383+0000] {processor.py:208} INFO - Processing /workspaces/lab-2/.venv/lib/python3.12/site-packages/airflow/example_dags/tutorial_taskflow_api_virtualenv.py took 0.137 seconds
[2026-08-20T11:07:40.676+0000] {processor.py:186} INFO - Started process (PID=27378) to work on /workspaces/lab-2/.venv/lib/python3.12/site-packages/airflow/example_dags/tutorial_taskflow_api_virtualenv.py
[2026-08-20T11:07:40.677+0000] {processor.py:914} INFO - Processing file /workspaces/lab-2/.venv/lib/python3.12/site-packages/airflow/example_dags/tutorial_taskflow_api_virtualenv.py for tasks to queue
[2026-08-20T11:07:40.679+0000] {logging_mixin.py:190} INFO - [2026-08-20T11:07:40.679+0000] {dagbag.py:588} INFO - Filling up the DagBag from /workspaces/lab-2/.venv/lib/python3.12/site-packages/airflow/example_dags/tutorial_taskflow_api_virtualenv.py
[2026-08-20T11:07:40.690+0000] {processor.py:925} INFO - DAG(s) 'tutorial_taskflow_api_virtualenv' retrieved from /workspaces/lab-2/.venv/lib/python3.12/site-packages/airflow/example_dags/tutorial_taskflow_api_virtualenv.py
[2026-08-20T11:07:40.704+0000] {logging_mixin.py:190} INFO - [2026-08-20T11:07:40.704+0000] {dag.py:3239} INFO - Sync 1 DAGs
[2026-08-20T11:07:40.717+0000] {logging_mixin.py:190} INFO - [2026-08-20T11:07:40.716+0000] {dag.py:4180} INFO - Setting next_dagrun for tutorial_taskflow_api_virtualenv to None, run_after=None
[2026-08-20T11:07:40.735+0000] {processor.py:208} INFO - Processing /workspaces/lab-2/.venv/lib/python3.12/site-packages/airflow/example_dags/tutorial_taskflow_api_virtualenv.py took 0.064 seconds
[2026-08-20T11:08:36.784+0000] {processor.py:186} INFO - Started process (PID=28576) to work on /workspaces/lab-2/.venv/lib/python3.12/site-packages/airflow/example_dags/tutorial_taskflow_api_virtualenv.py
[2026-08-20T11:08:36.785+0000] {processor.py:914} INFO - Processing file /workspaces/lab-2/.venv/lib/python3.12/site-packages/airflow/example_dags/tutorial_taskflow_api_virtualenv.py for tasks to queue
[2026-08-20T11:08:36.787+0000] {logging_mixin.py:190} INFO - [2026-08-20T11:08:36.787+0000] {dagbag.py:588} INFO - Filling up the DagBag from /workspaces/lab-2/.venv/lib/python3.12/site-packages/airflow/example_dags/tutorial_taskflow_api_virtualenv.py
[2026-08-20T11:08:36.802+0000] {processor.py:925} INFO - DAG(s) 'tutorial_taskflow_api_virtualenv' retrieved from /workspaces/lab-2/.venv/lib/python3.12/site-packages/airflow/example_dags/tutorial_taskflow_api_virtualenv.py
[2026-08-20T11:08:36.820+0000] {logging_mixin.py:190} INFO - [2026-08-20T11:08:36.820+0000] {dag.py:3239} INFO - Sync 1 DAGs
[2026-08-20T11:08:36.836+0000] {logging_mixin.py:190} INFO - [2026-08-20T11:08:36.835+0000] {dag.py:4180} INFO - Setting next_dagrun for tutorial_taskflow_api_virtualenv to None, run_after=None
[2026-08-20T11:08:36.859+0000] {processor.py:208} INFO - Processing /workspaces/lab-2/.venv/lib/python3.12/site-packages/airflow/example_dags/tutorial_taskflow_api_virtualenv.py took 0.082 seconds
[2026-08-20T11:09:29.616+0000] {processor.py:186} INFO - Started process (PID=29436) to work on /workspaces/lab-2/.venv/lib/python3.12/site-packages/airflow/example_dags/tutorial_taskflow_api_virtualenv.py
[2026-08-20T11:09:29.617+0000] {processor.py:914} INFO - Processing file /workspaces/lab-2/.venv/lib/python3.12/site-packages/airflow/example_dags/tutorial_taskflow_api_virtualenv.py for tasks to queue
[2026-08-20T11:09:29.620+0000] {logging_mixin.py:190} INFO - [2026-08-20T11:09:29.620+0000] {dagbag.py:588} INFO - Filling up the DagBag from /workspaces/lab-2/.venv/lib/python3.12/site-packages/airflow/example_dags/tutorial_taskflow_api_virtualenv.py
[2026-08-20T11:09:29.634+0000] {processor.py:925} INFO - DAG(s) 'tutorial_taskflow_api_virtualenv' retrieved from /workspaces/lab-2/.venv/lib/python3.12/site-packages/airflow/example_dags/tutorial_taskflow_api_virtualenv.py
[2026-08-20T11:09:29.650+0000] {logging_mixin.py:190} INFO - [2026-08-20T11:09:29.650+0000] {dag.py:3239} INFO - Sync 1 DAGs
[2026-08-20T11:09:29.661+0000] {logging_mixin.py:190} INFO - [2026-08-20T11:09:29.661+0000] {dag.py:4180} INFO - Setting next_dagrun for tutorial_taskflow_api_virtualenv to None, run_after=None
[2026-08-20T11:09:29.680+0000] {processor.py:208} INFO - Processing /workspaces/lab-2/.venv/lib/python3.12/site-packages/airflow/example_dags/tutorial_taskflow_api_virtualenv.py took 0.071 seconds
[2026-08-20T11:10:23.451+0000] {processor.py:186} INFO - Started process (PID=30422) to work on /workspaces/lab-2/.venv/lib/python3.12/site-packages/airflow/example_dags/tutorial_taskflow_api_virtualenv.py
[2026-08-20T11:10:23.452+0000] {processor.py:914} INFO - Processing file /workspaces/lab-2/.venv/lib/python3.12/site-packages/airflow/example_dags/tutorial_taskflow_api_virtualenv.py for tasks to queue
[2026-08-20T11:10:23.454+0000] {logging_mixin.py:190} INFO - [2026-08-20T11:10:23.453+0000] {dagbag.py:588} INFO - Filling up the DagBag from /workspaces/lab-2/.venv/lib/python3.12/site-packages/airflow/example_dags/tutorial_taskflow_api_virtualenv.py
[2026-08-20T11:10:23.466+0000] {processor.py:925} INFO - DAG(s) 'tutorial_taskflow_api_virtualenv' retrieved from /workspaces/lab-2/.venv/lib/python3.12/site-packages/airflow/example_dags/tutorial_taskflow_api_virtualenv.py
[2026-08-20T11:10:23.483+0000] {logging_mixin.py:190} INFO - [2026-08-20T11:10:23.483+0000] {dag.py:3239} INFO - Sync 1 DAGs
[2026-08-20T11:10:23.494+0000] {logging_mixin.py:190} INFO - [2026-08-20T11:10:23.494+0000] {dag.py:4180} INFO - Setting next_dagrun for tutorial_taskflow_api_virtualenv to None, run_after=None
[2026-08-20T11:10:23.525+0000] {processor.py:208} INFO - Processing /workspaces/lab-2/.venv/lib/python3.12/site-packages/airflow/example_dags/tutorial_taskflow_api_virtualenv.py took 0.079 seconds
[2026-08-20T11:11:10.894+0000] {processor.py:186} INFO - Started process (PID=31097) to work on /workspaces/lab-2/.venv/lib/python3.12/site-packages/airflow/example_dags/tutorial_taskflow_api_virtualenv.py
[2026-08-20T11:11:10.897+0000] {processor.py:914} INFO - Processing file /workspaces/lab-2/.venv/lib/python3.12/site-packages/airflow/example_dags/tutorial_taskflow_api_virtualenv.py for tasks to queue
[2026-08-20T11:11:10.901+0000] {logging_mixin.py:190} INFO - [2026-08-20T11:11:10.901+0000] {dagbag.py:588} INFO - Filling up the DagBag from /workspaces/lab-2/.venv/lib/python3.12/site-packages/airflow/example_dags/tutorial_taskflow_api_virtualenv.py
[2026-08-20T11:11:10.936+0000] {processor.py:925} INFO - DAG(s) 'tutorial_taskflow_api_virtualenv' retrieved from /workspaces/lab-2/.venv/lib/python3.12/site-packages/airflow/example_dags/tutorial_taskflow_api_virtualenv.py
[2026-08-20T11:11:10.973+0000] {logging_mixin.py:190} INFO - [2026-08-20T11:11:10.973+0000] {dag.py:3239} INFO - Sync 1 DAGs
[2026-08-20T11:11:11.004+0000] {logging_mixin.py:190} INFO - [2026-08-20T11:11:11.004+0000] {dag.py:4180} INFO - Setting next_dagrun for tutorial_taskflow_api_virtualenv to None, run_after=None
[2026-08-20T11:11:11.049+0000] {processor.py:208} INFO - Processing /workspaces/lab-2/.venv/lib/python3.12/site-packages/airflow/example_dags/tutorial_taskflow_api_virtualenv.py took 0.170 seconds
[2026-08-20T11:11:22.689+0000] {processor.py:186} INFO - Started process (PID=31394) to work on /workspaces/lab-2/.venv/lib/python3.12/site-packages/airflow/example_dags/tutorial_taskflow_api_virtualenv.py
[2026-08-20T11:11:22.690+0000] {processor.py:914} INFO - Processing file /workspaces/lab-2/.venv/lib/python3.12/site-packages/airflow/example_dags/tutorial_taskflow_api_virtualenv.py for tasks to queue
[2026-08-20T11:11:22.692+0000] {logging_mixin.py:190} INFO - [2026-08-20T11:11:22.691+0000] {dagbag.py:588} INFO - Filling up the DagBag from /workspaces/lab-2/.venv/lib/python3.12/site-packages/airflow/example_dags/tutorial_taskflow_api_virtualenv.py
[2026-08-20T11:11:22.705+0000] {processor.py:925} INFO - DAG(s) 'tutorial_taskflow_api_virtualenv' retrieved from /workspaces/lab-2/.venv/lib/python3.12/site-packages/airflow/example_dags/tutorial_taskflow_api_virtualenv.py
[2026-08-20T11:11:22.806+0000] {logging_mixin.py:190} INFO - [2026-08-20T11:11:22.805+0000] {dag.py:3239} INFO - Sync 1 DAGs
[2026-08-20T11:11:22.818+0000] {logging_mixin.py:190} INFO - [2026-08-20T11:11:22.818+0000] {dag.py:4180} INFO - Setting next_dagrun for tutorial_taskflow_api_virtualenv to None, run_after=None
[2026-08-20T11:11:22.845+0000] {processor.py:208} INFO - Processing /workspaces/lab-2/.venv/lib/python3.12/site-packages/airflow/example_dags/tutorial_taskflow_api_virtualenv.py took 0.160 seconds
[2026-08-20T11:12:04.407+0000] {processor.py:186} INFO - Started process (PID=32491) to work on /workspaces/lab-2/.venv/lib/python3.12/site-packages/airflow/example_dags/tutorial_taskflow_api_virtualenv.py
[2026-08-20T11:12:04.408+0000] {processor.py:914} INFO - Processing file /workspaces/lab-2/.venv/lib/python3.12/site-packages/airflow/example_dags/tutorial_taskflow_api_virtualenv.py for tasks to queue
[2026-08-20T11:12:04.410+0000] {logging_mixin.py:190} INFO - [2026-08-20T11:12:04.410+0000] {dagbag.py:588} INFO - Filling up the DagBag from /workspaces/lab-2/.venv/lib/python3.12/site-packages/airflow/example_dags/tutorial_taskflow_api_virtualenv.py
[2026-08-20T11:12:04.421+0000] {processor.py:925} INFO - DAG(s) 'tutorial_taskflow_api_virtualenv' retrieved from /workspaces/lab-2/.venv/lib/python3.12/site-packages/airflow/example_dags/tutorial_taskflow_api_virtualenv.py
[2026-08-20T11:12:04.503+0000] {logging_mixin.py:190} INFO - [2026-08-20T11:12:04.502+0000] {dag.py:3239} INFO - Sync 1 DAGs
[2026-08-20T11:12:04.511+0000] {logging_mixin.py:190} INFO - [2026-08-20T11:12:04.510+0000] {dag.py:4180} INFO - Setting next_dagrun for tutorial_taskflow_api_virtualenv to None, run_after=None
[2026-08-20T11:12:04.528+0000] {processor.py:208} INFO - Processing /workspaces/lab-2/.venv/lib/python3.12/site-packages/airflow/example_dags/tutorial_taskflow_api_virtualenv.py took 0.128 seconds
[2026-08-20T11:12:17.339+0000] {processor.py:186} INFO - Started process (PID=32781) to work on /workspaces/lab-2/.venv/lib/python3.12/site-packages/airflow/example_dags/tutorial_taskflow_api_virtualenv.py
[2026-08-20T11:12:17.339+0000] {processor.py:914} INFO - Processing file /workspaces/lab-2/.venv/lib/python3.12/site-packages/airflow/example_dags/tutorial_taskflow_api_virtualenv.py for tasks to queue
[2026-08-20T11:12:17.341+0000] {logging_mixin.py:190} INFO - [2026-08-20T11:12:17.341+0000] {dagbag.py:588} INFO - Filling up the DagBag from /workspaces/lab-2/.venv/lib/python3.12/site-packages/airflow/example_dags/tutorial_taskflow_api_virtualenv.py
[2026-08-20T11:12:17.352+0000] {processor.py:925} INFO - DAG(s) 'tutorial_taskflow_api_virtualenv' retrieved from /workspaces/lab-2/.venv/lib/python3.12/site-packages/airflow/example_dags/tutorial_taskflow_api_virtualenv.py
[2026-08-20T11:12:17.362+0000] {logging_mixin.py:190} INFO - [2026-08-20T11:12:17.361+0000] {dag.py:3239} INFO - Sync 1 DAGs
[2026-08-20T11:12:17.375+0000] {logging_mixin.py:190} INFO - [2026-08-20T11:12:17.375+0000] {dag.py:4180} INFO - Setting next_dagrun for tutorial_taskflow_api_virtualenv to None, run_after=None
[2026-08-20T11:12:17.394+0000] {processor.py:208} INFO - Processing /workspaces/lab-2/.venv/lib/python3.12/site-packages/airflow/example_dags/tutorial_taskflow_api_virtualenv.py took 0.060 seconds
[2026-08-20T11:12:58.566+0000] {processor.py:186} INFO - Started process (PID=33321) to work on /workspaces/lab-2/.venv/lib/python3.12/site-packages/airflow/example_dags/tutorial_taskflow_api_virtualenv.py
[2026-08-20T11:12:58.569+0000] {processor.py:914} INFO - Processing file /workspaces/lab-2/.venv/lib/python3.12/site-packages/airflow/example_dags/tutorial_taskflow_api_virtualenv.py for tasks to queue
[2026-08-20T11:12:58.574+0000] {logging_mixin.py:190} INFO - [2026-08-20T11:12:58.573+0000] {dagbag.py:588} INFO - Filling up the DagBag from /workspaces/lab-2/.venv/lib/python3.12/site-packages/airflow/example_dags/tutorial_taskflow_api_virtualenv.py
[2026-08-20T11:12:58.603+0000] {processor.py:925} INFO - DAG(s) 'tutorial_taskflow_api_virtualenv' retrieved from /workspaces/lab-2/.venv/lib/python3.12/site-packages/airflow/example_dags/tutorial_taskflow_api_virtualenv.py
[2026-08-20T11:12:58.643+0000] {logging_mixin.py:190} INFO - [2026-08-20T11:12:58.643+0000] {dag.py:3239} INFO - Sync 1 DAGs
[2026-08-20T11:12:58.675+0000] {logging_mixin.py:190} INFO - [2026-08-20T11:12:58.675+0000] {dag.py:4180} INFO - Setting next_dagrun for tutorial_taskflow_api_virtualenv to None, run_after=None
[2026-08-20T11:12:58.724+0000] {processor.py:208} INFO - Processing /workspaces/lab-2/.venv/lib/python3.12/site-packages/airflow/example_dags/tutorial_taskflow_api_virtualenv.py took 0.171 seconds
[2026-08-20T11:13:11.895+0000] {processor.py:186} INFO - Started process (PID=33530) to work on /workspaces/lab-2/.venv/lib/python3.12/site-packages/airflow/example_dags/tutorial_taskflow_api_virtualenv.py
[2026-08-20T11:13:11.896+0000] {processor.py:914} INFO - Processing file /workspaces/lab-2/.venv/lib/python3.12/site-packages/airflow/example_dags/tutorial_taskflow_api_virtualenv.py for tasks to queue
[2026-08-20T11:13:11.898+0000] {logging_mixin.py:190} INFO - [2026-08-20T11:13:11.898+0000] {dagbag.py:588} INFO - Filling up the DagBag from /workspaces/lab-2/.venv/lib/python3.12/site-packages/airflow/example_dags/tutorial_taskflow_api_virtualenv.py
[2026-08-20T11:13:11.909+0000] {processor.py:925} INFO - DAG(s) 'tutorial_taskflow_api_virtualenv' retrieved from /workspaces/lab-2/.venv/lib/python3.12/site-packages/airflow/example_dags/tutorial_taskflow_api_virtualenv.py
[2026-08-20T11:13:12.023+0000] {logging_mixin.py:190} INFO - [2026-08-20T11:13:12.022+0000] {dag.py:3239} INFO - Sync 1 DAGs
[2026-08-20T11:13:12.031+0000] {logging_mixin.py:190} INFO - [2026-08-20T11:13:12.031+0000] {dag.py:4180} INFO - Setting next_dagrun for tutorial_taskflow_api_virtualenv to None, run_after=None
[2026-08-20T11:13:12.050+0000] {processor.py:208} INFO - Processing /workspaces/lab-2/.venv/lib/python3.12/site-packages/airflow/example_dags/tutorial_taskflow_api_virtualenv.py took 0.159 seconds
[2026-08-20T11:14:02.921+0000] {processor.py:186} INFO - Started process (PID=34773) to work on /workspaces/lab-2/.venv/lib/python3.12/site-packages/airflow/example_dags/tutorial_taskflow_api_virtualenv.py
[2026-08-20T11:14:02.922+0000] {processor.py:914} INFO - Processing file /workspaces/lab-2/.venv/lib/python3.12/site-packages/airflow/example_dags/tutorial_taskflow_api_virtualenv.py for tasks to queue
[2026-08-20T11:14:02.923+0000] {logging_mixin.py:190} INFO - [2026-08-20T11:14:02.923+0000] {dagbag.py:588} INFO - Filling up the DagBag from /workspaces/lab-2/.venv/lib/python3.12/site-packages/airflow/example_dags/tutorial_taskflow_api_virtualenv.py
[2026-08-20T11:14:02.934+0000] {processor.py:925} INFO - DAG(s) 'tutorial_taskflow_api_virtualenv' retrieved from /workspaces/lab-2/.venv/lib/python3.12/site-packages/airflow/example_dags/tutorial_taskflow_api_virtualenv.py
[2026-08-20T11:14:03.020+0000] {logging_mixin.py:190} INFO - [2026-08-20T11:14:03.020+0000] {dag.py:3239} INFO - Sync 1 DAGs
[2026-08-20T11:14:03.028+0000] {logging_mixin.py:190} INFO - [2026-08-20T11:14:03.028+0000] {dag.py:4180} INFO - Setting next_dagrun for tutorial_taskflow_api_virtualenv to None, run_after=None
[2026-08-20T11:14:03.073+0000] {processor.py:208} INFO - Processing /workspaces/lab-2/.venv/lib/python3.12/site-packages/airflow/example_dags/tutorial_taskflow_api_virtualenv.py took 0.156 seconds
[2026-08-20T11:14:07.049+0000] {processor.py:186} INFO - Started process (PID=34842) to work on /workspaces/lab-2/.venv/lib/python3.12/site-packages/airflow/example_dags/tutorial_taskflow_api_virtualenv.py
[2026-08-20T11:14:07.049+0000] {processor.py:914} INFO - Processing file /workspaces/lab-2/.venv/lib/python3.12/site-packages/airflow/example_dags/tutorial_taskflow_api_virtualenv.py for tasks to queue
[2026-08-20T11:14:07.051+0000] {logging_mixin.py:190} INFO - [2026-08-20T11:14:07.051+0000] {dagbag.py:588} INFO - Filling up the DagBag from /workspaces/lab-2/.venv/lib/python3.12/site-packages/airflow/example_dags/tutorial_taskflow_api_virtualenv.py
[2026-08-20T11:14:07.062+0000] {processor.py:925} INFO - DAG(s) 'tutorial_taskflow_api_virtualenv' retrieved from /workspaces/lab-2/.venv/lib/python3.12/site-packages/airflow/example_dags/tutorial_taskflow_api_virtualenv.py
[2026-08-20T11:14:07.069+0000] {logging_mixin.py:190} INFO - [2026-08-20T11:14:07.069+0000] {dag.py:3239} INFO - Sync 1 DAGs
[2026-08-20T11:14:07.079+0000] {logging_mixin.py:190} INFO - [2026-08-20T11:14:07.079+0000] {dag.py:4180} INFO - Setting next_dagrun for tutorial_taskflow_api_virtualenv to None, run_after=None
[2026-08-20T11:14:07.100+0000] {processor.py:208} INFO - Processing /workspaces/lab-2/.venv/lib/python3.12/site-packages/airflow/example_dags/tutorial_taskflow_api_virtualenv.py took 0.056 seconds
