[2026-08-20T11:03:58.357+0000] {processor.py:186} INFO - Started process (PID=24176) to work on /workspaces/lab-2/.venv/lib/python3.12/site-packages/airflow/example_dags/tutorial_objectstorage.py
[2026-08-20T11:03:58.358+0000] {processor.py:914} INFO - Processing file /workspaces/lab-2/.venv/lib/python3.12/site-packages/airflow/example_dags/tutorial_objectstorage.py for tasks to queue
[2026-08-20T11:03:58.360+0000] {logging_mixin.py:190} INFO - [2026-08-20T11:03:58.360+0000] {dagbag.py:588} INFO - Filling up the DagBag from /workspaces/lab-2/.venv/lib/python3.12/site-packages/airflow/example_dags/tutorial_objectstorage.py
[2026-08-20T11:03:58.369+0000] {processor.py:925} INFO - DAG(s) 'tutorial_objectstorage' retrieved from /workspaces/lab-2/.venv/lib/python3.12/site-packages/airflow/example_dags/tutorial_objectstorage.py
[2026-08-20T11:03:58.461+0000] {logging_mixin.py:190} INFO - [2026-08-20T11:03:58.461+0000] {override.py:1900} INFO - Created Permission View: can edit on DAG:tutorial_objectstorage
[2026-08-20T11:03:58.471+0000] {logging_mixin.py:190} INFO - [2026-08-20T11:03:58.470+0000] {override.py:1900} INFO - Created Permission View: can read on DAG:tutorial_objectstorage
[2026-08-20T11:03:58.478+0000] {logging_mixin.py:190} INFO - [2026-08-20T11:03:58.478+0000] {override.py:1900} INFO - Created Permission View: can delete on DAG:tutorial_objectstorage
[2026-08-20T11:03:58.489+0000] {logging_mixin.py:190} INFO - [2026-08-20T11:03:58.489+0000] {override.py:1900} INFO - Created Permission View: can create on DAG Run:tutorial_objectstorage
[2026-08-20T11:03:58.499+0000] {logging_mixin.py:190} INFO - [2026-08-20T11:03:58.499+0000] {override.py:1900} INFO - Created Permission View: can read on DAG Run:tutorial_objectstorage
[2026-08-20T11:03:58.511+0000] {logging_mixin.py:190} INFO - [2026-08-20T11:03:58.511+0000] {override.py:1900} INFO - Created Permission View: menu access on DAG Run:tutorial_objectstorage
[2026-08-20T11:03:58.519+0000] {logging_mixin.py:190} INFO - [2026-08-20T11:03:58.519+0000] {override.py:1900} INFO - Created Permission View: can delete on DAG Run:tutorial_objectstorage
[2026-08-20T11:03:58.519+0000] {logging_mixin.py:190} INFO - [2026-08-20T11:03:58.519+0000] {dag.py:3239} INFO - Sync 1 DAGs
[2026-08-20T11:03:58.528+0000] {logging_mixin.py:190} INFO - [2026-08-20T11:03:58.528+0000] {dag.py:3262} INFO - Creating ORM DAG for tutorial_objectstorage
[2026-08-20T11:03:58.529+0000] {logging_mixin.py:190} INFO - [2026-08-20T11:03:58.528+0000] {dag.py:4180} INFO - Setting next_dagrun for tutorial_objectstorage to None, run_after=None
[2026-08-20T11:03:58.545+0000] {processor.py:208} INFO - Processing /workspaces/lab-2/.venv/lib/python3.12/site-packages/airflow/example_dags/tutorial_objectstorage.py took 0.193 seconds
[2026-08-20T11:05:02.419+0000] {processor.py:186} INFO - Started process (PID=25178) to work on /workspaces/lab-2/.venv/lib/python3.12/site-packages/airflow/example_dags/tutorial_objectstorage.py
[2026-08-20T11:05:02.420+0000] {processor.py:914} INFO - Processing file /workspaces/lab-2/.venv/lib/python3.12/site-packages/airflow/example_dags/tutorial_objectstorage.py for tasks to queue
[2026-08-20T11:05:02.421+0000] {logging_mixin.py:190} INFO - [2026-08-20T11:05:02.421+0000] {dagbag.py:588} INFO - Filling up the DagBag from /workspaces/lab-2/.venv/lib/python3.12/site-packages/airflow/example_dags/tutorial_objectstorage.py
[2026-08-20T11:05:02.429+0000] {processor.py:925} INFO - DAG(s) 'tutorial_objectstorage' retrieved from /workspaces/lab-2/.venv/lib/python3.12/site-packages/airflow/example_dags/tutorial_objectstorage.py
[2026-08-20T11:05:02.442+0000] {logging_mixin.py:190} INFO - [2026-08-20T11:05:02.442+0000] {dag.py:3239} INFO - Sync 1 DAGs
[2026-08-20T11:05:02.452+0000] {logging_mixin.py:190} INFO - [2026-08-20T11:05:02.452+0000] {dag.py:4180} INFO - Setting next_dagrun for tutorial_objectstorage to None, run_after=None
[2026-08-20T11:05:02.470+0000] {processor.py:208} INFO - Processing /workspaces/lab-2/.venv/lib/python3.12/site-packages/airflow/example_dags/tutorial_objectstorage.py took 0.056 seconds
[2026-08-20T11:05:56.476+0000] {processor.py:186} INFO - Started process (PID=25897) to work on /workspaces/lab-2/.venv/lib/python3.12/site-packages/airflow/example_dags/tutorial_objectstorage.py
[2026-08-20T11:05:56.477+0000] {processor.py:914} INFO - Processing file /workspaces/lab-2/.venv/lib/python3.12/site-packages/airflow/example_dags/tutorial_objectstorage.py for tasks to queue
[2026-08-20T11:05:56.479+0000] {logging_mixin.py:190} INFO - [2026-08-20T11:05:56.479+0000] {dagbag.py:588} INFO - Filling up the DagBag from /workspaces/lab-2/.venv/lib/python3.12/site-packages/airflow/example_dags/tutorial_objectstorage.py
[2026-08-20T11:05:56.487+0000] {processor.py:925} INFO - DAG(s) 'tutorial_objectstorage' retrieved from /workspaces/lab-2/.venv/lib/python3.12/site-packages/airflow/example_dags/tutorial_objectstorage.py
[2026-08-20T11:05:56.500+0000] {logging_mixin.py:190} INFO - [2026-08-20T11:05:56.500+0000] {dag.py:3239} INFO - Sync 1 DAGs
[2026-08-20T11:05:56.510+0000] {logging_mixin.py:190} INFO - [2026-08-20T11:05:56.510+0000] {dag.py:4180} INFO - Setting next_dagrun for tutorial_objectstorage to None, run_after=None
[2026-08-20T11:05:56.530+0000] {processor.py:208} INFO - Processing /workspaces/lab-2/.venv/lib/python3.12/site-packages/airflow/example_dags/tutorial_objectstorage.py took 0.058 seconds
[2026-08-20T11:06:45.117+0000] {processor.py:186} INFO - Started process (PID=26597) to work on /workspaces/lab-2/.venv/lib/python3.12/site-packages/airflow/example_dags/tutorial_objectstorage.py
[2026-08-20T11:06:45.118+0000] {processor.py:914} INFO - Processing file /workspaces/lab-2/.venv/lib/python3.12/site-packages/airflow/example_dags/tutorial_objectstorage.py for tasks to queue
[2026-08-20T11:06:45.120+0000] {logging_mixin.py:190} INFO - [2026-08-20T11:06:45.120+0000] {dagbag.py:588} INFO - Filling up the DagBag from /workspaces/lab-2/.venv/lib/python3.12/site-packages/airflow/example_dags/tutorial_objectstorage.py
[2026-08-20T11:06:45.131+0000] {processor.py:925} INFO - DAG(s) 'tutorial_objectstorage' retrieved from /workspaces/lab-2/.venv/lib/python3.12/site-packages/airflow/example_dags/tutorial_objectstorage.py
[2026-08-20T11:06:45.149+0000] {logging_mixin.py:190} INFO - [2026-08-20T11:06:45.149+0000] {dag.py:3239} INFO - Sync 1 DAGs
[2026-08-20T11:06:45.159+0000] {logging_mixin.py:190} INFO - [2026-08-20T11:06:45.159+0000] {dag.py:4180} INFO - Setting next_dagrun for tutorial_objectstorage to None, run_after=None
[2026-08-20T11:06:45.177+0000] {processor.py:208} INFO - Processing /workspaces/lab-2/.venv/lib/python3.12/site-packages/airflow/example_dags/tutorial_objectstorage.py took 0.066 seconds
[2026-08-20T11:07:39.530+0000] {processor.py:186} INFO - Started process (PID=27341) to work on /workspaces/lab-2/.venv/lib/python3.12/site-packages/airflow/example_dags/tutorial_objectstorage.py
[2026-08-20T11:07:39.531+0000] {processor.py:914} INFO - Processing file /workspaces/lab-2/.venv/lib/python3.12/site-packages/airflow/example_dags/tutorial_objectstorage.py for tasks to queue
[2026-08-20T11:07:39.533+0000] {logging_mixin.py:190} INFO - [2026-08-20T11:07:39.533+0000] {dagbag.py:588} INFO - Filling up the DagBag from /workspaces/lab-2/.venv/lib/python3.12/site-packages/airflow/example_dags/tutorial_objectstorage.py
[2026-08-20T11:07:39.542+0000] {processor.py:925} INFO - DAG(s) 'tutorial_objectstorage' retrieved from /workspaces/lab-2/.venv/lib/python3.12/site-packages/airflow/example_dags/tutorial_objectstorage.py
[2026-08-20T11:07:39.555+0000] {logging_mixin.py:190} INFO - [2026-08-20T11:07:39.554+0000] {dag.py:3239} INFO - Sync 1 DAGs
[2026-08-20T11:07:39.564+0000] {logging_mixin.py:190} INFO - [2026-08-20T11:07:39.564+0000] {dag.py:4180} INFO - Setting next_dagrun for tutorial_objectstorage to None, run_after=None
[2026-08-20T11:07:39.582+0000] {processor.py:208} INFO - Processing /workspaces/lab-2/.venv/lib/python3.12/site-packages/airflow/example_dags/tutorial_objectstorage.py took 0.058 seconds
[2026-08-20T11:08:36.190+0000] {processor.py:186} INFO - Started process (PID=28573) to work on /workspaces/lab-2/.venv/lib/python3.12/site-packages/airflow/example_dags/tutorial_objectstorage.py
[2026-08-20T11:08:36.191+0000] {processor.py:914} INFO - Processing file /workspaces/lab-2/.venv/lib/python3.12/site-packages/airflow/example_dags/tutorial_objectstorage.py for tasks to queue
[2026-08-20T11:08:36.193+0000] {logging_mixin.py:190} INFO - [2026-08-20T11:08:36.192+0000] {dagbag.py:588} INFO - Filling up the DagBag from /workspaces/lab-2/.venv/lib/python3.12/site-packages/airflow/example_dags/tutorial_objectstorage.py
[2026-08-20T11:08:36.201+0000] {processor.py:925} INFO - DAG(s) 'tutorial_objectstorage' retrieved from /workspaces/lab-2/.venv/lib/python3.12/site-packages/airflow/example_dags/tutorial_objectstorage.py
[2026-08-20T11:08:36.213+0000] {logging_mixin.py:190} INFO - [2026-08-20T11:08:36.213+0000] {dag.py:3239} INFO - Sync 1 DAGs
[2026-08-20T11:08:36.224+0000] {logging_mixin.py:190} INFO - [2026-08-20T11:08:36.224+0000] {dag.py:4180} INFO - Setting next_dagrun for tutorial_objectstorage to None, run_after=None
[2026-08-20T11:08:36.241+0000] {processor.py:208} INFO - Processing /workspaces/lab-2/.venv/lib/python3.12/site-packages/airflow/example_dags/tutorial_objectstorage.py took 0.056 seconds
[2026-08-20T11:09:28.396+0000] {processor.py:186} INFO - Started process (PID=29397) to work on /workspaces/lab-2/.venv/lib/python3.12/site-packages/airflow/example_dags/tutorial_objectstorage.py
[2026-08-20T11:09:28.397+0000] {processor.py:914} INFO - Processing file /workspaces/lab-2/.venv/lib/python3.12/site-packages/airflow/example_dags/tutorial_objectstorage.py for tasks to queue
[2026-08-20T11:09:28.399+0000] {logging_mixin.py:190} INFO - [2026-08-20T11:09:28.399+0000] {dagbag.py:588} INFO - Filling up the DagBag from /workspaces/lab-2/.venv/lib/python3.12/site-packages/airflow/example_dags/tutorial_objectstorage.py
[2026-08-20T11:09:28.409+0000] {processor.py:925} INFO - DAG(s) 'tutorial_objectstorage' retrieved from /workspaces/lab-2/.venv/lib/python3.12/site-packages/airflow/example_dags/tutorial_objectstorage.py
[2026-08-20T11:09:28.423+0000] {logging_mixin.py:190} INFO - [2026-08-20T11:09:28.423+0000] {dag.py:3239} INFO - Sync 1 DAGs
[2026-08-20T11:09:28.433+0000] {logging_mixin.py:190} INFO - [2026-08-20T11:09:28.433+0000] {dag.py:4180} INFO - Setting next_dagrun for tutorial_objectstorage to None, run_after=None
[2026-08-20T11:09:28.455+0000] {processor.py:208} INFO - Processing /workspaces/lab-2/.venv/lib/python3.12/site-packages/airflow/example_dags/tutorial_objectstorage.py took 0.067 seconds
[2026-08-20T11:10:22.218+0000] {processor.py:186} INFO - Started process (PID=30380) to work on /workspaces/lab-2/.venv/lib/python3.12/site-packages/airflow/example_dags/tutorial_objectstorage.py
[2026-08-20T11:10:22.219+0000] {processor.py:914} INFO - Processing file /workspaces/lab-2/.venv/lib/python3.12/site-packages/airflow/example_dags/tutorial_objectstorage.py for tasks to queue
[2026-08-20T11:10:22.222+0000] {logging_mixin.py:190} INFO - [2026-08-20T11:10:22.222+0000] {dagbag.py:588} INFO - Filling up the DagBag from /workspaces/lab-2/.venv/lib/python3.12/site-packages/airflow/example_dags/tutorial_objectstorage.py
[2026-08-20T11:10:22.239+0000] {processor.py:925} INFO - DAG(s) 'tutorial_objectstorage' retrieved from /workspaces/lab-2/.venv/lib/python3.12/site-packages/airflow/example_dags/tutorial_objectstorage.py
[2026-08-20T11:10:22.271+0000] {logging_mixin.py:190} INFO - [2026-08-20T11:10:22.271+0000] {dag.py:3239} INFO - Sync 1 DAGs
[2026-08-20T11:10:22.289+0000] {logging_mixin.py:190} INFO - [2026-08-20T11:10:22.289+0000] {dag.py:4180} INFO - Setting next_dagrun for tutorial_objectstorage to None, run_after=None
[2026-08-20T11:10:22.311+0000] {processor.py:208} INFO - Processing /workspaces/lab-2/.venv/lib/python3.12/site-packages/airflow/example_dags/tutorial_objectstorage.py took 0.102 seconds
[2026-08-20T11:11:10.223+0000] {processor.py:186} INFO - Started process (PID=31093) to work on /workspaces/lab-2/.venv/lib/python3.12/site-packages/airflow/example_dags/tutorial_objectstorage.py
[2026-08-20T11:11:10.226+0000] {processor.py:914} INFO - Processing file /workspaces/lab-2/.venv/lib/python3.12/site-packages/airflow/example_dags/tutorial_objectstorage.py for tasks to queue
[2026-08-20T11:11:10.231+0000] {logging_mixin.py:190} INFO - [2026-08-20T11:11:10.230+0000] {dagbag.py:588} INFO - Filling up the DagBag from /workspaces/lab-2/.venv/lib/python3.12/site-packages/airflow/example_dags/tutorial_objectstorage.py
[2026-08-20T11:11:10.258+0000] {processor.py:925} INFO - DAG(s) 'tutorial_objectstorage' retrieved from /workspaces/lab-2/.venv/lib/python3.12/site-packages/airflow/example_dags/tutorial_objectstorage.py
[2026-08-20T11:11:10.308+0000] {logging_mixin.py:190} INFO - [2026-08-20T11:11:10.305+0000] {dag.py:3239} INFO - Sync 1 DAGs
[2026-08-20T11:11:10.345+0000] {logging_mixin.py:190} INFO - [2026-08-20T11:11:10.345+0000] {dag.py:4180} INFO - Setting next_dagrun for tutorial_objectstorage to None, run_after=None
[2026-08-20T11:11:10.389+0000] {processor.py:208} INFO - Processing /workspaces/lab-2/.venv/lib/python3.12/site-packages/airflow/example_dags/tutorial_objectstorage.py took 0.179 seconds
[2026-08-20T11:11:21.443+0000] {processor.py:186} INFO - Started process (PID=31384) to work on /workspaces/lab-2/.venv/lib/python3.12/site-packages/airflow/example_dags/tutorial_objectstorage.py
[2026-08-20T11:11:21.444+0000] {processor.py:914} INFO - Processing file /workspaces/lab-2/.venv/lib/python3.12/site-packages/airflow/example_dags/tutorial_objectstorage.py for tasks to queue
[2026-08-20T11:11:21.446+0000] {logging_mixin.py:190} INFO - [2026-08-20T11:11:21.445+0000] {dagbag.py:588} INFO - Filling up the DagBag from /workspaces/lab-2/.venv/lib/python3.12/site-packages/airflow/example_dags/tutorial_objectstorage.py
[2026-08-20T11:11:21.457+0000] {processor.py:925} INFO - DAG(s) 'tutorial_objectstorage' retrieved from /workspaces/lab-2/.venv/lib/python3.12/site-packages/airflow/example_dags/tutorial_objectstorage.py
[2026-08-20T11:11:21.476+0000] {logging_mixin.py:190} INFO - [2026-08-20T11:11:21.476+0000] {dag.py:3239} INFO - Sync 1 DAGs
[2026-08-20T11:11:21.486+0000] {logging_mixin.py:190} INFO - [2026-08-20T11:11:21.486+0000] {dag.py:4180} INFO - Setting next_dagrun for tutorial_objectstorage to None, run_after=None
[2026-08-20T11:11:21.505+0000] {processor.py:208} INFO - Processing /workspaces/lab-2/.venv/lib/python3.12/site-packages/airflow/example_dags/tutorial_objectstorage.py took 0.067 seconds
[2026-08-20T11:12:03.245+0000] {processor.py:186} INFO - Started process (PID=32482) to work on /workspaces/lab-2/.venv/lib/python3.12/site-packages/airflow/example_dags/tutorial_objectstorage.py
[2026-08-20T11:12:03.246+0000] {processor.py:914} INFO - Processing file /workspaces/lab-2/.venv/lib/python3.12/site-packages/airflow/example_dags/tutorial_objectstorage.py for tasks to queue
[2026-08-20T11:12:03.248+0000] {logging_mixin.py:190} INFO - [2026-08-20T11:12:03.248+0000] {dagbag.py:588} INFO - Filling up the DagBag from /workspaces/lab-2/.venv/lib/python3.12/site-packages/airflow/example_dags/tutorial_objectstorage.py
[2026-08-20T11:12:03.256+0000] {processor.py:925} INFO - DAG(s) 'tutorial_objectstorage' retrieved from /workspaces/lab-2/.venv/lib/python3.12/site-packages/airflow/example_dags/tutorial_objectstorage.py
[2026-08-20T11:12:03.270+0000] {logging_mixin.py:190} INFO - [2026-08-20T11:12:03.270+0000] {dag.py:3239} INFO - Sync 1 DAGs
[2026-08-20T11:12:03.281+0000] {logging_mixin.py:190} INFO - [2026-08-20T11:12:03.281+0000] {dag.py:4180} INFO - Setting next_dagrun for tutorial_objectstorage to None, run_after=None
[2026-08-20T11:12:03.299+0000] {processor.py:208} INFO - Processing /workspaces/lab-2/.venv/lib/python3.12/site-packages/airflow/example_dags/tutorial_objectstorage.py took 0.059 seconds
[2026-08-20T11:12:16.203+0000] {processor.py:186} INFO - Started process (PID=32772) to work on /workspaces/lab-2/.venv/lib/python3.12/site-packages/airflow/example_dags/tutorial_objectstorage.py
[2026-08-20T11:12:16.204+0000] {processor.py:914} INFO - Processing file /workspaces/lab-2/.venv/lib/python3.12/site-packages/airflow/example_dags/tutorial_objectstorage.py for tasks to queue
[2026-08-20T11:12:16.206+0000] {logging_mixin.py:190} INFO - [2026-08-20T11:12:16.205+0000] {dagbag.py:588} INFO - Filling up the DagBag from /workspaces/lab-2/.venv/lib/python3.12/site-packages/airflow/example_dags/tutorial_objectstorage.py
[2026-08-20T11:12:16.216+0000] {processor.py:925} INFO - DAG(s) 'tutorial_objectstorage' retrieved from /workspaces/lab-2/.venv/lib/python3.12/site-packages/airflow/example_dags/tutorial_objectstorage.py
[2026-08-20T11:12:16.228+0000] {logging_mixin.py:190} INFO - [2026-08-20T11:12:16.228+0000] {dag.py:3239} INFO - Sync 1 DAGs
[2026-08-20T11:12:16.238+0000] {logging_mixin.py:190} INFO - [2026-08-20T11:12:16.238+0000] {dag.py:4180} INFO - Setting next_dagrun for tutorial_objectstorage to None, run_after=None
[2026-08-20T11:12:16.256+0000] {processor.py:208} INFO - Processing /workspaces/lab-2/.venv/lib/python3.12/site-packages/airflow/example_dags/tutorial_objectstorage.py took 0.057 seconds
[2026-08-20T11:12:57.248+0000] {processor.py:186} INFO - Started process (PID=33312) to work on /workspaces/lab-2/.venv/lib/python3.12/site-packages/airflow/example_dags/tutorial_objectstorage.py
[2026-08-20T11:12:57.252+0000] {processor.py:914} INFO - Processing file /workspaces/lab-2/.venv/lib/python3.12/site-packages/airflow/example_dags/tutorial_objectstorage.py for tasks to queue
[2026-08-20T11:12:57.255+0000] {logging_mixin.py:190} INFO - [2026-08-20T11:12:57.254+0000] {dagbag.py:588} INFO - Filling up the DagBag from /workspaces/lab-2/.venv/lib/python3.12/site-packages/airflow/example_dags/tutorial_objectstorage.py
[2026-08-20T11:12:57.280+0000] {processor.py:925} INFO - DAG(s) 'tutorial_objectstorage' retrieved from /workspaces/lab-2/.venv/lib/python3.12/site-packages/airflow/example_dags/tutorial_objectstorage.py
[2026-08-20T11:12:57.319+0000] {logging_mixin.py:190} INFO - [2026-08-20T11:12:57.318+0000] {dag.py:3239} INFO - Sync 1 DAGs
[2026-08-20T11:12:57.348+0000] {logging_mixin.py:190} INFO - [2026-08-20T11:12:57.348+0000] {dag.py:4180} INFO - Setting next_dagrun for tutorial_objectstorage to None, run_after=None
[2026-08-20T11:12:57.410+0000] {processor.py:208} INFO - Processing /workspaces/lab-2/.venv/lib/python3.12/site-packages/airflow/example_dags/tutorial_objectstorage.py took 0.174 seconds
[2026-08-20T11:13:10.661+0000] {processor.py:186} INFO - Started process (PID=33520) to work on /workspaces/lab-2/.venv/lib/python3.12/site-packages/airflow/example_dags/tutorial_objectstorage.py
[2026-08-20T11:13:10.663+0000] {processor.py:914} INFO - Processing file /workspaces/lab-2/.venv/lib/python3.12/site-packages/airflow/example_dags/tutorial_objectstorage.py for tasks to queue
[2026-08-20T11:13:10.666+0000] {logging_mixin.py:190} INFO - [2026-08-20T11:13:10.665+0000] {dagbag.py:588} INFO - Filling up the DagBag from /workspaces/lab-2/.venv/lib/python3.12/site-packages/airflow/example_dags/tutorial_objectstorage.py
[2026-08-20T11:13:10.676+0000] {processor.py:925} INFO - DAG(s) 'tutorial_objectstorage' retrieved from /workspaces/lab-2/.venv/lib/python3.12/site-packages/airflow/example_dags/tutorial_objectstorage.py
[2026-08-20T11:13:10.777+0000] {logging_mixin.py:190} INFO - [2026-08-20T11:13:10.777+0000] {dag.py:3239} INFO - Sync 1 DAGs
[2026-08-20T11:13:10.788+0000] {logging_mixin.py:190} INFO - [2026-08-20T11:13:10.788+0000] {dag.py:4180} INFO - Setting next_dagrun for tutorial_objectstorage to None, run_after=None
[2026-08-20T11:13:10.811+0000] {processor.py:208} INFO - Processing /workspaces/lab-2/.venv/lib/python3.12/site-packages/airflow/example_dags/tutorial_objectstorage.py took 0.157 seconds
[2026-08-20T11:14:01.787+0000] {processor.py:186} INFO - Started process (PID=34770) to work on /workspaces/lab-2/.venv/lib/python3.12/site-packages/airflow/example_dags/tutorial_objectstorage.py
[2026-08-20T11:14:01.788+0000] {processor.py:914} INFO - Processing file /workspaces/lab-2/.venv/lib/python3.12/site-packages/airflow/example_dags/tutorial_objectstorage.py for tasks to queue
[2026-08-20T11:14:01.790+0000] {logging_mixin.py:190} INFO - [2026-08-20T11:14:01.789+0000] {dagbag.py:588} INFO - Filling up the DagBag from /workspaces/lab-2/.venv/lib/python3.12/site-packages/airflow/example_dags/tutorial_objectstorage.py
[2026-08-20T11:14:01.798+0000] {processor.py:925} INFO - DAG(s) 'tutorial_objectstorage' retrieved from /workspaces/lab-2/.venv/lib/python3.12/site-packages/airflow/example_dags/tutorial_objectstorage.py
[2026-08-20T11:14:01.811+0000] {logging_mixin.py:190} INFO - [2026-08-20T11:14:01.810+0000] {dag.py:3239} INFO - Sync 1 DAGs
[2026-08-20T11:14:01.820+0000] {logging_mixin.py:190} INFO - [2026-08-20T11:14:01.820+0000] {dag.py:4180} INFO - Setting next_dagrun for tutorial_objectstorage to None, run_after=None
[2026-08-20T11:14:01.839+0000] {processor.py:208} INFO - Processing /workspaces/lab-2/.venv/lib/python3.12/site-packages/airflow/example_dags/tutorial_objectstorage.py took 0.056 seconds
[2026-08-20T11:14:05.910+0000] {processor.py:186} INFO - Started process (PID=34837) to work on /workspaces/lab-2/.venv/lib/python3.12/site-packages/airflow/example_dags/tutorial_objectstorage.py
[2026-08-20T11:14:05.910+0000] {processor.py:914} INFO - Processing file /workspaces/lab-2/.venv/lib/python3.12/site-packages/airflow/example_dags/tutorial_objectstorage.py for tasks to queue
[2026-08-20T11:14:05.912+0000] {logging_mixin.py:190} INFO - [2026-08-20T11:14:05.912+0000] {dagbag.py:588} INFO - Filling up the DagBag from /workspaces/lab-2/.venv/lib/python3.12/site-packages/airflow/example_dags/tutorial_objectstorage.py
[2026-08-20T11:14:05.920+0000] {processor.py:925} INFO - DAG(s) 'tutorial_objectstorage' retrieved from /workspaces/lab-2/.venv/lib/python3.12/site-packages/airflow/example_dags/tutorial_objectstorage.py
[2026-08-20T11:14:05.933+0000] {logging_mixin.py:190} INFO - [2026-08-20T11:14:05.933+0000] {dag.py:3239} INFO - Sync 1 DAGs
[2026-08-20T11:14:05.944+0000] {logging_mixin.py:190} INFO - [2026-08-20T11:14:05.944+0000] {dag.py:4180} INFO - Setting next_dagrun for tutorial_objectstorage to None, run_after=None
[2026-08-20T11:14:05.962+0000] {processor.py:208} INFO - Processing /workspaces/lab-2/.venv/lib/python3.12/site-packages/airflow/example_dags/tutorial_objectstorage.py took 0.057 seconds
[2026-08-20T11:16:34.550+0000] {processor.py:186} INFO - Started process (PID=39393) to work on /workspaces/lab-2/.venv/lib/python3.12/site-packages/airflow/example_dags/tutorial_objectstorage.py
[2026-08-20T11:16:34.552+0000] {processor.py:914} INFO - Processing file /workspaces/lab-2/.venv/lib/python3.12/site-packages/airflow/example_dags/tutorial_objectstorage.py for tasks to queue
[2026-08-20T11:16:34.557+0000] {logging_mixin.py:190} INFO - [2026-08-20T11:16:34.557+0000] {dagbag.py:588} INFO - Filling up the DagBag from /workspaces/lab-2/.venv/lib/python3.12/site-packages/airflow/example_dags/tutorial_objectstorage.py
[2026-08-20T11:16:34.568+0000] {processor.py:925} INFO - DAG(s) 'tutorial_objectstorage' retrieved from /workspaces/lab-2/.venv/lib/python3.12/site-packages/airflow/example_dags/tutorial_objectstorage.py
[2026-08-20T11:16:34.759+0000] {logging_mixin.py:190} INFO - [2026-08-20T11:16:34.759+0000] {dag.py:3239} INFO - Sync 1 DAGs
[2026-08-20T11:16:34.779+0000] {logging_mixin.py:190} INFO - [2026-08-20T11:16:34.779+0000] {dag.py:4180} INFO - Setting next_dagrun for tutorial_objectstorage to None, run_after=None
[2026-08-20T11:16:35.719+0000] {processor.py:208} INFO - Processing /workspaces/lab-2/.venv/lib/python3.12/site-packages/airflow/example_dags/tutorial_objectstorage.py took 1.182 seconds
