[2026-08-20T11:14:46.617+0000] {local_task_job_runner.py:123} INFO - ::group::Pre task execution logs
[2026-08-20T11:14:46.624+0000] {taskinstance.py:2612} INFO - Dependencies all met for dep_context=non-requeueable deps ti=<TaskInstance: dataset_produces_1.producing_task_1 scheduled__2026-08-19T00:00:00+00:00 [queued]>
[2026-08-20T11:14:46.628+0000] {taskinstance.py:2612} INFO - Dependencies all met for dep_context=requeueable deps ti=<TaskInstance: dataset_produces_1.producing_task_1 scheduled__2026-08-19T00:00:00+00:00 [queued]>
[2026-08-20T11:14:46.629+0000] {taskinstance.py:2865} INFO - Starting attempt 1 of 1
[2026-08-20T11:14:46.641+0000] {taskinstance.py:2888} INFO - Executing <Task(BashOperator): producing_task_1> on 2026-08-19 00:00:00+00:00
[2026-08-20T11:14:46.645+0000] {standard_task_runner.py:72} INFO - Started process 35744 to run task
[2026-08-20T11:14:46.648+0000] {standard_task_runner.py:104} INFO - Running: ['airflow', 'tasks', 'run', 'dataset_produces_1', 'producing_task_1', 'scheduled__2026-08-19T00:00:00+00:00', '--job-id', '11', '--raw', '--subdir', '/workspaces/lab-2/.venv/lib/python3.12/site-packages/airflow/example_dags/example_datasets.py', '--cfg-path', '/tmp/tmphw8knkzv']
[2026-08-20T11:14:46.650+0000] {standard_task_runner.py:105} INFO - Job 11: Subtask producing_task_1
[2026-08-20T11:14:46.681+0000] {task_command.py:467} INFO - Running <TaskInstance: dataset_produces_1.producing_task_1 scheduled__2026-08-19T00:00:00+00:00 [running]> on host codespaces-6f08f8
[2026-08-20T11:14:46.740+0000] {taskinstance.py:3131} INFO - Exporting env vars: AIRFLOW_CTX_DAG_OWNER='airflow' AIRFLOW_CTX_DAG_ID='dataset_produces_1' AIRFLOW_CTX_TASK_ID='producing_task_1' AIRFLOW_CTX_EXECUTION_DATE='2026-08-19T00:00:00+00:00' AIRFLOW_CTX_TRY_NUMBER='1' AIRFLOW_CTX_DAG_RUN_ID='scheduled__2026-08-19T00:00:00+00:00'
[2026-08-20T11:14:46.741+0000] {taskinstance.py:731} INFO - ::endgroup::
[2026-08-20T11:14:46.757+0000] {subprocess.py:63} INFO - Tmp dir root location: /tmp
[2026-08-20T11:14:46.757+0000] {subprocess.py:75} INFO - Running command: ['/usr/bin/bash', '-c', 'sleep 5']
[2026-08-20T11:14:46.765+0000] {subprocess.py:86} INFO - Output:
[2026-08-20T11:14:51.770+0000] {subprocess.py:97} INFO - Command exited with return code 0
[2026-08-20T11:14:51.832+0000] {taskinstance.py:340} INFO - ::group::Post task execution logs
[2026-08-20T11:14:51.835+0000] {taskinstance.py:352} INFO - Marking task as SUCCESS. dag_id=dataset_produces_1, task_id=producing_task_1, run_id=scheduled__2026-08-19T00:00:00+00:00, execution_date=20260819T000000, start_date=20260820T111446, end_date=20260820T111451
[2026-08-20T11:14:51.959+0000] {local_task_job_runner.py:266} INFO - Task exited with return code 0
[2026-08-20T11:14:51.978+0000] {taskinstance.py:3900} INFO - 0 downstream tasks scheduled from follow-on schedule check
[2026-08-20T11:14:51.979+0000] {local_task_job_runner.py:245} INFO - ::endgroup::
