[2026-08-20T11:15:15.735+0000] {local_task_job_runner.py:123} INFO - ::group::Pre task execution logs
[2026-08-20T11:15:15.757+0000] {taskinstance.py:2612} INFO - Dependencies all met for dep_context=non-requeueable deps ti=<TaskInstance: example_branch_operator.branching scheduled__2026-08-19T00:00:00+00:00 [queued]>
[2026-08-20T11:15:15.770+0000] {taskinstance.py:2612} INFO - Dependencies all met for dep_context=requeueable deps ti=<TaskInstance: example_branch_operator.branching scheduled__2026-08-19T00:00:00+00:00 [queued]>
[2026-08-20T11:15:15.773+0000] {taskinstance.py:2865} INFO - Starting attempt 1 of 1
[2026-08-20T11:15:15.814+0000] {taskinstance.py:2888} INFO - Executing <Task(BranchPythonOperator): branching> on 2026-08-19 00:00:00+00:00
[2026-08-20T11:15:15.839+0000] {standard_task_runner.py:72} INFO - Started process 36781 to run task
[2026-08-20T11:15:15.849+0000] {standard_task_runner.py:104} INFO - Running: ['airflow', 'tasks', 'run', 'example_branch_operator', 'branching', 'scheduled__2026-08-19T00:00:00+00:00', '--job-id', '21', '--raw', '--subdir', '/workspaces/lab-2/.venv/lib/python3.12/site-packages/airflow/example_dags/example_branch_operator.py', '--cfg-path', '/tmp/tmp339nff07']
[2026-08-20T11:15:15.850+0000] {standard_task_runner.py:105} INFO - Job 21: Subtask branching
[2026-08-20T11:15:16.022+0000] {task_command.py:467} INFO - Running <TaskInstance: example_branch_operator.branching scheduled__2026-08-19T00:00:00+00:00 [running]> on host codespaces-6f08f8
[2026-08-20T11:15:16.131+0000] {taskinstance.py:3131} INFO - Exporting env vars: AIRFLOW_CTX_DAG_OWNER='airflow' AIRFLOW_CTX_DAG_ID='example_branch_operator' AIRFLOW_CTX_TASK_ID='branching' AIRFLOW_CTX_EXECUTION_DATE='2026-08-19T00:00:00+00:00' AIRFLOW_CTX_TRY_NUMBER='1' AIRFLOW_CTX_DAG_RUN_ID='scheduled__2026-08-19T00:00:00+00:00'
[2026-08-20T11:15:16.132+0000] {logging_mixin.py:190} INFO - Task instance is in running state
[2026-08-20T11:15:16.132+0000] {logging_mixin.py:190} INFO -  Previous state of the Task instance: queued
[2026-08-20T11:15:16.133+0000] {logging_mixin.py:190} INFO - Current task name:branching state:running start_date:2026-08-20 11:15:15.759497+00:00
[2026-08-20T11:15:16.133+0000] {logging_mixin.py:190} INFO - Dag name:example_branch_operator and current dag run status:running
[2026-08-20T11:15:16.133+0000] {taskinstance.py:731} INFO - ::endgroup::
[2026-08-20T11:15:16.134+0000] {baseoperator.py:405} WARNING - BranchPythonOperator.execute cannot be called outside TaskInstance!
[2026-08-20T11:15:16.134+0000] {python.py:240} INFO - Done. Returned value was: branch_a
[2026-08-20T11:15:16.134+0000] {branch.py:38} INFO - Branch into branch_a
[2026-08-20T11:15:16.135+0000] {skipmixin.py:230} INFO - Following branch {'branch_a'}
[2026-08-20T11:15:16.145+0000] {skipmixin.py:278} INFO - Skipping tasks [('branch_b', -1), ('branch_c', -1), ('branch_d', -1)]
[2026-08-20T11:15:16.179+0000] {taskinstance.py:340} INFO - ::group::Post task execution logs
[2026-08-20T11:15:16.179+0000] {taskinstance.py:352} INFO - Marking task as SUCCESS. dag_id=example_branch_operator, task_id=branching, run_id=scheduled__2026-08-19T00:00:00+00:00, execution_date=20260819T000000, start_date=20260820T111515, end_date=20260820T111516
[2026-08-20T11:15:16.194+0000] {logging_mixin.py:190} INFO - Task instance in success state
[2026-08-20T11:15:16.194+0000] {logging_mixin.py:190} INFO -  Previous state of the Task instance: running
[2026-08-20T11:15:16.194+0000] {logging_mixin.py:190} INFO - Dag name:example_branch_operator queued_at:2026-08-20 11:14:57.795136+00:00
[2026-08-20T11:15:16.194+0000] {logging_mixin.py:190} INFO - Task hostname:codespaces-6f08f8 operator:BranchPythonOperator
[2026-08-20T11:15:16.232+0000] {local_task_job_runner.py:266} INFO - Task exited with return code 0
[2026-08-20T11:15:16.381+0000] {taskinstance.py:3900} INFO - 1 downstream tasks scheduled from follow-on schedule check
[2026-08-20T11:15:16.401+0000] {local_task_job_runner.py:245} INFO - ::endgroup::
