[2026-08-20T11:15:00.383+0000] {local_task_job_runner.py:123} INFO - ::group::Pre task execution logs
[2026-08-20T11:15:00.393+0000] {taskinstance.py:2612} INFO - Dependencies all met for dep_context=non-requeueable deps ti=<TaskInstance: example_branch_datetime_operator_2.datetime_branch scheduled__2026-08-19T00:00:00+00:00 [queued]>
[2026-08-20T11:15:00.398+0000] {taskinstance.py:2612} INFO - Dependencies all met for dep_context=requeueable deps ti=<TaskInstance: example_branch_datetime_operator_2.datetime_branch scheduled__2026-08-19T00:00:00+00:00 [queued]>
[2026-08-20T11:15:00.398+0000] {taskinstance.py:2865} INFO - Starting attempt 1 of 1
[2026-08-20T11:15:00.423+0000] {taskinstance.py:2888} INFO - Executing <Task(BranchDateTimeOperator): datetime_branch> on 2026-08-19 00:00:00+00:00
[2026-08-20T11:15:00.435+0000] {standard_task_runner.py:72} INFO - Started process 36236 to run task
[2026-08-20T11:15:00.442+0000] {standard_task_runner.py:104} INFO - Running: ['airflow', 'tasks', 'run', 'example_branch_datetime_operator_2', 'datetime_branch', 'scheduled__2026-08-19T00:00:00+00:00', '--job-id', '15', '--raw', '--subdir', '/workspaces/lab-2/.venv/lib/python3.12/site-packages/airflow/example_dags/example_branch_datetime_operator.py', '--cfg-path', '/tmp/tmpudk9qha7']
[2026-08-20T11:15:00.450+0000] {standard_task_runner.py:105} INFO - Job 15: Subtask datetime_branch
[2026-08-20T11:15:00.555+0000] {task_command.py:467} INFO - Running <TaskInstance: example_branch_datetime_operator_2.datetime_branch scheduled__2026-08-19T00:00:00+00:00 [running]> on host codespaces-6f08f8
[2026-08-20T11:15:00.754+0000] {taskinstance.py:3131} INFO - Exporting env vars: AIRFLOW_CTX_DAG_OWNER='airflow' AIRFLOW_CTX_DAG_ID='example_branch_datetime_operator_2' AIRFLOW_CTX_TASK_ID='datetime_branch' AIRFLOW_CTX_EXECUTION_DATE='2026-08-19T00:00:00+00:00' AIRFLOW_CTX_TRY_NUMBER='1' AIRFLOW_CTX_DAG_RUN_ID='scheduled__2026-08-19T00:00:00+00:00'
[2026-08-20T11:15:00.758+0000] {logging_mixin.py:190} INFO - Task instance is in running state
[2026-08-20T11:15:00.759+0000] {logging_mixin.py:190} INFO -  Previous state of the Task instance: queued
[2026-08-20T11:15:00.759+0000] {logging_mixin.py:190} INFO - Current task name:datetime_branch state:running start_date:2026-08-20 11:15:00.393705+00:00
[2026-08-20T11:15:00.761+0000] {logging_mixin.py:190} INFO - Dag name:example_branch_datetime_operator_2 and current dag run status:running
[2026-08-20T11:15:00.761+0000] {taskinstance.py:731} INFO - ::endgroup::
[2026-08-20T11:15:00.762+0000] {branch.py:38} INFO - Branch into ['date_outside_range']
[2026-08-20T11:15:00.762+0000] {skipmixin.py:230} INFO - Following branch {'date_outside_range'}
[2026-08-20T11:15:00.780+0000] {skipmixin.py:278} INFO - Skipping tasks [('date_in_range', -1)]
[2026-08-20T11:15:00.837+0000] {taskinstance.py:340} INFO - ::group::Post task execution logs
[2026-08-20T11:15:00.840+0000] {taskinstance.py:352} INFO - Marking task as SUCCESS. dag_id=example_branch_datetime_operator_2, task_id=datetime_branch, run_id=scheduled__2026-08-19T00:00:00+00:00, execution_date=20260819T000000, start_date=20260820T111500, end_date=20260820T111500
[2026-08-20T11:15:00.864+0000] {logging_mixin.py:190} INFO - Task instance in success state
[2026-08-20T11:15:00.864+0000] {logging_mixin.py:190} INFO -  Previous state of the Task instance: running
[2026-08-20T11:15:00.866+0000] {logging_mixin.py:190} INFO - Dag name:example_branch_datetime_operator_2 queued_at:2026-08-20 11:14:54.333941+00:00
[2026-08-20T11:15:00.866+0000] {logging_mixin.py:190} INFO - Task hostname:codespaces-6f08f8 operator:BranchDateTimeOperator
[2026-08-20T11:15:00.908+0000] {local_task_job_runner.py:266} INFO - Task exited with return code 0
[2026-08-20T11:15:00.972+0000] {taskinstance.py:3900} INFO - 0 downstream tasks scheduled from follow-on schedule check
[2026-08-20T11:15:00.973+0000] {local_task_job_runner.py:245} INFO - ::endgroup::
