[2026-08-20T11:15:22.960+0000] {local_task_job_runner.py:123} INFO - ::group::Pre task execution logs
[2026-08-20T11:15:22.970+0000] {taskinstance.py:2612} INFO - Dependencies all met for dep_context=non-requeueable deps ti=<TaskInstance: example_nested_branch_dag.branch_1 scheduled__2026-08-19T00:00:00+00:00 [queued]>
[2026-08-20T11:15:22.976+0000] {taskinstance.py:2612} INFO - Dependencies all met for dep_context=requeueable deps ti=<TaskInstance: example_nested_branch_dag.branch_1 scheduled__2026-08-19T00:00:00+00:00 [queued]>
[2026-08-20T11:15:22.977+0000] {taskinstance.py:2865} INFO - Starting attempt 1 of 1
[2026-08-20T11:15:22.999+0000] {taskinstance.py:2888} INFO - Executing <Task(_BranchPythonDecoratedOperator): branch_1> on 2026-08-19 00:00:00+00:00
[2026-08-20T11:15:23.006+0000] {standard_task_runner.py:72} INFO - Started process 37037 to run task
[2026-08-20T11:15:23.012+0000] {standard_task_runner.py:104} INFO - Running: ['airflow', 'tasks', 'run', 'example_nested_branch_dag', 'branch_1', 'scheduled__2026-08-19T00:00:00+00:00', '--job-id', '24', '--raw', '--subdir', '/workspaces/lab-2/.venv/lib/python3.12/site-packages/airflow/example_dags/example_nested_branch_dag.py', '--cfg-path', '/tmp/tmp_408g5r4']
[2026-08-20T11:15:23.012+0000] {standard_task_runner.py:105} INFO - Job 24: Subtask branch_1
[2026-08-20T11:15:23.065+0000] {task_command.py:467} INFO - Running <TaskInstance: example_nested_branch_dag.branch_1 scheduled__2026-08-19T00:00:00+00:00 [running]> on host codespaces-6f08f8
[2026-08-20T11:15:23.128+0000] {taskinstance.py:3131} INFO - Exporting env vars: AIRFLOW_CTX_DAG_OWNER='airflow' AIRFLOW_CTX_DAG_ID='example_nested_branch_dag' AIRFLOW_CTX_TASK_ID='branch_1' AIRFLOW_CTX_EXECUTION_DATE='2026-08-19T00:00:00+00:00' AIRFLOW_CTX_TRY_NUMBER='1' AIRFLOW_CTX_DAG_RUN_ID='scheduled__2026-08-19T00:00:00+00:00'
[2026-08-20T11:15:23.129+0000] {logging_mixin.py:190} INFO - Task instance is in running state
[2026-08-20T11:15:23.129+0000] {logging_mixin.py:190} INFO -  Previous state of the Task instance: queued
[2026-08-20T11:15:23.130+0000] {logging_mixin.py:190} INFO - Current task name:branch_1 state:running start_date:2026-08-20 11:15:22.970679+00:00
[2026-08-20T11:15:23.130+0000] {logging_mixin.py:190} INFO - Dag name:example_nested_branch_dag and current dag run status:running
[2026-08-20T11:15:23.130+0000] {taskinstance.py:731} INFO - ::endgroup::
[2026-08-20T11:15:23.131+0000] {python.py:240} INFO - Done. Returned value was: true_1
[2026-08-20T11:15:23.131+0000] {branch.py:38} INFO - Branch into true_1
[2026-08-20T11:15:23.132+0000] {skipmixin.py:230} INFO - Following branch {'true_1'}
[2026-08-20T11:15:23.139+0000] {skipmixin.py:278} INFO - Skipping tasks [('false_1', -1)]
[2026-08-20T11:15:23.169+0000] {taskinstance.py:340} INFO - ::group::Post task execution logs
[2026-08-20T11:15:23.169+0000] {taskinstance.py:352} INFO - Marking task as SUCCESS. dag_id=example_nested_branch_dag, task_id=branch_1, run_id=scheduled__2026-08-19T00:00:00+00:00, execution_date=20260819T000000, start_date=20260820T111522, end_date=20260820T111523
[2026-08-20T11:15:23.182+0000] {logging_mixin.py:190} INFO - Task instance in success state
[2026-08-20T11:15:23.183+0000] {logging_mixin.py:190} INFO -  Previous state of the Task instance: running
[2026-08-20T11:15:23.183+0000] {logging_mixin.py:190} INFO - Dag name:example_nested_branch_dag queued_at:2026-08-20 11:15:10.719635+00:00
[2026-08-20T11:15:23.183+0000] {logging_mixin.py:190} INFO - Task hostname:codespaces-6f08f8 operator:_BranchPythonDecoratedOperator
[2026-08-20T11:15:23.231+0000] {local_task_job_runner.py:266} INFO - Task exited with return code 0
[2026-08-20T11:15:23.295+0000] {taskinstance.py:3900} INFO - 0 downstream tasks scheduled from follow-on schedule check
[2026-08-20T11:15:23.307+0000] {local_task_job_runner.py:245} INFO - ::endgroup::
