[2026-08-20T11:14:33.360+0000] {local_task_job_runner.py:123} INFO - ::group::Pre task execution logs
[2026-08-20T11:14:33.370+0000] {taskinstance.py:2612} INFO - Dependencies all met for dep_context=non-requeueable deps ti=<TaskInstance: conditional_dataset_and_time_based_timetable.conditional_dataset_and_time_based_timetable manual__2026-08-20T11:14:28.621376+00:00 [queued]>
[2026-08-20T11:14:33.375+0000] {taskinstance.py:2612} INFO - Dependencies all met for dep_context=requeueable deps ti=<TaskInstance: conditional_dataset_and_time_based_timetable.conditional_dataset_and_time_based_timetable manual__2026-08-20T11:14:28.621376+00:00 [queued]>
[2026-08-20T11:14:33.376+0000] {taskinstance.py:2865} INFO - Starting attempt 1 of 1
[2026-08-20T11:14:33.396+0000] {taskinstance.py:2888} INFO - Executing <Task(BashOperator): conditional_dataset_and_time_based_timetable> on 2026-08-20 11:14:28.621376+00:00
[2026-08-20T11:14:33.401+0000] {standard_task_runner.py:72} INFO - Started process 35281 to run task
[2026-08-20T11:14:33.408+0000] {standard_task_runner.py:104} INFO - Running: ['airflow', 'tasks', 'run', 'conditional_dataset_and_time_based_timetable', 'conditional_dataset_and_time_based_timetable', 'manual__2026-08-20T11:14:28.621376+00:00', '--job-id', '9', '--raw', '--subdir', '/workspaces/lab-2/.venv/lib/python3.12/site-packages/airflow/example_dags/example_datasets.py', '--cfg-path', '/tmp/tmp1x254915']
[2026-08-20T11:14:33.410+0000] {standard_task_runner.py:105} INFO - Job 9: Subtask conditional_dataset_and_time_based_timetable
[2026-08-20T11:14:33.465+0000] {task_command.py:467} INFO - Running <TaskInstance: conditional_dataset_and_time_based_timetable.conditional_dataset_and_time_based_timetable manual__2026-08-20T11:14:28.621376+00:00 [running]> on host codespaces-6f08f8
[2026-08-20T11:14:33.584+0000] {taskinstance.py:3131} INFO - Exporting env vars: AIRFLOW_CTX_DAG_OWNER='airflow' AIRFLOW_CTX_DAG_ID='conditional_dataset_and_time_based_timetable' AIRFLOW_CTX_TASK_ID='conditional_dataset_and_time_based_timetable' AIRFLOW_CTX_EXECUTION_DATE='2026-08-20T11:14:28.621376+00:00' AIRFLOW_CTX_TRY_NUMBER='1' AIRFLOW_CTX_DAG_RUN_ID='manual__2026-08-20T11:14:28.621376+00:00'
[2026-08-20T11:14:33.585+0000] {taskinstance.py:731} INFO - ::endgroup::
[2026-08-20T11:14:33.610+0000] {subprocess.py:63} INFO - Tmp dir root location: /tmp
[2026-08-20T11:14:33.611+0000] {subprocess.py:75} INFO - Running command: ['/usr/bin/bash', '-c', 'sleep 5']
[2026-08-20T11:14:33.622+0000] {subprocess.py:86} INFO - Output:
[2026-08-20T11:14:38.628+0000] {subprocess.py:97} INFO - Command exited with return code 0
[2026-08-20T11:14:38.678+0000] {taskinstance.py:340} INFO - ::group::Post task execution logs
[2026-08-20T11:14:38.680+0000] {taskinstance.py:352} INFO - Marking task as SUCCESS. dag_id=conditional_dataset_and_time_based_timetable, task_id=conditional_dataset_and_time_based_timetable, run_id=manual__2026-08-20T11:14:28.621376+00:00, execution_date=20260820T111428, start_date=20260820T111433, end_date=20260820T111438
[2026-08-20T11:14:38.786+0000] {local_task_job_runner.py:266} INFO - Task exited with return code 0
[2026-08-20T11:14:38.813+0000] {taskinstance.py:3900} INFO - 0 downstream tasks scheduled from follow-on schedule check
[2026-08-20T11:14:38.813+0000] {local_task_job_runner.py:245} INFO - ::endgroup::
