[2026-08-20T11:15:29.382+0000] {local_task_job_runner.py:123} INFO - ::group::Pre task execution logs
[2026-08-20T11:15:29.393+0000] {taskinstance.py:2612} INFO - Dependencies all met for dep_context=non-requeueable deps ti=<TaskInstance: example_skip_dag.skip_operator_1 scheduled__2026-08-19T00:00:00+00:00 [queued]>
[2026-08-20T11:15:29.400+0000] {taskinstance.py:2612} INFO - Dependencies all met for dep_context=requeueable deps ti=<TaskInstance: example_skip_dag.skip_operator_1 scheduled__2026-08-19T00:00:00+00:00 [queued]>
[2026-08-20T11:15:29.400+0000] {taskinstance.py:2865} INFO - Starting attempt 1 of 1
[2026-08-20T11:15:29.427+0000] {taskinstance.py:2888} INFO - Executing <Task(EmptySkipOperator): skip_operator_1> on 2026-08-19 00:00:00+00:00
[2026-08-20T11:15:29.434+0000] {standard_task_runner.py:72} INFO - Started process 37239 to run task
[2026-08-20T11:15:29.440+0000] {standard_task_runner.py:104} INFO - Running: ['airflow', 'tasks', 'run', 'example_skip_dag', 'skip_operator_1', 'scheduled__2026-08-19T00:00:00+00:00', '--job-id', '27', '--raw', '--subdir', '/workspaces/lab-2/.venv/lib/python3.12/site-packages/airflow/example_dags/example_skip_dag.py', '--cfg-path', '/tmp/tmpqn9r7gl1']
[2026-08-20T11:15:29.440+0000] {standard_task_runner.py:105} INFO - Job 27: Subtask skip_operator_1
[2026-08-20T11:15:29.484+0000] {task_command.py:467} INFO - Running <TaskInstance: example_skip_dag.skip_operator_1 scheduled__2026-08-19T00:00:00+00:00 [running]> on host codespaces-6f08f8
[2026-08-20T11:15:29.546+0000] {taskinstance.py:3131} INFO - Exporting env vars: AIRFLOW_CTX_DAG_OWNER='airflow' AIRFLOW_CTX_DAG_ID='example_skip_dag' AIRFLOW_CTX_TASK_ID='skip_operator_1' AIRFLOW_CTX_EXECUTION_DATE='2026-08-19T00:00:00+00:00' AIRFLOW_CTX_TRY_NUMBER='1' AIRFLOW_CTX_DAG_RUN_ID='scheduled__2026-08-19T00:00:00+00:00'
[2026-08-20T11:15:29.547+0000] {logging_mixin.py:190} INFO - Task instance is in running state
[2026-08-20T11:15:29.547+0000] {logging_mixin.py:190} INFO -  Previous state of the Task instance: queued
[2026-08-20T11:15:29.548+0000] {logging_mixin.py:190} INFO - Current task name:skip_operator_1 state:running start_date:2026-08-20 11:15:29.394235+00:00
[2026-08-20T11:15:29.548+0000] {logging_mixin.py:190} INFO - Dag name:example_skip_dag and current dag run status:running
[2026-08-20T11:15:29.548+0000] {taskinstance.py:731} INFO - ::endgroup::
[2026-08-20T11:15:29.561+0000] {taskinstance.py:340} INFO - ::group::Post task execution logs
[2026-08-20T11:15:29.562+0000] {taskinstance.py:352} INFO - Marking task as SKIPPED. dag_id=example_skip_dag, task_id=skip_operator_1, run_id=scheduled__2026-08-19T00:00:00+00:00, execution_date=20260819T000000, start_date=20260820T111529, end_date=20260820T111529
[2026-08-20T11:15:29.616+0000] {local_task_job_runner.py:266} INFO - Task exited with return code 0
[2026-08-20T11:15:29.658+0000] {taskinstance.py:3900} INFO - 0 downstream tasks scheduled from follow-on schedule check
[2026-08-20T11:15:29.673+0000] {local_task_job_runner.py:245} INFO - ::endgroup::
