[2026-08-20T11:15:30.770+0000] {local_task_job_runner.py:123} INFO - ::group::Pre task execution logs
[2026-08-20T11:15:30.836+0000] {taskinstance.py:2612} INFO - Dependencies all met for dep_context=non-requeueable deps ti=<TaskInstance: example_bash_operator.this_will_skip scheduled__2026-08-19T00:00:00+00:00 [queued]>
[2026-08-20T11:15:30.868+0000] {taskinstance.py:2612} INFO - Dependencies all met for dep_context=requeueable deps ti=<TaskInstance: example_bash_operator.this_will_skip scheduled__2026-08-19T00:00:00+00:00 [queued]>
[2026-08-20T11:15:30.870+0000] {taskinstance.py:2865} INFO - Starting attempt 1 of 1
[2026-08-20T11:15:30.914+0000] {taskinstance.py:2888} INFO - Executing <Task(BashOperator): this_will_skip> on 2026-08-19 00:00:00+00:00
[2026-08-20T11:15:30.924+0000] {standard_task_runner.py:72} INFO - Started process 37317 to run task
[2026-08-20T11:15:30.933+0000] {standard_task_runner.py:104} INFO - Running: ['airflow', 'tasks', 'run', 'example_bash_operator', 'this_will_skip', 'scheduled__2026-08-19T00:00:00+00:00', '--job-id', '28', '--raw', '--subdir', '/workspaces/lab-2/.venv/lib/python3.12/site-packages/airflow/example_dags/example_bash_operator.py', '--cfg-path', '/tmp/tmpr4hqli2m']
[2026-08-20T11:15:30.937+0000] {standard_task_runner.py:105} INFO - Job 28: Subtask this_will_skip
[2026-08-20T11:15:31.070+0000] {task_command.py:467} INFO - Running <TaskInstance: example_bash_operator.this_will_skip scheduled__2026-08-19T00:00:00+00:00 [running]> on host codespaces-6f08f8
[2026-08-20T11:15:31.178+0000] {taskinstance.py:3131} INFO - Exporting env vars: AIRFLOW_CTX_DAG_OWNER='airflow' AIRFLOW_CTX_DAG_ID='example_bash_operator' AIRFLOW_CTX_TASK_ID='this_will_skip' AIRFLOW_CTX_EXECUTION_DATE='2026-08-19T00:00:00+00:00' AIRFLOW_CTX_TRY_NUMBER='1' AIRFLOW_CTX_DAG_RUN_ID='scheduled__2026-08-19T00:00:00+00:00'
[2026-08-20T11:15:31.178+0000] {taskinstance.py:731} INFO - ::endgroup::
[2026-08-20T11:15:31.203+0000] {subprocess.py:63} INFO - Tmp dir root location: /tmp
[2026-08-20T11:15:31.204+0000] {subprocess.py:75} INFO - Running command: ['/usr/bin/bash', '-c', 'echo "hello world"; exit 99;']
[2026-08-20T11:15:31.226+0000] {subprocess.py:86} INFO - Output:
[2026-08-20T11:15:31.234+0000] {subprocess.py:93} INFO - hello world
[2026-08-20T11:15:31.235+0000] {subprocess.py:97} INFO - Command exited with return code 99
[2026-08-20T11:15:31.238+0000] {taskinstance.py:301} INFO - Bash command returned exit code 99. Skipping.
[2026-08-20T11:15:31.283+0000] {taskinstance.py:340} INFO - ::group::Post task execution logs
[2026-08-20T11:15:31.284+0000] {taskinstance.py:352} INFO - Marking task as SKIPPED. dag_id=example_bash_operator, task_id=this_will_skip, run_id=scheduled__2026-08-19T00:00:00+00:00, execution_date=20260819T000000, start_date=20260820T111530, end_date=20260820T111531
[2026-08-20T11:15:31.305+0000] {local_task_job_runner.py:266} INFO - Task exited with return code 0
[2026-08-20T11:15:31.336+0000] {taskinstance.py:3900} INFO - 0 downstream tasks scheduled from follow-on schedule check
[2026-08-20T11:15:31.343+0000] {local_task_job_runner.py:245} INFO - ::endgroup::
