[2026-08-20T11:14:33.581+0000] {local_task_job_runner.py:123} INFO - ::group::Pre task execution logs
[2026-08-20T11:14:33.623+0000] {taskinstance.py:2612} INFO - Dependencies all met for dep_context=non-requeueable deps ti=<TaskInstance: conditional_dataset_and_time_based_timetable.conditional_dataset_and_time_based_timetable scheduled__2026-08-19T01:00:00+00:00 [queued]>
[2026-08-20T11:14:33.631+0000] {taskinstance.py:2612} INFO - Dependencies all met for dep_context=requeueable deps ti=<TaskInstance: conditional_dataset_and_time_based_timetable.conditional_dataset_and_time_based_timetable scheduled__2026-08-19T01:00:00+00:00 [queued]>
[2026-08-20T11:14:33.632+0000] {taskinstance.py:2865} INFO - Starting attempt 1 of 1
[2026-08-20T11:14:33.652+0000] {taskinstance.py:2888} INFO - Executing <Task(BashOperator): conditional_dataset_and_time_based_timetable> on 2026-08-19 01:00:00+00:00
[2026-08-20T11:14:33.657+0000] {standard_task_runner.py:72} INFO - Started process 35285 to run task
[2026-08-20T11:14:33.663+0000] {standard_task_runner.py:104} INFO - Running: ['airflow', 'tasks', 'run', 'conditional_dataset_and_time_based_timetable', 'conditional_dataset_and_time_based_timetable', 'scheduled__2026-08-19T01:00:00+00:00', '--job-id', '10', '--raw', '--subdir', '/workspaces/lab-2/.venv/lib/python3.12/site-packages/airflow/example_dags/example_datasets.py', '--cfg-path', '/tmp/tmp3b63tbkk']
[2026-08-20T11:14:33.664+0000] {standard_task_runner.py:105} INFO - Job 10: Subtask conditional_dataset_and_time_based_timetable
[2026-08-20T11:14:33.715+0000] {task_command.py:467} INFO - Running <TaskInstance: conditional_dataset_and_time_based_timetable.conditional_dataset_and_time_based_timetable scheduled__2026-08-19T01:00:00+00:00 [running]> on host codespaces-6f08f8
[2026-08-20T11:14:33.781+0000] {taskinstance.py:3131} INFO - Exporting env vars: AIRFLOW_CTX_DAG_OWNER='airflow' AIRFLOW_CTX_DAG_ID='conditional_dataset_and_time_based_timetable' AIRFLOW_CTX_TASK_ID='conditional_dataset_and_time_based_timetable' AIRFLOW_CTX_EXECUTION_DATE='2026-08-19T01:00:00+00:00' AIRFLOW_CTX_TRY_NUMBER='1' AIRFLOW_CTX_DAG_RUN_ID='scheduled__2026-08-19T01:00:00+00:00'
[2026-08-20T11:14:33.782+0000] {logging_mixin.py:190} INFO - Task instance is in running state
[2026-08-20T11:14:33.782+0000] {logging_mixin.py:190} INFO -  Previous state of the Task instance: queued
[2026-08-20T11:14:33.782+0000] {logging_mixin.py:190} INFO - Current task name:conditional_dataset_and_time_based_timetable state:running start_date:2026-08-20 11:14:33.623810+00:00
[2026-08-20T11:14:33.783+0000] {logging_mixin.py:190} INFO - Dag name:conditional_dataset_and_time_based_timetable and current dag run status:running
[2026-08-20T11:14:33.783+0000] {taskinstance.py:731} INFO - ::endgroup::
[2026-08-20T11:14:33.784+0000] {subprocess.py:63} INFO - Tmp dir root location: /tmp
[2026-08-20T11:14:33.784+0000] {subprocess.py:75} INFO - Running command: ['/usr/bin/bash', '-c', 'sleep 5']
[2026-08-20T11:14:33.794+0000] {subprocess.py:86} INFO - Output:
[2026-08-20T11:14:38.800+0000] {subprocess.py:97} INFO - Command exited with return code 0
[2026-08-20T11:14:38.884+0000] {taskinstance.py:340} INFO - ::group::Post task execution logs
[2026-08-20T11:14:38.886+0000] {taskinstance.py:352} INFO - Marking task as SUCCESS. dag_id=conditional_dataset_and_time_based_timetable, task_id=conditional_dataset_and_time_based_timetable, run_id=scheduled__2026-08-19T01:00:00+00:00, execution_date=20260819T010000, start_date=20260820T111433, end_date=20260820T111438
[2026-08-20T11:14:38.956+0000] {logging_mixin.py:190} INFO - Task instance in success state
[2026-08-20T11:14:38.956+0000] {logging_mixin.py:190} INFO -  Previous state of the Task instance: running
[2026-08-20T11:14:38.957+0000] {logging_mixin.py:190} INFO - Dag name:conditional_dataset_and_time_based_timetable queued_at:2026-08-20 11:14:28.839859+00:00
[2026-08-20T11:14:38.959+0000] {logging_mixin.py:190} INFO - Task hostname:codespaces-6f08f8 operator:BashOperator
[2026-08-20T11:14:39.011+0000] {local_task_job_runner.py:266} INFO - Task exited with return code 0
[2026-08-20T11:14:39.037+0000] {taskinstance.py:3900} INFO - 0 downstream tasks scheduled from follow-on schedule check
[2026-08-20T11:14:39.038+0000] {local_task_job_runner.py:245} INFO - ::endgroup::
