[2026-08-20T11:15:26.047+0000] {local_task_job_runner.py:123} INFO - ::group::Pre task execution logs
[2026-08-20T11:15:26.083+0000] {taskinstance.py:2612} INFO - Dependencies all met for dep_context=non-requeueable deps ti=<TaskInstance: example_branch_dop_operator_v3.should_run scheduled__2026-08-20T11:13:00+00:00 [queued]>
[2026-08-20T11:15:26.101+0000] {taskinstance.py:2612} INFO - Dependencies all met for dep_context=requeueable deps ti=<TaskInstance: example_branch_dop_operator_v3.should_run scheduled__2026-08-20T11:13:00+00:00 [queued]>
[2026-08-20T11:15:26.102+0000] {taskinstance.py:2865} INFO - Starting attempt 1 of 1
[2026-08-20T11:15:26.183+0000] {taskinstance.py:2888} INFO - Executing <Task(_BranchPythonDecoratedOperator): should_run> on 2026-08-20 11:13:00+00:00
[2026-08-20T11:15:26.202+0000] {standard_task_runner.py:72} INFO - Started process 37132 to run task
[2026-08-20T11:15:26.211+0000] {standard_task_runner.py:104} INFO - Running: ['airflow', 'tasks', 'run', 'example_branch_dop_operator_v3', 'should_run', 'scheduled__2026-08-20T11:13:00+00:00', '--job-id', '26', '--raw', '--subdir', '/workspaces/lab-2/.venv/lib/python3.12/site-packages/airflow/example_dags/example_branch_python_dop_operator_3.py', '--cfg-path', '/tmp/tmp2t04a70n']
[2026-08-20T11:15:26.214+0000] {standard_task_runner.py:105} INFO - Job 26: Subtask should_run
[2026-08-20T11:15:26.275+0000] {task_command.py:467} INFO - Running <TaskInstance: example_branch_dop_operator_v3.should_run scheduled__2026-08-20T11:13:00+00:00 [running]> on host codespaces-6f08f8
[2026-08-20T11:15:26.423+0000] {taskinstance.py:3131} INFO - Exporting env vars: AIRFLOW_CTX_DAG_OWNER='airflow' AIRFLOW_CTX_DAG_ID='example_branch_dop_operator_v3' AIRFLOW_CTX_TASK_ID='should_run' AIRFLOW_CTX_EXECUTION_DATE='2026-08-20T11:13:00+00:00' AIRFLOW_CTX_TRY_NUMBER='1' AIRFLOW_CTX_DAG_RUN_ID='scheduled__2026-08-20T11:13:00+00:00'
[2026-08-20T11:15:26.427+0000] {logging_mixin.py:190} INFO - Task instance is in running state
[2026-08-20T11:15:26.427+0000] {logging_mixin.py:190} INFO -  Previous state of the Task instance: queued
[2026-08-20T11:15:26.427+0000] {logging_mixin.py:190} INFO - Current task name:should_run state:running start_date:2026-08-20 11:15:26.083755+00:00
[2026-08-20T11:15:26.428+0000] {logging_mixin.py:190} INFO - Dag name:example_branch_dop_operator_v3 and current dag run status:running
[2026-08-20T11:15:26.430+0000] {taskinstance.py:731} INFO - ::endgroup::
[2026-08-20T11:15:26.430+0000] {logging_mixin.py:190} INFO - ------------- exec dttm = 2026-08-20 11:13:00+00:00 and minute = 13
[2026-08-20T11:15:26.431+0000] {python.py:240} INFO - Done. Returned value was: empty_task_2
[2026-08-20T11:15:26.431+0000] {branch.py:38} INFO - Branch into empty_task_2
[2026-08-20T11:15:26.431+0000] {skipmixin.py:230} INFO - Following branch {'empty_task_2'}
[2026-08-20T11:15:26.451+0000] {skipmixin.py:278} INFO - Skipping tasks [('empty_task_1', -1)]
[2026-08-20T11:15:26.506+0000] {taskinstance.py:340} INFO - ::group::Post task execution logs
[2026-08-20T11:15:26.511+0000] {taskinstance.py:352} INFO - Marking task as SUCCESS. dag_id=example_branch_dop_operator_v3, task_id=should_run, run_id=scheduled__2026-08-20T11:13:00+00:00, execution_date=20260820T111300, start_date=20260820T111526, end_date=20260820T111526
[2026-08-20T11:15:26.535+0000] {logging_mixin.py:190} INFO - Task instance in success state
[2026-08-20T11:15:26.535+0000] {logging_mixin.py:190} INFO -  Previous state of the Task instance: running
[2026-08-20T11:15:26.536+0000] {logging_mixin.py:190} INFO - Dag name:example_branch_dop_operator_v3 queued_at:2026-08-20 11:15:10.765938+00:00
[2026-08-20T11:15:26.536+0000] {logging_mixin.py:190} INFO - Task hostname:codespaces-6f08f8 operator:_BranchPythonDecoratedOperator
[2026-08-20T11:15:26.589+0000] {local_task_job_runner.py:266} INFO - Task exited with return code 0
[2026-08-20T11:15:26.635+0000] {taskinstance.py:3900} INFO - 0 downstream tasks scheduled from follow-on schedule check
[2026-08-20T11:15:26.637+0000] {local_task_job_runner.py:245} INFO - ::endgroup::
